﻿00:00 +0: loading D:/SEM 4/TaskProof/test/layout_test.dart
00:00 +0: DashboardScreen renders without error
ΓòÉΓòÉΓòí EXCEPTION CAUGHT BY RENDERING LIBRARY Γò₧ΓòÉΓòÉΓòÉΓòÉΓòÉΓòÉΓòÉΓòÉΓòÉΓòÉΓòÉΓòÉΓòÉΓòÉΓòÉΓòÉΓòÉΓòÉΓòÉΓòÉΓòÉΓòÉΓòÉΓòÉΓòÉΓòÉΓòÉΓòÉΓòÉΓòÉΓòÉΓòÉΓòÉΓòÉΓòÉΓòÉΓòÉΓòÉΓòÉΓòÉΓòÉΓòÉΓòÉΓòÉΓòÉΓòÉΓòÉΓòÉΓòÉΓòÉΓòÉΓòÉΓòÉΓòÉΓòÉΓòÉΓòÉ
The following assertion was thrown during performLayout():
BoxConstraints forces an infinite width.
These invalid constraints were provided to RenderFlex's layout() function by the following function,
which probably computed the invalid constraints in question:
  RenderConstrainedBox.performLayout (package:flutter/src/rendering/proxy_box.dart:296:14)
The offending constraints were:
  BoxConstraints(w=Infinity, 0.0<=h<=Infinity)

The relevant error-causing widget was:
  Container Container:file:///D:/SEM%204/TaskProof/lib/dashboard.dart:614:51

When the exception was thrown, this was the stack:
#0      BoxConstraints.debugAssertIsValid.<anonymous closure>.throwError (package:flutter/src/rendering/box.dart:549:9)
#1      BoxConstraints.debugAssertIsValid.<anonymous closure> (package:flutter/src/rendering/box.dart:611:11)
#2      BoxConstraints.debugAssertIsValid (package:flutter/src/rendering/box.dart:619:6)
#3      RenderObject.layout (package:flutter/src/rendering/object.dart:2668:19)
#4      RenderConstrainedBox.performLayout (package:flutter/src/rendering/proxy_box.dart:296:14)
#5      RenderObject.layout (package:flutter/src/rendering/object.dart:2768:7)
#6      ChildLayoutHelper.layoutChild (package:flutter/src/rendering/layout_helper.dart:62:11)
#7      RenderFlex._computeSizes (package:flutter/src/rendering/flex.dart:1237:28)
#8      RenderFlex.performLayout (package:flutter/src/rendering/flex.dart:1329:32)
#9      RenderObject.layout (package:flutter/src/rendering/object.dart:2768:7)
#10     ChildLayoutHelper.layoutChild (package:flutter/src/rendering/layout_helper.dart:62:11)
#11     RenderFlex._computeSizes (package:flutter/src/rendering/flex.dart:1237:28)
#12     RenderFlex.performLayout (package:flutter/src/rendering/flex.dart:1329:32)
#13     RenderObject.layout (package:flutter/src/rendering/object.dart:2768:7)
#14     ChildLayoutHelper.layoutChild (package:flutter/src/rendering/layout_helper.dart:62:11)
#15     RenderFlex._computeSizes (package:flutter/src/rendering/flex.dart:1237:28)
#16     RenderFlex.performLayout (package:flutter/src/rendering/flex.dart:1329:32)
#17     RenderObject.layout (package:flutter/src/rendering/object.dart:2768:7)
#18     RenderConstrainedBox.performLayout (package:flutter/src/rendering/proxy_box.dart:296:14)
#19     RenderObject.layout (package:flutter/src/rendering/object.dart:2768:7)
#20     ChildLayoutHelper.layoutChild (package:flutter/src/rendering/layout_helper.dart:62:11)
#21     RenderFlex._computeSizes (package:flutter/src/rendering/flex.dart:1237:28)
#22     RenderFlex.performLayout (package:flutter/src/rendering/flex.dart:1329:32)
#23     RenderObject.layout (package:flutter/src/rendering/object.dart:2768:7)
#24     RenderPadding.performLayout (package:flutter/src/rendering/shifted_box.dart:262:12)
#25     RenderObject.layout (package:flutter/src/rendering/object.dart:2768:7)
#26     RenderProxyBoxMixin.performLayout (package:flutter/src/rendering/proxy_box.dart:118:18)
#27     _RenderCustomClip.performLayout (package:flutter/src/rendering/proxy_box.dart:1549:11)
#28     RenderObject.layout (package:flutter/src/rendering/object.dart:2768:7)
#29     RenderProxyBoxMixin.performLayout (package:flutter/src/rendering/proxy_box.dart:118:18)
#30     RenderObject.layout (package:flutter/src/rendering/object.dart:2768:7)
#31     RenderConstrainedBox.performLayout (package:flutter/src/rendering/proxy_box.dart:296:14)
#32     RenderObject.layout (package:flutter/src/rendering/object.dart:2768:7)
#33     ChildLayoutHelper.layoutChild (package:flutter/src/rendering/layout_helper.dart:62:11)
#34     RenderFlex._computeSizes (package:flutter/src/rendering/flex.dart:1237:28)
#35     RenderFlex.performLayout (package:flutter/src/rendering/flex.dart:1329:32)
#36     RenderObject.layout (package:flutter/src/rendering/object.dart:2768:7)
#37     RenderConstrainedBox.performLayout (package:flutter/src/rendering/proxy_box.dart:296:14)
#38     RenderObject.layout (package:flutter/src/rendering/object.dart:2768:7)
#39     ChildLayoutHelper.layoutChild (package:flutter/src/rendering/layout_helper.dart:62:11)
#40     RenderFlex._computeSizes (package:flutter/src/rendering/flex.dart:1237:28)
#41     RenderFlex.performLayout (package:flutter/src/rendering/flex.dart:1329:32)
#42     RenderObject.layout (package:flutter/src/rendering/object.dart:2768:7)
#43     RenderPadding.performLayout (package:flutter/src/rendering/shifted_box.dart:262:12)
#44     RenderObject.layout (package:flutter/src/rendering/object.dart:2768:7)
#45     RenderConstrainedBox.performLayout (package:flutter/src/rendering/proxy_box.dart:296:14)
#46     RenderObject.layout (package:flutter/src/rendering/object.dart:2768:7)
#47     RenderConstrainedBox.performLayout (package:flutter/src/rendering/proxy_box.dart:296:14)
#48     RenderObject.layout (package:flutter/src/rendering/object.dart:2768:7)
#49     ChildLayoutHelper.layoutChild (package:flutter/src/rendering/layout_helper.dart:62:11)
#50     RenderStack._computeSize (package:flutter/src/rendering/stack.dart:645:43)
#51     RenderStack.performLayout (package:flutter/src/rendering/stack.dart:680:12)
#52     RenderObject.layout (package:flutter/src/rendering/object.dart:2768:7)
#53     RenderPadding.performLayout (package:flutter/src/rendering/shifted_box.dart:262:12)
#54     RenderObject.layout (package:flutter/src/rendering/object.dart:2768:7)
#55     RenderProxyBoxMixin.performLayout (package:flutter/src/rendering/proxy_box.dart:118:18)
#56     RenderObject.layout (package:flutter/src/rendering/object.dart:2768:7)
#57     RenderConstrainedBox.performLayout (package:flutter/src/rendering/proxy_box.dart:296:14)
#58     RenderObject.layout (package:flutter/src/rendering/object.dart:2768:7)
#59     RenderConstrainedBox.performLayout (package:flutter/src/rendering/proxy_box.dart:296:14)
#60     RenderObject.layout (package:flutter/src/rendering/object.dart:2768:7)
#61     ChildLayoutHelper.layoutChild (package:flutter/src/rendering/layout_helper.dart:62:11)
#62     RenderFlex._computeSizes (package:flutter/src/rendering/flex.dart:1237:28)
#63     RenderFlex.performLayout (package:flutter/src/rendering/flex.dart:1329:32)
#64     RenderObject.layout (package:flutter/src/rendering/object.dart:2768:7)
#65     _RenderSingleChildViewport.performLayout (package:flutter/src/widgets/single_child_scroll_view.dart:502:14)
#66     RenderObject.layout (package:flutter/src/rendering/object.dart:2768:7)
#67     RenderProxyBoxMixin.performLayout (package:flutter/src/rendering/proxy_box.dart:118:18)
#68     RenderObject.layout (package:flutter/src/rendering/object.dart:2768:7)
#69     RenderProxyBoxMixin.performLayout (package:flutter/src/rendering/proxy_box.dart:118:18)
#70     RenderObject.layout (package:flutter/src/rendering/object.dart:2768:7)
#71     RenderProxyBoxMixin.performLayout (package:flutter/src/rendering/proxy_box.dart:118:18)
#72     RenderObject.layout (package:flutter/src/rendering/object.dart:2768:7)
#73     RenderProxyBoxMixin.performLayout (package:flutter/src/rendering/proxy_box.dart:118:18)
#74     RenderObject.layout (package:flutter/src/rendering/object.dart:2768:7)
#75     RenderProxyBoxMixin.performLayout (package:flutter/src/rendering/proxy_box.dart:118:18)
#76     RenderObject.layout (package:flutter/src/rendering/object.dart:2768:7)
#77     RenderProxyBoxMixin.performLayout (package:flutter/src/rendering/proxy_box.dart:118:18)
#78     RenderObject.layout (package:flutter/src/rendering/object.dart:2768:7)
#79     RenderProxyBoxMixin.performLayout (package:flutter/src/rendering/proxy_box.dart:118:18)
#80     RenderObject.layout (package:flutter/src/rendering/object.dart:2768:7)
#81     RenderProxyBoxMixin.performLayout (package:flutter/src/rendering/proxy_box.dart:118:18)
#82     _RenderCustomClip.performLayout (package:flutter/src/rendering/proxy_box.dart:1549:11)
#83     RenderObject.layout (package:flutter/src/rendering/object.dart:2768:7)
#84     RenderPadding.performLayout (package:flutter/src/rendering/shifted_box.dart:262:12)
#85     RenderObject.layout (package:flutter/src/rendering/object.dart:2768:7)
#86     MultiChildLayoutDelegate.layoutChild (package:flutter/src/rendering/custom_layout.dart:180:12)
#87     _ScaffoldLayout.performLayout (package:flutter/src/material/scaffold.dart:1113:7)
#88     MultiChildLayoutDelegate._callPerformLayout (package:flutter/src/rendering/custom_layout.dart:246:7)
#89     RenderCustomMultiChildLayoutBox.performLayout (package:flutter/src/rendering/custom_layout.dart:417:14)
#90     RenderObject.layout (package:flutter/src/rendering/object.dart:2768:7)
#91     RenderProxyBoxMixin.performLayout (package:flutter/src/rendering/proxy_box.dart:118:18)
#92     RenderObject.layout (package:flutter/src/rendering/object.dart:2768:7)
#93     RenderProxyBoxMixin.performLayout (package:flutter/src/rendering/proxy_box.dart:118:18)
#94     _RenderCustomClip.performLayout (package:flutter/src/rendering/proxy_box.dart:1549:11)
#95     RenderObject.layout (package:flutter/src/rendering/object.dart:2768:7)
#96     RenderProxyBoxMixin.performLayout (package:flutter/src/rendering/proxy_box.dart:118:18)
#97     RenderObject.layout (package:flutter/src/rendering/object.dart:2768:7)
#98     RenderProxyBoxMixin.performLayout (package:flutter/src/rendering/proxy_box.dart:118:18)
#99     RenderObject.layout (package:flutter/src/rendering/object.dart:2768:7)
#100    RenderProxyBoxMixin.performLayout (package:flutter/src/rendering/proxy_box.dart:118:18)
#101    RenderObject.layout (package:flutter/src/rendering/object.dart:2768:7)
#102    RenderProxyBoxMixin.performLayout (package:flutter/src/rendering/proxy_box.dart:118:18)
#103    RenderObject.layout (package:flutter/src/rendering/object.dart:2768:7)
#104    RenderProxyBoxMixin.performLayout (package:flutter/src/rendering/proxy_box.dart:118:18)
#105    RenderObject.layout (package:flutter/src/rendering/object.dart:2768:7)
#106    RenderProxyBoxMixin.performLayout (package:flutter/src/rendering/proxy_box.dart:118:18)
#107    RenderObject.layout (package:flutter/src/rendering/object.dart:2768:7)
#108    RenderProxyBoxMixin.performLayout (package:flutter/src/rendering/proxy_box.dart:118:18)
#109    RenderObject.layout (package:flutter/src/rendering/object.dart:2768:7)
#110    RenderProxyBoxMixin.performLayout (package:flutter/src/rendering/proxy_box.dart:118:18)
#111    RenderObject.layout (package:flutter/src/rendering/object.dart:2768:7)
#112    RenderProxyBoxMixin.performLayout (package:flutter/src/rendering/proxy_box.dart:118:18)
#113    RenderObject.layout (package:flutter/src/rendering/object.dart:2768:7)
#114    RenderProxyBoxMixin.performLayout (package:flutter/src/rendering/proxy_box.dart:118:18)
#115    RenderObject.layout (package:flutter/src/rendering/object.dart:2768:7)
#116    RenderProxyBoxMixin.performLayout (package:flutter/src/rendering/proxy_box.dart:118:18)
#117    RenderObject.layout (package:flutter/src/rendering/object.dart:2768:7)
#118    RenderProxyBoxMixin.performLayout (package:flutter/src/rendering/proxy_box.dart:118:18)
#119    RenderObject.layout (package:flutter/src/rendering/object.dart:2768:7)
#120    RenderProxyBoxMixin.performLayout (package:flutter/src/rendering/proxy_box.dart:118:18)
#121    RenderObject.layout (package:flutter/src/rendering/object.dart:2768:7)
#122    RenderProxyBoxMixin.performLayout (package:flutter/src/rendering/proxy_box.dart:118:18)
#123    RenderObject.layout (package:flutter/src/rendering/object.dart:2768:7)
#124    RenderProxyBoxMixin.performLayout (package:flutter/src/rendering/proxy_box.dart:118:18)
#125    RenderObject.layout (package:flutter/src/rendering/object.dart:2768:7)
#126    RenderProxyBoxMixin.performLayout (package:flutter/src/rendering/proxy_box.dart:118:18)
#127    RenderOffstage.performLayout (package:flutter/src/rendering/proxy_box.dart:3923:13)
#128    RenderObject.layout (package:flutter/src/rendering/object.dart:2768:7)
#129    RenderProxyBoxMixin.performLayout (package:flutter/src/rendering/proxy_box.dart:118:18)
#130    RenderObject.layout (package:flutter/src/rendering/object.dart:2768:7)
#131    _RenderTheaterMixin.layoutChild (package:flutter/src/widgets/overlay.dart:1084:13)
#132    _RenderTheater.performLayout (package:flutter/src/widgets/overlay.dart:1429:9)
#133    RenderObject.layout (package:flutter/src/rendering/object.dart:2768:7)
#134    RenderProxyBoxMixin.performLayout (package:flutter/src/rendering/proxy_box.dart:118:18)
#135    RenderObject.layout (package:flutter/src/rendering/object.dart:2768:7)
#136    RenderProxyBoxMixin.performLayout (package:flutter/src/rendering/proxy_box.dart:118:18)
#137    RenderObject.layout (package:flutter/src/rendering/object.dart:2768:7)
#138    RenderProxyBoxMixin.performLayout (package:flutter/src/rendering/proxy_box.dart:118:18)
#139    RenderObject.layout (package:flutter/src/rendering/object.dart:2768:7)
#140    RenderProxyBoxMixin.performLayout (package:flutter/src/rendering/proxy_box.dart:118:18)
#141    RenderCustomPaint.performLayout (package:flutter/src/rendering/custom_paint.dart:574:11)
#142    RenderObject.layout (package:flutter/src/rendering/object.dart:2768:7)
#143    RenderProxyBoxMixin.performLayout (package:flutter/src/rendering/proxy_box.dart:118:18)
#144    RenderObject.layout (package:flutter/src/rendering/object.dart:2768:7)
#145    RenderProxyBoxMixin.performLayout (package:flutter/src/rendering/proxy_box.dart:118:18)
#146    RenderObject.layout (package:flutter/src/rendering/object.dart:2768:7)
#147    RenderProxyBoxMixin.performLayout (package:flutter/src/rendering/proxy_box.dart:118:18)
#148    RenderObject.layout (package:flutter/src/rendering/object.dart:2768:7)
#149    RenderProxyBoxMixin.performLayout (package:flutter/src/rendering/proxy_box.dart:118:18)
#150    RenderObject.layout (package:flutter/src/rendering/object.dart:2768:7)
#151    RenderProxyBoxMixin.performLayout (package:flutter/src/rendering/proxy_box.dart:118:18)
#152    RenderObject.layout (package:flutter/src/rendering/object.dart:2768:7)
#153    RenderProxyBoxMixin.performLayout (package:flutter/src/rendering/proxy_box.dart:118:18)
#154    RenderObject.layout (package:flutter/src/rendering/object.dart:2768:7)
#155    RenderView.performLayout (package:flutter/src/rendering/view.dart:292:12)
#156    RenderObject._layoutWithoutResize (package:flutter/src/rendering/object.dart:2616:7)
#157    PipelineOwner.flushLayout (package:flutter/src/rendering/object.dart:1174:18)
#158    PipelineOwner.flushLayout (package:flutter/src/rendering/object.dart:1187:15)
#159    AutomatedTestWidgetsFlutterBinding.drawFrame (package:flutter_test/src/binding.dart:2133:27)
#160    RendererBinding._handlePersistentFrameCallback (package:flutter/src/rendering/binding.dart:495:5)
#161    SchedulerBinding._invokeFrameCallback (package:flutter/src/scheduler/binding.dart:1430:15)
#162    SchedulerBinding.handleDrawFrame (package:flutter/src/scheduler/binding.dart:1345:9)
#163    AutomatedTestWidgetsFlutterBinding.pump.<anonymous closure> (package:flutter_test/src/binding.dart:1960:9)
#166    TestAsyncUtils.guard (package:flutter_test/src/test_async_utils.dart:74:41)
#167    AutomatedTestWidgetsFlutterBinding.pump (package:flutter_test/src/binding.dart:1949:27)
#168    WidgetTester.pumpWidget.<anonymous closure> (package:flutter_test/src/widget_tester.dart:598:22)
#171    TestAsyncUtils.guard (package:flutter_test/src/test_async_utils.dart:74:41)
#172    WidgetTester.pumpWidget (package:flutter_test/src/widget_tester.dart:595:27)
#173    main.<anonymous closure> (file:///D:/SEM%204/TaskProof/test/layout_test.dart:8:18)
#174    testWidgets.<anonymous closure>.<anonymous closure> (package:flutter_test/src/widget_tester.dart:192:29)
<asynchronous suspension>
#175    TestWidgetsFlutterBinding._runTestBody (package:flutter_test/src/binding.dart:1682:5)
<asynchronous suspension>
<asynchronous suspension>
(elided 5 frames from dart:async and package:stack_trace)

The following RenderObject was being processed when the exception was fired: RenderConstrainedBox#35854 relayoutBoundary=up32 NEEDS-PAINT NEEDS-COMPOSITING-BITS-UPDATE:
  creator: ConstrainedBox ΓåÉ Container ΓåÉ Column ΓåÉ Row ΓåÉ Row ΓåÉ ConstrainedBox ΓåÉ Container ΓåÉ Column ΓåÉ
    Padding ΓåÉ ClipPath ΓåÉ DecoratedBox ΓåÉ ConstrainedBox ΓåÉ Γï»
  parentData: offset=Offset(0.0, 0.0); flex=null; fit=null (can use size)
  constraints: BoxConstraints(unconstrained)
  size: MISSING
  additionalConstraints: BoxConstraints(w=Infinity, 0.0<=h<=Infinity)
This RenderObject had the following descendants (showing up to depth 5):
    child: RenderFlex#970de NEEDS-LAYOUT NEEDS-PAINT NEEDS-COMPOSITING-BITS-UPDATE
      child 1: RenderParagraph#44698 NEEDS-LAYOUT NEEDS-PAINT
        text: TextSpan
ΓòÉΓòÉΓòÉΓòÉΓòÉΓòÉΓòÉΓòÉΓòÉΓòÉΓòÉΓòÉΓòÉΓòÉΓòÉΓòÉΓòÉΓòÉΓòÉΓòÉΓòÉΓòÉΓòÉΓòÉΓòÉΓòÉΓòÉΓòÉΓòÉΓòÉΓòÉΓòÉΓòÉΓòÉΓòÉΓòÉΓòÉΓòÉΓòÉΓòÉΓòÉΓòÉΓòÉΓòÉΓòÉΓòÉΓòÉΓòÉΓòÉΓòÉΓòÉΓòÉΓòÉΓòÉΓòÉΓòÉΓòÉΓòÉΓòÉΓòÉΓòÉΓòÉΓòÉΓòÉΓòÉΓòÉΓòÉΓòÉΓòÉΓòÉΓòÉΓòÉΓòÉΓòÉΓòÉΓòÉΓòÉΓòÉΓòÉΓòÉΓòÉΓòÉΓòÉΓòÉΓòÉΓòÉΓòÉΓòÉΓòÉΓòÉΓòÉΓòÉΓòÉΓòÉΓòÉΓòÉΓòÉΓòÉΓòÉΓòÉ
ΓòÉΓòÉΓòí EXCEPTION CAUGHT BY RENDERING LIBRARY Γò₧ΓòÉΓòÉΓòÉΓòÉΓòÉΓòÉΓòÉΓòÉΓòÉΓòÉΓòÉΓòÉΓòÉΓòÉΓòÉΓòÉΓòÉΓòÉΓòÉΓòÉΓòÉΓòÉΓòÉΓòÉΓòÉΓòÉΓòÉΓòÉΓòÉΓòÉΓòÉΓòÉΓòÉΓòÉΓòÉΓòÉΓòÉΓòÉΓòÉΓòÉΓòÉΓòÉΓòÉΓòÉΓòÉΓòÉΓòÉΓòÉΓòÉΓòÉΓòÉΓòÉΓòÉΓòÉΓòÉΓòÉΓòÉ
The following assertion was thrown during performLayout():
RenderBox was not laid out: RenderConstrainedBox#35854 relayoutBoundary=up32 NEEDS-PAINT
NEEDS-COMPOSITING-BITS-UPDATE
'package:flutter/src/rendering/box.dart':
Failed assertion: line 2251 pos 12: 'hasSize'

Either the assertion indicates an error in the framework itself, or we should provide substantially
more information in this error message to help you determine and fix the underlying cause.
In either case, please report this assertion by filing a bug on GitHub:
  https://github.com/flutter/flutter/issues/new?template=02_bug.yml

The relevant error-causing widget was:
  Column Column:file:///D:/SEM%204/TaskProof/lib/dashboard.dart:608:47

When the exception was thrown, this was the stack:
#2      RenderBox.size (package:flutter/src/rendering/box.dart:2251:12)
#3      ChildLayoutHelper.layoutChild (package:flutter/src/rendering/layout_helper.dart:63:18)
#4      RenderFlex._computeSizes (package:flutter/src/rendering/flex.dart:1237:28)
#5      RenderFlex.performLayout (package:flutter/src/rendering/flex.dart:1329:32)
#6      RenderObject.layout (package:flutter/src/rendering/object.dart:2768:7)
#7      ChildLayoutHelper.layoutChild (package:flutter/src/rendering/layout_helper.dart:62:11)
#8      RenderFlex._computeSizes (package:flutter/src/rendering/flex.dart:1237:28)
#9      RenderFlex.performLayout (package:flutter/src/rendering/flex.dart:1329:32)
#10     RenderObject.layout (package:flutter/src/rendering/object.dart:2768:7)
#11     ChildLayoutHelper.layoutChild (package:flutter/src/rendering/layout_helper.dart:62:11)
#12     RenderFlex._computeSizes (package:flutter/src/rendering/flex.dart:1237:28)
#13     RenderFlex.performLayout (package:flutter/src/rendering/flex.dart:1329:32)
#14     RenderObject.layout (package:flutter/src/rendering/object.dart:2768:7)
#15     RenderConstrainedBox.performLayout (package:flutter/src/rendering/proxy_box.dart:296:14)
#16     RenderObject.layout (package:flutter/src/rendering/object.dart:2768:7)
#17     ChildLayoutHelper.layoutChild (package:flutter/src/rendering/layout_helper.dart:62:11)
#18     RenderFlex._computeSizes (package:flutter/src/rendering/flex.dart:1237:28)
#19     RenderFlex.performLayout (package:flutter/src/rendering/flex.dart:1329:32)
#20     RenderObject.layout (package:flutter/src/rendering/object.dart:2768:7)
#21     RenderPadding.performLayout (package:flutter/src/rendering/shifted_box.dart:262:12)
#22     RenderObject.layout (package:flutter/src/rendering/object.dart:2768:7)
#23     RenderProxyBoxMixin.performLayout (package:flutter/src/rendering/proxy_box.dart:118:18)
#24     _RenderCustomClip.performLayout (package:flutter/src/rendering/proxy_box.dart:1549:11)
#25     RenderObject.layout (package:flutter/src/rendering/object.dart:2768:7)
#26     RenderProxyBoxMixin.performLayout (package:flutter/src/rendering/proxy_box.dart:118:18)
#27     RenderObject.layout (package:flutter/src/rendering/object.dart:2768:7)
#28     RenderConstrainedBox.performLayout (package:flutter/src/rendering/proxy_box.dart:296:14)
#29     RenderObject.layout (package:flutter/src/rendering/object.dart:2768:7)
#30     ChildLayoutHelper.layoutChild (package:flutter/src/rendering/layout_helper.dart:62:11)
#31     RenderFlex._computeSizes (package:flutter/src/rendering/flex.dart:1237:28)
#32     RenderFlex.performLayout (package:flutter/src/rendering/flex.dart:1329:32)
#33     RenderObject.layout (package:flutter/src/rendering/object.dart:2768:7)
#34     RenderConstrainedBox.performLayout (package:flutter/src/rendering/proxy_box.dart:296:14)
#35     RenderObject.layout (package:flutter/src/rendering/object.dart:2768:7)
#36     ChildLayoutHelper.layoutChild (package:flutter/src/rendering/layout_helper.dart:62:11)
#37     RenderFlex._computeSizes (package:flutter/src/rendering/flex.dart:1237:28)
#38     RenderFlex.performLayout (package:flutter/src/rendering/flex.dart:1329:32)
#39     RenderObject.layout (package:flutter/src/rendering/object.dart:2768:7)
#40     RenderPadding.performLayout (package:flutter/src/rendering/shifted_box.dart:262:12)
#41     RenderObject.layout (package:flutter/src/rendering/object.dart:2768:7)
#42     RenderConstrainedBox.performLayout (package:flutter/src/rendering/proxy_box.dart:296:14)
#43     RenderObject.layout (package:flutter/src/rendering/object.dart:2768:7)
#44     RenderConstrainedBox.performLayout (package:flutter/src/rendering/proxy_box.dart:296:14)
#45     RenderObject.layout (package:flutter/src/rendering/object.dart:2768:7)
#46     ChildLayoutHelper.layoutChild (package:flutter/src/rendering/layout_helper.dart:62:11)
#47     RenderStack._computeSize (package:flutter/src/rendering/stack.dart:645:43)
#48     RenderStack.performLayout (package:flutter/src/rendering/stack.dart:680:12)
#49     RenderObject.layout (package:flutter/src/rendering/object.dart:2768:7)
#50     RenderPadding.performLayout (package:flutter/src/rendering/shifted_box.dart:262:12)
#51     RenderObject.layout (package:flutter/src/rendering/object.dart:2768:7)
#52     RenderProxyBoxMixin.performLayout (package:flutter/src/rendering/proxy_box.dart:118:18)
#53     RenderObject.layout (package:flutter/src/rendering/object.dart:2768:7)
#54     RenderConstrainedBox.performLayout (package:flutter/src/rendering/proxy_box.dart:296:14)
#55     RenderObject.layout (package:flutter/src/rendering/object.dart:2768:7)
#56     RenderConstrainedBox.performLayout (package:flutter/src/rendering/proxy_box.dart:296:14)
#57     RenderObject.layout (package:flutter/src/rendering/object.dart:2768:7)
#58     ChildLayoutHelper.layoutChild (package:flutter/src/rendering/layout_helper.dart:62:11)
#59     RenderFlex._computeSizes (package:flutter/src/rendering/flex.dart:1237:28)
#60     RenderFlex.performLayout (package:flutter/src/rendering/flex.dart:1329:32)
#61     RenderObject.layout (package:flutter/src/rendering/object.dart:2768:7)
#62     _RenderSingleChildViewport.performLayout (package:flutter/src/widgets/single_child_scroll_view.dart:502:14)
#63     RenderObject.layout (package:flutter/src/rendering/object.dart:2768:7)
#64     RenderProxyBoxMixin.performLayout (package:flutter/src/rendering/proxy_box.dart:118:18)
#65     RenderObject.layout (package:flutter/src/rendering/object.dart:2768:7)
#66     RenderProxyBoxMixin.performLayout (package:flutter/src/rendering/proxy_box.dart:118:18)
#67     RenderObject.layout (package:flutter/src/rendering/object.dart:2768:7)
#68     RenderProxyBoxMixin.performLayout (package:flutter/src/rendering/proxy_box.dart:118:18)
#69     RenderObject.layout (package:flutter/src/rendering/object.dart:2768:7)
#70     RenderProxyBoxMixin.performLayout (package:flutter/src/rendering/proxy_box.dart:118:18)
#71     RenderObject.layout (package:flutter/src/rendering/object.dart:2768:7)
#72     RenderProxyBoxMixin.performLayout (package:flutter/src/rendering/proxy_box.dart:118:18)
#73     RenderObject.layout (package:flutter/src/rendering/object.dart:2768:7)
#74     RenderProxyBoxMixin.performLayout (package:flutter/src/rendering/proxy_box.dart:118:18)
#75     RenderObject.layout (package:flutter/src/rendering/object.dart:2768:7)
#76     RenderProxyBoxMixin.performLayout (package:flutter/src/rendering/proxy_box.dart:118:18)
#77     RenderObject.layout (package:flutter/src/rendering/object.dart:2768:7)
#78     RenderProxyBoxMixin.performLayout (package:flutter/src/rendering/proxy_box.dart:118:18)
#79     _RenderCustomClip.performLayout (package:flutter/src/rendering/proxy_box.dart:1549:11)
#80     RenderObject.layout (package:flutter/src/rendering/object.dart:2768:7)
#81     RenderPadding.performLayout (package:flutter/src/rendering/shifted_box.dart:262:12)
#82     RenderObject.layout (package:flutter/src/rendering/object.dart:2768:7)
#83     MultiChildLayoutDelegate.layoutChild (package:flutter/src/rendering/custom_layout.dart:180:12)
#84     _ScaffoldLayout.performLayout (package:flutter/src/material/scaffold.dart:1113:7)
#85     MultiChildLayoutDelegate._callPerformLayout (package:flutter/src/rendering/custom_layout.dart:246:7)
#86     RenderCustomMultiChildLayoutBox.performLayout (package:flutter/src/rendering/custom_layout.dart:417:14)
#87     RenderObject.layout (package:flutter/src/rendering/object.dart:2768:7)
#88     RenderProxyBoxMixin.performLayout (package:flutter/src/rendering/proxy_box.dart:118:18)
#89     RenderObject.layout (package:flutter/src/rendering/object.dart:2768:7)
#90     RenderProxyBoxMixin.performLayout (package:flutter/src/rendering/proxy_box.dart:118:18)
#91     _RenderCustomClip.performLayout (package:flutter/src/rendering/proxy_box.dart:1549:11)
#92     RenderObject.layout (package:flutter/src/rendering/object.dart:2768:7)
#93     RenderProxyBoxMixin.performLayout (package:flutter/src/rendering/proxy_box.dart:118:18)
#94     RenderObject.layout (package:flutter/src/rendering/object.dart:2768:7)
#95     RenderProxyBoxMixin.performLayout (package:flutter/src/rendering/proxy_box.dart:118:18)
#96     RenderObject.layout (package:flutter/src/rendering/object.dart:2768:7)
#97     RenderProxyBoxMixin.performLayout (package:flutter/src/rendering/proxy_box.dart:118:18)
#98     RenderObject.layout (package:flutter/src/rendering/object.dart:2768:7)
#99     RenderProxyBoxMixin.performLayout (package:flutter/src/rendering/proxy_box.dart:118:18)
#100    RenderObject.layout (package:flutter/src/rendering/object.dart:2768:7)
#101    RenderProxyBoxMixin.performLayout (package:flutter/src/rendering/proxy_box.dart:118:18)
#102    RenderObject.layout (package:flutter/src/rendering/object.dart:2768:7)
#103    RenderProxyBoxMixin.performLayout (package:flutter/src/rendering/proxy_box.dart:118:18)
#104    RenderObject.layout (package:flutter/src/rendering/object.dart:2768:7)
#105    RenderProxyBoxMixin.performLayout (package:flutter/src/rendering/proxy_box.dart:118:18)
#106    RenderObject.layout (package:flutter/src/rendering/object.dart:2768:7)
#107    RenderProxyBoxMixin.performLayout (package:flutter/src/rendering/proxy_box.dart:118:18)
#108    RenderObject.layout (package:flutter/src/rendering/object.dart:2768:7)
#109    RenderProxyBoxMixin.performLayout (package:flutter/src/rendering/proxy_box.dart:118:18)
#110    RenderObject.layout (package:flutter/src/rendering/object.dart:2768:7)
#111    RenderProxyBoxMixin.performLayout (package:flutter/src/rendering/proxy_box.dart:118:18)
#112    RenderObject.layout (package:flutter/src/rendering/object.dart:2768:7)
#113    RenderProxyBoxMixin.performLayout (package:flutter/src/rendering/proxy_box.dart:118:18)
#114    RenderObject.layout (package:flutter/src/rendering/object.dart:2768:7)
#115    RenderProxyBoxMixin.performLayout (package:flutter/src/rendering/proxy_box.dart:118:18)
#116    RenderObject.layout (package:flutter/src/rendering/object.dart:2768:7)
#117    RenderProxyBoxMixin.performLayout (package:flutter/src/rendering/proxy_box.dart:118:18)
#118    RenderObject.layout (package:flutter/src/rendering/object.dart:2768:7)
#119    RenderProxyBoxMixin.performLayout (package:flutter/src/rendering/proxy_box.dart:118:18)
#120    RenderObject.layout (package:flutter/src/rendering/object.dart:2768:7)
#121    RenderProxyBoxMixin.performLayout (package:flutter/src/rendering/proxy_box.dart:118:18)
#122    RenderObject.layout (package:flutter/src/rendering/object.dart:2768:7)
#123    RenderProxyBoxMixin.performLayout (package:flutter/src/rendering/proxy_box.dart:118:18)
#124    RenderOffstage.performLayout (package:flutter/src/rendering/proxy_box.dart:3923:13)
#125    RenderObject.layout (package:flutter/src/rendering/object.dart:2768:7)
#126    RenderProxyBoxMixin.performLayout (package:flutter/src/rendering/proxy_box.dart:118:18)
#127    RenderObject.layout (package:flutter/src/rendering/object.dart:2768:7)
#128    _RenderTheaterMixin.layoutChild (package:flutter/src/widgets/overlay.dart:1084:13)
#129    _RenderTheater.performLayout (package:flutter/src/widgets/overlay.dart:1429:9)
#130    RenderObject.layout (package:flutter/src/rendering/object.dart:2768:7)
#131    RenderProxyBoxMixin.performLayout (package:flutter/src/rendering/proxy_box.dart:118:18)
#132    RenderObject.layout (package:flutter/src/rendering/object.dart:2768:7)
#133    RenderProxyBoxMixin.performLayout (package:flutter/src/rendering/proxy_box.dart:118:18)
#134    RenderObject.layout (package:flutter/src/rendering/object.dart:2768:7)
#135    RenderProxyBoxMixin.performLayout (package:flutter/src/rendering/proxy_box.dart:118:18)
#136    RenderObject.layout (package:flutter/src/rendering/object.dart:2768:7)
#137    RenderProxyBoxMixin.performLayout (package:flutter/src/rendering/proxy_box.dart:118:18)
#138    RenderCustomPaint.performLayout (package:flutter/src/rendering/custom_paint.dart:574:11)
#139    RenderObject.layout (package:flutter/src/rendering/object.dart:2768:7)
#140    RenderProxyBoxMixin.performLayout (package:flutter/src/rendering/proxy_box.dart:118:18)
#141    RenderObject.layout (package:flutter/src/rendering/object.dart:2768:7)
#142    RenderProxyBoxMixin.performLayout (package:flutter/src/rendering/proxy_box.dart:118:18)
#143    RenderObject.layout (package:flutter/src/rendering/object.dart:2768:7)
#144    RenderProxyBoxMixin.performLayout (package:flutter/src/rendering/proxy_box.dart:118:18)
#145    RenderObject.layout (package:flutter/src/rendering/object.dart:2768:7)
#146    RenderProxyBoxMixin.performLayout (package:flutter/src/rendering/proxy_box.dart:118:18)
#147    RenderObject.layout (package:flutter/src/rendering/object.dart:2768:7)
#148    RenderProxyBoxMixin.performLayout (package:flutter/src/rendering/proxy_box.dart:118:18)
#149    RenderObject.layout (package:flutter/src/rendering/object.dart:2768:7)
#150    RenderProxyBoxMixin.performLayout (package:flutter/src/rendering/proxy_box.dart:118:18)
#151    RenderObject.layout (package:flutter/src/rendering/object.dart:2768:7)
#152    RenderView.performLayout (package:flutter/src/rendering/view.dart:292:12)
#153    RenderObject._layoutWithoutResize (package:flutter/src/rendering/object.dart:2616:7)
#154    PipelineOwner.flushLayout (package:flutter/src/rendering/object.dart:1174:18)
#155    PipelineOwner.flushLayout (package:flutter/src/rendering/object.dart:1187:15)
#156    AutomatedTestWidgetsFlutterBinding.drawFrame (package:flutter_test/src/binding.dart:2133:27)
#157    RendererBinding._handlePersistentFrameCallback (package:flutter/src/rendering/binding.dart:495:5)
#158    SchedulerBinding._invokeFrameCallback (package:flutter/src/scheduler/binding.dart:1430:15)
#159    SchedulerBinding.handleDrawFrame (package:flutter/src/scheduler/binding.dart:1345:9)
#160    AutomatedTestWidgetsFlutterBinding.pump.<anonymous closure> (package:flutter_test/src/binding.dart:1960:9)
#163    TestAsyncUtils.guard (package:flutter_test/src/test_async_utils.dart:74:41)
#164    AutomatedTestWidgetsFlutterBinding.pump (package:flutter_test/src/binding.dart:1949:27)
#165    WidgetTester.pumpWidget.<anonymous closure> (package:flutter_test/src/widget_tester.dart:598:22)
#168    TestAsyncUtils.guard (package:flutter_test/src/test_async_utils.dart:74:41)
#169    WidgetTester.pumpWidget (package:flutter_test/src/widget_tester.dart:595:27)
#170    main.<anonymous closure> (file:///D:/SEM%204/TaskProof/test/layout_test.dart:8:18)
#171    testWidgets.<anonymous closure>.<anonymous closure> (package:flutter_test/src/widget_tester.dart:192:29)
<asynchronous suspension>
#172    TestWidgetsFlutterBinding._runTestBody (package:flutter_test/src/binding.dart:1682:5)
<asynchronous suspension>
<asynchronous suspension>
(elided 7 frames from class _AssertionError, dart:async, and package:stack_trace)

The following RenderObject was being processed when the exception was fired: RenderFlex#62246 relayoutBoundary=up31 NEEDS-LAYOUT NEEDS-PAINT NEEDS-COMPOSITING-BITS-UPDATE:
  creator: Column ΓåÉ Row ΓåÉ Row ΓåÉ ConstrainedBox ΓåÉ Container ΓåÉ Column ΓåÉ Padding ΓåÉ ClipPath ΓåÉ
    DecoratedBox ΓåÉ ConstrainedBox ΓåÉ Container ΓåÉ Column ΓåÉ Γï»
  parentData: offset=Offset(0.0, 0.0); flex=null; fit=null (can use size)
  constraints: BoxConstraints(unconstrained)
  size: MISSING
  direction: vertical
  mainAxisAlignment: start
  mainAxisSize: min
  crossAxisAlignment: start
  textDirection: ltr
  verticalDirection: down
  spacing: 1.0
This RenderObject had the following descendants (showing up to depth 5):
    child 1: RenderConstrainedBox#35854 relayoutBoundary=up32 NEEDS-PAINT NEEDS-COMPOSITING-BITS-UPDATE
      child: RenderFlex#970de NEEDS-LAYOUT NEEDS-PAINT NEEDS-COMPOSITING-BITS-UPDATE
        child 1: RenderParagraph#44698 NEEDS-LAYOUT NEEDS-PAINT
          text: TextSpan
    child 2: RenderConstrainedBox#5fe20 NEEDS-LAYOUT NEEDS-PAINT NEEDS-COMPOSITING-BITS-UPDATE
      child: RenderFlex#2aa20 NEEDS-LAYOUT NEEDS-PAINT NEEDS-COMPOSITING-BITS-UPDATE
        child 1: RenderParagraph#64968 NEEDS-LAYOUT NEEDS-PAINT
          text: TextSpan
ΓòÉΓòÉΓòÉΓòÉΓòÉΓòÉΓòÉΓòÉΓòÉΓòÉΓòÉΓòÉΓòÉΓòÉΓòÉΓòÉΓòÉΓòÉΓòÉΓòÉΓòÉΓòÉΓòÉΓòÉΓòÉΓòÉΓòÉΓòÉΓòÉΓòÉΓòÉΓòÉΓòÉΓòÉΓòÉΓòÉΓòÉΓòÉΓòÉΓòÉΓòÉΓòÉΓòÉΓòÉΓòÉΓòÉΓòÉΓòÉΓòÉΓòÉΓòÉΓòÉΓòÉΓòÉΓòÉΓòÉΓòÉΓòÉΓòÉΓòÉΓòÉΓòÉΓòÉΓòÉΓòÉΓòÉΓòÉΓòÉΓòÉΓòÉΓòÉΓòÉΓòÉΓòÉΓòÉΓòÉΓòÉΓòÉΓòÉΓòÉΓòÉΓòÉΓòÉΓòÉΓòÉΓòÉΓòÉΓòÉΓòÉΓòÉΓòÉΓòÉΓòÉΓòÉΓòÉΓòÉΓòÉΓòÉΓòÉΓòÉ
ΓòÉΓòÉΓòí EXCEPTION CAUGHT BY RENDERING LIBRARY Γò₧ΓòÉΓòÉΓòÉΓòÉΓòÉΓòÉΓòÉΓòÉΓòÉΓòÉΓòÉΓòÉΓòÉΓòÉΓòÉΓòÉΓòÉΓòÉΓòÉΓòÉΓòÉΓòÉΓòÉΓòÉΓòÉΓòÉΓòÉΓòÉΓòÉΓòÉΓòÉΓòÉΓòÉΓòÉΓòÉΓòÉΓòÉΓòÉΓòÉΓòÉΓòÉΓòÉΓòÉΓòÉΓòÉΓòÉΓòÉΓòÉΓòÉΓòÉΓòÉΓòÉΓòÉΓòÉΓòÉΓòÉΓòÉ
The following assertion was thrown during performLayout():
RenderBox was not laid out: RenderFlex#62246 relayoutBoundary=up31 NEEDS-PAINT
NEEDS-COMPOSITING-BITS-UPDATE
'package:flutter/src/rendering/box.dart':
Failed assertion: line 2251 pos 12: 'hasSize'

Either the assertion indicates an error in the framework itself, or we should provide substantially
more information in this error message to help you determine and fix the underlying cause.
In either case, please report this assertion by filing a bug on GitHub:
  https://github.com/flutter/flutter/issues/new?template=02_bug.yml

The relevant error-causing widget was:
  Row Row:file:///D:/SEM%204/TaskProof/lib/dashboard.dart:581:43

When the exception was thrown, this was the stack:
#2      RenderBox.size (package:flutter/src/rendering/box.dart:2251:12)
#3      ChildLayoutHelper.layoutChild (package:flutter/src/rendering/layout_helper.dart:63:18)
#4      RenderFlex._computeSizes (package:flutter/src/rendering/flex.dart:1237:28)
#5      RenderFlex.performLayout (package:flutter/src/rendering/flex.dart:1329:32)
#6      RenderObject.layout (package:flutter/src/rendering/object.dart:2768:7)
#7      ChildLayoutHelper.layoutChild (package:flutter/src/rendering/layout_helper.dart:62:11)
#8      RenderFlex._computeSizes (package:flutter/src/rendering/flex.dart:1237:28)
#9      RenderFlex.performLayout (package:flutter/src/rendering/flex.dart:1329:32)
#10     RenderObject.layout (package:flutter/src/rendering/object.dart:2768:7)
#11     RenderConstrainedBox.performLayout (package:flutter/src/rendering/proxy_box.dart:296:14)
#12     RenderObject.layout (package:flutter/src/rendering/object.dart:2768:7)
#13     ChildLayoutHelper.layoutChild (package:flutter/src/rendering/layout_helper.dart:62:11)
#14     RenderFlex._computeSizes (package:flutter/src/rendering/flex.dart:1237:28)
#15     RenderFlex.performLayout (package:flutter/src/rendering/flex.dart:1329:32)
#16     RenderObject.layout (package:flutter/src/rendering/object.dart:2768:7)
#17     RenderPadding.performLayout (package:flutter/src/rendering/shifted_box.dart:262:12)
#18     RenderObject.layout (package:flutter/src/rendering/object.dart:2768:7)
#19     RenderProxyBoxMixin.performLayout (package:flutter/src/rendering/proxy_box.dart:118:18)
#20     _RenderCustomClip.performLayout (package:flutter/src/rendering/proxy_box.dart:1549:11)
#21     RenderObject.layout (package:flutter/src/rendering/object.dart:2768:7)
#22     RenderProxyBoxMixin.performLayout (package:flutter/src/rendering/proxy_box.dart:118:18)
#23     RenderObject.layout (package:flutter/src/rendering/object.dart:2768:7)
#24     RenderConstrainedBox.performLayout (package:flutter/src/rendering/proxy_box.dart:296:14)
#25     RenderObject.layout (package:flutter/src/rendering/object.dart:2768:7)
#26     ChildLayoutHelper.layoutChild (package:flutter/src/rendering/layout_helper.dart:62:11)
#27     RenderFlex._computeSizes (package:flutter/src/rendering/flex.dart:1237:28)
#28     RenderFlex.performLayout (package:flutter/src/rendering/flex.dart:1329:32)
#29     RenderObject.layout (package:flutter/src/rendering/object.dart:2768:7)
#30     RenderConstrainedBox.performLayout (package:flutter/src/rendering/proxy_box.dart:296:14)
#31     RenderObject.layout (package:flutter/src/rendering/object.dart:2768:7)
#32     ChildLayoutHelper.layoutChild (package:flutter/src/rendering/layout_helper.dart:62:11)
#33     RenderFlex._computeSizes (package:flutter/src/rendering/flex.dart:1237:28)
#34     RenderFlex.performLayout (package:flutter/src/rendering/flex.dart:1329:32)
#35     RenderObject.layout (package:flutter/src/rendering/object.dart:2768:7)
#36     RenderPadding.performLayout (package:flutter/src/rendering/shifted_box.dart:262:12)
#37     RenderObject.layout (package:flutter/src/rendering/object.dart:2768:7)
#38     RenderConstrainedBox.performLayout (package:flutter/src/rendering/proxy_box.dart:296:14)
#39     RenderObject.layout (package:flutter/src/rendering/object.dart:2768:7)
#40     RenderConstrainedBox.performLayout (package:flutter/src/rendering/proxy_box.dart:296:14)
#41     RenderObject.layout (package:flutter/src/rendering/object.dart:2768:7)
#42     ChildLayoutHelper.layoutChild (package:flutter/src/rendering/layout_helper.dart:62:11)
#43     RenderStack._computeSize (package:flutter/src/rendering/stack.dart:645:43)
#44     RenderStack.performLayout (package:flutter/src/rendering/stack.dart:680:12)
#45     RenderObject.layout (package:flutter/src/rendering/object.dart:2768:7)
#46     RenderPadding.performLayout (package:flutter/src/rendering/shifted_box.dart:262:12)
#47     RenderObject.layout (package:flutter/src/rendering/object.dart:2768:7)
#48     RenderProxyBoxMixin.performLayout (package:flutter/src/rendering/proxy_box.dart:118:18)
#49     RenderObject.layout (package:flutter/src/rendering/object.dart:2768:7)
#50     RenderConstrainedBox.performLayout (package:flutter/src/rendering/proxy_box.dart:296:14)
#51     RenderObject.layout (package:flutter/src/rendering/object.dart:2768:7)
#52     RenderConstrainedBox.performLayout (package:flutter/src/rendering/proxy_box.dart:296:14)
#53     RenderObject.layout (package:flutter/src/rendering/object.dart:2768:7)
#54     ChildLayoutHelper.layoutChild (package:flutter/src/rendering/layout_helper.dart:62:11)
#55     RenderFlex._computeSizes (package:flutter/src/rendering/flex.dart:1237:28)
#56     RenderFlex.performLayout (package:flutter/src/rendering/flex.dart:1329:32)
#57     RenderObject.layout (package:flutter/src/rendering/object.dart:2768:7)
#58     _RenderSingleChildViewport.performLayout (package:flutter/src/widgets/single_child_scroll_view.dart:502:14)
#59     RenderObject.layout (package:flutter/src/rendering/object.dart:2768:7)
#60     RenderProxyBoxMixin.performLayout (package:flutter/src/rendering/proxy_box.dart:118:18)
#61     RenderObject.layout (package:flutter/src/rendering/object.dart:2768:7)
#62     RenderProxyBoxMixin.performLayout (package:flutter/src/rendering/proxy_box.dart:118:18)
#63     RenderObject.layout (package:flutter/src/rendering/object.dart:2768:7)
#64     RenderProxyBoxMixin.performLayout (package:flutter/src/rendering/proxy_box.dart:118:18)
#65     RenderObject.layout (package:flutter/src/rendering/object.dart:2768:7)
#66     RenderProxyBoxMixin.performLayout (package:flutter/src/rendering/proxy_box.dart:118:18)
#67     RenderObject.layout (package:flutter/src/rendering/object.dart:2768:7)
#68     RenderProxyBoxMixin.performLayout (package:flutter/src/rendering/proxy_box.dart:118:18)
#69     RenderObject.layout (package:flutter/src/rendering/object.dart:2768:7)
#70     RenderProxyBoxMixin.performLayout (package:flutter/src/rendering/proxy_box.dart:118:18)
#71     RenderObject.layout (package:flutter/src/rendering/object.dart:2768:7)
#72     RenderProxyBoxMixin.performLayout (package:flutter/src/rendering/proxy_box.dart:118:18)
#73     RenderObject.layout (package:flutter/src/rendering/object.dart:2768:7)
#74     RenderProxyBoxMixin.performLayout (package:flutter/src/rendering/proxy_box.dart:118:18)
#75     _RenderCustomClip.performLayout (package:flutter/src/rendering/proxy_box.dart:1549:11)
#76     RenderObject.layout (package:flutter/src/rendering/object.dart:2768:7)
#77     RenderPadding.performLayout (package:flutter/src/rendering/shifted_box.dart:262:12)
#78     RenderObject.layout (package:flutter/src/rendering/object.dart:2768:7)
#79     MultiChildLayoutDelegate.layoutChild (package:flutter/src/rendering/custom_layout.dart:180:12)
#80     _ScaffoldLayout.performLayout (package:flutter/src/material/scaffold.dart:1113:7)
#81     MultiChildLayoutDelegate._callPerformLayout (package:flutter/src/rendering/custom_layout.dart:246:7)
#82     RenderCustomMultiChildLayoutBox.performLayout (package:flutter/src/rendering/custom_layout.dart:417:14)
#83     RenderObject.layout (package:flutter/src/rendering/object.dart:2768:7)
#84     RenderProxyBoxMixin.performLayout (package:flutter/src/rendering/proxy_box.dart:118:18)
#85     RenderObject.layout (package:flutter/src/rendering/object.dart:2768:7)
#86     RenderProxyBoxMixin.performLayout (package:flutter/src/rendering/proxy_box.dart:118:18)
#87     _RenderCustomClip.performLayout (package:flutter/src/rendering/proxy_box.dart:1549:11)
#88     RenderObject.layout (package:flutter/src/rendering/object.dart:2768:7)
#89     RenderProxyBoxMixin.performLayout (package:flutter/src/rendering/proxy_box.dart:118:18)
#90     RenderObject.layout (package:flutter/src/rendering/object.dart:2768:7)
#91     RenderProxyBoxMixin.performLayout (package:flutter/src/rendering/proxy_box.dart:118:18)
#92     RenderObject.layout (package:flutter/src/rendering/object.dart:2768:7)
#93     RenderProxyBoxMixin.performLayout (package:flutter/src/rendering/proxy_box.dart:118:18)
#94     RenderObject.layout (package:flutter/src/rendering/object.dart:2768:7)
#95     RenderProxyBoxMixin.performLayout (package:flutter/src/rendering/proxy_box.dart:118:18)
#96     RenderObject.layout (package:flutter/src/rendering/object.dart:2768:7)
#97     RenderProxyBoxMixin.performLayout (package:flutter/src/rendering/proxy_box.dart:118:18)
#98     RenderObject.layout (package:flutter/src/rendering/object.dart:2768:7)
#99     RenderProxyBoxMixin.performLayout (package:flutter/src/rendering/proxy_box.dart:118:18)
#100    RenderObject.layout (package:flutter/src/rendering/object.dart:2768:7)
#101    RenderProxyBoxMixin.performLayout (package:flutter/src/rendering/proxy_box.dart:118:18)
#102    RenderObject.layout (package:flutter/src/rendering/object.dart:2768:7)
#103    RenderProxyBoxMixin.performLayout (package:flutter/src/rendering/proxy_box.dart:118:18)
#104    RenderObject.layout (package:flutter/src/rendering/object.dart:2768:7)
#105    RenderProxyBoxMixin.performLayout (package:flutter/src/rendering/proxy_box.dart:118:18)
#106    RenderObject.layout (package:flutter/src/rendering/object.dart:2768:7)
#107    RenderProxyBoxMixin.performLayout (package:flutter/src/rendering/proxy_box.dart:118:18)
#108    RenderObject.layout (package:flutter/src/rendering/object.dart:2768:7)
#109    RenderProxyBoxMixin.performLayout (package:flutter/src/rendering/proxy_box.dart:118:18)
#110    RenderObject.layout (package:flutter/src/rendering/object.dart:2768:7)
#111    RenderProxyBoxMixin.performLayout (package:flutter/src/rendering/proxy_box.dart:118:18)
#112    RenderObject.layout (package:flutter/src/rendering/object.dart:2768:7)
#113    RenderProxyBoxMixin.performLayout (package:flutter/src/rendering/proxy_box.dart:118:18)
#114    RenderObject.layout (package:flutter/src/rendering/object.dart:2768:7)
#115    RenderProxyBoxMixin.performLayout (package:flutter/src/rendering/proxy_box.dart:118:18)
#116    RenderObject.layout (package:flutter/src/rendering/object.dart:2768:7)
#117    RenderProxyBoxMixin.performLayout (package:flutter/src/rendering/proxy_box.dart:118:18)
#118    RenderObject.layout (package:flutter/src/rendering/object.dart:2768:7)
#119    RenderProxyBoxMixin.performLayout (package:flutter/src/rendering/proxy_box.dart:118:18)
#120    RenderOffstage.performLayout (package:flutter/src/rendering/proxy_box.dart:3923:13)
#121    RenderObject.layout (package:flutter/src/rendering/object.dart:2768:7)
#122    RenderProxyBoxMixin.performLayout (package:flutter/src/rendering/proxy_box.dart:118:18)
#123    RenderObject.layout (package:flutter/src/rendering/object.dart:2768:7)
#124    _RenderTheaterMixin.layoutChild (package:flutter/src/widgets/overlay.dart:1084:13)
#125    _RenderTheater.performLayout (package:flutter/src/widgets/overlay.dart:1429:9)
#126    RenderObject.layout (package:flutter/src/rendering/object.dart:2768:7)
#127    RenderProxyBoxMixin.performLayout (package:flutter/src/rendering/proxy_box.dart:118:18)
#128    RenderObject.layout (package:flutter/src/rendering/object.dart:2768:7)
#129    RenderProxyBoxMixin.performLayout (package:flutter/src/rendering/proxy_box.dart:118:18)
#130    RenderObject.layout (package:flutter/src/rendering/object.dart:2768:7)
#131    RenderProxyBoxMixin.performLayout (package:flutter/src/rendering/proxy_box.dart:118:18)
#132    RenderObject.layout (package:flutter/src/rendering/object.dart:2768:7)
#133    RenderProxyBoxMixin.performLayout (package:flutter/src/rendering/proxy_box.dart:118:18)
#134    RenderCustomPaint.performLayout (package:flutter/src/rendering/custom_paint.dart:574:11)
#135    RenderObject.layout (package:flutter/src/rendering/object.dart:2768:7)
#136    RenderProxyBoxMixin.performLayout (package:flutter/src/rendering/proxy_box.dart:118:18)
#137    RenderObject.layout (package:flutter/src/rendering/object.dart:2768:7)
#138    RenderProxyBoxMixin.performLayout (package:flutter/src/rendering/proxy_box.dart:118:18)
#139    RenderObject.layout (package:flutter/src/rendering/object.dart:2768:7)
#140    RenderProxyBoxMixin.performLayout (package:flutter/src/rendering/proxy_box.dart:118:18)
#141    RenderObject.layout (package:flutter/src/rendering/object.dart:2768:7)
#142    RenderProxyBoxMixin.performLayout (package:flutter/src/rendering/proxy_box.dart:118:18)
#143    RenderObject.layout (package:flutter/src/rendering/object.dart:2768:7)
#144    RenderProxyBoxMixin.performLayout (package:flutter/src/rendering/proxy_box.dart:118:18)
#145    RenderObject.layout (package:flutter/src/rendering/object.dart:2768:7)
#146    RenderProxyBoxMixin.performLayout (package:flutter/src/rendering/proxy_box.dart:118:18)
#147    RenderObject.layout (package:flutter/src/rendering/object.dart:2768:7)
#148    RenderView.performLayout (package:flutter/src/rendering/view.dart:292:12)
#149    RenderObject._layoutWithoutResize (package:flutter/src/rendering/object.dart:2616:7)
#150    PipelineOwner.flushLayout (package:flutter/src/rendering/object.dart:1174:18)
#151    PipelineOwner.flushLayout (package:flutter/src/rendering/object.dart:1187:15)
#152    AutomatedTestWidgetsFlutterBinding.drawFrame (package:flutter_test/src/binding.dart:2133:27)
#153    RendererBinding._handlePersistentFrameCallback (package:flutter/src/rendering/binding.dart:495:5)
#154    SchedulerBinding._invokeFrameCallback (package:flutter/src/scheduler/binding.dart:1430:15)
#155    SchedulerBinding.handleDrawFrame (package:flutter/src/scheduler/binding.dart:1345:9)
#156    AutomatedTestWidgetsFlutterBinding.pump.<anonymous closure> (package:flutter_test/src/binding.dart:1960:9)
#159    TestAsyncUtils.guard (package:flutter_test/src/test_async_utils.dart:74:41)
#160    AutomatedTestWidgetsFlutterBinding.pump (package:flutter_test/src/binding.dart:1949:27)
#161    WidgetTester.pumpWidget.<anonymous closure> (package:flutter_test/src/widget_tester.dart:598:22)
#164    TestAsyncUtils.guard (package:flutter_test/src/test_async_utils.dart:74:41)
#165    WidgetTester.pumpWidget (package:flutter_test/src/widget_tester.dart:595:27)
#166    main.<anonymous closure> (file:///D:/SEM%204/TaskProof/test/layout_test.dart:8:18)
#167    testWidgets.<anonymous closure>.<anonymous closure> (package:flutter_test/src/widget_tester.dart:192:29)
<asynchronous suspension>
#168    TestWidgetsFlutterBinding._runTestBody (package:flutter_test/src/binding.dart:1682:5)
<asynchronous suspension>
<asynchronous suspension>
(elided 7 frames from class _AssertionError, dart:async, and package:stack_trace)

The following RenderObject was being processed when the exception was fired: RenderFlex#79cd5 relayoutBoundary=up30 NEEDS-LAYOUT NEEDS-PAINT NEEDS-COMPOSITING-BITS-UPDATE:
  creator: Row ΓåÉ Row ΓåÉ ConstrainedBox ΓåÉ Container ΓåÉ Column ΓåÉ Padding ΓåÉ ClipPath ΓåÉ DecoratedBox ΓåÉ
    ConstrainedBox ΓåÉ Container ΓåÉ Column ΓåÉ ConstrainedBox ΓåÉ Γï»
  parentData: offset=Offset(0.0, 0.0); flex=null; fit=null (can use size)
  constraints: BoxConstraints(unconstrained)
  size: MISSING
  direction: horizontal
  mainAxisAlignment: start
  mainAxisSize: min
  crossAxisAlignment: center
  textDirection: ltr
  verticalDirection: down
  spacing: 12.0
This RenderObject had the following descendants (showing up to depth 5):
    child 1: RenderConstrainedBox#d5fa8 relayoutBoundary=up31 NEEDS-PAINT NEEDS-COMPOSITING-BITS-UPDATE
      child: RenderDecoratedBox#5e170 NEEDS-PAINT NEEDS-COMPOSITING-BITS-UPDATE
        child: RenderPadding#12342 NEEDS-PAINT NEEDS-COMPOSITING-BITS-UPDATE
          child: RenderFlex#84ca1 NEEDS-PAINT NEEDS-COMPOSITING-BITS-UPDATE
            child 1: RenderFlex#63c7b relayoutBoundary=up1 NEEDS-PAINT
    child 2: RenderFlex#62246 relayoutBoundary=up31 NEEDS-PAINT NEEDS-COMPOSITING-BITS-UPDATE
      child 1: RenderConstrainedBox#35854 relayoutBoundary=up32 NEEDS-PAINT NEEDS-COMPOSITING-BITS-UPDATE
        child: RenderFlex#970de NEEDS-LAYOUT NEEDS-PAINT NEEDS-COMPOSITING-BITS-UPDATE
          child 1: RenderParagraph#44698 NEEDS-LAYOUT NEEDS-PAINT
            text: TextSpan
      child 2: RenderConstrainedBox#5fe20 NEEDS-LAYOUT NEEDS-PAINT NEEDS-COMPOSITING-BITS-UPDATE
        child: RenderFlex#2aa20 NEEDS-LAYOUT NEEDS-PAINT NEEDS-COMPOSITING-BITS-UPDATE
          child 1: RenderParagraph#64968 NEEDS-LAYOUT NEEDS-PAINT
            text: TextSpan
ΓòÉΓòÉΓòÉΓòÉΓòÉΓòÉΓòÉΓòÉΓòÉΓòÉΓòÉΓòÉΓòÉΓòÉΓòÉΓòÉΓòÉΓòÉΓòÉΓòÉΓòÉΓòÉΓòÉΓòÉΓòÉΓòÉΓòÉΓòÉΓòÉΓòÉΓòÉΓòÉΓòÉΓòÉΓòÉΓòÉΓòÉΓòÉΓòÉΓòÉΓòÉΓòÉΓòÉΓòÉΓòÉΓòÉΓòÉΓòÉΓòÉΓòÉΓòÉΓòÉΓòÉΓòÉΓòÉΓòÉΓòÉΓòÉΓòÉΓòÉΓòÉΓòÉΓòÉΓòÉΓòÉΓòÉΓòÉΓòÉΓòÉΓòÉΓòÉΓòÉΓòÉΓòÉΓòÉΓòÉΓòÉΓòÉΓòÉΓòÉΓòÉΓòÉΓòÉΓòÉΓòÉΓòÉΓòÉΓòÉΓòÉΓòÉΓòÉΓòÉΓòÉΓòÉΓòÉΓòÉΓòÉΓòÉΓòÉΓòÉ
ΓòÉΓòÉΓòí EXCEPTION CAUGHT BY RENDERING LIBRARY Γò₧ΓòÉΓòÉΓòÉΓòÉΓòÉΓòÉΓòÉΓòÉΓòÉΓòÉΓòÉΓòÉΓòÉΓòÉΓòÉΓòÉΓòÉΓòÉΓòÉΓòÉΓòÉΓòÉΓòÉΓòÉΓòÉΓòÉΓòÉΓòÉΓòÉΓòÉΓòÉΓòÉΓòÉΓòÉΓòÉΓòÉΓòÉΓòÉΓòÉΓòÉΓòÉΓòÉΓòÉΓòÉΓòÉΓòÉΓòÉΓòÉΓòÉΓòÉΓòÉΓòÉΓòÉΓòÉΓòÉΓòÉΓòÉ
The following assertion was thrown during performLayout():
RenderBox was not laid out: RenderFlex#79cd5 relayoutBoundary=up30 NEEDS-PAINT
NEEDS-COMPOSITING-BITS-UPDATE
'package:flutter/src/rendering/box.dart':
Failed assertion: line 2251 pos 12: 'hasSize'

Either the assertion indicates an error in the framework itself, or we should provide substantially
more information in this error message to help you determine and fix the underlying cause.
In either case, please report this assertion by filing a bug on GitHub:
  https://github.com/flutter/flutter/issues/new?template=02_bug.yml

The relevant error-causing widget was:
  Row Row:file:///D:/SEM%204/TaskProof/lib/dashboard.dart:575:46

When the exception was thrown, this was the stack:
#2      RenderBox.size (package:flutter/src/rendering/box.dart:2251:12)
#3      ChildLayoutHelper.layoutChild (package:flutter/src/rendering/layout_helper.dart:63:18)
#4      RenderFlex._computeSizes (package:flutter/src/rendering/flex.dart:1237:28)
#5      RenderFlex.performLayout (package:flutter/src/rendering/flex.dart:1329:32)
#6      RenderObject.layout (package:flutter/src/rendering/object.dart:2768:7)
#7      RenderConstrainedBox.performLayout (package:flutter/src/rendering/proxy_box.dart:296:14)
#8      RenderObject.layout (package:flutter/src/rendering/object.dart:2768:7)
#9      ChildLayoutHelper.layoutChild (package:flutter/src/rendering/layout_helper.dart:62:11)
#10     RenderFlex._computeSizes (package:flutter/src/rendering/flex.dart:1237:28)
#11     RenderFlex.performLayout (package:flutter/src/rendering/flex.dart:1329:32)
#12     RenderObject.layout (package:flutter/src/rendering/object.dart:2768:7)
#13     RenderPadding.performLayout (package:flutter/src/rendering/shifted_box.dart:262:12)
#14     RenderObject.layout (package:flutter/src/rendering/object.dart:2768:7)
#15     RenderProxyBoxMixin.performLayout (package:flutter/src/rendering/proxy_box.dart:118:18)
#16     _RenderCustomClip.performLayout (package:flutter/src/rendering/proxy_box.dart:1549:11)
#17     RenderObject.layout (package:flutter/src/rendering/object.dart:2768:7)
#18     RenderProxyBoxMixin.performLayout (package:flutter/src/rendering/proxy_box.dart:118:18)
#19     RenderObject.layout (package:flutter/src/rendering/object.dart:2768:7)
#20     RenderConstrainedBox.performLayout (package:flutter/src/rendering/proxy_box.dart:296:14)
#21     RenderObject.layout (package:flutter/src/rendering/object.dart:2768:7)
#22     ChildLayoutHelper.layoutChild (package:flutter/src/rendering/layout_helper.dart:62:11)
#23     RenderFlex._computeSizes (package:flutter/src/rendering/flex.dart:1237:28)
#24     RenderFlex.performLayout (package:flutter/src/rendering/flex.dart:1329:32)
#25     RenderObject.layout (package:flutter/src/rendering/object.dart:2768:7)
#26     RenderConstrainedBox.performLayout (package:flutter/src/rendering/proxy_box.dart:296:14)
#27     RenderObject.layout (package:flutter/src/rendering/object.dart:2768:7)
#28     ChildLayoutHelper.layoutChild (package:flutter/src/rendering/layout_helper.dart:62:11)
#29     RenderFlex._computeSizes (package:flutter/src/rendering/flex.dart:1237:28)
#30     RenderFlex.performLayout (package:flutter/src/rendering/flex.dart:1329:32)
#31     RenderObject.layout (package:flutter/src/rendering/object.dart:2768:7)
#32     RenderPadding.performLayout (package:flutter/src/rendering/shifted_box.dart:262:12)
#33     RenderObject.layout (package:flutter/src/rendering/object.dart:2768:7)
#34     RenderConstrainedBox.performLayout (package:flutter/src/rendering/proxy_box.dart:296:14)
#35     RenderObject.layout (package:flutter/src/rendering/object.dart:2768:7)
#36     RenderConstrainedBox.performLayout (package:flutter/src/rendering/proxy_box.dart:296:14)
#37     RenderObject.layout (package:flutter/src/rendering/object.dart:2768:7)
#38     ChildLayoutHelper.layoutChild (package:flutter/src/rendering/layout_helper.dart:62:11)
#39     RenderStack._computeSize (package:flutter/src/rendering/stack.dart:645:43)
#40     RenderStack.performLayout (package:flutter/src/rendering/stack.dart:680:12)
#41     RenderObject.layout (package:flutter/src/rendering/object.dart:2768:7)
#42     RenderPadding.performLayout (package:flutter/src/rendering/shifted_box.dart:262:12)
#43     RenderObject.layout (package:flutter/src/rendering/object.dart:2768:7)
#44     RenderProxyBoxMixin.performLayout (package:flutter/src/rendering/proxy_box.dart:118:18)
#45     RenderObject.layout (package:flutter/src/rendering/object.dart:2768:7)
#46     RenderConstrainedBox.performLayout (package:flutter/src/rendering/proxy_box.dart:296:14)
#47     RenderObject.layout (package:flutter/src/rendering/object.dart:2768:7)
#48     RenderConstrainedBox.performLayout (package:flutter/src/rendering/proxy_box.dart:296:14)
#49     RenderObject.layout (package:flutter/src/rendering/object.dart:2768:7)
#50     ChildLayoutHelper.layoutChild (package:flutter/src/rendering/layout_helper.dart:62:11)
#51     RenderFlex._computeSizes (package:flutter/src/rendering/flex.dart:1237:28)
#52     RenderFlex.performLayout (package:flutter/src/rendering/flex.dart:1329:32)
#53     RenderObject.layout (package:flutter/src/rendering/object.dart:2768:7)
#54     _RenderSingleChildViewport.performLayout (package:flutter/src/widgets/single_child_scroll_view.dart:502:14)
#55     RenderObject.layout (package:flutter/src/rendering/object.dart:2768:7)
#56     RenderProxyBoxMixin.performLayout (package:flutter/src/rendering/proxy_box.dart:118:18)
#57     RenderObject.layout (package:flutter/src/rendering/object.dart:2768:7)
#58     RenderProxyBoxMixin.performLayout (package:flutter/src/rendering/proxy_box.dart:118:18)
#59     RenderObject.layout (package:flutter/src/rendering/object.dart:2768:7)
#60     RenderProxyBoxMixin.performLayout (package:flutter/src/rendering/proxy_box.dart:118:18)
#61     RenderObject.layout (package:flutter/src/rendering/object.dart:2768:7)
#62     RenderProxyBoxMixin.performLayout (package:flutter/src/rendering/proxy_box.dart:118:18)
#63     RenderObject.layout (package:flutter/src/rendering/object.dart:2768:7)
#64     RenderProxyBoxMixin.performLayout (package:flutter/src/rendering/proxy_box.dart:118:18)
#65     RenderObject.layout (package:flutter/src/rendering/object.dart:2768:7)
#66     RenderProxyBoxMixin.performLayout (package:flutter/src/rendering/proxy_box.dart:118:18)
#67     RenderObject.layout (package:flutter/src/rendering/object.dart:2768:7)
#68     RenderProxyBoxMixin.performLayout (package:flutter/src/rendering/proxy_box.dart:118:18)
#69     RenderObject.layout (package:flutter/src/rendering/object.dart:2768:7)
#70     RenderProxyBoxMixin.performLayout (package:flutter/src/rendering/proxy_box.dart:118:18)
#71     _RenderCustomClip.performLayout (package:flutter/src/rendering/proxy_box.dart:1549:11)
#72     RenderObject.layout (package:flutter/src/rendering/object.dart:2768:7)
#73     RenderPadding.performLayout (package:flutter/src/rendering/shifted_box.dart:262:12)
#74     RenderObject.layout (package:flutter/src/rendering/object.dart:2768:7)
#75     MultiChildLayoutDelegate.layoutChild (package:flutter/src/rendering/custom_layout.dart:180:12)
#76     _ScaffoldLayout.performLayout (package:flutter/src/material/scaffold.dart:1113:7)
#77     MultiChildLayoutDelegate._callPerformLayout (package:flutter/src/rendering/custom_layout.dart:246:7)
#78     RenderCustomMultiChildLayoutBox.performLayout (package:flutter/src/rendering/custom_layout.dart:417:14)
#79     RenderObject.layout (package:flutter/src/rendering/object.dart:2768:7)
#80     RenderProxyBoxMixin.performLayout (package:flutter/src/rendering/proxy_box.dart:118:18)
#81     RenderObject.layout (package:flutter/src/rendering/object.dart:2768:7)
#82     RenderProxyBoxMixin.performLayout (package:flutter/src/rendering/proxy_box.dart:118:18)
#83     _RenderCustomClip.performLayout (package:flutter/src/rendering/proxy_box.dart:1549:11)
#84     RenderObject.layout (package:flutter/src/rendering/object.dart:2768:7)
#85     RenderProxyBoxMixin.performLayout (package:flutter/src/rendering/proxy_box.dart:118:18)
#86     RenderObject.layout (package:flutter/src/rendering/object.dart:2768:7)
#87     RenderProxyBoxMixin.performLayout (package:flutter/src/rendering/proxy_box.dart:118:18)
#88     RenderObject.layout (package:flutter/src/rendering/object.dart:2768:7)
#89     RenderProxyBoxMixin.performLayout (package:flutter/src/rendering/proxy_box.dart:118:18)
#90     RenderObject.layout (package:flutter/src/rendering/object.dart:2768:7)
#91     RenderProxyBoxMixin.performLayout (package:flutter/src/rendering/proxy_box.dart:118:18)
#92     RenderObject.layout (package:flutter/src/rendering/object.dart:2768:7)
#93     RenderProxyBoxMixin.performLayout (package:flutter/src/rendering/proxy_box.dart:118:18)
#94     RenderObject.layout (package:flutter/src/rendering/object.dart:2768:7)
#95     RenderProxyBoxMixin.performLayout (package:flutter/src/rendering/proxy_box.dart:118:18)
#96     RenderObject.layout (package:flutter/src/rendering/object.dart:2768:7)
#97     RenderProxyBoxMixin.performLayout (package:flutter/src/rendering/proxy_box.dart:118:18)
#98     RenderObject.layout (package:flutter/src/rendering/object.dart:2768:7)
#99     RenderProxyBoxMixin.performLayout (package:flutter/src/rendering/proxy_box.dart:118:18)
#100    RenderObject.layout (package:flutter/src/rendering/object.dart:2768:7)
#101    RenderProxyBoxMixin.performLayout (package:flutter/src/rendering/proxy_box.dart:118:18)
#102    RenderObject.layout (package:flutter/src/rendering/object.dart:2768:7)
#103    RenderProxyBoxMixin.performLayout (package:flutter/src/rendering/proxy_box.dart:118:18)
#104    RenderObject.layout (package:flutter/src/rendering/object.dart:2768:7)
#105    RenderProxyBoxMixin.performLayout (package:flutter/src/rendering/proxy_box.dart:118:18)
#106    RenderObject.layout (package:flutter/src/rendering/object.dart:2768:7)
#107    RenderProxyBoxMixin.performLayout (package:flutter/src/rendering/proxy_box.dart:118:18)
#108    RenderObject.layout (package:flutter/src/rendering/object.dart:2768:7)
#109    RenderProxyBoxMixin.performLayout (package:flutter/src/rendering/proxy_box.dart:118:18)
#110    RenderObject.layout (package:flutter/src/rendering/object.dart:2768:7)
#111    RenderProxyBoxMixin.performLayout (package:flutter/src/rendering/proxy_box.dart:118:18)
#112    RenderObject.layout (package:flutter/src/rendering/object.dart:2768:7)
#113    RenderProxyBoxMixin.performLayout (package:flutter/src/rendering/proxy_box.dart:118:18)
#114    RenderObject.layout (package:flutter/src/rendering/object.dart:2768:7)
#115    RenderProxyBoxMixin.performLayout (package:flutter/src/rendering/proxy_box.dart:118:18)
#116    RenderOffstage.performLayout (package:flutter/src/rendering/proxy_box.dart:3923:13)
#117    RenderObject.layout (package:flutter/src/rendering/object.dart:2768:7)
#118    RenderProxyBoxMixin.performLayout (package:flutter/src/rendering/proxy_box.dart:118:18)
#119    RenderObject.layout (package:flutter/src/rendering/object.dart:2768:7)
#120    _RenderTheaterMixin.layoutChild (package:flutter/src/widgets/overlay.dart:1084:13)
#121    _RenderTheater.performLayout (package:flutter/src/widgets/overlay.dart:1429:9)
#122    RenderObject.layout (package:flutter/src/rendering/object.dart:2768:7)
#123    RenderProxyBoxMixin.performLayout (package:flutter/src/rendering/proxy_box.dart:118:18)
#124    RenderObject.layout (package:flutter/src/rendering/object.dart:2768:7)
#125    RenderProxyBoxMixin.performLayout (package:flutter/src/rendering/proxy_box.dart:118:18)
#126    RenderObject.layout (package:flutter/src/rendering/object.dart:2768:7)
#127    RenderProxyBoxMixin.performLayout (package:flutter/src/rendering/proxy_box.dart:118:18)
#128    RenderObject.layout (package:flutter/src/rendering/object.dart:2768:7)
#129    RenderProxyBoxMixin.performLayout (package:flutter/src/rendering/proxy_box.dart:118:18)
#130    RenderCustomPaint.performLayout (package:flutter/src/rendering/custom_paint.dart:574:11)
#131    RenderObject.layout (package:flutter/src/rendering/object.dart:2768:7)
#132    RenderProxyBoxMixin.performLayout (package:flutter/src/rendering/proxy_box.dart:118:18)
#133    RenderObject.layout (package:flutter/src/rendering/object.dart:2768:7)
#134    RenderProxyBoxMixin.performLayout (package:flutter/src/rendering/proxy_box.dart:118:18)
#135    RenderObject.layout (package:flutter/src/rendering/object.dart:2768:7)
#136    RenderProxyBoxMixin.performLayout (package:flutter/src/rendering/proxy_box.dart:118:18)
#137    RenderObject.layout (package:flutter/src/rendering/object.dart:2768:7)
#138    RenderProxyBoxMixin.performLayout (package:flutter/src/rendering/proxy_box.dart:118:18)
#139    RenderObject.layout (package:flutter/src/rendering/object.dart:2768:7)
#140    RenderProxyBoxMixin.performLayout (package:flutter/src/rendering/proxy_box.dart:118:18)
#141    RenderObject.layout (package:flutter/src/rendering/object.dart:2768:7)
#142    RenderProxyBoxMixin.performLayout (package:flutter/src/rendering/proxy_box.dart:118:18)
#143    RenderObject.layout (package:flutter/src/rendering/object.dart:2768:7)
#144    RenderView.performLayout (package:flutter/src/rendering/view.dart:292:12)
#145    RenderObject._layoutWithoutResize (package:flutter/src/rendering/object.dart:2616:7)
#146    PipelineOwner.flushLayout (package:flutter/src/rendering/object.dart:1174:18)
#147    PipelineOwner.flushLayout (package:flutter/src/rendering/object.dart:1187:15)
#148    AutomatedTestWidgetsFlutterBinding.drawFrame (package:flutter_test/src/binding.dart:2133:27)
#149    RendererBinding._handlePersistentFrameCallback (package:flutter/src/rendering/binding.dart:495:5)
#150    SchedulerBinding._invokeFrameCallback (package:flutter/src/scheduler/binding.dart:1430:15)
#151    SchedulerBinding.handleDrawFrame (package:flutter/src/scheduler/binding.dart:1345:9)
#152    AutomatedTestWidgetsFlutterBinding.pump.<anonymous closure> (package:flutter_test/src/binding.dart:1960:9)
#155    TestAsyncUtils.guard (package:flutter_test/src/test_async_utils.dart:74:41)
#156    AutomatedTestWidgetsFlutterBinding.pump (package:flutter_test/src/binding.dart:1949:27)
#157    WidgetTester.pumpWidget.<anonymous closure> (package:flutter_test/src/widget_tester.dart:598:22)
#160    TestAsyncUtils.guard (package:flutter_test/src/test_async_utils.dart:74:41)
#161    WidgetTester.pumpWidget (package:flutter_test/src/widget_tester.dart:595:27)
#162    main.<anonymous closure> (file:///D:/SEM%204/TaskProof/test/layout_test.dart:8:18)
#163    testWidgets.<anonymous closure>.<anonymous closure> (package:flutter_test/src/widget_tester.dart:192:29)
<asynchronous suspension>
#164    TestWidgetsFlutterBinding._runTestBody (package:flutter_test/src/binding.dart:1682:5)
<asynchronous suspension>
<asynchronous suspension>
(elided 7 frames from class _AssertionError, dart:async, and package:stack_trace)

The following RenderObject was being processed when the exception was fired: RenderFlex#adc81 relayoutBoundary=up29 NEEDS-LAYOUT NEEDS-PAINT NEEDS-COMPOSITING-BITS-UPDATE:
  creator: Row ΓåÉ ConstrainedBox ΓåÉ Container ΓåÉ Column ΓåÉ Padding ΓåÉ ClipPath ΓåÉ DecoratedBox ΓåÉ
    ConstrainedBox ΓåÉ Container ΓåÉ Column ΓåÉ ConstrainedBox ΓåÉ Container ΓåÉ Γï»
  parentData: <none> (can use size)
  constraints: BoxConstraints(w=310.0, 0.0<=h<=Infinity)
  size: MISSING
  direction: horizontal
  mainAxisAlignment: spaceBetween
  mainAxisSize: min
  crossAxisAlignment: start
  textDirection: ltr
  verticalDirection: down
  spacing: 40.1
This RenderObject had the following descendants (showing up to depth 5):
    child 1: RenderFlex#79cd5 relayoutBoundary=up30 NEEDS-PAINT NEEDS-COMPOSITING-BITS-UPDATE
      child 1: RenderConstrainedBox#d5fa8 relayoutBoundary=up31 NEEDS-PAINT NEEDS-COMPOSITING-BITS-UPDATE
        child: RenderDecoratedBox#5e170 NEEDS-PAINT NEEDS-COMPOSITING-BITS-UPDATE
          child: RenderPadding#12342 NEEDS-PAINT NEEDS-COMPOSITING-BITS-UPDATE
            child: RenderFlex#84ca1 NEEDS-PAINT NEEDS-COMPOSITING-BITS-UPDATE
      child 2: RenderFlex#62246 relayoutBoundary=up31 NEEDS-PAINT NEEDS-COMPOSITING-BITS-UPDATE
        child 1: RenderConstrainedBox#35854 relayoutBoundary=up32 NEEDS-PAINT NEEDS-COMPOSITING-BITS-UPDATE
          child: RenderFlex#970de NEEDS-LAYOUT NEEDS-PAINT NEEDS-COMPOSITING-BITS-UPDATE
            child 1: RenderParagraph#44698 NEEDS-LAYOUT NEEDS-PAINT
        child 2: RenderConstrainedBox#5fe20 NEEDS-LAYOUT NEEDS-PAINT NEEDS-COMPOSITING-BITS-UPDATE
          child: RenderFlex#2aa20 NEEDS-LAYOUT NEEDS-PAINT NEEDS-COMPOSITING-BITS-UPDATE
            child 1: RenderParagraph#64968 NEEDS-LAYOUT NEEDS-PAINT
    child 2: RenderDecoratedBox#89866 NEEDS-LAYOUT NEEDS-PAINT NEEDS-COMPOSITING-BITS-UPDATE
      child: RenderPadding#d5fe6 NEEDS-LAYOUT NEEDS-PAINT NEEDS-COMPOSITING-BITS-UPDATE
        child: RenderFlex#db76b NEEDS-LAYOUT NEEDS-PAINT NEEDS-COMPOSITING-BITS-UPDATE
          child 1: RenderParagraph#f7e2f NEEDS-LAYOUT NEEDS-PAINT
            text: TextSpan
ΓòÉΓòÉΓòÉΓòÉΓòÉΓòÉΓòÉΓòÉΓòÉΓòÉΓòÉΓòÉΓòÉΓòÉΓòÉΓòÉΓòÉΓòÉΓòÉΓòÉΓòÉΓòÉΓòÉΓòÉΓòÉΓòÉΓòÉΓòÉΓòÉΓòÉΓòÉΓòÉΓòÉΓòÉΓòÉΓòÉΓòÉΓòÉΓòÉΓòÉΓòÉΓòÉΓòÉΓòÉΓòÉΓòÉΓòÉΓòÉΓòÉΓòÉΓòÉΓòÉΓòÉΓòÉΓòÉΓòÉΓòÉΓòÉΓòÉΓòÉΓòÉΓòÉΓòÉΓòÉΓòÉΓòÉΓòÉΓòÉΓòÉΓòÉΓòÉΓòÉΓòÉΓòÉΓòÉΓòÉΓòÉΓòÉΓòÉΓòÉΓòÉΓòÉΓòÉΓòÉΓòÉΓòÉΓòÉΓòÉΓòÉΓòÉΓòÉΓòÉΓòÉΓòÉΓòÉΓòÉΓòÉΓòÉΓòÉΓòÉ
ΓòÉΓòÉΓòí EXCEPTION CAUGHT BY RENDERING LIBRARY Γò₧ΓòÉΓòÉΓòÉΓòÉΓòÉΓòÉΓòÉΓòÉΓòÉΓòÉΓòÉΓòÉΓòÉΓòÉΓòÉΓòÉΓòÉΓòÉΓòÉΓòÉΓòÉΓòÉΓòÉΓòÉΓòÉΓòÉΓòÉΓòÉΓòÉΓòÉΓòÉΓòÉΓòÉΓòÉΓòÉΓòÉΓòÉΓòÉΓòÉΓòÉΓòÉΓòÉΓòÉΓòÉΓòÉΓòÉΓòÉΓòÉΓòÉΓòÉΓòÉΓòÉΓòÉΓòÉΓòÉΓòÉΓòÉ
The following assertion was thrown during performLayout():
RenderBox was not laid out: RenderFlex#adc81 relayoutBoundary=up29 NEEDS-PAINT
NEEDS-COMPOSITING-BITS-UPDATE
'package:flutter/src/rendering/box.dart':
Failed assertion: line 2251 pos 12: 'hasSize'

Either the assertion indicates an error in the framework itself, or we should provide substantially
more information in this error message to help you determine and fix the underlying cause.
In either case, please report this assertion by filing a bug on GitHub:
  https://github.com/flutter/flutter/issues/new?template=02_bug.yml

The relevant error-causing widget was:
  Container Container:file:///D:/SEM%204/TaskProof/lib/dashboard.dart:573:37

When the exception was thrown, this was the stack:
#2      RenderBox.size (package:flutter/src/rendering/box.dart:2251:12)
#3      RenderConstrainedBox.performLayout (package:flutter/src/rendering/proxy_box.dart:297:21)
#4      RenderObject.layout (package:flutter/src/rendering/object.dart:2768:7)
#5      ChildLayoutHelper.layoutChild (package:flutter/src/rendering/layout_helper.dart:62:11)
#6      RenderFlex._computeSizes (package:flutter/src/rendering/flex.dart:1237:28)
#7      RenderFlex.performLayout (package:flutter/src/rendering/flex.dart:1329:32)
#8      RenderObject.layout (package:flutter/src/rendering/object.dart:2768:7)
#9      RenderPadding.performLayout (package:flutter/src/rendering/shifted_box.dart:262:12)
#10     RenderObject.layout (package:flutter/src/rendering/object.dart:2768:7)
#11     RenderProxyBoxMixin.performLayout (package:flutter/src/rendering/proxy_box.dart:118:18)
#12     _RenderCustomClip.performLayout (package:flutter/src/rendering/proxy_box.dart:1549:11)
#13     RenderObject.layout (package:flutter/src/rendering/object.dart:2768:7)
#14     RenderProxyBoxMixin.performLayout (package:flutter/src/rendering/proxy_box.dart:118:18)
#15     RenderObject.layout (package:flutter/src/rendering/object.dart:2768:7)
#16     RenderConstrainedBox.performLayout (package:flutter/src/rendering/proxy_box.dart:296:14)
#17     RenderObject.layout (package:flutter/src/rendering/object.dart:2768:7)
#18     ChildLayoutHelper.layoutChild (package:flutter/src/rendering/layout_helper.dart:62:11)
#19     RenderFlex._computeSizes (package:flutter/src/rendering/flex.dart:1237:28)
#20     RenderFlex.performLayout (package:flutter/src/rendering/flex.dart:1329:32)
#21     RenderObject.layout (package:flutter/src/rendering/object.dart:2768:7)
#22     RenderConstrainedBox.performLayout (package:flutter/src/rendering/proxy_box.dart:296:14)
#23     RenderObject.layout (package:flutter/src/rendering/object.dart:2768:7)
#24     ChildLayoutHelper.layoutChild (package:flutter/src/rendering/layout_helper.dart:62:11)
#25     RenderFlex._computeSizes (package:flutter/src/rendering/flex.dart:1237:28)
#26     RenderFlex.performLayout (package:flutter/src/rendering/flex.dart:1329:32)
#27     RenderObject.layout (package:flutter/src/rendering/object.dart:2768:7)
#28     RenderPadding.performLayout (package:flutter/src/rendering/shifted_box.dart:262:12)
#29     RenderObject.layout (package:flutter/src/rendering/object.dart:2768:7)
#30     RenderConstrainedBox.performLayout (package:flutter/src/rendering/proxy_box.dart:296:14)
#31     RenderObject.layout (package:flutter/src/rendering/object.dart:2768:7)
#32     RenderConstrainedBox.performLayout (package:flutter/src/rendering/proxy_box.dart:296:14)
#33     RenderObject.layout (package:flutter/src/rendering/object.dart:2768:7)
#34     ChildLayoutHelper.layoutChild (package:flutter/src/rendering/layout_helper.dart:62:11)
#35     RenderStack._computeSize (package:flutter/src/rendering/stack.dart:645:43)
#36     RenderStack.performLayout (package:flutter/src/rendering/stack.dart:680:12)
#37     RenderObject.layout (package:flutter/src/rendering/object.dart:2768:7)
#38     RenderPadding.performLayout (package:flutter/src/rendering/shifted_box.dart:262:12)
#39     RenderObject.layout (package:flutter/src/rendering/object.dart:2768:7)
#40     RenderProxyBoxMixin.performLayout (package:flutter/src/rendering/proxy_box.dart:118:18)
#41     RenderObject.layout (package:flutter/src/rendering/object.dart:2768:7)
#42     RenderConstrainedBox.performLayout (package:flutter/src/rendering/proxy_box.dart:296:14)
#43     RenderObject.layout (package:flutter/src/rendering/object.dart:2768:7)
#44     RenderConstrainedBox.performLayout (package:flutter/src/rendering/proxy_box.dart:296:14)
#45     RenderObject.layout (package:flutter/src/rendering/object.dart:2768:7)
#46     ChildLayoutHelper.layoutChild (package:flutter/src/rendering/layout_helper.dart:62:11)
#47     RenderFlex._computeSizes (package:flutter/src/rendering/flex.dart:1237:28)
#48     RenderFlex.performLayout (package:flutter/src/rendering/flex.dart:1329:32)
#49     RenderObject.layout (package:flutter/src/rendering/object.dart:2768:7)
#50     _RenderSingleChildViewport.performLayout (package:flutter/src/widgets/single_child_scroll_view.dart:502:14)
#51     RenderObject.layout (package:flutter/src/rendering/object.dart:2768:7)
#52     RenderProxyBoxMixin.performLayout (package:flutter/src/rendering/proxy_box.dart:118:18)
#53     RenderObject.layout (package:flutter/src/rendering/object.dart:2768:7)
#54     RenderProxyBoxMixin.performLayout (package:flutter/src/rendering/proxy_box.dart:118:18)
#55     RenderObject.layout (package:flutter/src/rendering/object.dart:2768:7)
#56     RenderProxyBoxMixin.performLayout (package:flutter/src/rendering/proxy_box.dart:118:18)
#57     RenderObject.layout (package:flutter/src/rendering/object.dart:2768:7)
#58     RenderProxyBoxMixin.performLayout (package:flutter/src/rendering/proxy_box.dart:118:18)
#59     RenderObject.layout (package:flutter/src/rendering/object.dart:2768:7)
#60     RenderProxyBoxMixin.performLayout (package:flutter/src/rendering/proxy_box.dart:118:18)
#61     RenderObject.layout (package:flutter/src/rendering/object.dart:2768:7)
#62     RenderProxyBoxMixin.performLayout (package:flutter/src/rendering/proxy_box.dart:118:18)
#63     RenderObject.layout (package:flutter/src/rendering/object.dart:2768:7)
#64     RenderProxyBoxMixin.performLayout (package:flutter/src/rendering/proxy_box.dart:118:18)
#65     RenderObject.layout (package:flutter/src/rendering/object.dart:2768:7)
#66     RenderProxyBoxMixin.performLayout (package:flutter/src/rendering/proxy_box.dart:118:18)
#67     _RenderCustomClip.performLayout (package:flutter/src/rendering/proxy_box.dart:1549:11)
#68     RenderObject.layout (package:flutter/src/rendering/object.dart:2768:7)
#69     RenderPadding.performLayout (package:flutter/src/rendering/shifted_box.dart:262:12)
#70     RenderObject.layout (package:flutter/src/rendering/object.dart:2768:7)
#71     MultiChildLayoutDelegate.layoutChild (package:flutter/src/rendering/custom_layout.dart:180:12)
#72     _ScaffoldLayout.performLayout (package:flutter/src/material/scaffold.dart:1113:7)
#73     MultiChildLayoutDelegate._callPerformLayout (package:flutter/src/rendering/custom_layout.dart:246:7)
#74     RenderCustomMultiChildLayoutBox.performLayout (package:flutter/src/rendering/custom_layout.dart:417:14)
#75     RenderObject.layout (package:flutter/src/rendering/object.dart:2768:7)
#76     RenderProxyBoxMixin.performLayout (package:flutter/src/rendering/proxy_box.dart:118:18)
#77     RenderObject.layout (package:flutter/src/rendering/object.dart:2768:7)
#78     RenderProxyBoxMixin.performLayout (package:flutter/src/rendering/proxy_box.dart:118:18)
#79     _RenderCustomClip.performLayout (package:flutter/src/rendering/proxy_box.dart:1549:11)
#80     RenderObject.layout (package:flutter/src/rendering/object.dart:2768:7)
#81     RenderProxyBoxMixin.performLayout (package:flutter/src/rendering/proxy_box.dart:118:18)
#82     RenderObject.layout (package:flutter/src/rendering/object.dart:2768:7)
#83     RenderProxyBoxMixin.performLayout (package:flutter/src/rendering/proxy_box.dart:118:18)
#84     RenderObject.layout (package:flutter/src/rendering/object.dart:2768:7)
#85     RenderProxyBoxMixin.performLayout (package:flutter/src/rendering/proxy_box.dart:118:18)
#86     RenderObject.layout (package:flutter/src/rendering/object.dart:2768:7)
#87     RenderProxyBoxMixin.performLayout (package:flutter/src/rendering/proxy_box.dart:118:18)
#88     RenderObject.layout (package:flutter/src/rendering/object.dart:2768:7)
#89     RenderProxyBoxMixin.performLayout (package:flutter/src/rendering/proxy_box.dart:118:18)
#90     RenderObject.layout (package:flutter/src/rendering/object.dart:2768:7)
#91     RenderProxyBoxMixin.performLayout (package:flutter/src/rendering/proxy_box.dart:118:18)
#92     RenderObject.layout (package:flutter/src/rendering/object.dart:2768:7)
#93     RenderProxyBoxMixin.performLayout (package:flutter/src/rendering/proxy_box.dart:118:18)
#94     RenderObject.layout (package:flutter/src/rendering/object.dart:2768:7)
#95     RenderProxyBoxMixin.performLayout (package:flutter/src/rendering/proxy_box.dart:118:18)
#96     RenderObject.layout (package:flutter/src/rendering/object.dart:2768:7)
#97     RenderProxyBoxMixin.performLayout (package:flutter/src/rendering/proxy_box.dart:118:18)
#98     RenderObject.layout (package:flutter/src/rendering/object.dart:2768:7)
#99     RenderProxyBoxMixin.performLayout (package:flutter/src/rendering/proxy_box.dart:118:18)
#100    RenderObject.layout (package:flutter/src/rendering/object.dart:2768:7)
#101    RenderProxyBoxMixin.performLayout (package:flutter/src/rendering/proxy_box.dart:118:18)
#102    RenderObject.layout (package:flutter/src/rendering/object.dart:2768:7)
#103    RenderProxyBoxMixin.performLayout (package:flutter/src/rendering/proxy_box.dart:118:18)
#104    RenderObject.layout (package:flutter/src/rendering/object.dart:2768:7)
#105    RenderProxyBoxMixin.performLayout (package:flutter/src/rendering/proxy_box.dart:118:18)
#106    RenderObject.layout (package:flutter/src/rendering/object.dart:2768:7)
#107    RenderProxyBoxMixin.performLayout (package:flutter/src/rendering/proxy_box.dart:118:18)
#108    RenderObject.layout (package:flutter/src/rendering/object.dart:2768:7)
#109    RenderProxyBoxMixin.performLayout (package:flutter/src/rendering/proxy_box.dart:118:18)
#110    RenderObject.layout (package:flutter/src/rendering/object.dart:2768:7)
#111    RenderProxyBoxMixin.performLayout (package:flutter/src/rendering/proxy_box.dart:118:18)
#112    RenderOffstage.performLayout (package:flutter/src/rendering/proxy_box.dart:3923:13)
#113    RenderObject.layout (package:flutter/src/rendering/object.dart:2768:7)
#114    RenderProxyBoxMixin.performLayout (package:flutter/src/rendering/proxy_box.dart:118:18)
#115    RenderObject.layout (package:flutter/src/rendering/object.dart:2768:7)
#116    _RenderTheaterMixin.layoutChild (package:flutter/src/widgets/overlay.dart:1084:13)
#117    _RenderTheater.performLayout (package:flutter/src/widgets/overlay.dart:1429:9)
#118    RenderObject.layout (package:flutter/src/rendering/object.dart:2768:7)
#119    RenderProxyBoxMixin.performLayout (package:flutter/src/rendering/proxy_box.dart:118:18)
#120    RenderObject.layout (package:flutter/src/rendering/object.dart:2768:7)
#121    RenderProxyBoxMixin.performLayout (package:flutter/src/rendering/proxy_box.dart:118:18)
#122    RenderObject.layout (package:flutter/src/rendering/object.dart:2768:7)
#123    RenderProxyBoxMixin.performLayout (package:flutter/src/rendering/proxy_box.dart:118:18)
#124    RenderObject.layout (package:flutter/src/rendering/object.dart:2768:7)
#125    RenderProxyBoxMixin.performLayout (package:flutter/src/rendering/proxy_box.dart:118:18)
#126    RenderCustomPaint.performLayout (package:flutter/src/rendering/custom_paint.dart:574:11)
#127    RenderObject.layout (package:flutter/src/rendering/object.dart:2768:7)
#128    RenderProxyBoxMixin.performLayout (package:flutter/src/rendering/proxy_box.dart:118:18)
#129    RenderObject.layout (package:flutter/src/rendering/object.dart:2768:7)
#130    RenderProxyBoxMixin.performLayout (package:flutter/src/rendering/proxy_box.dart:118:18)
#131    RenderObject.layout (package:flutter/src/rendering/object.dart:2768:7)
#132    RenderProxyBoxMixin.performLayout (package:flutter/src/rendering/proxy_box.dart:118:18)
#133    RenderObject.layout (package:flutter/src/rendering/object.dart:2768:7)
#134    RenderProxyBoxMixin.performLayout (package:flutter/src/rendering/proxy_box.dart:118:18)
#135    RenderObject.layout (package:flutter/src/rendering/object.dart:2768:7)
#136    RenderProxyBoxMixin.performLayout (package:flutter/src/rendering/proxy_box.dart:118:18)
#137    RenderObject.layout (package:flutter/src/rendering/object.dart:2768:7)
#138    RenderProxyBoxMixin.performLayout (package:flutter/src/rendering/proxy_box.dart:118:18)
#139    RenderObject.layout (package:flutter/src/rendering/object.dart:2768:7)
#140    RenderView.performLayout (package:flutter/src/rendering/view.dart:292:12)
#141    RenderObject._layoutWithoutResize (package:flutter/src/rendering/object.dart:2616:7)
#142    PipelineOwner.flushLayout (package:flutter/src/rendering/object.dart:1174:18)
#143    PipelineOwner.flushLayout (package:flutter/src/rendering/object.dart:1187:15)
#144    AutomatedTestWidgetsFlutterBinding.drawFrame (package:flutter_test/src/binding.dart:2133:27)
#145    RendererBinding._handlePersistentFrameCallback (package:flutter/src/rendering/binding.dart:495:5)
#146    SchedulerBinding._invokeFrameCallback (package:flutter/src/scheduler/binding.dart:1430:15)
#147    SchedulerBinding.handleDrawFrame (package:flutter/src/scheduler/binding.dart:1345:9)
#148    AutomatedTestWidgetsFlutterBinding.pump.<anonymous closure> (package:flutter_test/src/binding.dart:1960:9)
#151    TestAsyncUtils.guard (package:flutter_test/src/test_async_utils.dart:74:41)
#152    AutomatedTestWidgetsFlutterBinding.pump (package:flutter_test/src/binding.dart:1949:27)
#153    WidgetTester.pumpWidget.<anonymous closure> (package:flutter_test/src/widget_tester.dart:598:22)
#156    TestAsyncUtils.guard (package:flutter_test/src/test_async_utils.dart:74:41)
#157    WidgetTester.pumpWidget (package:flutter_test/src/widget_tester.dart:595:27)
#158    main.<anonymous closure> (file:///D:/SEM%204/TaskProof/test/layout_test.dart:8:18)
#159    testWidgets.<anonymous closure>.<anonymous closure> (package:flutter_test/src/widget_tester.dart:192:29)
<asynchronous suspension>
#160    TestWidgetsFlutterBinding._runTestBody (package:flutter_test/src/binding.dart:1682:5)
<asynchronous suspension>
<asynchronous suspension>
(elided 7 frames from class _AssertionError, dart:async, and package:stack_trace)

The following RenderObject was being processed when the exception was fired: RenderConstrainedBox#5db34 relayoutBoundary=up28 NEEDS-LAYOUT NEEDS-PAINT NEEDS-COMPOSITING-BITS-UPDATE:
  creator: ConstrainedBox ΓåÉ Container ΓåÉ Column ΓåÉ Padding ΓåÉ ClipPath ΓåÉ DecoratedBox ΓåÉ ConstrainedBox ΓåÉ
    Container ΓåÉ Column ΓåÉ ConstrainedBox ΓåÉ Container ΓåÉ Column ΓåÉ Γï»
  parentData: offset=Offset(0.0, 0.0); flex=null; fit=null (can use size)
  constraints: BoxConstraints(0.0<=w<=310.0, 0.0<=h<=Infinity)
  size: MISSING
  additionalConstraints: BoxConstraints(w=Infinity, 0.0<=h<=Infinity)
This RenderObject had the following descendants (showing up to depth 5):
    child: RenderFlex#adc81 relayoutBoundary=up29 NEEDS-PAINT NEEDS-COMPOSITING-BITS-UPDATE
      child 1: RenderFlex#79cd5 relayoutBoundary=up30 NEEDS-PAINT NEEDS-COMPOSITING-BITS-UPDATE
        child 1: RenderConstrainedBox#d5fa8 relayoutBoundary=up31 NEEDS-PAINT NEEDS-COMPOSITING-BITS-UPDATE
          child: RenderDecoratedBox#5e170 NEEDS-PAINT NEEDS-COMPOSITING-BITS-UPDATE
            child: RenderPadding#12342 NEEDS-PAINT NEEDS-COMPOSITING-BITS-UPDATE
        child 2: RenderFlex#62246 relayoutBoundary=up31 NEEDS-PAINT NEEDS-COMPOSITING-BITS-UPDATE
          child 1: RenderConstrainedBox#35854 relayoutBoundary=up32 NEEDS-PAINT NEEDS-COMPOSITING-BITS-UPDATE
            child: RenderFlex#970de NEEDS-LAYOUT NEEDS-PAINT NEEDS-COMPOSITING-BITS-UPDATE
          child 2: RenderConstrainedBox#5fe20 NEEDS-LAYOUT NEEDS-PAINT NEEDS-COMPOSITING-BITS-UPDATE
            child: RenderFlex#2aa20 NEEDS-LAYOUT NEEDS-PAINT NEEDS-COMPOSITING-BITS-UPDATE
      child 2: RenderDecoratedBox#89866 NEEDS-LAYOUT NEEDS-PAINT NEEDS-COMPOSITING-BITS-UPDATE
        child: RenderPadding#d5fe6 NEEDS-LAYOUT NEEDS-PAINT NEEDS-COMPOSITING-BITS-UPDATE
          child: RenderFlex#db76b NEEDS-LAYOUT NEEDS-PAINT NEEDS-COMPOSITING-BITS-UPDATE
            child 1: RenderParagraph#f7e2f NEEDS-LAYOUT NEEDS-PAINT
ΓòÉΓòÉΓòÉΓòÉΓòÉΓòÉΓòÉΓòÉΓòÉΓòÉΓòÉΓòÉΓòÉΓòÉΓòÉΓòÉΓòÉΓòÉΓòÉΓòÉΓòÉΓòÉΓòÉΓòÉΓòÉΓòÉΓòÉΓòÉΓòÉΓòÉΓòÉΓòÉΓòÉΓòÉΓòÉΓòÉΓòÉΓòÉΓòÉΓòÉΓòÉΓòÉΓòÉΓòÉΓòÉΓòÉΓòÉΓòÉΓòÉΓòÉΓòÉΓòÉΓòÉΓòÉΓòÉΓòÉΓòÉΓòÉΓòÉΓòÉΓòÉΓòÉΓòÉΓòÉΓòÉΓòÉΓòÉΓòÉΓòÉΓòÉΓòÉΓòÉΓòÉΓòÉΓòÉΓòÉΓòÉΓòÉΓòÉΓòÉΓòÉΓòÉΓòÉΓòÉΓòÉΓòÉΓòÉΓòÉΓòÉΓòÉΓòÉΓòÉΓòÉΓòÉΓòÉΓòÉΓòÉΓòÉΓòÉΓòÉ
ΓòÉΓòÉΓòí EXCEPTION CAUGHT BY RENDERING LIBRARY Γò₧ΓòÉΓòÉΓòÉΓòÉΓòÉΓòÉΓòÉΓòÉΓòÉΓòÉΓòÉΓòÉΓòÉΓòÉΓòÉΓòÉΓòÉΓòÉΓòÉΓòÉΓòÉΓòÉΓòÉΓòÉΓòÉΓòÉΓòÉΓòÉΓòÉΓòÉΓòÉΓòÉΓòÉΓòÉΓòÉΓòÉΓòÉΓòÉΓòÉΓòÉΓòÉΓòÉΓòÉΓòÉΓòÉΓòÉΓòÉΓòÉΓòÉΓòÉΓòÉΓòÉΓòÉΓòÉΓòÉΓòÉΓòÉ
The following assertion was thrown during performLayout():
RenderBox was not laid out: RenderConstrainedBox#5db34 relayoutBoundary=up28 NEEDS-PAINT
NEEDS-COMPOSITING-BITS-UPDATE
'package:flutter/src/rendering/box.dart':
Failed assertion: line 2251 pos 12: 'hasSize'

Either the assertion indicates an error in the framework itself, or we should provide substantially
more information in this error message to help you determine and fix the underlying cause.
In either case, please report this assertion by filing a bug on GitHub:
  https://github.com/flutter/flutter/issues/new?template=02_bug.yml

The relevant error-causing widget was:
  Column Column:file:///D:/SEM%204/TaskProof/lib/dashboard.dart:567:40

When the exception was thrown, this was the stack:
#2      RenderBox.size (package:flutter/src/rendering/box.dart:2251:12)
#3      ChildLayoutHelper.layoutChild (package:flutter/src/rendering/layout_helper.dart:63:18)
#4      RenderFlex._computeSizes (package:flutter/src/rendering/flex.dart:1237:28)
#5      RenderFlex.performLayout (package:flutter/src/rendering/flex.dart:1329:32)
#6      RenderObject.layout (package:flutter/src/rendering/object.dart:2768:7)
#7      RenderPadding.performLayout (package:flutter/src/rendering/shifted_box.dart:262:12)
#8      RenderObject.layout (package:flutter/src/rendering/object.dart:2768:7)
#9      RenderProxyBoxMixin.performLayout (package:flutter/src/rendering/proxy_box.dart:118:18)
#10     _RenderCustomClip.performLayout (package:flutter/src/rendering/proxy_box.dart:1549:11)
#11     RenderObject.layout (package:flutter/src/rendering/object.dart:2768:7)
#12     RenderProxyBoxMixin.performLayout (package:flutter/src/rendering/proxy_box.dart:118:18)
#13     RenderObject.layout (package:flutter/src/rendering/object.dart:2768:7)
#14     RenderConstrainedBox.performLayout (package:flutter/src/rendering/proxy_box.dart:296:14)
#15     RenderObject.layout (package:flutter/src/rendering/object.dart:2768:7)
#16     ChildLayoutHelper.layoutChild (package:flutter/src/rendering/layout_helper.dart:62:11)
#17     RenderFlex._computeSizes (package:flutter/src/rendering/flex.dart:1237:28)
#18     RenderFlex.performLayout (package:flutter/src/rendering/flex.dart:1329:32)
#19     RenderObject.layout (package:flutter/src/rendering/object.dart:2768:7)
#20     RenderConstrainedBox.performLayout (package:flutter/src/rendering/proxy_box.dart:296:14)
#21     RenderObject.layout (package:flutter/src/rendering/object.dart:2768:7)
#22     ChildLayoutHelper.layoutChild (package:flutter/src/rendering/layout_helper.dart:62:11)
#23     RenderFlex._computeSizes (package:flutter/src/rendering/flex.dart:1237:28)
#24     RenderFlex.performLayout (package:flutter/src/rendering/flex.dart:1329:32)
#25     RenderObject.layout (package:flutter/src/rendering/object.dart:2768:7)
#26     RenderPadding.performLayout (package:flutter/src/rendering/shifted_box.dart:262:12)
#27     RenderObject.layout (package:flutter/src/rendering/object.dart:2768:7)
#28     RenderConstrainedBox.performLayout (package:flutter/src/rendering/proxy_box.dart:296:14)
#29     RenderObject.layout (package:flutter/src/rendering/object.dart:2768:7)
#30     RenderConstrainedBox.performLayout (package:flutter/src/rendering/proxy_box.dart:296:14)
#31     RenderObject.layout (package:flutter/src/rendering/object.dart:2768:7)
#32     ChildLayoutHelper.layoutChild (package:flutter/src/rendering/layout_helper.dart:62:11)
#33     RenderStack._computeSize (package:flutter/src/rendering/stack.dart:645:43)
#34     RenderStack.performLayout (package:flutter/src/rendering/stack.dart:680:12)
#35     RenderObject.layout (package:flutter/src/rendering/object.dart:2768:7)
#36     RenderPadding.performLayout (package:flutter/src/rendering/shifted_box.dart:262:12)
#37     RenderObject.layout (package:flutter/src/rendering/object.dart:2768:7)
#38     RenderProxyBoxMixin.performLayout (package:flutter/src/rendering/proxy_box.dart:118:18)
#39     RenderObject.layout (package:flutter/src/rendering/object.dart:2768:7)
#40     RenderConstrainedBox.performLayout (package:flutter/src/rendering/proxy_box.dart:296:14)
#41     RenderObject.layout (package:flutter/src/rendering/object.dart:2768:7)
#42     RenderConstrainedBox.performLayout (package:flutter/src/rendering/proxy_box.dart:296:14)
#43     RenderObject.layout (package:flutter/src/rendering/object.dart:2768:7)
#44     ChildLayoutHelper.layoutChild (package:flutter/src/rendering/layout_helper.dart:62:11)
#45     RenderFlex._computeSizes (package:flutter/src/rendering/flex.dart:1237:28)
#46     RenderFlex.performLayout (package:flutter/src/rendering/flex.dart:1329:32)
#47     RenderObject.layout (package:flutter/src/rendering/object.dart:2768:7)
#48     _RenderSingleChildViewport.performLayout (package:flutter/src/widgets/single_child_scroll_view.dart:502:14)
#49     RenderObject.layout (package:flutter/src/rendering/object.dart:2768:7)
#50     RenderProxyBoxMixin.performLayout (package:flutter/src/rendering/proxy_box.dart:118:18)
#51     RenderObject.layout (package:flutter/src/rendering/object.dart:2768:7)
#52     RenderProxyBoxMixin.performLayout (package:flutter/src/rendering/proxy_box.dart:118:18)
#53     RenderObject.layout (package:flutter/src/rendering/object.dart:2768:7)
#54     RenderProxyBoxMixin.performLayout (package:flutter/src/rendering/proxy_box.dart:118:18)
#55     RenderObject.layout (package:flutter/src/rendering/object.dart:2768:7)
#56     RenderProxyBoxMixin.performLayout (package:flutter/src/rendering/proxy_box.dart:118:18)
#57     RenderObject.layout (package:flutter/src/rendering/object.dart:2768:7)
#58     RenderProxyBoxMixin.performLayout (package:flutter/src/rendering/proxy_box.dart:118:18)
#59     RenderObject.layout (package:flutter/src/rendering/object.dart:2768:7)
#60     RenderProxyBoxMixin.performLayout (package:flutter/src/rendering/proxy_box.dart:118:18)
#61     RenderObject.layout (package:flutter/src/rendering/object.dart:2768:7)
#62     RenderProxyBoxMixin.performLayout (package:flutter/src/rendering/proxy_box.dart:118:18)
#63     RenderObject.layout (package:flutter/src/rendering/object.dart:2768:7)
#64     RenderProxyBoxMixin.performLayout (package:flutter/src/rendering/proxy_box.dart:118:18)
#65     _RenderCustomClip.performLayout (package:flutter/src/rendering/proxy_box.dart:1549:11)
#66     RenderObject.layout (package:flutter/src/rendering/object.dart:2768:7)
#67     RenderPadding.performLayout (package:flutter/src/rendering/shifted_box.dart:262:12)
#68     RenderObject.layout (package:flutter/src/rendering/object.dart:2768:7)
#69     MultiChildLayoutDelegate.layoutChild (package:flutter/src/rendering/custom_layout.dart:180:12)
#70     _ScaffoldLayout.performLayout (package:flutter/src/material/scaffold.dart:1113:7)
#71     MultiChildLayoutDelegate._callPerformLayout (package:flutter/src/rendering/custom_layout.dart:246:7)
#72     RenderCustomMultiChildLayoutBox.performLayout (package:flutter/src/rendering/custom_layout.dart:417:14)
#73     RenderObject.layout (package:flutter/src/rendering/object.dart:2768:7)
#74     RenderProxyBoxMixin.performLayout (package:flutter/src/rendering/proxy_box.dart:118:18)
#75     RenderObject.layout (package:flutter/src/rendering/object.dart:2768:7)
#76     RenderProxyBoxMixin.performLayout (package:flutter/src/rendering/proxy_box.dart:118:18)
#77     _RenderCustomClip.performLayout (package:flutter/src/rendering/proxy_box.dart:1549:11)
#78     RenderObject.layout (package:flutter/src/rendering/object.dart:2768:7)
#79     RenderProxyBoxMixin.performLayout (package:flutter/src/rendering/proxy_box.dart:118:18)
#80     RenderObject.layout (package:flutter/src/rendering/object.dart:2768:7)
#81     RenderProxyBoxMixin.performLayout (package:flutter/src/rendering/proxy_box.dart:118:18)
#82     RenderObject.layout (package:flutter/src/rendering/object.dart:2768:7)
#83     RenderProxyBoxMixin.performLayout (package:flutter/src/rendering/proxy_box.dart:118:18)
#84     RenderObject.layout (package:flutter/src/rendering/object.dart:2768:7)
#85     RenderProxyBoxMixin.performLayout (package:flutter/src/rendering/proxy_box.dart:118:18)
#86     RenderObject.layout (package:flutter/src/rendering/object.dart:2768:7)
#87     RenderProxyBoxMixin.performLayout (package:flutter/src/rendering/proxy_box.dart:118:18)
#88     RenderObject.layout (package:flutter/src/rendering/object.dart:2768:7)
#89     RenderProxyBoxMixin.performLayout (package:flutter/src/rendering/proxy_box.dart:118:18)
#90     RenderObject.layout (package:flutter/src/rendering/object.dart:2768:7)
#91     RenderProxyBoxMixin.performLayout (package:flutter/src/rendering/proxy_box.dart:118:18)
#92     RenderObject.layout (package:flutter/src/rendering/object.dart:2768:7)
#93     RenderProxyBoxMixin.performLayout (package:flutter/src/rendering/proxy_box.dart:118:18)
#94     RenderObject.layout (package:flutter/src/rendering/object.dart:2768:7)
#95     RenderProxyBoxMixin.performLayout (package:flutter/src/rendering/proxy_box.dart:118:18)
#96     RenderObject.layout (package:flutter/src/rendering/object.dart:2768:7)
#97     RenderProxyBoxMixin.performLayout (package:flutter/src/rendering/proxy_box.dart:118:18)
#98     RenderObject.layout (package:flutter/src/rendering/object.dart:2768:7)
#99     RenderProxyBoxMixin.performLayout (package:flutter/src/rendering/proxy_box.dart:118:18)
#100    RenderObject.layout (package:flutter/src/rendering/object.dart:2768:7)
#101    RenderProxyBoxMixin.performLayout (package:flutter/src/rendering/proxy_box.dart:118:18)
#102    RenderObject.layout (package:flutter/src/rendering/object.dart:2768:7)
#103    RenderProxyBoxMixin.performLayout (package:flutter/src/rendering/proxy_box.dart:118:18)
#104    RenderObject.layout (package:flutter/src/rendering/object.dart:2768:7)
#105    RenderProxyBoxMixin.performLayout (package:flutter/src/rendering/proxy_box.dart:118:18)
#106    RenderObject.layout (package:flutter/src/rendering/object.dart:2768:7)
#107    RenderProxyBoxMixin.performLayout (package:flutter/src/rendering/proxy_box.dart:118:18)
#108    RenderObject.layout (package:flutter/src/rendering/object.dart:2768:7)
#109    RenderProxyBoxMixin.performLayout (package:flutter/src/rendering/proxy_box.dart:118:18)
#110    RenderOffstage.performLayout (package:flutter/src/rendering/proxy_box.dart:3923:13)
#111    RenderObject.layout (package:flutter/src/rendering/object.dart:2768:7)
#112    RenderProxyBoxMixin.performLayout (package:flutter/src/rendering/proxy_box.dart:118:18)
#113    RenderObject.layout (package:flutter/src/rendering/object.dart:2768:7)
#114    _RenderTheaterMixin.layoutChild (package:flutter/src/widgets/overlay.dart:1084:13)
#115    _RenderTheater.performLayout (package:flutter/src/widgets/overlay.dart:1429:9)
#116    RenderObject.layout (package:flutter/src/rendering/object.dart:2768:7)
#117    RenderProxyBoxMixin.performLayout (package:flutter/src/rendering/proxy_box.dart:118:18)
#118    RenderObject.layout (package:flutter/src/rendering/object.dart:2768:7)
#119    RenderProxyBoxMixin.performLayout (package:flutter/src/rendering/proxy_box.dart:118:18)
#120    RenderObject.layout (package:flutter/src/rendering/object.dart:2768:7)
#121    RenderProxyBoxMixin.performLayout (package:flutter/src/rendering/proxy_box.dart:118:18)
#122    RenderObject.layout (package:flutter/src/rendering/object.dart:2768:7)
#123    RenderProxyBoxMixin.performLayout (package:flutter/src/rendering/proxy_box.dart:118:18)
#124    RenderCustomPaint.performLayout (package:flutter/src/rendering/custom_paint.dart:574:11)
#125    RenderObject.layout (package:flutter/src/rendering/object.dart:2768:7)
#126    RenderProxyBoxMixin.performLayout (package:flutter/src/rendering/proxy_box.dart:118:18)
#127    RenderObject.layout (package:flutter/src/rendering/object.dart:2768:7)
#128    RenderProxyBoxMixin.performLayout (package:flutter/src/rendering/proxy_box.dart:118:18)
#129    RenderObject.layout (package:flutter/src/rendering/object.dart:2768:7)
#130    RenderProxyBoxMixin.performLayout (package:flutter/src/rendering/proxy_box.dart:118:18)
#131    RenderObject.layout (package:flutter/src/rendering/object.dart:2768:7)
#132    RenderProxyBoxMixin.performLayout (package:flutter/src/rendering/proxy_box.dart:118:18)
#133    RenderObject.layout (package:flutter/src/rendering/object.dart:2768:7)
#134    RenderProxyBoxMixin.performLayout (package:flutter/src/rendering/proxy_box.dart:118:18)
#135    RenderObject.layout (package:flutter/src/rendering/object.dart:2768:7)
#136    RenderProxyBoxMixin.performLayout (package:flutter/src/rendering/proxy_box.dart:118:18)
#137    RenderObject.layout (package:flutter/src/rendering/object.dart:2768:7)
#138    RenderView.performLayout (package:flutter/src/rendering/view.dart:292:12)
#139    RenderObject._layoutWithoutResize (package:flutter/src/rendering/object.dart:2616:7)
#140    PipelineOwner.flushLayout (package:flutter/src/rendering/object.dart:1174:18)
#141    PipelineOwner.flushLayout (package:flutter/src/rendering/object.dart:1187:15)
#142    AutomatedTestWidgetsFlutterBinding.drawFrame (package:flutter_test/src/binding.dart:2133:27)
#143    RendererBinding._handlePersistentFrameCallback (package:flutter/src/rendering/binding.dart:495:5)
#144    SchedulerBinding._invokeFrameCallback (package:flutter/src/scheduler/binding.dart:1430:15)
#145    SchedulerBinding.handleDrawFrame (package:flutter/src/scheduler/binding.dart:1345:9)
#146    AutomatedTestWidgetsFlutterBinding.pump.<anonymous closure> (package:flutter_test/src/binding.dart:1960:9)
#149    TestAsyncUtils.guard (package:flutter_test/src/test_async_utils.dart:74:41)
#150    AutomatedTestWidgetsFlutterBinding.pump (package:flutter_test/src/binding.dart:1949:27)
#151    WidgetTester.pumpWidget.<anonymous closure> (package:flutter_test/src/widget_tester.dart:598:22)
#154    TestAsyncUtils.guard (package:flutter_test/src/test_async_utils.dart:74:41)
#155    WidgetTester.pumpWidget (package:flutter_test/src/widget_tester.dart:595:27)
#156    main.<anonymous closure> (file:///D:/SEM%204/TaskProof/test/layout_test.dart:8:18)
#157    testWidgets.<anonymous closure>.<anonymous closure> (package:flutter_test/src/widget_tester.dart:192:29)
<asynchronous suspension>
#158    TestWidgetsFlutterBinding._runTestBody (package:flutter_test/src/binding.dart:1682:5)
<asynchronous suspension>
<asynchronous suspension>
(elided 7 frames from class _AssertionError, dart:async, and package:stack_trace)

The following RenderObject was being processed when the exception was fired: RenderFlex#c0760 relayoutBoundary=up27 NEEDS-LAYOUT NEEDS-PAINT NEEDS-COMPOSITING-BITS-UPDATE:
  creator: Column ΓåÉ Padding ΓåÉ ClipPath ΓåÉ DecoratedBox ΓåÉ ConstrainedBox ΓåÉ Container ΓåÉ Column ΓåÉ
    ConstrainedBox ΓåÉ Container ΓåÉ Column ΓåÉ Padding ΓåÉ ConstrainedBox ΓåÉ Γï»
  parentData: offset=Offset(0.0, 0.0) (can use size)
  constraints: BoxConstraints(w=310.0, 0.0<=h<=Infinity)
  size: MISSING
  direction: vertical
  mainAxisAlignment: start
  mainAxisSize: min
  crossAxisAlignment: start
  textDirection: ltr
  verticalDirection: down
  spacing: 20.0
This RenderObject had the following descendants (showing up to depth 5):
    child 1: RenderConstrainedBox#5db34 relayoutBoundary=up28 NEEDS-PAINT NEEDS-COMPOSITING-BITS-UPDATE
      child: RenderFlex#adc81 relayoutBoundary=up29 NEEDS-PAINT NEEDS-COMPOSITING-BITS-UPDATE
        child 1: RenderFlex#79cd5 relayoutBoundary=up30 NEEDS-PAINT NEEDS-COMPOSITING-BITS-UPDATE
          child 1: RenderConstrainedBox#d5fa8 relayoutBoundary=up31 NEEDS-PAINT NEEDS-COMPOSITING-BITS-UPDATE
            child: RenderDecoratedBox#5e170 NEEDS-PAINT NEEDS-COMPOSITING-BITS-UPDATE
          child 2: RenderFlex#62246 relayoutBoundary=up31 NEEDS-PAINT NEEDS-COMPOSITING-BITS-UPDATE
            child 1: RenderConstrainedBox#35854 relayoutBoundary=up32 NEEDS-PAINT NEEDS-COMPOSITING-BITS-UPDATE
            child 2: RenderConstrainedBox#5fe20 NEEDS-LAYOUT NEEDS-PAINT NEEDS-COMPOSITING-BITS-UPDATE
        child 2: RenderDecoratedBox#89866 NEEDS-LAYOUT NEEDS-PAINT NEEDS-COMPOSITING-BITS-UPDATE
          child: RenderPadding#d5fe6 NEEDS-LAYOUT NEEDS-PAINT NEEDS-COMPOSITING-BITS-UPDATE
            child: RenderFlex#db76b NEEDS-LAYOUT NEEDS-PAINT NEEDS-COMPOSITING-BITS-UPDATE
    child 2: RenderConstrainedBox#c6593 NEEDS-LAYOUT NEEDS-PAINT NEEDS-COMPOSITING-BITS-UPDATE
      child: RenderFlex#ab121 NEEDS-LAYOUT NEEDS-PAINT NEEDS-COMPOSITING-BITS-UPDATE
        child 1: RenderConstrainedBox#e8d1b NEEDS-LAYOUT NEEDS-PAINT NEEDS-COMPOSITING-BITS-UPDATE
          child: RenderFlex#c0f56 NEEDS-LAYOUT NEEDS-PAINT NEEDS-COMPOSITING-BITS-UPDATE
            child 1: RenderConstrainedBox#987c9 NEEDS-LAYOUT NEEDS-PAINT NEEDS-COMPOSITING-BITS-UPDATE
            child 2: RenderConstrainedBox#0aab3 NEEDS-LAYOUT NEEDS-PAINT NEEDS-COMPOSITING-BITS-UPDATE
        child 2: RenderConstrainedBox#39d36 NEEDS-LAYOUT NEEDS-PAINT NEEDS-COMPOSITING-BITS-UPDATE
          child: RenderDecoratedBox#93348 NEEDS-LAYOUT NEEDS-PAINT NEEDS-COMPOSITING-BITS-UPDATE
            child: RenderClipPath#347da NEEDS-LAYOUT NEEDS-PAINT NEEDS-COMPOSITING-BITS-UPDATE
    child 3: RenderConstrainedBox#cfed4 NEEDS-LAYOUT NEEDS-PAINT NEEDS-COMPOSITING-BITS-UPDATE
      child: RenderDecoratedBox#c3efa NEEDS-LAYOUT NEEDS-PAINT NEEDS-COMPOSITING-BITS-UPDATE
        child: RenderPadding#7aa23 NEEDS-LAYOUT NEEDS-PAINT NEEDS-COMPOSITING-BITS-UPDATE
          child: RenderFlex#25ec0 NEEDS-LAYOUT NEEDS-PAINT NEEDS-COMPOSITING-BITS-UPDATE
            child 1: RenderConstrainedBox#d0f68 NEEDS-LAYOUT NEEDS-PAINT NEEDS-COMPOSITING-BITS-UPDATE
            child 2: RenderConstrainedBox#bb992 NEEDS-LAYOUT NEEDS-PAINT NEEDS-COMPOSITING-BITS-UPDATE
ΓòÉΓòÉΓòÉΓòÉΓòÉΓòÉΓòÉΓòÉΓòÉΓòÉΓòÉΓòÉΓòÉΓòÉΓòÉΓòÉΓòÉΓòÉΓòÉΓòÉΓòÉΓòÉΓòÉΓòÉΓòÉΓòÉΓòÉΓòÉΓòÉΓòÉΓòÉΓòÉΓòÉΓòÉΓòÉΓòÉΓòÉΓòÉΓòÉΓòÉΓòÉΓòÉΓòÉΓòÉΓòÉΓòÉΓòÉΓòÉΓòÉΓòÉΓòÉΓòÉΓòÉΓòÉΓòÉΓòÉΓòÉΓòÉΓòÉΓòÉΓòÉΓòÉΓòÉΓòÉΓòÉΓòÉΓòÉΓòÉΓòÉΓòÉΓòÉΓòÉΓòÉΓòÉΓòÉΓòÉΓòÉΓòÉΓòÉΓòÉΓòÉΓòÉΓòÉΓòÉΓòÉΓòÉΓòÉΓòÉΓòÉΓòÉΓòÉΓòÉΓòÉΓòÉΓòÉΓòÉΓòÉΓòÉΓòÉΓòÉ
ΓòÉΓòÉΓòí EXCEPTION CAUGHT BY RENDERING LIBRARY Γò₧ΓòÉΓòÉΓòÉΓòÉΓòÉΓòÉΓòÉΓòÉΓòÉΓòÉΓòÉΓòÉΓòÉΓòÉΓòÉΓòÉΓòÉΓòÉΓòÉΓòÉΓòÉΓòÉΓòÉΓòÉΓòÉΓòÉΓòÉΓòÉΓòÉΓòÉΓòÉΓòÉΓòÉΓòÉΓòÉΓòÉΓòÉΓòÉΓòÉΓòÉΓòÉΓòÉΓòÉΓòÉΓòÉΓòÉΓòÉΓòÉΓòÉΓòÉΓòÉΓòÉΓòÉΓòÉΓòÉΓòÉΓòÉ
The following assertion was thrown during performLayout():
RenderBox was not laid out: RenderFlex#c0760 relayoutBoundary=up27 NEEDS-PAINT
NEEDS-COMPOSITING-BITS-UPDATE
'package:flutter/src/rendering/box.dart':
Failed assertion: line 2251 pos 12: 'hasSize'

Either the assertion indicates an error in the framework itself, or we should provide substantially
more information in this error message to help you determine and fix the underlying cause.
In either case, please report this assertion by filing a bug on GitHub:
  https://github.com/flutter/flutter/issues/new?template=02_bug.yml

The relevant error-causing widget was:
  Container Container:file:///D:/SEM%204/TaskProof/lib/dashboard.dart:549:31

When the exception was thrown, this was the stack:
#2      RenderBox.size (package:flutter/src/rendering/box.dart:2251:12)
#3      RenderPadding.performLayout (package:flutter/src/rendering/shifted_box.dart:266:40)
#4      RenderObject.layout (package:flutter/src/rendering/object.dart:2768:7)
#5      RenderProxyBoxMixin.performLayout (package:flutter/src/rendering/proxy_box.dart:118:18)
#6      _RenderCustomClip.performLayout (package:flutter/src/rendering/proxy_box.dart:1549:11)
#7      RenderObject.layout (package:flutter/src/rendering/object.dart:2768:7)
#8      RenderProxyBoxMixin.performLayout (package:flutter/src/rendering/proxy_box.dart:118:18)
#9      RenderObject.layout (package:flutter/src/rendering/object.dart:2768:7)
#10     RenderConstrainedBox.performLayout (package:flutter/src/rendering/proxy_box.dart:296:14)
#11     RenderObject.layout (package:flutter/src/rendering/object.dart:2768:7)
#12     ChildLayoutHelper.layoutChild (package:flutter/src/rendering/layout_helper.dart:62:11)
#13     RenderFlex._computeSizes (package:flutter/src/rendering/flex.dart:1237:28)
#14     RenderFlex.performLayout (package:flutter/src/rendering/flex.dart:1329:32)
#15     RenderObject.layout (package:flutter/src/rendering/object.dart:2768:7)
#16     RenderConstrainedBox.performLayout (package:flutter/src/rendering/proxy_box.dart:296:14)
#17     RenderObject.layout (package:flutter/src/rendering/object.dart:2768:7)
#18     ChildLayoutHelper.layoutChild (package:flutter/src/rendering/layout_helper.dart:62:11)
#19     RenderFlex._computeSizes (package:flutter/src/rendering/flex.dart:1237:28)
#20     RenderFlex.performLayout (package:flutter/src/rendering/flex.dart:1329:32)
#21     RenderObject.layout (package:flutter/src/rendering/object.dart:2768:7)
#22     RenderPadding.performLayout (package:flutter/src/rendering/shifted_box.dart:262:12)
#23     RenderObject.layout (package:flutter/src/rendering/object.dart:2768:7)
#24     RenderConstrainedBox.performLayout (package:flutter/src/rendering/proxy_box.dart:296:14)
#25     RenderObject.layout (package:flutter/src/rendering/object.dart:2768:7)
#26     RenderConstrainedBox.performLayout (package:flutter/src/rendering/proxy_box.dart:296:14)
#27     RenderObject.layout (package:flutter/src/rendering/object.dart:2768:7)
#28     ChildLayoutHelper.layoutChild (package:flutter/src/rendering/layout_helper.dart:62:11)
#29     RenderStack._computeSize (package:flutter/src/rendering/stack.dart:645:43)
#30     RenderStack.performLayout (package:flutter/src/rendering/stack.dart:680:12)
#31     RenderObject.layout (package:flutter/src/rendering/object.dart:2768:7)
#32     RenderPadding.performLayout (package:flutter/src/rendering/shifted_box.dart:262:12)
#33     RenderObject.layout (package:flutter/src/rendering/object.dart:2768:7)
#34     RenderProxyBoxMixin.performLayout (package:flutter/src/rendering/proxy_box.dart:118:18)
#35     RenderObject.layout (package:flutter/src/rendering/object.dart:2768:7)
#36     RenderConstrainedBox.performLayout (package:flutter/src/rendering/proxy_box.dart:296:14)
#37     RenderObject.layout (package:flutter/src/rendering/object.dart:2768:7)
#38     RenderConstrainedBox.performLayout (package:flutter/src/rendering/proxy_box.dart:296:14)
#39     RenderObject.layout (package:flutter/src/rendering/object.dart:2768:7)
#40     ChildLayoutHelper.layoutChild (package:flutter/src/rendering/layout_helper.dart:62:11)
#41     RenderFlex._computeSizes (package:flutter/src/rendering/flex.dart:1237:28)
#42     RenderFlex.performLayout (package:flutter/src/rendering/flex.dart:1329:32)
#43     RenderObject.layout (package:flutter/src/rendering/object.dart:2768:7)
#44     _RenderSingleChildViewport.performLayout (package:flutter/src/widgets/single_child_scroll_view.dart:502:14)
#45     RenderObject.layout (package:flutter/src/rendering/object.dart:2768:7)
#46     RenderProxyBoxMixin.performLayout (package:flutter/src/rendering/proxy_box.dart:118:18)
#47     RenderObject.layout (package:flutter/src/rendering/object.dart:2768:7)
#48     RenderProxyBoxMixin.performLayout (package:flutter/src/rendering/proxy_box.dart:118:18)
#49     RenderObject.layout (package:flutter/src/rendering/object.dart:2768:7)
#50     RenderProxyBoxMixin.performLayout (package:flutter/src/rendering/proxy_box.dart:118:18)
#51     RenderObject.layout (package:flutter/src/rendering/object.dart:2768:7)
#52     RenderProxyBoxMixin.performLayout (package:flutter/src/rendering/proxy_box.dart:118:18)
#53     RenderObject.layout (package:flutter/src/rendering/object.dart:2768:7)
#54     RenderProxyBoxMixin.performLayout (package:flutter/src/rendering/proxy_box.dart:118:18)
#55     RenderObject.layout (package:flutter/src/rendering/object.dart:2768:7)
#56     RenderProxyBoxMixin.performLayout (package:flutter/src/rendering/proxy_box.dart:118:18)
#57     RenderObject.layout (package:flutter/src/rendering/object.dart:2768:7)
#58     RenderProxyBoxMixin.performLayout (package:flutter/src/rendering/proxy_box.dart:118:18)
#59     RenderObject.layout (package:flutter/src/rendering/object.dart:2768:7)
#60     RenderProxyBoxMixin.performLayout (package:flutter/src/rendering/proxy_box.dart:118:18)
#61     _RenderCustomClip.performLayout (package:flutter/src/rendering/proxy_box.dart:1549:11)
#62     RenderObject.layout (package:flutter/src/rendering/object.dart:2768:7)
#63     RenderPadding.performLayout (package:flutter/src/rendering/shifted_box.dart:262:12)
#64     RenderObject.layout (package:flutter/src/rendering/object.dart:2768:7)
#65     MultiChildLayoutDelegate.layoutChild (package:flutter/src/rendering/custom_layout.dart:180:12)
#66     _ScaffoldLayout.performLayout (package:flutter/src/material/scaffold.dart:1113:7)
#67     MultiChildLayoutDelegate._callPerformLayout (package:flutter/src/rendering/custom_layout.dart:246:7)
#68     RenderCustomMultiChildLayoutBox.performLayout (package:flutter/src/rendering/custom_layout.dart:417:14)
#69     RenderObject.layout (package:flutter/src/rendering/object.dart:2768:7)
#70     RenderProxyBoxMixin.performLayout (package:flutter/src/rendering/proxy_box.dart:118:18)
#71     RenderObject.layout (package:flutter/src/rendering/object.dart:2768:7)
#72     RenderProxyBoxMixin.performLayout (package:flutter/src/rendering/proxy_box.dart:118:18)
#73     _RenderCustomClip.performLayout (package:flutter/src/rendering/proxy_box.dart:1549:11)
#74     RenderObject.layout (package:flutter/src/rendering/object.dart:2768:7)
#75     RenderProxyBoxMixin.performLayout (package:flutter/src/rendering/proxy_box.dart:118:18)
#76     RenderObject.layout (package:flutter/src/rendering/object.dart:2768:7)
#77     RenderProxyBoxMixin.performLayout (package:flutter/src/rendering/proxy_box.dart:118:18)
#78     RenderObject.layout (package:flutter/src/rendering/object.dart:2768:7)
#79     RenderProxyBoxMixin.performLayout (package:flutter/src/rendering/proxy_box.dart:118:18)
#80     RenderObject.layout (package:flutter/src/rendering/object.dart:2768:7)
#81     RenderProxyBoxMixin.performLayout (package:flutter/src/rendering/proxy_box.dart:118:18)
#82     RenderObject.layout (package:flutter/src/rendering/object.dart:2768:7)
#83     RenderProxyBoxMixin.performLayout (package:flutter/src/rendering/proxy_box.dart:118:18)
#84     RenderObject.layout (package:flutter/src/rendering/object.dart:2768:7)
#85     RenderProxyBoxMixin.performLayout (package:flutter/src/rendering/proxy_box.dart:118:18)
#86     RenderObject.layout (package:flutter/src/rendering/object.dart:2768:7)
#87     RenderProxyBoxMixin.performLayout (package:flutter/src/rendering/proxy_box.dart:118:18)
#88     RenderObject.layout (package:flutter/src/rendering/object.dart:2768:7)
#89     RenderProxyBoxMixin.performLayout (package:flutter/src/rendering/proxy_box.dart:118:18)
#90     RenderObject.layout (package:flutter/src/rendering/object.dart:2768:7)
#91     RenderProxyBoxMixin.performLayout (package:flutter/src/rendering/proxy_box.dart:118:18)
#92     RenderObject.layout (package:flutter/src/rendering/object.dart:2768:7)
#93     RenderProxyBoxMixin.performLayout (package:flutter/src/rendering/proxy_box.dart:118:18)
#94     RenderObject.layout (package:flutter/src/rendering/object.dart:2768:7)
#95     RenderProxyBoxMixin.performLayout (package:flutter/src/rendering/proxy_box.dart:118:18)
#96     RenderObject.layout (package:flutter/src/rendering/object.dart:2768:7)
#97     RenderProxyBoxMixin.performLayout (package:flutter/src/rendering/proxy_box.dart:118:18)
#98     RenderObject.layout (package:flutter/src/rendering/object.dart:2768:7)
#99     RenderProxyBoxMixin.performLayout (package:flutter/src/rendering/proxy_box.dart:118:18)
#100    RenderObject.layout (package:flutter/src/rendering/object.dart:2768:7)
#101    RenderProxyBoxMixin.performLayout (package:flutter/src/rendering/proxy_box.dart:118:18)
#102    RenderObject.layout (package:flutter/src/rendering/object.dart:2768:7)
#103    RenderProxyBoxMixin.performLayout (package:flutter/src/rendering/proxy_box.dart:118:18)
#104    RenderObject.layout (package:flutter/src/rendering/object.dart:2768:7)
#105    RenderProxyBoxMixin.performLayout (package:flutter/src/rendering/proxy_box.dart:118:18)
#106    RenderOffstage.performLayout (package:flutter/src/rendering/proxy_box.dart:3923:13)
#107    RenderObject.layout (package:flutter/src/rendering/object.dart:2768:7)
#108    RenderProxyBoxMixin.performLayout (package:flutter/src/rendering/proxy_box.dart:118:18)
#109    RenderObject.layout (package:flutter/src/rendering/object.dart:2768:7)
#110    _RenderTheaterMixin.layoutChild (package:flutter/src/widgets/overlay.dart:1084:13)
#111    _RenderTheater.performLayout (package:flutter/src/widgets/overlay.dart:1429:9)
#112    RenderObject.layout (package:flutter/src/rendering/object.dart:2768:7)
#113    RenderProxyBoxMixin.performLayout (package:flutter/src/rendering/proxy_box.dart:118:18)
#114    RenderObject.layout (package:flutter/src/rendering/object.dart:2768:7)
#115    RenderProxyBoxMixin.performLayout (package:flutter/src/rendering/proxy_box.dart:118:18)
#116    RenderObject.layout (package:flutter/src/rendering/object.dart:2768:7)
#117    RenderProxyBoxMixin.performLayout (package:flutter/src/rendering/proxy_box.dart:118:18)
#118    RenderObject.layout (package:flutter/src/rendering/object.dart:2768:7)
#119    RenderProxyBoxMixin.performLayout (package:flutter/src/rendering/proxy_box.dart:118:18)
#120    RenderCustomPaint.performLayout (package:flutter/src/rendering/custom_paint.dart:574:11)
#121    RenderObject.layout (package:flutter/src/rendering/object.dart:2768:7)
#122    RenderProxyBoxMixin.performLayout (package:flutter/src/rendering/proxy_box.dart:118:18)
#123    RenderObject.layout (package:flutter/src/rendering/object.dart:2768:7)
#124    RenderProxyBoxMixin.performLayout (package:flutter/src/rendering/proxy_box.dart:118:18)
#125    RenderObject.layout (package:flutter/src/rendering/object.dart:2768:7)
#126    RenderProxyBoxMixin.performLayout (package:flutter/src/rendering/proxy_box.dart:118:18)
#127    RenderObject.layout (package:flutter/src/rendering/object.dart:2768:7)
#128    RenderProxyBoxMixin.performLayout (package:flutter/src/rendering/proxy_box.dart:118:18)
#129    RenderObject.layout (package:flutter/src/rendering/object.dart:2768:7)
#130    RenderProxyBoxMixin.performLayout (package:flutter/src/rendering/proxy_box.dart:118:18)
#131    RenderObject.layout (package:flutter/src/rendering/object.dart:2768:7)
#132    RenderProxyBoxMixin.performLayout (package:flutter/src/rendering/proxy_box.dart:118:18)
#133    RenderObject.layout (package:flutter/src/rendering/object.dart:2768:7)
#134    RenderView.performLayout (package:flutter/src/rendering/view.dart:292:12)
#135    RenderObject._layoutWithoutResize (package:flutter/src/rendering/object.dart:2616:7)
#136    PipelineOwner.flushLayout (package:flutter/src/rendering/object.dart:1174:18)
#137    PipelineOwner.flushLayout (package:flutter/src/rendering/object.dart:1187:15)
#138    AutomatedTestWidgetsFlutterBinding.drawFrame (package:flutter_test/src/binding.dart:2133:27)
#139    RendererBinding._handlePersistentFrameCallback (package:flutter/src/rendering/binding.dart:495:5)
#140    SchedulerBinding._invokeFrameCallback (package:flutter/src/scheduler/binding.dart:1430:15)
#141    SchedulerBinding.handleDrawFrame (package:flutter/src/scheduler/binding.dart:1345:9)
#142    AutomatedTestWidgetsFlutterBinding.pump.<anonymous closure> (package:flutter_test/src/binding.dart:1960:9)
#145    TestAsyncUtils.guard (package:flutter_test/src/test_async_utils.dart:74:41)
#146    AutomatedTestWidgetsFlutterBinding.pump (package:flutter_test/src/binding.dart:1949:27)
#147    WidgetTester.pumpWidget.<anonymous closure> (package:flutter_test/src/widget_tester.dart:598:22)
#150    TestAsyncUtils.guard (package:flutter_test/src/test_async_utils.dart:74:41)
#151    WidgetTester.pumpWidget (package:flutter_test/src/widget_tester.dart:595:27)
#152    main.<anonymous closure> (file:///D:/SEM%204/TaskProof/test/layout_test.dart:8:18)
#153    testWidgets.<anonymous closure>.<anonymous closure> (package:flutter_test/src/widget_tester.dart:192:29)
<asynchronous suspension>
#154    TestWidgetsFlutterBinding._runTestBody (package:flutter_test/src/binding.dart:1682:5)
<asynchronous suspension>
<asynchronous suspension>
(elided 7 frames from class _AssertionError, dart:async, and package:stack_trace)

The following RenderObject was being processed when the exception was fired: RenderPadding#29a32 relayoutBoundary=up26 NEEDS-LAYOUT NEEDS-PAINT NEEDS-COMPOSITING-BITS-UPDATE:
  creator: Padding ΓåÉ ClipPath ΓåÉ DecoratedBox ΓåÉ ConstrainedBox ΓåÉ Container ΓåÉ Column ΓåÉ ConstrainedBox ΓåÉ
    Container ΓåÉ Column ΓåÉ Padding ΓåÉ ConstrainedBox ΓåÉ Container ΓåÉ Γï»
  parentData: <none> (can use size)
  constraints: BoxConstraints(w=358.0, 0.0<=h<=Infinity)
  size: MISSING
  padding: EdgeInsets.all(24.0)
  textDirection: ltr
This RenderObject had the following descendants (showing up to depth 5):
    child: RenderFlex#c0760 relayoutBoundary=up27 NEEDS-PAINT NEEDS-COMPOSITING-BITS-UPDATE
      child 1: RenderConstrainedBox#5db34 relayoutBoundary=up28 NEEDS-PAINT NEEDS-COMPOSITING-BITS-UPDATE
        child: RenderFlex#adc81 relayoutBoundary=up29 NEEDS-PAINT NEEDS-COMPOSITING-BITS-UPDATE
          child 1: RenderFlex#79cd5 relayoutBoundary=up30 NEEDS-PAINT NEEDS-COMPOSITING-BITS-UPDATE
            child 1: RenderConstrainedBox#d5fa8 relayoutBoundary=up31 NEEDS-PAINT NEEDS-COMPOSITING-BITS-UPDATE
            child 2: RenderFlex#62246 relayoutBoundary=up31 NEEDS-PAINT NEEDS-COMPOSITING-BITS-UPDATE
          child 2: RenderDecoratedBox#89866 NEEDS-LAYOUT NEEDS-PAINT NEEDS-COMPOSITING-BITS-UPDATE
            child: RenderPadding#d5fe6 NEEDS-LAYOUT NEEDS-PAINT NEEDS-COMPOSITING-BITS-UPDATE
      child 2: RenderConstrainedBox#c6593 NEEDS-LAYOUT NEEDS-PAINT NEEDS-COMPOSITING-BITS-UPDATE
        child: RenderFlex#ab121 NEEDS-LAYOUT NEEDS-PAINT NEEDS-COMPOSITING-BITS-UPDATE
          child 1: RenderConstrainedBox#e8d1b NEEDS-LAYOUT NEEDS-PAINT NEEDS-COMPOSITING-BITS-UPDATE
            child: RenderFlex#c0f56 NEEDS-LAYOUT NEEDS-PAINT NEEDS-COMPOSITING-BITS-UPDATE
          child 2: RenderConstrainedBox#39d36 NEEDS-LAYOUT NEEDS-PAINT NEEDS-COMPOSITING-BITS-UPDATE
            child: RenderDecoratedBox#93348 NEEDS-LAYOUT NEEDS-PAINT NEEDS-COMPOSITING-BITS-UPDATE
      child 3: RenderConstrainedBox#cfed4 NEEDS-LAYOUT NEEDS-PAINT NEEDS-COMPOSITING-BITS-UPDATE
        child: RenderDecoratedBox#c3efa NEEDS-LAYOUT NEEDS-PAINT NEEDS-COMPOSITING-BITS-UPDATE
          child: RenderPadding#7aa23 NEEDS-LAYOUT NEEDS-PAINT NEEDS-COMPOSITING-BITS-UPDATE
            child: RenderFlex#25ec0 NEEDS-LAYOUT NEEDS-PAINT NEEDS-COMPOSITING-BITS-UPDATE
ΓòÉΓòÉΓòÉΓòÉΓòÉΓòÉΓòÉΓòÉΓòÉΓòÉΓòÉΓòÉΓòÉΓòÉΓòÉΓòÉΓòÉΓòÉΓòÉΓòÉΓòÉΓòÉΓòÉΓòÉΓòÉΓòÉΓòÉΓòÉΓòÉΓòÉΓòÉΓòÉΓòÉΓòÉΓòÉΓòÉΓòÉΓòÉΓòÉΓòÉΓòÉΓòÉΓòÉΓòÉΓòÉΓòÉΓòÉΓòÉΓòÉΓòÉΓòÉΓòÉΓòÉΓòÉΓòÉΓòÉΓòÉΓòÉΓòÉΓòÉΓòÉΓòÉΓòÉΓòÉΓòÉΓòÉΓòÉΓòÉΓòÉΓòÉΓòÉΓòÉΓòÉΓòÉΓòÉΓòÉΓòÉΓòÉΓòÉΓòÉΓòÉΓòÉΓòÉΓòÉΓòÉΓòÉΓòÉΓòÉΓòÉΓòÉΓòÉΓòÉΓòÉΓòÉΓòÉΓòÉΓòÉΓòÉΓòÉΓòÉ
ΓòÉΓòÉΓòí EXCEPTION CAUGHT BY RENDERING LIBRARY Γò₧ΓòÉΓòÉΓòÉΓòÉΓòÉΓòÉΓòÉΓòÉΓòÉΓòÉΓòÉΓòÉΓòÉΓòÉΓòÉΓòÉΓòÉΓòÉΓòÉΓòÉΓòÉΓòÉΓòÉΓòÉΓòÉΓòÉΓòÉΓòÉΓòÉΓòÉΓòÉΓòÉΓòÉΓòÉΓòÉΓòÉΓòÉΓòÉΓòÉΓòÉΓòÉΓòÉΓòÉΓòÉΓòÉΓòÉΓòÉΓòÉΓòÉΓòÉΓòÉΓòÉΓòÉΓòÉΓòÉΓòÉΓòÉ
The following assertion was thrown during performLayout():
RenderBox was not laid out: RenderPadding#29a32 relayoutBoundary=up26 NEEDS-PAINT
NEEDS-COMPOSITING-BITS-UPDATE
'package:flutter/src/rendering/box.dart':
Failed assertion: line 2251 pos 12: 'hasSize'

Either the assertion indicates an error in the framework itself, or we should provide substantially
more information in this error message to help you determine and fix the underlying cause.
In either case, please report this assertion by filing a bug on GitHub:
  https://github.com/flutter/flutter/issues/new?template=02_bug.yml

The relevant error-causing widget was:
  Container Container:file:///D:/SEM%204/TaskProof/lib/dashboard.dart:549:31

When the exception was thrown, this was the stack:
#2      RenderBox.size (package:flutter/src/rendering/box.dart:2251:12)
#3      RenderProxyBoxMixin.performLayout (package:flutter/src/rendering/proxy_box.dart:118:62)
#4      _RenderCustomClip.performLayout (package:flutter/src/rendering/proxy_box.dart:1549:11)
#5      RenderObject.layout (package:flutter/src/rendering/object.dart:2768:7)
#6      RenderProxyBoxMixin.performLayout (package:flutter/src/rendering/proxy_box.dart:118:18)
#7      RenderObject.layout (package:flutter/src/rendering/object.dart:2768:7)
#8      RenderConstrainedBox.performLayout (package:flutter/src/rendering/proxy_box.dart:296:14)
#9      RenderObject.layout (package:flutter/src/rendering/object.dart:2768:7)
#10     ChildLayoutHelper.layoutChild (package:flutter/src/rendering/layout_helper.dart:62:11)
#11     RenderFlex._computeSizes (package:flutter/src/rendering/flex.dart:1237:28)
#12     RenderFlex.performLayout (package:flutter/src/rendering/flex.dart:1329:32)
#13     RenderObject.layout (package:flutter/src/rendering/object.dart:2768:7)
#14     RenderConstrainedBox.performLayout (package:flutter/src/rendering/proxy_box.dart:296:14)
#15     RenderObject.layout (package:flutter/src/rendering/object.dart:2768:7)
#16     ChildLayoutHelper.layoutChild (package:flutter/src/rendering/layout_helper.dart:62:11)
#17     RenderFlex._computeSizes (package:flutter/src/rendering/flex.dart:1237:28)
#18     RenderFlex.performLayout (package:flutter/src/rendering/flex.dart:1329:32)
#19     RenderObject.layout (package:flutter/src/rendering/object.dart:2768:7)
#20     RenderPadding.performLayout (package:flutter/src/rendering/shifted_box.dart:262:12)
#21     RenderObject.layout (package:flutter/src/rendering/object.dart:2768:7)
#22     RenderConstrainedBox.performLayout (package:flutter/src/rendering/proxy_box.dart:296:14)
#23     RenderObject.layout (package:flutter/src/rendering/object.dart:2768:7)
#24     RenderConstrainedBox.performLayout (package:flutter/src/rendering/proxy_box.dart:296:14)
#25     RenderObject.layout (package:flutter/src/rendering/object.dart:2768:7)
#26     ChildLayoutHelper.layoutChild (package:flutter/src/rendering/layout_helper.dart:62:11)
#27     RenderStack._computeSize (package:flutter/src/rendering/stack.dart:645:43)
#28     RenderStack.performLayout (package:flutter/src/rendering/stack.dart:680:12)
#29     RenderObject.layout (package:flutter/src/rendering/object.dart:2768:7)
#30     RenderPadding.performLayout (package:flutter/src/rendering/shifted_box.dart:262:12)
#31     RenderObject.layout (package:flutter/src/rendering/object.dart:2768:7)
#32     RenderProxyBoxMixin.performLayout (package:flutter/src/rendering/proxy_box.dart:118:18)
#33     RenderObject.layout (package:flutter/src/rendering/object.dart:2768:7)
#34     RenderConstrainedBox.performLayout (package:flutter/src/rendering/proxy_box.dart:296:14)
#35     RenderObject.layout (package:flutter/src/rendering/object.dart:2768:7)
#36     RenderConstrainedBox.performLayout (package:flutter/src/rendering/proxy_box.dart:296:14)
#37     RenderObject.layout (package:flutter/src/rendering/object.dart:2768:7)
#38     ChildLayoutHelper.layoutChild (package:flutter/src/rendering/layout_helper.dart:62:11)
#39     RenderFlex._computeSizes (package:flutter/src/rendering/flex.dart:1237:28)
#40     RenderFlex.performLayout (package:flutter/src/rendering/flex.dart:1329:32)
#41     RenderObject.layout (package:flutter/src/rendering/object.dart:2768:7)
#42     _RenderSingleChildViewport.performLayout (package:flutter/src/widgets/single_child_scroll_view.dart:502:14)
#43     RenderObject.layout (package:flutter/src/rendering/object.dart:2768:7)
#44     RenderProxyBoxMixin.performLayout (package:flutter/src/rendering/proxy_box.dart:118:18)
#45     RenderObject.layout (package:flutter/src/rendering/object.dart:2768:7)
#46     RenderProxyBoxMixin.performLayout (package:flutter/src/rendering/proxy_box.dart:118:18)
#47     RenderObject.layout (package:flutter/src/rendering/object.dart:2768:7)
#48     RenderProxyBoxMixin.performLayout (package:flutter/src/rendering/proxy_box.dart:118:18)
#49     RenderObject.layout (package:flutter/src/rendering/object.dart:2768:7)
#50     RenderProxyBoxMixin.performLayout (package:flutter/src/rendering/proxy_box.dart:118:18)
#51     RenderObject.layout (package:flutter/src/rendering/object.dart:2768:7)
#52     RenderProxyBoxMixin.performLayout (package:flutter/src/rendering/proxy_box.dart:118:18)
#53     RenderObject.layout (package:flutter/src/rendering/object.dart:2768:7)
#54     RenderProxyBoxMixin.performLayout (package:flutter/src/rendering/proxy_box.dart:118:18)
#55     RenderObject.layout (package:flutter/src/rendering/object.dart:2768:7)
#56     RenderProxyBoxMixin.performLayout (package:flutter/src/rendering/proxy_box.dart:118:18)
#57     RenderObject.layout (package:flutter/src/rendering/object.dart:2768:7)
#58     RenderProxyBoxMixin.performLayout (package:flutter/src/rendering/proxy_box.dart:118:18)
#59     _RenderCustomClip.performLayout (package:flutter/src/rendering/proxy_box.dart:1549:11)
#60     RenderObject.layout (package:flutter/src/rendering/object.dart:2768:7)
#61     RenderPadding.performLayout (package:flutter/src/rendering/shifted_box.dart:262:12)
#62     RenderObject.layout (package:flutter/src/rendering/object.dart:2768:7)
#63     MultiChildLayoutDelegate.layoutChild (package:flutter/src/rendering/custom_layout.dart:180:12)
#64     _ScaffoldLayout.performLayout (package:flutter/src/material/scaffold.dart:1113:7)
#65     MultiChildLayoutDelegate._callPerformLayout (package:flutter/src/rendering/custom_layout.dart:246:7)
#66     RenderCustomMultiChildLayoutBox.performLayout (package:flutter/src/rendering/custom_layout.dart:417:14)
#67     RenderObject.layout (package:flutter/src/rendering/object.dart:2768:7)
#68     RenderProxyBoxMixin.performLayout (package:flutter/src/rendering/proxy_box.dart:118:18)
#69     RenderObject.layout (package:flutter/src/rendering/object.dart:2768:7)
#70     RenderProxyBoxMixin.performLayout (package:flutter/src/rendering/proxy_box.dart:118:18)
#71     _RenderCustomClip.performLayout (package:flutter/src/rendering/proxy_box.dart:1549:11)
#72     RenderObject.layout (package:flutter/src/rendering/object.dart:2768:7)
#73     RenderProxyBoxMixin.performLayout (package:flutter/src/rendering/proxy_box.dart:118:18)
#74     RenderObject.layout (package:flutter/src/rendering/object.dart:2768:7)
#75     RenderProxyBoxMixin.performLayout (package:flutter/src/rendering/proxy_box.dart:118:18)
#76     RenderObject.layout (package:flutter/src/rendering/object.dart:2768:7)
#77     RenderProxyBoxMixin.performLayout (package:flutter/src/rendering/proxy_box.dart:118:18)
#78     RenderObject.layout (package:flutter/src/rendering/object.dart:2768:7)
#79     RenderProxyBoxMixin.performLayout (package:flutter/src/rendering/proxy_box.dart:118:18)
#80     RenderObject.layout (package:flutter/src/rendering/object.dart:2768:7)
#81     RenderProxyBoxMixin.performLayout (package:flutter/src/rendering/proxy_box.dart:118:18)
#82     RenderObject.layout (package:flutter/src/rendering/object.dart:2768:7)
#83     RenderProxyBoxMixin.performLayout (package:flutter/src/rendering/proxy_box.dart:118:18)
#84     RenderObject.layout (package:flutter/src/rendering/object.dart:2768:7)
#85     RenderProxyBoxMixin.performLayout (package:flutter/src/rendering/proxy_box.dart:118:18)
#86     RenderObject.layout (package:flutter/src/rendering/object.dart:2768:7)
#87     RenderProxyBoxMixin.performLayout (package:flutter/src/rendering/proxy_box.dart:118:18)
#88     RenderObject.layout (package:flutter/src/rendering/object.dart:2768:7)
#89     RenderProxyBoxMixin.performLayout (package:flutter/src/rendering/proxy_box.dart:118:18)
#90     RenderObject.layout (package:flutter/src/rendering/object.dart:2768:7)
#91     RenderProxyBoxMixin.performLayout (package:flutter/src/rendering/proxy_box.dart:118:18)
#92     RenderObject.layout (package:flutter/src/rendering/object.dart:2768:7)
#93     RenderProxyBoxMixin.performLayout (package:flutter/src/rendering/proxy_box.dart:118:18)
#94     RenderObject.layout (package:flutter/src/rendering/object.dart:2768:7)
#95     RenderProxyBoxMixin.performLayout (package:flutter/src/rendering/proxy_box.dart:118:18)
#96     RenderObject.layout (package:flutter/src/rendering/object.dart:2768:7)
#97     RenderProxyBoxMixin.performLayout (package:flutter/src/rendering/proxy_box.dart:118:18)
#98     RenderObject.layout (package:flutter/src/rendering/object.dart:2768:7)
#99     RenderProxyBoxMixin.performLayout (package:flutter/src/rendering/proxy_box.dart:118:18)
#100    RenderObject.layout (package:flutter/src/rendering/object.dart:2768:7)
#101    RenderProxyBoxMixin.performLayout (package:flutter/src/rendering/proxy_box.dart:118:18)
#102    RenderObject.layout (package:flutter/src/rendering/object.dart:2768:7)
#103    RenderProxyBoxMixin.performLayout (package:flutter/src/rendering/proxy_box.dart:118:18)
#104    RenderOffstage.performLayout (package:flutter/src/rendering/proxy_box.dart:3923:13)
#105    RenderObject.layout (package:flutter/src/rendering/object.dart:2768:7)
#106    RenderProxyBoxMixin.performLayout (package:flutter/src/rendering/proxy_box.dart:118:18)
#107    RenderObject.layout (package:flutter/src/rendering/object.dart:2768:7)
#108    _RenderTheaterMixin.layoutChild (package:flutter/src/widgets/overlay.dart:1084:13)
#109    _RenderTheater.performLayout (package:flutter/src/widgets/overlay.dart:1429:9)
#110    RenderObject.layout (package:flutter/src/rendering/object.dart:2768:7)
#111    RenderProxyBoxMixin.performLayout (package:flutter/src/rendering/proxy_box.dart:118:18)
#112    RenderObject.layout (package:flutter/src/rendering/object.dart:2768:7)
#113    RenderProxyBoxMixin.performLayout (package:flutter/src/rendering/proxy_box.dart:118:18)
#114    RenderObject.layout (package:flutter/src/rendering/object.dart:2768:7)
#115    RenderProxyBoxMixin.performLayout (package:flutter/src/rendering/proxy_box.dart:118:18)
#116    RenderObject.layout (package:flutter/src/rendering/object.dart:2768:7)
#117    RenderProxyBoxMixin.performLayout (package:flutter/src/rendering/proxy_box.dart:118:18)
#118    RenderCustomPaint.performLayout (package:flutter/src/rendering/custom_paint.dart:574:11)
#119    RenderObject.layout (package:flutter/src/rendering/object.dart:2768:7)
#120    RenderProxyBoxMixin.performLayout (package:flutter/src/rendering/proxy_box.dart:118:18)
#121    RenderObject.layout (package:flutter/src/rendering/object.dart:2768:7)
#122    RenderProxyBoxMixin.performLayout (package:flutter/src/rendering/proxy_box.dart:118:18)
#123    RenderObject.layout (package:flutter/src/rendering/object.dart:2768:7)
#124    RenderProxyBoxMixin.performLayout (package:flutter/src/rendering/proxy_box.dart:118:18)
#125    RenderObject.layout (package:flutter/src/rendering/object.dart:2768:7)
#126    RenderProxyBoxMixin.performLayout (package:flutter/src/rendering/proxy_box.dart:118:18)
#127    RenderObject.layout (package:flutter/src/rendering/object.dart:2768:7)
#128    RenderProxyBoxMixin.performLayout (package:flutter/src/rendering/proxy_box.dart:118:18)
#129    RenderObject.layout (package:flutter/src/rendering/object.dart:2768:7)
#130    RenderProxyBoxMixin.performLayout (package:flutter/src/rendering/proxy_box.dart:118:18)
#131    RenderObject.layout (package:flutter/src/rendering/object.dart:2768:7)
#132    RenderView.performLayout (package:flutter/src/rendering/view.dart:292:12)
#133    RenderObject._layoutWithoutResize (package:flutter/src/rendering/object.dart:2616:7)
#134    PipelineOwner.flushLayout (package:flutter/src/rendering/object.dart:1174:18)
#135    PipelineOwner.flushLayout (package:flutter/src/rendering/object.dart:1187:15)
#136    AutomatedTestWidgetsFlutterBinding.drawFrame (package:flutter_test/src/binding.dart:2133:27)
#137    RendererBinding._handlePersistentFrameCallback (package:flutter/src/rendering/binding.dart:495:5)
#138    SchedulerBinding._invokeFrameCallback (package:flutter/src/scheduler/binding.dart:1430:15)
#139    SchedulerBinding.handleDrawFrame (package:flutter/src/scheduler/binding.dart:1345:9)
#140    AutomatedTestWidgetsFlutterBinding.pump.<anonymous closure> (package:flutter_test/src/binding.dart:1960:9)
#143    TestAsyncUtils.guard (package:flutter_test/src/test_async_utils.dart:74:41)
#144    AutomatedTestWidgetsFlutterBinding.pump (package:flutter_test/src/binding.dart:1949:27)
#145    WidgetTester.pumpWidget.<anonymous closure> (package:flutter_test/src/widget_tester.dart:598:22)
#148    TestAsyncUtils.guard (package:flutter_test/src/test_async_utils.dart:74:41)
#149    WidgetTester.pumpWidget (package:flutter_test/src/widget_tester.dart:595:27)
#150    main.<anonymous closure> (file:///D:/SEM%204/TaskProof/test/layout_test.dart:8:18)
#151    testWidgets.<anonymous closure>.<anonymous closure> (package:flutter_test/src/widget_tester.dart:192:29)
<asynchronous suspension>
#152    TestWidgetsFlutterBinding._runTestBody (package:flutter_test/src/binding.dart:1682:5)
<asynchronous suspension>
<asynchronous suspension>
(elided 7 frames from class _AssertionError, dart:async, and package:stack_trace)

The following RenderObject was being processed when the exception was fired: RenderClipPath#4b7b3 relayoutBoundary=up25 NEEDS-LAYOUT NEEDS-PAINT NEEDS-COMPOSITING-BITS-UPDATE:
  creator: ClipPath ΓåÉ DecoratedBox ΓåÉ ConstrainedBox ΓåÉ Container ΓåÉ Column ΓåÉ ConstrainedBox ΓåÉ Container
    ΓåÉ Column ΓåÉ Padding ΓåÉ ConstrainedBox ΓåÉ Container ΓåÉ ConstrainedBox ΓåÉ Γï»
  parentData: <none> (can use size)
  constraints: BoxConstraints(w=358.0, 0.0<=h<=Infinity)
  size: MISSING
This RenderObject had the following descendants (showing up to depth 5):
    child: RenderPadding#29a32 relayoutBoundary=up26 NEEDS-PAINT NEEDS-COMPOSITING-BITS-UPDATE
      child: RenderFlex#c0760 relayoutBoundary=up27 NEEDS-PAINT NEEDS-COMPOSITING-BITS-UPDATE
        child 1: RenderConstrainedBox#5db34 relayoutBoundary=up28 NEEDS-PAINT NEEDS-COMPOSITING-BITS-UPDATE
          child: RenderFlex#adc81 relayoutBoundary=up29 NEEDS-PAINT NEEDS-COMPOSITING-BITS-UPDATE
            child 1: RenderFlex#79cd5 relayoutBoundary=up30 NEEDS-PAINT NEEDS-COMPOSITING-BITS-UPDATE
            child 2: RenderDecoratedBox#89866 NEEDS-LAYOUT NEEDS-PAINT NEEDS-COMPOSITING-BITS-UPDATE
        child 2: RenderConstrainedBox#c6593 NEEDS-LAYOUT NEEDS-PAINT NEEDS-COMPOSITING-BITS-UPDATE
          child: RenderFlex#ab121 NEEDS-LAYOUT NEEDS-PAINT NEEDS-COMPOSITING-BITS-UPDATE
            child 1: RenderConstrainedBox#e8d1b NEEDS-LAYOUT NEEDS-PAINT NEEDS-COMPOSITING-BITS-UPDATE
            child 2: RenderConstrainedBox#39d36 NEEDS-LAYOUT NEEDS-PAINT NEEDS-COMPOSITING-BITS-UPDATE
        child 3: RenderConstrainedBox#cfed4 NEEDS-LAYOUT NEEDS-PAINT NEEDS-COMPOSITING-BITS-UPDATE
          child: RenderDecoratedBox#c3efa NEEDS-LAYOUT NEEDS-PAINT NEEDS-COMPOSITING-BITS-UPDATE
            child: RenderPadding#7aa23 NEEDS-LAYOUT NEEDS-PAINT NEEDS-COMPOSITING-BITS-UPDATE
ΓòÉΓòÉΓòÉΓòÉΓòÉΓòÉΓòÉΓòÉΓòÉΓòÉΓòÉΓòÉΓòÉΓòÉΓòÉΓòÉΓòÉΓòÉΓòÉΓòÉΓòÉΓòÉΓòÉΓòÉΓòÉΓòÉΓòÉΓòÉΓòÉΓòÉΓòÉΓòÉΓòÉΓòÉΓòÉΓòÉΓòÉΓòÉΓòÉΓòÉΓòÉΓòÉΓòÉΓòÉΓòÉΓòÉΓòÉΓòÉΓòÉΓòÉΓòÉΓòÉΓòÉΓòÉΓòÉΓòÉΓòÉΓòÉΓòÉΓòÉΓòÉΓòÉΓòÉΓòÉΓòÉΓòÉΓòÉΓòÉΓòÉΓòÉΓòÉΓòÉΓòÉΓòÉΓòÉΓòÉΓòÉΓòÉΓòÉΓòÉΓòÉΓòÉΓòÉΓòÉΓòÉΓòÉΓòÉΓòÉΓòÉΓòÉΓòÉΓòÉΓòÉΓòÉΓòÉΓòÉΓòÉΓòÉΓòÉΓòÉ
ΓòÉΓòÉΓòí EXCEPTION CAUGHT BY RENDERING LIBRARY Γò₧ΓòÉΓòÉΓòÉΓòÉΓòÉΓòÉΓòÉΓòÉΓòÉΓòÉΓòÉΓòÉΓòÉΓòÉΓòÉΓòÉΓòÉΓòÉΓòÉΓòÉΓòÉΓòÉΓòÉΓòÉΓòÉΓòÉΓòÉΓòÉΓòÉΓòÉΓòÉΓòÉΓòÉΓòÉΓòÉΓòÉΓòÉΓòÉΓòÉΓòÉΓòÉΓòÉΓòÉΓòÉΓòÉΓòÉΓòÉΓòÉΓòÉΓòÉΓòÉΓòÉΓòÉΓòÉΓòÉΓòÉΓòÉ
The following assertion was thrown during performLayout():
RenderBox was not laid out: RenderClipPath#4b7b3 relayoutBoundary=up25 NEEDS-PAINT
NEEDS-COMPOSITING-BITS-UPDATE
'package:flutter/src/rendering/box.dart':
Failed assertion: line 2251 pos 12: 'hasSize'

Either the assertion indicates an error in the framework itself, or we should provide substantially
more information in this error message to help you determine and fix the underlying cause.
In either case, please report this assertion by filing a bug on GitHub:
  https://github.com/flutter/flutter/issues/new?template=02_bug.yml

The relevant error-causing widget was:
  Container Container:file:///D:/SEM%204/TaskProof/lib/dashboard.dart:549:31

When the exception was thrown, this was the stack:
#2      RenderBox.size (package:flutter/src/rendering/box.dart:2251:12)
#3      RenderProxyBoxMixin.performLayout (package:flutter/src/rendering/proxy_box.dart:118:62)
#4      RenderObject.layout (package:flutter/src/rendering/object.dart:2768:7)
#5      RenderConstrainedBox.performLayout (package:flutter/src/rendering/proxy_box.dart:296:14)
#6      RenderObject.layout (package:flutter/src/rendering/object.dart:2768:7)
#7      ChildLayoutHelper.layoutChild (package:flutter/src/rendering/layout_helper.dart:62:11)
#8      RenderFlex._computeSizes (package:flutter/src/rendering/flex.dart:1237:28)
#9      RenderFlex.performLayout (package:flutter/src/rendering/flex.dart:1329:32)
#10     RenderObject.layout (package:flutter/src/rendering/object.dart:2768:7)
#11     RenderConstrainedBox.performLayout (package:flutter/src/rendering/proxy_box.dart:296:14)
#12     RenderObject.layout (package:flutter/src/rendering/object.dart:2768:7)
#13     ChildLayoutHelper.layoutChild (package:flutter/src/rendering/layout_helper.dart:62:11)
#14     RenderFlex._computeSizes (package:flutter/src/rendering/flex.dart:1237:28)
#15     RenderFlex.performLayout (package:flutter/src/rendering/flex.dart:1329:32)
#16     RenderObject.layout (package:flutter/src/rendering/object.dart:2768:7)
#17     RenderPadding.performLayout (package:flutter/src/rendering/shifted_box.dart:262:12)
#18     RenderObject.layout (package:flutter/src/rendering/object.dart:2768:7)
#19     RenderConstrainedBox.performLayout (package:flutter/src/rendering/proxy_box.dart:296:14)
#20     RenderObject.layout (package:flutter/src/rendering/object.dart:2768:7)
#21     RenderConstrainedBox.performLayout (package:flutter/src/rendering/proxy_box.dart:296:14)
#22     RenderObject.layout (package:flutter/src/rendering/object.dart:2768:7)
#23     ChildLayoutHelper.layoutChild (package:flutter/src/rendering/layout_helper.dart:62:11)
#24     RenderStack._computeSize (package:flutter/src/rendering/stack.dart:645:43)
#25     RenderStack.performLayout (package:flutter/src/rendering/stack.dart:680:12)
#26     RenderObject.layout (package:flutter/src/rendering/object.dart:2768:7)
#27     RenderPadding.performLayout (package:flutter/src/rendering/shifted_box.dart:262:12)
#28     RenderObject.layout (package:flutter/src/rendering/object.dart:2768:7)
#29     RenderProxyBoxMixin.performLayout (package:flutter/src/rendering/proxy_box.dart:118:18)
#30     RenderObject.layout (package:flutter/src/rendering/object.dart:2768:7)
#31     RenderConstrainedBox.performLayout (package:flutter/src/rendering/proxy_box.dart:296:14)
#32     RenderObject.layout (package:flutter/src/rendering/object.dart:2768:7)
#33     RenderConstrainedBox.performLayout (package:flutter/src/rendering/proxy_box.dart:296:14)
#34     RenderObject.layout (package:flutter/src/rendering/object.dart:2768:7)
#35     ChildLayoutHelper.layoutChild (package:flutter/src/rendering/layout_helper.dart:62:11)
#36     RenderFlex._computeSizes (package:flutter/src/rendering/flex.dart:1237:28)
#37     RenderFlex.performLayout (package:flutter/src/rendering/flex.dart:1329:32)
#38     RenderObject.layout (package:flutter/src/rendering/object.dart:2768:7)
#39     _RenderSingleChildViewport.performLayout (package:flutter/src/widgets/single_child_scroll_view.dart:502:14)
#40     RenderObject.layout (package:flutter/src/rendering/object.dart:2768:7)
#41     RenderProxyBoxMixin.performLayout (package:flutter/src/rendering/proxy_box.dart:118:18)
#42     RenderObject.layout (package:flutter/src/rendering/object.dart:2768:7)
#43     RenderProxyBoxMixin.performLayout (package:flutter/src/rendering/proxy_box.dart:118:18)
#44     RenderObject.layout (package:flutter/src/rendering/object.dart:2768:7)
#45     RenderProxyBoxMixin.performLayout (package:flutter/src/rendering/proxy_box.dart:118:18)
#46     RenderObject.layout (package:flutter/src/rendering/object.dart:2768:7)
#47     RenderProxyBoxMixin.performLayout (package:flutter/src/rendering/proxy_box.dart:118:18)
#48     RenderObject.layout (package:flutter/src/rendering/object.dart:2768:7)
#49     RenderProxyBoxMixin.performLayout (package:flutter/src/rendering/proxy_box.dart:118:18)
#50     RenderObject.layout (package:flutter/src/rendering/object.dart:2768:7)
#51     RenderProxyBoxMixin.performLayout (package:flutter/src/rendering/proxy_box.dart:118:18)
#52     RenderObject.layout (package:flutter/src/rendering/object.dart:2768:7)
#53     RenderProxyBoxMixin.performLayout (package:flutter/src/rendering/proxy_box.dart:118:18)
#54     RenderObject.layout (package:flutter/src/rendering/object.dart:2768:7)
#55     RenderProxyBoxMixin.performLayout (package:flutter/src/rendering/proxy_box.dart:118:18)
#56     _RenderCustomClip.performLayout (package:flutter/src/rendering/proxy_box.dart:1549:11)
#57     RenderObject.layout (package:flutter/src/rendering/object.dart:2768:7)
#58     RenderPadding.performLayout (package:flutter/src/rendering/shifted_box.dart:262:12)
#59     RenderObject.layout (package:flutter/src/rendering/object.dart:2768:7)
#60     MultiChildLayoutDelegate.layoutChild (package:flutter/src/rendering/custom_layout.dart:180:12)
#61     _ScaffoldLayout.performLayout (package:flutter/src/material/scaffold.dart:1113:7)
#62     MultiChildLayoutDelegate._callPerformLayout (package:flutter/src/rendering/custom_layout.dart:246:7)
#63     RenderCustomMultiChildLayoutBox.performLayout (package:flutter/src/rendering/custom_layout.dart:417:14)
#64     RenderObject.layout (package:flutter/src/rendering/object.dart:2768:7)
#65     RenderProxyBoxMixin.performLayout (package:flutter/src/rendering/proxy_box.dart:118:18)
#66     RenderObject.layout (package:flutter/src/rendering/object.dart:2768:7)
#67     RenderProxyBoxMixin.performLayout (package:flutter/src/rendering/proxy_box.dart:118:18)
#68     _RenderCustomClip.performLayout (package:flutter/src/rendering/proxy_box.dart:1549:11)
#69     RenderObject.layout (package:flutter/src/rendering/object.dart:2768:7)
#70     RenderProxyBoxMixin.performLayout (package:flutter/src/rendering/proxy_box.dart:118:18)
#71     RenderObject.layout (package:flutter/src/rendering/object.dart:2768:7)
#72     RenderProxyBoxMixin.performLayout (package:flutter/src/rendering/proxy_box.dart:118:18)
#73     RenderObject.layout (package:flutter/src/rendering/object.dart:2768:7)
#74     RenderProxyBoxMixin.performLayout (package:flutter/src/rendering/proxy_box.dart:118:18)
#75     RenderObject.layout (package:flutter/src/rendering/object.dart:2768:7)
#76     RenderProxyBoxMixin.performLayout (package:flutter/src/rendering/proxy_box.dart:118:18)
#77     RenderObject.layout (package:flutter/src/rendering/object.dart:2768:7)
#78     RenderProxyBoxMixin.performLayout (package:flutter/src/rendering/proxy_box.dart:118:18)
#79     RenderObject.layout (package:flutter/src/rendering/object.dart:2768:7)
#80     RenderProxyBoxMixin.performLayout (package:flutter/src/rendering/proxy_box.dart:118:18)
#81     RenderObject.layout (package:flutter/src/rendering/object.dart:2768:7)
#82     RenderProxyBoxMixin.performLayout (package:flutter/src/rendering/proxy_box.dart:118:18)
#83     RenderObject.layout (package:flutter/src/rendering/object.dart:2768:7)
#84     RenderProxyBoxMixin.performLayout (package:flutter/src/rendering/proxy_box.dart:118:18)
#85     RenderObject.layout (package:flutter/src/rendering/object.dart:2768:7)
#86     RenderProxyBoxMixin.performLayout (package:flutter/src/rendering/proxy_box.dart:118:18)
#87     RenderObject.layout (package:flutter/src/rendering/object.dart:2768:7)
#88     RenderProxyBoxMixin.performLayout (package:flutter/src/rendering/proxy_box.dart:118:18)
#89     RenderObject.layout (package:flutter/src/rendering/object.dart:2768:7)
#90     RenderProxyBoxMixin.performLayout (package:flutter/src/rendering/proxy_box.dart:118:18)
#91     RenderObject.layout (package:flutter/src/rendering/object.dart:2768:7)
#92     RenderProxyBoxMixin.performLayout (package:flutter/src/rendering/proxy_box.dart:118:18)
#93     RenderObject.layout (package:flutter/src/rendering/object.dart:2768:7)
#94     RenderProxyBoxMixin.performLayout (package:flutter/src/rendering/proxy_box.dart:118:18)
#95     RenderObject.layout (package:flutter/src/rendering/object.dart:2768:7)
#96     RenderProxyBoxMixin.performLayout (package:flutter/src/rendering/proxy_box.dart:118:18)
#97     RenderObject.layout (package:flutter/src/rendering/object.dart:2768:7)
#98     RenderProxyBoxMixin.performLayout (package:flutter/src/rendering/proxy_box.dart:118:18)
#99     RenderObject.layout (package:flutter/src/rendering/object.dart:2768:7)
#100    RenderProxyBoxMixin.performLayout (package:flutter/src/rendering/proxy_box.dart:118:18)
#101    RenderOffstage.performLayout (package:flutter/src/rendering/proxy_box.dart:3923:13)
#102    RenderObject.layout (package:flutter/src/rendering/object.dart:2768:7)
#103    RenderProxyBoxMixin.performLayout (package:flutter/src/rendering/proxy_box.dart:118:18)
#104    RenderObject.layout (package:flutter/src/rendering/object.dart:2768:7)
#105    _RenderTheaterMixin.layoutChild (package:flutter/src/widgets/overlay.dart:1084:13)
#106    _RenderTheater.performLayout (package:flutter/src/widgets/overlay.dart:1429:9)
#107    RenderObject.layout (package:flutter/src/rendering/object.dart:2768:7)
#108    RenderProxyBoxMixin.performLayout (package:flutter/src/rendering/proxy_box.dart:118:18)
#109    RenderObject.layout (package:flutter/src/rendering/object.dart:2768:7)
#110    RenderProxyBoxMixin.performLayout (package:flutter/src/rendering/proxy_box.dart:118:18)
#111    RenderObject.layout (package:flutter/src/rendering/object.dart:2768:7)
#112    RenderProxyBoxMixin.performLayout (package:flutter/src/rendering/proxy_box.dart:118:18)
#113    RenderObject.layout (package:flutter/src/rendering/object.dart:2768:7)
#114    RenderProxyBoxMixin.performLayout (package:flutter/src/rendering/proxy_box.dart:118:18)
#115    RenderCustomPaint.performLayout (package:flutter/src/rendering/custom_paint.dart:574:11)
#116    RenderObject.layout (package:flutter/src/rendering/object.dart:2768:7)
#117    RenderProxyBoxMixin.performLayout (package:flutter/src/rendering/proxy_box.dart:118:18)
#118    RenderObject.layout (package:flutter/src/rendering/object.dart:2768:7)
#119    RenderProxyBoxMixin.performLayout (package:flutter/src/rendering/proxy_box.dart:118:18)
#120    RenderObject.layout (package:flutter/src/rendering/object.dart:2768:7)
#121    RenderProxyBoxMixin.performLayout (package:flutter/src/rendering/proxy_box.dart:118:18)
#122    RenderObject.layout (package:flutter/src/rendering/object.dart:2768:7)
#123    RenderProxyBoxMixin.performLayout (package:flutter/src/rendering/proxy_box.dart:118:18)
#124    RenderObject.layout (package:flutter/src/rendering/object.dart:2768:7)
#125    RenderProxyBoxMixin.performLayout (package:flutter/src/rendering/proxy_box.dart:118:18)
#126    RenderObject.layout (package:flutter/src/rendering/object.dart:2768:7)
#127    RenderProxyBoxMixin.performLayout (package:flutter/src/rendering/proxy_box.dart:118:18)
#128    RenderObject.layout (package:flutter/src/rendering/object.dart:2768:7)
#129    RenderView.performLayout (package:flutter/src/rendering/view.dart:292:12)
#130    RenderObject._layoutWithoutResize (package:flutter/src/rendering/object.dart:2616:7)
#131    PipelineOwner.flushLayout (package:flutter/src/rendering/object.dart:1174:18)
#132    PipelineOwner.flushLayout (package:flutter/src/rendering/object.dart:1187:15)
#133    AutomatedTestWidgetsFlutterBinding.drawFrame (package:flutter_test/src/binding.dart:2133:27)
#134    RendererBinding._handlePersistentFrameCallback (package:flutter/src/rendering/binding.dart:495:5)
#135    SchedulerBinding._invokeFrameCallback (package:flutter/src/scheduler/binding.dart:1430:15)
#136    SchedulerBinding.handleDrawFrame (package:flutter/src/scheduler/binding.dart:1345:9)
#137    AutomatedTestWidgetsFlutterBinding.pump.<anonymous closure> (package:flutter_test/src/binding.dart:1960:9)
#140    TestAsyncUtils.guard (package:flutter_test/src/test_async_utils.dart:74:41)
#141    AutomatedTestWidgetsFlutterBinding.pump (package:flutter_test/src/binding.dart:1949:27)
#142    WidgetTester.pumpWidget.<anonymous closure> (package:flutter_test/src/widget_tester.dart:598:22)
#145    TestAsyncUtils.guard (package:flutter_test/src/test_async_utils.dart:74:41)
#146    WidgetTester.pumpWidget (package:flutter_test/src/widget_tester.dart:595:27)
#147    main.<anonymous closure> (file:///D:/SEM%204/TaskProof/test/layout_test.dart:8:18)
#148    testWidgets.<anonymous closure>.<anonymous closure> (package:flutter_test/src/widget_tester.dart:192:29)
<asynchronous suspension>
#149    TestWidgetsFlutterBinding._runTestBody (package:flutter_test/src/binding.dart:1682:5)
<asynchronous suspension>
<asynchronous suspension>
(elided 7 frames from class _AssertionError, dart:async, and package:stack_trace)

The following RenderObject was being processed when the exception was fired: RenderDecoratedBox#79202 relayoutBoundary=up24 NEEDS-LAYOUT NEEDS-PAINT NEEDS-COMPOSITING-BITS-UPDATE:
  creator: DecoratedBox ΓåÉ ConstrainedBox ΓåÉ Container ΓåÉ Column ΓåÉ ConstrainedBox ΓåÉ Container ΓåÉ Column ΓåÉ
    Padding ΓåÉ ConstrainedBox ΓåÉ Container ΓåÉ ConstrainedBox ΓåÉ Stack ΓåÉ Γï»
  parentData: <none> (can use size)
  constraints: BoxConstraints(w=358.0, 0.0<=h<=Infinity)
  size: MISSING
  decoration: ShapeDecoration:
    color: Color(alpha: 1.0000, red: 1.0000, green: 1.0000, blue: 1.0000, colorSpace: ColorSpace.sRGB)
    shadows: BoxShadow(Color(alpha: 0.0784, red: 0.0745, green: 0.9255, blue: 0.7843, colorSpace:
      ColorSpace.sRGB), Offset(0.0, 4.0), 20.0, 0.0, BlurStyle.normal)
    shape: RoundedRectangleBorder(BorderSide(width: 0.0, style: none), BorderRadius.circular(24.0))
  configuration: ImageConfiguration(bundle: PlatformAssetBundle#6bc8b(), devicePixelRatio: 3.0,
    locale: en_US, textDirection: TextDirection.ltr, platform: android)
This RenderObject had the following descendants (showing up to depth 5):
    child: RenderClipPath#4b7b3 relayoutBoundary=up25 NEEDS-PAINT NEEDS-COMPOSITING-BITS-UPDATE
      child: RenderPadding#29a32 relayoutBoundary=up26 NEEDS-PAINT NEEDS-COMPOSITING-BITS-UPDATE
        child: RenderFlex#c0760 relayoutBoundary=up27 NEEDS-PAINT NEEDS-COMPOSITING-BITS-UPDATE
          child 1: RenderConstrainedBox#5db34 relayoutBoundary=up28 NEEDS-PAINT NEEDS-COMPOSITING-BITS-UPDATE
            child: RenderFlex#adc81 relayoutBoundary=up29 NEEDS-PAINT NEEDS-COMPOSITING-BITS-UPDATE
          child 2: RenderConstrainedBox#c6593 NEEDS-LAYOUT NEEDS-PAINT NEEDS-COMPOSITING-BITS-UPDATE
            child: RenderFlex#ab121 NEEDS-LAYOUT NEEDS-PAINT NEEDS-COMPOSITING-BITS-UPDATE
          child 3: RenderConstrainedBox#cfed4 NEEDS-LAYOUT NEEDS-PAINT NEEDS-COMPOSITING-BITS-UPDATE
            child: RenderDecoratedBox#c3efa NEEDS-LAYOUT NEEDS-PAINT NEEDS-COMPOSITING-BITS-UPDATE
ΓòÉΓòÉΓòÉΓòÉΓòÉΓòÉΓòÉΓòÉΓòÉΓòÉΓòÉΓòÉΓòÉΓòÉΓòÉΓòÉΓòÉΓòÉΓòÉΓòÉΓòÉΓòÉΓòÉΓòÉΓòÉΓòÉΓòÉΓòÉΓòÉΓòÉΓòÉΓòÉΓòÉΓòÉΓòÉΓòÉΓòÉΓòÉΓòÉΓòÉΓòÉΓòÉΓòÉΓòÉΓòÉΓòÉΓòÉΓòÉΓòÉΓòÉΓòÉΓòÉΓòÉΓòÉΓòÉΓòÉΓòÉΓòÉΓòÉΓòÉΓòÉΓòÉΓòÉΓòÉΓòÉΓòÉΓòÉΓòÉΓòÉΓòÉΓòÉΓòÉΓòÉΓòÉΓòÉΓòÉΓòÉΓòÉΓòÉΓòÉΓòÉΓòÉΓòÉΓòÉΓòÉΓòÉΓòÉΓòÉΓòÉΓòÉΓòÉΓòÉΓòÉΓòÉΓòÉΓòÉΓòÉΓòÉΓòÉΓòÉ
ΓòÉΓòÉΓòí EXCEPTION CAUGHT BY RENDERING LIBRARY Γò₧ΓòÉΓòÉΓòÉΓòÉΓòÉΓòÉΓòÉΓòÉΓòÉΓòÉΓòÉΓòÉΓòÉΓòÉΓòÉΓòÉΓòÉΓòÉΓòÉΓòÉΓòÉΓòÉΓòÉΓòÉΓòÉΓòÉΓòÉΓòÉΓòÉΓòÉΓòÉΓòÉΓòÉΓòÉΓòÉΓòÉΓòÉΓòÉΓòÉΓòÉΓòÉΓòÉΓòÉΓòÉΓòÉΓòÉΓòÉΓòÉΓòÉΓòÉΓòÉΓòÉΓòÉΓòÉΓòÉΓòÉΓòÉ
The following assertion was thrown during performLayout():
RenderBox was not laid out: RenderDecoratedBox#79202 relayoutBoundary=up24 NEEDS-PAINT
NEEDS-COMPOSITING-BITS-UPDATE
'package:flutter/src/rendering/box.dart':
Failed assertion: line 2251 pos 12: 'hasSize'

Either the assertion indicates an error in the framework itself, or we should provide substantially
more information in this error message to help you determine and fix the underlying cause.
In either case, please report this assertion by filing a bug on GitHub:
  https://github.com/flutter/flutter/issues/new?template=02_bug.yml

The relevant error-causing widget was:
  Container Container:file:///D:/SEM%204/TaskProof/lib/dashboard.dart:549:31

When the exception was thrown, this was the stack:
#2      RenderBox.size (package:flutter/src/rendering/box.dart:2251:12)
#3      RenderConstrainedBox.performLayout (package:flutter/src/rendering/proxy_box.dart:297:21)
#4      RenderObject.layout (package:flutter/src/rendering/object.dart:2768:7)
#5      ChildLayoutHelper.layoutChild (package:flutter/src/rendering/layout_helper.dart:62:11)
#6      RenderFlex._computeSizes (package:flutter/src/rendering/flex.dart:1237:28)
#7      RenderFlex.performLayout (package:flutter/src/rendering/flex.dart:1329:32)
#8      RenderObject.layout (package:flutter/src/rendering/object.dart:2768:7)
#9      RenderConstrainedBox.performLayout (package:flutter/src/rendering/proxy_box.dart:296:14)
#10     RenderObject.layout (package:flutter/src/rendering/object.dart:2768:7)
#11     ChildLayoutHelper.layoutChild (package:flutter/src/rendering/layout_helper.dart:62:11)
#12     RenderFlex._computeSizes (package:flutter/src/rendering/flex.dart:1237:28)
#13     RenderFlex.performLayout (package:flutter/src/rendering/flex.dart:1329:32)
#14     RenderObject.layout (package:flutter/src/rendering/object.dart:2768:7)
#15     RenderPadding.performLayout (package:flutter/src/rendering/shifted_box.dart:262:12)
#16     RenderObject.layout (package:flutter/src/rendering/object.dart:2768:7)
#17     RenderConstrainedBox.performLayout (package:flutter/src/rendering/proxy_box.dart:296:14)
#18     RenderObject.layout (package:flutter/src/rendering/object.dart:2768:7)
#19     RenderConstrainedBox.performLayout (package:flutter/src/rendering/proxy_box.dart:296:14)
#20     RenderObject.layout (package:flutter/src/rendering/object.dart:2768:7)
#21     ChildLayoutHelper.layoutChild (package:flutter/src/rendering/layout_helper.dart:62:11)
#22     RenderStack._computeSize (package:flutter/src/rendering/stack.dart:645:43)
#23     RenderStack.performLayout (package:flutter/src/rendering/stack.dart:680:12)
#24     RenderObject.layout (package:flutter/src/rendering/object.dart:2768:7)
#25     RenderPadding.performLayout (package:flutter/src/rendering/shifted_box.dart:262:12)
#26     RenderObject.layout (package:flutter/src/rendering/object.dart:2768:7)
#27     RenderProxyBoxMixin.performLayout (package:flutter/src/rendering/proxy_box.dart:118:18)
#28     RenderObject.layout (package:flutter/src/rendering/object.dart:2768:7)
#29     RenderConstrainedBox.performLayout (package:flutter/src/rendering/proxy_box.dart:296:14)
#30     RenderObject.layout (package:flutter/src/rendering/object.dart:2768:7)
#31     RenderConstrainedBox.performLayout (package:flutter/src/rendering/proxy_box.dart:296:14)
#32     RenderObject.layout (package:flutter/src/rendering/object.dart:2768:7)
#33     ChildLayoutHelper.layoutChild (package:flutter/src/rendering/layout_helper.dart:62:11)
#34     RenderFlex._computeSizes (package:flutter/src/rendering/flex.dart:1237:28)
#35     RenderFlex.performLayout (package:flutter/src/rendering/flex.dart:1329:32)
#36     RenderObject.layout (package:flutter/src/rendering/object.dart:2768:7)
#37     _RenderSingleChildViewport.performLayout (package:flutter/src/widgets/single_child_scroll_view.dart:502:14)
#38     RenderObject.layout (package:flutter/src/rendering/object.dart:2768:7)
#39     RenderProxyBoxMixin.performLayout (package:flutter/src/rendering/proxy_box.dart:118:18)
#40     RenderObject.layout (package:flutter/src/rendering/object.dart:2768:7)
#41     RenderProxyBoxMixin.performLayout (package:flutter/src/rendering/proxy_box.dart:118:18)
#42     RenderObject.layout (package:flutter/src/rendering/object.dart:2768:7)
#43     RenderProxyBoxMixin.performLayout (package:flutter/src/rendering/proxy_box.dart:118:18)
#44     RenderObject.layout (package:flutter/src/rendering/object.dart:2768:7)
#45     RenderProxyBoxMixin.performLayout (package:flutter/src/rendering/proxy_box.dart:118:18)
#46     RenderObject.layout (package:flutter/src/rendering/object.dart:2768:7)
#47     RenderProxyBoxMixin.performLayout (package:flutter/src/rendering/proxy_box.dart:118:18)
#48     RenderObject.layout (package:flutter/src/rendering/object.dart:2768:7)
#49     RenderProxyBoxMixin.performLayout (package:flutter/src/rendering/proxy_box.dart:118:18)
#50     RenderObject.layout (package:flutter/src/rendering/object.dart:2768:7)
#51     RenderProxyBoxMixin.performLayout (package:flutter/src/rendering/proxy_box.dart:118:18)
#52     RenderObject.layout (package:flutter/src/rendering/object.dart:2768:7)
#53     RenderProxyBoxMixin.performLayout (package:flutter/src/rendering/proxy_box.dart:118:18)
#54     _RenderCustomClip.performLayout (package:flutter/src/rendering/proxy_box.dart:1549:11)
#55     RenderObject.layout (package:flutter/src/rendering/object.dart:2768:7)
#56     RenderPadding.performLayout (package:flutter/src/rendering/shifted_box.dart:262:12)
#57     RenderObject.layout (package:flutter/src/rendering/object.dart:2768:7)
#58     MultiChildLayoutDelegate.layoutChild (package:flutter/src/rendering/custom_layout.dart:180:12)
#59     _ScaffoldLayout.performLayout (package:flutter/src/material/scaffold.dart:1113:7)
#60     MultiChildLayoutDelegate._callPerformLayout (package:flutter/src/rendering/custom_layout.dart:246:7)
#61     RenderCustomMultiChildLayoutBox.performLayout (package:flutter/src/rendering/custom_layout.dart:417:14)
#62     RenderObject.layout (package:flutter/src/rendering/object.dart:2768:7)
#63     RenderProxyBoxMixin.performLayout (package:flutter/src/rendering/proxy_box.dart:118:18)
#64     RenderObject.layout (package:flutter/src/rendering/object.dart:2768:7)
#65     RenderProxyBoxMixin.performLayout (package:flutter/src/rendering/proxy_box.dart:118:18)
#66     _RenderCustomClip.performLayout (package:flutter/src/rendering/proxy_box.dart:1549:11)
#67     RenderObject.layout (package:flutter/src/rendering/object.dart:2768:7)
#68     RenderProxyBoxMixin.performLayout (package:flutter/src/rendering/proxy_box.dart:118:18)
#69     RenderObject.layout (package:flutter/src/rendering/object.dart:2768:7)
#70     RenderProxyBoxMixin.performLayout (package:flutter/src/rendering/proxy_box.dart:118:18)
#71     RenderObject.layout (package:flutter/src/rendering/object.dart:2768:7)
#72     RenderProxyBoxMixin.performLayout (package:flutter/src/rendering/proxy_box.dart:118:18)
#73     RenderObject.layout (package:flutter/src/rendering/object.dart:2768:7)
#74     RenderProxyBoxMixin.performLayout (package:flutter/src/rendering/proxy_box.dart:118:18)
#75     RenderObject.layout (package:flutter/src/rendering/object.dart:2768:7)
#76     RenderProxyBoxMixin.performLayout (package:flutter/src/rendering/proxy_box.dart:118:18)
#77     RenderObject.layout (package:flutter/src/rendering/object.dart:2768:7)
#78     RenderProxyBoxMixin.performLayout (package:flutter/src/rendering/proxy_box.dart:118:18)
#79     RenderObject.layout (package:flutter/src/rendering/object.dart:2768:7)
#80     RenderProxyBoxMixin.performLayout (package:flutter/src/rendering/proxy_box.dart:118:18)
#81     RenderObject.layout (package:flutter/src/rendering/object.dart:2768:7)
#82     RenderProxyBoxMixin.performLayout (package:flutter/src/rendering/proxy_box.dart:118:18)
#83     RenderObject.layout (package:flutter/src/rendering/object.dart:2768:7)
#84     RenderProxyBoxMixin.performLayout (package:flutter/src/rendering/proxy_box.dart:118:18)
#85     RenderObject.layout (package:flutter/src/rendering/object.dart:2768:7)
#86     RenderProxyBoxMixin.performLayout (package:flutter/src/rendering/proxy_box.dart:118:18)
#87     RenderObject.layout (package:flutter/src/rendering/object.dart:2768:7)
#88     RenderProxyBoxMixin.performLayout (package:flutter/src/rendering/proxy_box.dart:118:18)
#89     RenderObject.layout (package:flutter/src/rendering/object.dart:2768:7)
#90     RenderProxyBoxMixin.performLayout (package:flutter/src/rendering/proxy_box.dart:118:18)
#91     RenderObject.layout (package:flutter/src/rendering/object.dart:2768:7)
#92     RenderProxyBoxMixin.performLayout (package:flutter/src/rendering/proxy_box.dart:118:18)
#93     RenderObject.layout (package:flutter/src/rendering/object.dart:2768:7)
#94     RenderProxyBoxMixin.performLayout (package:flutter/src/rendering/proxy_box.dart:118:18)
#95     RenderObject.layout (package:flutter/src/rendering/object.dart:2768:7)
#96     RenderProxyBoxMixin.performLayout (package:flutter/src/rendering/proxy_box.dart:118:18)
#97     RenderObject.layout (package:flutter/src/rendering/object.dart:2768:7)
#98     RenderProxyBoxMixin.performLayout (package:flutter/src/rendering/proxy_box.dart:118:18)
#99     RenderOffstage.performLayout (package:flutter/src/rendering/proxy_box.dart:3923:13)
#100    RenderObject.layout (package:flutter/src/rendering/object.dart:2768:7)
#101    RenderProxyBoxMixin.performLayout (package:flutter/src/rendering/proxy_box.dart:118:18)
#102    RenderObject.layout (package:flutter/src/rendering/object.dart:2768:7)
#103    _RenderTheaterMixin.layoutChild (package:flutter/src/widgets/overlay.dart:1084:13)
#104    _RenderTheater.performLayout (package:flutter/src/widgets/overlay.dart:1429:9)
#105    RenderObject.layout (package:flutter/src/rendering/object.dart:2768:7)
#106    RenderProxyBoxMixin.performLayout (package:flutter/src/rendering/proxy_box.dart:118:18)
#107    RenderObject.layout (package:flutter/src/rendering/object.dart:2768:7)
#108    RenderProxyBoxMixin.performLayout (package:flutter/src/rendering/proxy_box.dart:118:18)
#109    RenderObject.layout (package:flutter/src/rendering/object.dart:2768:7)
#110    RenderProxyBoxMixin.performLayout (package:flutter/src/rendering/proxy_box.dart:118:18)
#111    RenderObject.layout (package:flutter/src/rendering/object.dart:2768:7)
#112    RenderProxyBoxMixin.performLayout (package:flutter/src/rendering/proxy_box.dart:118:18)
#113    RenderCustomPaint.performLayout (package:flutter/src/rendering/custom_paint.dart:574:11)
#114    RenderObject.layout (package:flutter/src/rendering/object.dart:2768:7)
#115    RenderProxyBoxMixin.performLayout (package:flutter/src/rendering/proxy_box.dart:118:18)
#116    RenderObject.layout (package:flutter/src/rendering/object.dart:2768:7)
#117    RenderProxyBoxMixin.performLayout (package:flutter/src/rendering/proxy_box.dart:118:18)
#118    RenderObject.layout (package:flutter/src/rendering/object.dart:2768:7)
#119    RenderProxyBoxMixin.performLayout (package:flutter/src/rendering/proxy_box.dart:118:18)
#120    RenderObject.layout (package:flutter/src/rendering/object.dart:2768:7)
#121    RenderProxyBoxMixin.performLayout (package:flutter/src/rendering/proxy_box.dart:118:18)
#122    RenderObject.layout (package:flutter/src/rendering/object.dart:2768:7)
#123    RenderProxyBoxMixin.performLayout (package:flutter/src/rendering/proxy_box.dart:118:18)
#124    RenderObject.layout (package:flutter/src/rendering/object.dart:2768:7)
#125    RenderProxyBoxMixin.performLayout (package:flutter/src/rendering/proxy_box.dart:118:18)
#126    RenderObject.layout (package:flutter/src/rendering/object.dart:2768:7)
#127    RenderView.performLayout (package:flutter/src/rendering/view.dart:292:12)
#128    RenderObject._layoutWithoutResize (package:flutter/src/rendering/object.dart:2616:7)
#129    PipelineOwner.flushLayout (package:flutter/src/rendering/object.dart:1174:18)
#130    PipelineOwner.flushLayout (package:flutter/src/rendering/object.dart:1187:15)
#131    AutomatedTestWidgetsFlutterBinding.drawFrame (package:flutter_test/src/binding.dart:2133:27)
#132    RendererBinding._handlePersistentFrameCallback (package:flutter/src/rendering/binding.dart:495:5)
#133    SchedulerBinding._invokeFrameCallback (package:flutter/src/scheduler/binding.dart:1430:15)
#134    SchedulerBinding.handleDrawFrame (package:flutter/src/scheduler/binding.dart:1345:9)
#135    AutomatedTestWidgetsFlutterBinding.pump.<anonymous closure> (package:flutter_test/src/binding.dart:1960:9)
#138    TestAsyncUtils.guard (package:flutter_test/src/test_async_utils.dart:74:41)
#139    AutomatedTestWidgetsFlutterBinding.pump (package:flutter_test/src/binding.dart:1949:27)
#140    WidgetTester.pumpWidget.<anonymous closure> (package:flutter_test/src/widget_tester.dart:598:22)
#143    TestAsyncUtils.guard (package:flutter_test/src/test_async_utils.dart:74:41)
#144    WidgetTester.pumpWidget (package:flutter_test/src/widget_tester.dart:595:27)
#145    main.<anonymous closure> (file:///D:/SEM%204/TaskProof/test/layout_test.dart:8:18)
#146    testWidgets.<anonymous closure>.<anonymous closure> (package:flutter_test/src/widget_tester.dart:192:29)
<asynchronous suspension>
#147    TestWidgetsFlutterBinding._runTestBody (package:flutter_test/src/binding.dart:1682:5)
<asynchronous suspension>
<asynchronous suspension>
(elided 7 frames from class _AssertionError, dart:async, and package:stack_trace)

The following RenderObject was being processed when the exception was fired: RenderConstrainedBox#846ea relayoutBoundary=up23 NEEDS-LAYOUT NEEDS-PAINT NEEDS-COMPOSITING-BITS-UPDATE:
  creator: ConstrainedBox ΓåÉ Container ΓåÉ Column ΓåÉ ConstrainedBox ΓåÉ Container ΓåÉ Column ΓåÉ Padding ΓåÉ
    ConstrainedBox ΓåÉ Container ΓåÉ ConstrainedBox ΓåÉ Stack ΓåÉ Padding ΓåÉ Γï»
  parentData: offset=Offset(0.0, 0.0); flex=null; fit=null (can use size)
  constraints: BoxConstraints(0.0<=w<=358.0, 0.0<=h<=Infinity)
  size: MISSING
  additionalConstraints: BoxConstraints(w=Infinity, 0.0<=h<=Infinity)
This RenderObject had the following descendants (showing up to depth 5):
    child: RenderDecoratedBox#79202 relayoutBoundary=up24 NEEDS-PAINT NEEDS-COMPOSITING-BITS-UPDATE
      child: RenderClipPath#4b7b3 relayoutBoundary=up25 NEEDS-PAINT NEEDS-COMPOSITING-BITS-UPDATE
        child: RenderPadding#29a32 relayoutBoundary=up26 NEEDS-PAINT NEEDS-COMPOSITING-BITS-UPDATE
          child: RenderFlex#c0760 relayoutBoundary=up27 NEEDS-PAINT NEEDS-COMPOSITING-BITS-UPDATE
            child 1: RenderConstrainedBox#5db34 relayoutBoundary=up28 NEEDS-PAINT NEEDS-COMPOSITING-BITS-UPDATE
            child 2: RenderConstrainedBox#c6593 NEEDS-LAYOUT NEEDS-PAINT NEEDS-COMPOSITING-BITS-UPDATE
            child 3: RenderConstrainedBox#cfed4 NEEDS-LAYOUT NEEDS-PAINT NEEDS-COMPOSITING-BITS-UPDATE
ΓòÉΓòÉΓòÉΓòÉΓòÉΓòÉΓòÉΓòÉΓòÉΓòÉΓòÉΓòÉΓòÉΓòÉΓòÉΓòÉΓòÉΓòÉΓòÉΓòÉΓòÉΓòÉΓòÉΓòÉΓòÉΓòÉΓòÉΓòÉΓòÉΓòÉΓòÉΓòÉΓòÉΓòÉΓòÉΓòÉΓòÉΓòÉΓòÉΓòÉΓòÉΓòÉΓòÉΓòÉΓòÉΓòÉΓòÉΓòÉΓòÉΓòÉΓòÉΓòÉΓòÉΓòÉΓòÉΓòÉΓòÉΓòÉΓòÉΓòÉΓòÉΓòÉΓòÉΓòÉΓòÉΓòÉΓòÉΓòÉΓòÉΓòÉΓòÉΓòÉΓòÉΓòÉΓòÉΓòÉΓòÉΓòÉΓòÉΓòÉΓòÉΓòÉΓòÉΓòÉΓòÉΓòÉΓòÉΓòÉΓòÉΓòÉΓòÉΓòÉΓòÉΓòÉΓòÉΓòÉΓòÉΓòÉΓòÉΓòÉ
ΓòÉΓòÉΓòí EXCEPTION CAUGHT BY RENDERING LIBRARY Γò₧ΓòÉΓòÉΓòÉΓòÉΓòÉΓòÉΓòÉΓòÉΓòÉΓòÉΓòÉΓòÉΓòÉΓòÉΓòÉΓòÉΓòÉΓòÉΓòÉΓòÉΓòÉΓòÉΓòÉΓòÉΓòÉΓòÉΓòÉΓòÉΓòÉΓòÉΓòÉΓòÉΓòÉΓòÉΓòÉΓòÉΓòÉΓòÉΓòÉΓòÉΓòÉΓòÉΓòÉΓòÉΓòÉΓòÉΓòÉΓòÉΓòÉΓòÉΓòÉΓòÉΓòÉΓòÉΓòÉΓòÉΓòÉ
The following assertion was thrown during performLayout():
RenderBox was not laid out: RenderConstrainedBox#846ea relayoutBoundary=up23 NEEDS-PAINT
NEEDS-COMPOSITING-BITS-UPDATE
'package:flutter/src/rendering/box.dart':
Failed assertion: line 2251 pos 12: 'hasSize'

Either the assertion indicates an error in the framework itself, or we should provide substantially
more information in this error message to help you determine and fix the underlying cause.
In either case, please report this assertion by filing a bug on GitHub:
  https://github.com/flutter/flutter/issues/new?template=02_bug.yml

The relevant error-causing widget was:
  Column Column:file:///D:/SEM%204/TaskProof/lib/dashboard.dart:495:34

When the exception was thrown, this was the stack:
#2      RenderBox.size (package:flutter/src/rendering/box.dart:2251:12)
#3      ChildLayoutHelper.layoutChild (package:flutter/src/rendering/layout_helper.dart:63:18)
#4      RenderFlex._computeSizes (package:flutter/src/rendering/flex.dart:1237:28)
#5      RenderFlex.performLayout (package:flutter/src/rendering/flex.dart:1329:32)
#6      RenderObject.layout (package:flutter/src/rendering/object.dart:2768:7)
#7      RenderConstrainedBox.performLayout (package:flutter/src/rendering/proxy_box.dart:296:14)
#8      RenderObject.layout (package:flutter/src/rendering/object.dart:2768:7)
#9      ChildLayoutHelper.layoutChild (package:flutter/src/rendering/layout_helper.dart:62:11)
#10     RenderFlex._computeSizes (package:flutter/src/rendering/flex.dart:1237:28)
#11     RenderFlex.performLayout (package:flutter/src/rendering/flex.dart:1329:32)
#12     RenderObject.layout (package:flutter/src/rendering/object.dart:2768:7)
#13     RenderPadding.performLayout (package:flutter/src/rendering/shifted_box.dart:262:12)
#14     RenderObject.layout (package:flutter/src/rendering/object.dart:2768:7)
#15     RenderConstrainedBox.performLayout (package:flutter/src/rendering/proxy_box.dart:296:14)
#16     RenderObject.layout (package:flutter/src/rendering/object.dart:2768:7)
#17     RenderConstrainedBox.performLayout (package:flutter/src/rendering/proxy_box.dart:296:14)
#18     RenderObject.layout (package:flutter/src/rendering/object.dart:2768:7)
#19     ChildLayoutHelper.layoutChild (package:flutter/src/rendering/layout_helper.dart:62:11)
#20     RenderStack._computeSize (package:flutter/src/rendering/stack.dart:645:43)
#21     RenderStack.performLayout (package:flutter/src/rendering/stack.dart:680:12)
#22     RenderObject.layout (package:flutter/src/rendering/object.dart:2768:7)
#23     RenderPadding.performLayout (package:flutter/src/rendering/shifted_box.dart:262:12)
#24     RenderObject.layout (package:flutter/src/rendering/object.dart:2768:7)
#25     RenderProxyBoxMixin.performLayout (package:flutter/src/rendering/proxy_box.dart:118:18)
#26     RenderObject.layout (package:flutter/src/rendering/object.dart:2768:7)
#27     RenderConstrainedBox.performLayout (package:flutter/src/rendering/proxy_box.dart:296:14)
#28     RenderObject.layout (package:flutter/src/rendering/object.dart:2768:7)
#29     RenderConstrainedBox.performLayout (package:flutter/src/rendering/proxy_box.dart:296:14)
#30     RenderObject.layout (package:flutter/src/rendering/object.dart:2768:7)
#31     ChildLayoutHelper.layoutChild (package:flutter/src/rendering/layout_helper.dart:62:11)
#32     RenderFlex._computeSizes (package:flutter/src/rendering/flex.dart:1237:28)
#33     RenderFlex.performLayout (package:flutter/src/rendering/flex.dart:1329:32)
#34     RenderObject.layout (package:flutter/src/rendering/object.dart:2768:7)
#35     _RenderSingleChildViewport.performLayout (package:flutter/src/widgets/single_child_scroll_view.dart:502:14)
#36     RenderObject.layout (package:flutter/src/rendering/object.dart:2768:7)
#37     RenderProxyBoxMixin.performLayout (package:flutter/src/rendering/proxy_box.dart:118:18)
#38     RenderObject.layout (package:flutter/src/rendering/object.dart:2768:7)
#39     RenderProxyBoxMixin.performLayout (package:flutter/src/rendering/proxy_box.dart:118:18)
#40     RenderObject.layout (package:flutter/src/rendering/object.dart:2768:7)
#41     RenderProxyBoxMixin.performLayout (package:flutter/src/rendering/proxy_box.dart:118:18)
#42     RenderObject.layout (package:flutter/src/rendering/object.dart:2768:7)
#43     RenderProxyBoxMixin.performLayout (package:flutter/src/rendering/proxy_box.dart:118:18)
#44     RenderObject.layout (package:flutter/src/rendering/object.dart:2768:7)
#45     RenderProxyBoxMixin.performLayout (package:flutter/src/rendering/proxy_box.dart:118:18)
#46     RenderObject.layout (package:flutter/src/rendering/object.dart:2768:7)
#47     RenderProxyBoxMixin.performLayout (package:flutter/src/rendering/proxy_box.dart:118:18)
#48     RenderObject.layout (package:flutter/src/rendering/object.dart:2768:7)
#49     RenderProxyBoxMixin.performLayout (package:flutter/src/rendering/proxy_box.dart:118:18)
#50     RenderObject.layout (package:flutter/src/rendering/object.dart:2768:7)
#51     RenderProxyBoxMixin.performLayout (package:flutter/src/rendering/proxy_box.dart:118:18)
#52     _RenderCustomClip.performLayout (package:flutter/src/rendering/proxy_box.dart:1549:11)
#53     RenderObject.layout (package:flutter/src/rendering/object.dart:2768:7)
#54     RenderPadding.performLayout (package:flutter/src/rendering/shifted_box.dart:262:12)
#55     RenderObject.layout (package:flutter/src/rendering/object.dart:2768:7)
#56     MultiChildLayoutDelegate.layoutChild (package:flutter/src/rendering/custom_layout.dart:180:12)
#57     _ScaffoldLayout.performLayout (package:flutter/src/material/scaffold.dart:1113:7)
#58     MultiChildLayoutDelegate._callPerformLayout (package:flutter/src/rendering/custom_layout.dart:246:7)
#59     RenderCustomMultiChildLayoutBox.performLayout (package:flutter/src/rendering/custom_layout.dart:417:14)
#60     RenderObject.layout (package:flutter/src/rendering/object.dart:2768:7)
#61     RenderProxyBoxMixin.performLayout (package:flutter/src/rendering/proxy_box.dart:118:18)
#62     RenderObject.layout (package:flutter/src/rendering/object.dart:2768:7)
#63     RenderProxyBoxMixin.performLayout (package:flutter/src/rendering/proxy_box.dart:118:18)
#64     _RenderCustomClip.performLayout (package:flutter/src/rendering/proxy_box.dart:1549:11)
#65     RenderObject.layout (package:flutter/src/rendering/object.dart:2768:7)
#66     RenderProxyBoxMixin.performLayout (package:flutter/src/rendering/proxy_box.dart:118:18)
#67     RenderObject.layout (package:flutter/src/rendering/object.dart:2768:7)
#68     RenderProxyBoxMixin.performLayout (package:flutter/src/rendering/proxy_box.dart:118:18)
#69     RenderObject.layout (package:flutter/src/rendering/object.dart:2768:7)
#70     RenderProxyBoxMixin.performLayout (package:flutter/src/rendering/proxy_box.dart:118:18)
#71     RenderObject.layout (package:flutter/src/rendering/object.dart:2768:7)
#72     RenderProxyBoxMixin.performLayout (package:flutter/src/rendering/proxy_box.dart:118:18)
#73     RenderObject.layout (package:flutter/src/rendering/object.dart:2768:7)
#74     RenderProxyBoxMixin.performLayout (package:flutter/src/rendering/proxy_box.dart:118:18)
#75     RenderObject.layout (package:flutter/src/rendering/object.dart:2768:7)
#76     RenderProxyBoxMixin.performLayout (package:flutter/src/rendering/proxy_box.dart:118:18)
#77     RenderObject.layout (package:flutter/src/rendering/object.dart:2768:7)
#78     RenderProxyBoxMixin.performLayout (package:flutter/src/rendering/proxy_box.dart:118:18)
#79     RenderObject.layout (package:flutter/src/rendering/object.dart:2768:7)
#80     RenderProxyBoxMixin.performLayout (package:flutter/src/rendering/proxy_box.dart:118:18)
#81     RenderObject.layout (package:flutter/src/rendering/object.dart:2768:7)
#82     RenderProxyBoxMixin.performLayout (package:flutter/src/rendering/proxy_box.dart:118:18)
#83     RenderObject.layout (package:flutter/src/rendering/object.dart:2768:7)
#84     RenderProxyBoxMixin.performLayout (package:flutter/src/rendering/proxy_box.dart:118:18)
#85     RenderObject.layout (package:flutter/src/rendering/object.dart:2768:7)
#86     RenderProxyBoxMixin.performLayout (package:flutter/src/rendering/proxy_box.dart:118:18)
#87     RenderObject.layout (package:flutter/src/rendering/object.dart:2768:7)
#88     RenderProxyBoxMixin.performLayout (package:flutter/src/rendering/proxy_box.dart:118:18)
#89     RenderObject.layout (package:flutter/src/rendering/object.dart:2768:7)
#90     RenderProxyBoxMixin.performLayout (package:flutter/src/rendering/proxy_box.dart:118:18)
#91     RenderObject.layout (package:flutter/src/rendering/object.dart:2768:7)
#92     RenderProxyBoxMixin.performLayout (package:flutter/src/rendering/proxy_box.dart:118:18)
#93     RenderObject.layout (package:flutter/src/rendering/object.dart:2768:7)
#94     RenderProxyBoxMixin.performLayout (package:flutter/src/rendering/proxy_box.dart:118:18)
#95     RenderObject.layout (package:flutter/src/rendering/object.dart:2768:7)
#96     RenderProxyBoxMixin.performLayout (package:flutter/src/rendering/proxy_box.dart:118:18)
#97     RenderOffstage.performLayout (package:flutter/src/rendering/proxy_box.dart:3923:13)
#98     RenderObject.layout (package:flutter/src/rendering/object.dart:2768:7)
#99     RenderProxyBoxMixin.performLayout (package:flutter/src/rendering/proxy_box.dart:118:18)
#100    RenderObject.layout (package:flutter/src/rendering/object.dart:2768:7)
#101    _RenderTheaterMixin.layoutChild (package:flutter/src/widgets/overlay.dart:1084:13)
#102    _RenderTheater.performLayout (package:flutter/src/widgets/overlay.dart:1429:9)
#103    RenderObject.layout (package:flutter/src/rendering/object.dart:2768:7)
#104    RenderProxyBoxMixin.performLayout (package:flutter/src/rendering/proxy_box.dart:118:18)
#105    RenderObject.layout (package:flutter/src/rendering/object.dart:2768:7)
#106    RenderProxyBoxMixin.performLayout (package:flutter/src/rendering/proxy_box.dart:118:18)
#107    RenderObject.layout (package:flutter/src/rendering/object.dart:2768:7)
#108    RenderProxyBoxMixin.performLayout (package:flutter/src/rendering/proxy_box.dart:118:18)
#109    RenderObject.layout (package:flutter/src/rendering/object.dart:2768:7)
#110    RenderProxyBoxMixin.performLayout (package:flutter/src/rendering/proxy_box.dart:118:18)
#111    RenderCustomPaint.performLayout (package:flutter/src/rendering/custom_paint.dart:574:11)
#112    RenderObject.layout (package:flutter/src/rendering/object.dart:2768:7)
#113    RenderProxyBoxMixin.performLayout (package:flutter/src/rendering/proxy_box.dart:118:18)
#114    RenderObject.layout (package:flutter/src/rendering/object.dart:2768:7)
#115    RenderProxyBoxMixin.performLayout (package:flutter/src/rendering/proxy_box.dart:118:18)
#116    RenderObject.layout (package:flutter/src/rendering/object.dart:2768:7)
#117    RenderProxyBoxMixin.performLayout (package:flutter/src/rendering/proxy_box.dart:118:18)
#118    RenderObject.layout (package:flutter/src/rendering/object.dart:2768:7)
#119    RenderProxyBoxMixin.performLayout (package:flutter/src/rendering/proxy_box.dart:118:18)
#120    RenderObject.layout (package:flutter/src/rendering/object.dart:2768:7)
#121    RenderProxyBoxMixin.performLayout (package:flutter/src/rendering/proxy_box.dart:118:18)
#122    RenderObject.layout (package:flutter/src/rendering/object.dart:2768:7)
#123    RenderProxyBoxMixin.performLayout (package:flutter/src/rendering/proxy_box.dart:118:18)
#124    RenderObject.layout (package:flutter/src/rendering/object.dart:2768:7)
#125    RenderView.performLayout (package:flutter/src/rendering/view.dart:292:12)
#126    RenderObject._layoutWithoutResize (package:flutter/src/rendering/object.dart:2616:7)
#127    PipelineOwner.flushLayout (package:flutter/src/rendering/object.dart:1174:18)
#128    PipelineOwner.flushLayout (package:flutter/src/rendering/object.dart:1187:15)
#129    AutomatedTestWidgetsFlutterBinding.drawFrame (package:flutter_test/src/binding.dart:2133:27)
#130    RendererBinding._handlePersistentFrameCallback (package:flutter/src/rendering/binding.dart:495:5)
#131    SchedulerBinding._invokeFrameCallback (package:flutter/src/scheduler/binding.dart:1430:15)
#132    SchedulerBinding.handleDrawFrame (package:flutter/src/scheduler/binding.dart:1345:9)
#133    AutomatedTestWidgetsFlutterBinding.pump.<anonymous closure> (package:flutter_test/src/binding.dart:1960:9)
#136    TestAsyncUtils.guard (package:flutter_test/src/test_async_utils.dart:74:41)
#137    AutomatedTestWidgetsFlutterBinding.pump (package:flutter_test/src/binding.dart:1949:27)
#138    WidgetTester.pumpWidget.<anonymous closure> (package:flutter_test/src/widget_tester.dart:598:22)
#141    TestAsyncUtils.guard (package:flutter_test/src/test_async_utils.dart:74:41)
#142    WidgetTester.pumpWidget (package:flutter_test/src/widget_tester.dart:595:27)
#143    main.<anonymous closure> (file:///D:/SEM%204/TaskProof/test/layout_test.dart:8:18)
#144    testWidgets.<anonymous closure>.<anonymous closure> (package:flutter_test/src/widget_tester.dart:192:29)
<asynchronous suspension>
#145    TestWidgetsFlutterBinding._runTestBody (package:flutter_test/src/binding.dart:1682:5)
<asynchronous suspension>
<asynchronous suspension>
(elided 7 frames from class _AssertionError, dart:async, and package:stack_trace)

The following RenderObject was being processed when the exception was fired: RenderFlex#2bf8b relayoutBoundary=up22 NEEDS-LAYOUT NEEDS-PAINT NEEDS-COMPOSITING-BITS-UPDATE:
  creator: Column ΓåÉ ConstrainedBox ΓåÉ Container ΓåÉ Column ΓåÉ Padding ΓåÉ ConstrainedBox ΓåÉ Container ΓåÉ
    ConstrainedBox ΓåÉ Stack ΓåÉ Padding ΓåÉ DecoratedBox ΓåÉ ConstrainedBox ΓåÉ Γï»
  parentData: <none> (can use size)
  constraints: BoxConstraints(w=358.0, 0.0<=h<=Infinity)
  size: MISSING
  direction: vertical
  mainAxisAlignment: start
  mainAxisSize: min
  crossAxisAlignment: start
  textDirection: ltr
  verticalDirection: down
  spacing: 16.0
This RenderObject had the following descendants (showing up to depth 5):
    child 1: RenderConstrainedBox#41e3d relayoutBoundary=up23 NEEDS-PAINT NEEDS-COMPOSITING-BITS-UPDATE
      child: RenderPadding#524fe relayoutBoundary=up24 NEEDS-PAINT NEEDS-COMPOSITING-BITS-UPDATE
        child: RenderFlex#953d9 relayoutBoundary=up25 NEEDS-PAINT NEEDS-COMPOSITING-BITS-UPDATE OVERFLOWING
          child 1: RenderFlex#b8fd5 relayoutBoundary=up26 NEEDS-PAINT NEEDS-COMPOSITING-BITS-UPDATE
            child 1: RenderParagraph#62bf3 relayoutBoundary=up27 NEEDS-PAINT
          child 2: RenderFlex#12745 relayoutBoundary=up26 NEEDS-PAINT NEEDS-COMPOSITING-BITS-UPDATE
            child 1: RenderParagraph#0ff42 relayoutBoundary=up27 NEEDS-PAINT
    child 2: RenderConstrainedBox#846ea relayoutBoundary=up23 NEEDS-PAINT NEEDS-COMPOSITING-BITS-UPDATE
      child: RenderDecoratedBox#79202 relayoutBoundary=up24 NEEDS-PAINT NEEDS-COMPOSITING-BITS-UPDATE
        child: RenderClipPath#4b7b3 relayoutBoundary=up25 NEEDS-PAINT NEEDS-COMPOSITING-BITS-UPDATE
          child: RenderPadding#29a32 relayoutBoundary=up26 NEEDS-PAINT NEEDS-COMPOSITING-BITS-UPDATE
            child: RenderFlex#c0760 relayoutBoundary=up27 NEEDS-PAINT NEEDS-COMPOSITING-BITS-UPDATE
    child 3: RenderConstrainedBox#727d4 NEEDS-LAYOUT NEEDS-PAINT NEEDS-COMPOSITING-BITS-UPDATE
      child: RenderDecoratedBox#db29a NEEDS-LAYOUT NEEDS-PAINT NEEDS-COMPOSITING-BITS-UPDATE
        child: RenderClipPath#4eca4 NEEDS-LAYOUT NEEDS-PAINT NEEDS-COMPOSITING-BITS-UPDATE
          child: RenderPadding#afc50 NEEDS-LAYOUT NEEDS-PAINT NEEDS-COMPOSITING-BITS-UPDATE
            child: RenderFlex#aa1e1 NEEDS-LAYOUT NEEDS-PAINT NEEDS-COMPOSITING-BITS-UPDATE
ΓòÉΓòÉΓòÉΓòÉΓòÉΓòÉΓòÉΓòÉΓòÉΓòÉΓòÉΓòÉΓòÉΓòÉΓòÉΓòÉΓòÉΓòÉΓòÉΓòÉΓòÉΓòÉΓòÉΓòÉΓòÉΓòÉΓòÉΓòÉΓòÉΓòÉΓòÉΓòÉΓòÉΓòÉΓòÉΓòÉΓòÉΓòÉΓòÉΓòÉΓòÉΓòÉΓòÉΓòÉΓòÉΓòÉΓòÉΓòÉΓòÉΓòÉΓòÉΓòÉΓòÉΓòÉΓòÉΓòÉΓòÉΓòÉΓòÉΓòÉΓòÉΓòÉΓòÉΓòÉΓòÉΓòÉΓòÉΓòÉΓòÉΓòÉΓòÉΓòÉΓòÉΓòÉΓòÉΓòÉΓòÉΓòÉΓòÉΓòÉΓòÉΓòÉΓòÉΓòÉΓòÉΓòÉΓòÉΓòÉΓòÉΓòÉΓòÉΓòÉΓòÉΓòÉΓòÉΓòÉΓòÉΓòÉΓòÉΓòÉ
ΓòÉΓòÉΓòí EXCEPTION CAUGHT BY RENDERING LIBRARY Γò₧ΓòÉΓòÉΓòÉΓòÉΓòÉΓòÉΓòÉΓòÉΓòÉΓòÉΓòÉΓòÉΓòÉΓòÉΓòÉΓòÉΓòÉΓòÉΓòÉΓòÉΓòÉΓòÉΓòÉΓòÉΓòÉΓòÉΓòÉΓòÉΓòÉΓòÉΓòÉΓòÉΓòÉΓòÉΓòÉΓòÉΓòÉΓòÉΓòÉΓòÉΓòÉΓòÉΓòÉΓòÉΓòÉΓòÉΓòÉΓòÉΓòÉΓòÉΓòÉΓòÉΓòÉΓòÉΓòÉΓòÉΓòÉ
The following assertion was thrown during performLayout():
RenderBox was not laid out: RenderFlex#2bf8b relayoutBoundary=up22 NEEDS-PAINT
NEEDS-COMPOSITING-BITS-UPDATE
'package:flutter/src/rendering/box.dart':
Failed assertion: line 2251 pos 12: 'hasSize'

Either the assertion indicates an error in the framework itself, or we should provide substantially
more information in this error message to help you determine and fix the underlying cause.
In either case, please report this assertion by filing a bug on GitHub:
  https://github.com/flutter/flutter/issues/new?template=02_bug.yml

The relevant error-causing widget was:
  Container Container:file:///D:/SEM%204/TaskProof/lib/dashboard.dart:493:25

When the exception was thrown, this was the stack:
#2      RenderBox.size (package:flutter/src/rendering/box.dart:2251:12)
#3      RenderConstrainedBox.performLayout (package:flutter/src/rendering/proxy_box.dart:297:21)
#4      RenderObject.layout (package:flutter/src/rendering/object.dart:2768:7)
#5      ChildLayoutHelper.layoutChild (package:flutter/src/rendering/layout_helper.dart:62:11)
#6      RenderFlex._computeSizes (package:flutter/src/rendering/flex.dart:1237:28)
#7      RenderFlex.performLayout (package:flutter/src/rendering/flex.dart:1329:32)
#8      RenderObject.layout (package:flutter/src/rendering/object.dart:2768:7)
#9      RenderPadding.performLayout (package:flutter/src/rendering/shifted_box.dart:262:12)
#10     RenderObject.layout (package:flutter/src/rendering/object.dart:2768:7)
#11     RenderConstrainedBox.performLayout (package:flutter/src/rendering/proxy_box.dart:296:14)
#12     RenderObject.layout (package:flutter/src/rendering/object.dart:2768:7)
#13     RenderConstrainedBox.performLayout (package:flutter/src/rendering/proxy_box.dart:296:14)
#14     RenderObject.layout (package:flutter/src/rendering/object.dart:2768:7)
#15     ChildLayoutHelper.layoutChild (package:flutter/src/rendering/layout_helper.dart:62:11)
#16     RenderStack._computeSize (package:flutter/src/rendering/stack.dart:645:43)
#17     RenderStack.performLayout (package:flutter/src/rendering/stack.dart:680:12)
#18     RenderObject.layout (package:flutter/src/rendering/object.dart:2768:7)
#19     RenderPadding.performLayout (package:flutter/src/rendering/shifted_box.dart:262:12)
#20     RenderObject.layout (package:flutter/src/rendering/object.dart:2768:7)
#21     RenderProxyBoxMixin.performLayout (package:flutter/src/rendering/proxy_box.dart:118:18)
#22     RenderObject.layout (package:flutter/src/rendering/object.dart:2768:7)
#23     RenderConstrainedBox.performLayout (package:flutter/src/rendering/proxy_box.dart:296:14)
#24     RenderObject.layout (package:flutter/src/rendering/object.dart:2768:7)
#25     RenderConstrainedBox.performLayout (package:flutter/src/rendering/proxy_box.dart:296:14)
#26     RenderObject.layout (package:flutter/src/rendering/object.dart:2768:7)
#27     ChildLayoutHelper.layoutChild (package:flutter/src/rendering/layout_helper.dart:62:11)
#28     RenderFlex._computeSizes (package:flutter/src/rendering/flex.dart:1237:28)
#29     RenderFlex.performLayout (package:flutter/src/rendering/flex.dart:1329:32)
#30     RenderObject.layout (package:flutter/src/rendering/object.dart:2768:7)
#31     _RenderSingleChildViewport.performLayout (package:flutter/src/widgets/single_child_scroll_view.dart:502:14)
#32     RenderObject.layout (package:flutter/src/rendering/object.dart:2768:7)
#33     RenderProxyBoxMixin.performLayout (package:flutter/src/rendering/proxy_box.dart:118:18)
#34     RenderObject.layout (package:flutter/src/rendering/object.dart:2768:7)
#35     RenderProxyBoxMixin.performLayout (package:flutter/src/rendering/proxy_box.dart:118:18)
#36     RenderObject.layout (package:flutter/src/rendering/object.dart:2768:7)
#37     RenderProxyBoxMixin.performLayout (package:flutter/src/rendering/proxy_box.dart:118:18)
#38     RenderObject.layout (package:flutter/src/rendering/object.dart:2768:7)
#39     RenderProxyBoxMixin.performLayout (package:flutter/src/rendering/proxy_box.dart:118:18)
#40     RenderObject.layout (package:flutter/src/rendering/object.dart:2768:7)
#41     RenderProxyBoxMixin.performLayout (package:flutter/src/rendering/proxy_box.dart:118:18)
#42     RenderObject.layout (package:flutter/src/rendering/object.dart:2768:7)
#43     RenderProxyBoxMixin.performLayout (package:flutter/src/rendering/proxy_box.dart:118:18)
#44     RenderObject.layout (package:flutter/src/rendering/object.dart:2768:7)
#45     RenderProxyBoxMixin.performLayout (package:flutter/src/rendering/proxy_box.dart:118:18)
#46     RenderObject.layout (package:flutter/src/rendering/object.dart:2768:7)
#47     RenderProxyBoxMixin.performLayout (package:flutter/src/rendering/proxy_box.dart:118:18)
#48     _RenderCustomClip.performLayout (package:flutter/src/rendering/proxy_box.dart:1549:11)
#49     RenderObject.layout (package:flutter/src/rendering/object.dart:2768:7)
#50     RenderPadding.performLayout (package:flutter/src/rendering/shifted_box.dart:262:12)
#51     RenderObject.layout (package:flutter/src/rendering/object.dart:2768:7)
#52     MultiChildLayoutDelegate.layoutChild (package:flutter/src/rendering/custom_layout.dart:180:12)
#53     _ScaffoldLayout.performLayout (package:flutter/src/material/scaffold.dart:1113:7)
#54     MultiChildLayoutDelegate._callPerformLayout (package:flutter/src/rendering/custom_layout.dart:246:7)
#55     RenderCustomMultiChildLayoutBox.performLayout (package:flutter/src/rendering/custom_layout.dart:417:14)
#56     RenderObject.layout (package:flutter/src/rendering/object.dart:2768:7)
#57     RenderProxyBoxMixin.performLayout (package:flutter/src/rendering/proxy_box.dart:118:18)
#58     RenderObject.layout (package:flutter/src/rendering/object.dart:2768:7)
#59     RenderProxyBoxMixin.performLayout (package:flutter/src/rendering/proxy_box.dart:118:18)
#60     _RenderCustomClip.performLayout (package:flutter/src/rendering/proxy_box.dart:1549:11)
#61     RenderObject.layout (package:flutter/src/rendering/object.dart:2768:7)
#62     RenderProxyBoxMixin.performLayout (package:flutter/src/rendering/proxy_box.dart:118:18)
#63     RenderObject.layout (package:flutter/src/rendering/object.dart:2768:7)
#64     RenderProxyBoxMixin.performLayout (package:flutter/src/rendering/proxy_box.dart:118:18)
#65     RenderObject.layout (package:flutter/src/rendering/object.dart:2768:7)
#66     RenderProxyBoxMixin.performLayout (package:flutter/src/rendering/proxy_box.dart:118:18)
#67     RenderObject.layout (package:flutter/src/rendering/object.dart:2768:7)
#68     RenderProxyBoxMixin.performLayout (package:flutter/src/rendering/proxy_box.dart:118:18)
#69     RenderObject.layout (package:flutter/src/rendering/object.dart:2768:7)
#70     RenderProxyBoxMixin.performLayout (package:flutter/src/rendering/proxy_box.dart:118:18)
#71     RenderObject.layout (package:flutter/src/rendering/object.dart:2768:7)
#72     RenderProxyBoxMixin.performLayout (package:flutter/src/rendering/proxy_box.dart:118:18)
#73     RenderObject.layout (package:flutter/src/rendering/object.dart:2768:7)
#74     RenderProxyBoxMixin.performLayout (package:flutter/src/rendering/proxy_box.dart:118:18)
#75     RenderObject.layout (package:flutter/src/rendering/object.dart:2768:7)
#76     RenderProxyBoxMixin.performLayout (package:flutter/src/rendering/proxy_box.dart:118:18)
#77     RenderObject.layout (package:flutter/src/rendering/object.dart:2768:7)
#78     RenderProxyBoxMixin.performLayout (package:flutter/src/rendering/proxy_box.dart:118:18)
#79     RenderObject.layout (package:flutter/src/rendering/object.dart:2768:7)
#80     RenderProxyBoxMixin.performLayout (package:flutter/src/rendering/proxy_box.dart:118:18)
#81     RenderObject.layout (package:flutter/src/rendering/object.dart:2768:7)
#82     RenderProxyBoxMixin.performLayout (package:flutter/src/rendering/proxy_box.dart:118:18)
#83     RenderObject.layout (package:flutter/src/rendering/object.dart:2768:7)
#84     RenderProxyBoxMixin.performLayout (package:flutter/src/rendering/proxy_box.dart:118:18)
#85     RenderObject.layout (package:flutter/src/rendering/object.dart:2768:7)
#86     RenderProxyBoxMixin.performLayout (package:flutter/src/rendering/proxy_box.dart:118:18)
#87     RenderObject.layout (package:flutter/src/rendering/object.dart:2768:7)
#88     RenderProxyBoxMixin.performLayout (package:flutter/src/rendering/proxy_box.dart:118:18)
#89     RenderObject.layout (package:flutter/src/rendering/object.dart:2768:7)
#90     RenderProxyBoxMixin.performLayout (package:flutter/src/rendering/proxy_box.dart:118:18)
#91     RenderObject.layout (package:flutter/src/rendering/object.dart:2768:7)
#92     RenderProxyBoxMixin.performLayout (package:flutter/src/rendering/proxy_box.dart:118:18)
#93     RenderOffstage.performLayout (package:flutter/src/rendering/proxy_box.dart:3923:13)
#94     RenderObject.layout (package:flutter/src/rendering/object.dart:2768:7)
#95     RenderProxyBoxMixin.performLayout (package:flutter/src/rendering/proxy_box.dart:118:18)
#96     RenderObject.layout (package:flutter/src/rendering/object.dart:2768:7)
#97     _RenderTheaterMixin.layoutChild (package:flutter/src/widgets/overlay.dart:1084:13)
#98     _RenderTheater.performLayout (package:flutter/src/widgets/overlay.dart:1429:9)
#99     RenderObject.layout (package:flutter/src/rendering/object.dart:2768:7)
#100    RenderProxyBoxMixin.performLayout (package:flutter/src/rendering/proxy_box.dart:118:18)
#101    RenderObject.layout (package:flutter/src/rendering/object.dart:2768:7)
#102    RenderProxyBoxMixin.performLayout (package:flutter/src/rendering/proxy_box.dart:118:18)
#103    RenderObject.layout (package:flutter/src/rendering/object.dart:2768:7)
#104    RenderProxyBoxMixin.performLayout (package:flutter/src/rendering/proxy_box.dart:118:18)
#105    RenderObject.layout (package:flutter/src/rendering/object.dart:2768:7)
#106    RenderProxyBoxMixin.performLayout (package:flutter/src/rendering/proxy_box.dart:118:18)
#107    RenderCustomPaint.performLayout (package:flutter/src/rendering/custom_paint.dart:574:11)
#108    RenderObject.layout (package:flutter/src/rendering/object.dart:2768:7)
#109    RenderProxyBoxMixin.performLayout (package:flutter/src/rendering/proxy_box.dart:118:18)
#110    RenderObject.layout (package:flutter/src/rendering/object.dart:2768:7)
#111    RenderProxyBoxMixin.performLayout (package:flutter/src/rendering/proxy_box.dart:118:18)
#112    RenderObject.layout (package:flutter/src/rendering/object.dart:2768:7)
#113    RenderProxyBoxMixin.performLayout (package:flutter/src/rendering/proxy_box.dart:118:18)
#114    RenderObject.layout (package:flutter/src/rendering/object.dart:2768:7)
#115    RenderProxyBoxMixin.performLayout (package:flutter/src/rendering/proxy_box.dart:118:18)
#116    RenderObject.layout (package:flutter/src/rendering/object.dart:2768:7)
#117    RenderProxyBoxMixin.performLayout (package:flutter/src/rendering/proxy_box.dart:118:18)
#118    RenderObject.layout (package:flutter/src/rendering/object.dart:2768:7)
#119    RenderProxyBoxMixin.performLayout (package:flutter/src/rendering/proxy_box.dart:118:18)
#120    RenderObject.layout (package:flutter/src/rendering/object.dart:2768:7)
#121    RenderView.performLayout (package:flutter/src/rendering/view.dart:292:12)
#122    RenderObject._layoutWithoutResize (package:flutter/src/rendering/object.dart:2616:7)
#123    PipelineOwner.flushLayout (package:flutter/src/rendering/object.dart:1174:18)
#124    PipelineOwner.flushLayout (package:flutter/src/rendering/object.dart:1187:15)
#125    AutomatedTestWidgetsFlutterBinding.drawFrame (package:flutter_test/src/binding.dart:2133:27)
#126    RendererBinding._handlePersistentFrameCallback (package:flutter/src/rendering/binding.dart:495:5)
#127    SchedulerBinding._invokeFrameCallback (package:flutter/src/scheduler/binding.dart:1430:15)
#128    SchedulerBinding.handleDrawFrame (package:flutter/src/scheduler/binding.dart:1345:9)
#129    AutomatedTestWidgetsFlutterBinding.pump.<anonymous closure> (package:flutter_test/src/binding.dart:1960:9)
#132    TestAsyncUtils.guard (package:flutter_test/src/test_async_utils.dart:74:41)
#133    AutomatedTestWidgetsFlutterBinding.pump (package:flutter_test/src/binding.dart:1949:27)
#134    WidgetTester.pumpWidget.<anonymous closure> (package:flutter_test/src/widget_tester.dart:598:22)
#137    TestAsyncUtils.guard (package:flutter_test/src/test_async_utils.dart:74:41)
#138    WidgetTester.pumpWidget (package:flutter_test/src/widget_tester.dart:595:27)
#139    main.<anonymous closure> (file:///D:/SEM%204/TaskProof/test/layout_test.dart:8:18)
#140    testWidgets.<anonymous closure>.<anonymous closure> (package:flutter_test/src/widget_tester.dart:192:29)
<asynchronous suspension>
#141    TestWidgetsFlutterBinding._runTestBody (package:flutter_test/src/binding.dart:1682:5)
<asynchronous suspension>
<asynchronous suspension>
(elided 7 frames from class _AssertionError, dart:async, and package:stack_trace)

The following RenderObject was being processed when the exception was fired: RenderConstrainedBox#ad705 relayoutBoundary=up21 NEEDS-LAYOUT NEEDS-PAINT NEEDS-COMPOSITING-BITS-UPDATE:
  creator: ConstrainedBox ΓåÉ Container ΓåÉ Column ΓåÉ Padding ΓåÉ ConstrainedBox ΓåÉ Container ΓåÉ ConstrainedBox
    ΓåÉ Stack ΓåÉ Padding ΓåÉ DecoratedBox ΓåÉ ConstrainedBox ΓåÉ Container ΓåÉ Γï»
  parentData: offset=Offset(0.0, 0.0); flex=null; fit=null (can use size)
  constraints: BoxConstraints(0.0<=w<=358.0, 0.0<=h<=Infinity)
  size: MISSING
  additionalConstraints: BoxConstraints(w=Infinity, 0.0<=h<=Infinity)
This RenderObject had the following descendants (showing up to depth 5):
    child: RenderFlex#2bf8b relayoutBoundary=up22 NEEDS-PAINT NEEDS-COMPOSITING-BITS-UPDATE
      child 1: RenderConstrainedBox#41e3d relayoutBoundary=up23 NEEDS-PAINT NEEDS-COMPOSITING-BITS-UPDATE
        child: RenderPadding#524fe relayoutBoundary=up24 NEEDS-PAINT NEEDS-COMPOSITING-BITS-UPDATE
          child: RenderFlex#953d9 relayoutBoundary=up25 NEEDS-PAINT NEEDS-COMPOSITING-BITS-UPDATE OVERFLOWING
            child 1: RenderFlex#b8fd5 relayoutBoundary=up26 NEEDS-PAINT NEEDS-COMPOSITING-BITS-UPDATE
            child 2: RenderFlex#12745 relayoutBoundary=up26 NEEDS-PAINT NEEDS-COMPOSITING-BITS-UPDATE
      child 2: RenderConstrainedBox#846ea relayoutBoundary=up23 NEEDS-PAINT NEEDS-COMPOSITING-BITS-UPDATE
        child: RenderDecoratedBox#79202 relayoutBoundary=up24 NEEDS-PAINT NEEDS-COMPOSITING-BITS-UPDATE
          child: RenderClipPath#4b7b3 relayoutBoundary=up25 NEEDS-PAINT NEEDS-COMPOSITING-BITS-UPDATE
            child: RenderPadding#29a32 relayoutBoundary=up26 NEEDS-PAINT NEEDS-COMPOSITING-BITS-UPDATE
      child 3: RenderConstrainedBox#727d4 NEEDS-LAYOUT NEEDS-PAINT NEEDS-COMPOSITING-BITS-UPDATE
        child: RenderDecoratedBox#db29a NEEDS-LAYOUT NEEDS-PAINT NEEDS-COMPOSITING-BITS-UPDATE
          child: RenderClipPath#4eca4 NEEDS-LAYOUT NEEDS-PAINT NEEDS-COMPOSITING-BITS-UPDATE
            child: RenderPadding#afc50 NEEDS-LAYOUT NEEDS-PAINT NEEDS-COMPOSITING-BITS-UPDATE
ΓòÉΓòÉΓòÉΓòÉΓòÉΓòÉΓòÉΓòÉΓòÉΓòÉΓòÉΓòÉΓòÉΓòÉΓòÉΓòÉΓòÉΓòÉΓòÉΓòÉΓòÉΓòÉΓòÉΓòÉΓòÉΓòÉΓòÉΓòÉΓòÉΓòÉΓòÉΓòÉΓòÉΓòÉΓòÉΓòÉΓòÉΓòÉΓòÉΓòÉΓòÉΓòÉΓòÉΓòÉΓòÉΓòÉΓòÉΓòÉΓòÉΓòÉΓòÉΓòÉΓòÉΓòÉΓòÉΓòÉΓòÉΓòÉΓòÉΓòÉΓòÉΓòÉΓòÉΓòÉΓòÉΓòÉΓòÉΓòÉΓòÉΓòÉΓòÉΓòÉΓòÉΓòÉΓòÉΓòÉΓòÉΓòÉΓòÉΓòÉΓòÉΓòÉΓòÉΓòÉΓòÉΓòÉΓòÉΓòÉΓòÉΓòÉΓòÉΓòÉΓòÉΓòÉΓòÉΓòÉΓòÉΓòÉΓòÉΓòÉ
ΓòÉΓòÉΓòí EXCEPTION CAUGHT BY RENDERING LIBRARY Γò₧ΓòÉΓòÉΓòÉΓòÉΓòÉΓòÉΓòÉΓòÉΓòÉΓòÉΓòÉΓòÉΓòÉΓòÉΓòÉΓòÉΓòÉΓòÉΓòÉΓòÉΓòÉΓòÉΓòÉΓòÉΓòÉΓòÉΓòÉΓòÉΓòÉΓòÉΓòÉΓòÉΓòÉΓòÉΓòÉΓòÉΓòÉΓòÉΓòÉΓòÉΓòÉΓòÉΓòÉΓòÉΓòÉΓòÉΓòÉΓòÉΓòÉΓòÉΓòÉΓòÉΓòÉΓòÉΓòÉΓòÉΓòÉ
The following assertion was thrown during performLayout():
RenderBox was not laid out: RenderConstrainedBox#ad705 relayoutBoundary=up21 NEEDS-PAINT
NEEDS-COMPOSITING-BITS-UPDATE
'package:flutter/src/rendering/box.dart':
Failed assertion: line 2251 pos 12: 'hasSize'

Either the assertion indicates an error in the framework itself, or we should provide substantially
more information in this error message to help you determine and fix the underlying cause.
In either case, please report this assertion by filing a bug on GitHub:
  https://github.com/flutter/flutter/issues/new?template=02_bug.yml

The relevant error-causing widget was:
  Column Column:file:///D:/SEM%204/TaskProof/lib/dashboard.dart:46:28

When the exception was thrown, this was the stack:
#2      RenderBox.size (package:flutter/src/rendering/box.dart:2251:12)
#3      ChildLayoutHelper.layoutChild (package:flutter/src/rendering/layout_helper.dart:63:18)
#4      RenderFlex._computeSizes (package:flutter/src/rendering/flex.dart:1237:28)
#5      RenderFlex.performLayout (package:flutter/src/rendering/flex.dart:1329:32)
#6      RenderObject.layout (package:flutter/src/rendering/object.dart:2768:7)
#7      RenderPadding.performLayout (package:flutter/src/rendering/shifted_box.dart:262:12)
#8      RenderObject.layout (package:flutter/src/rendering/object.dart:2768:7)
#9      RenderConstrainedBox.performLayout (package:flutter/src/rendering/proxy_box.dart:296:14)
#10     RenderObject.layout (package:flutter/src/rendering/object.dart:2768:7)
#11     RenderConstrainedBox.performLayout (package:flutter/src/rendering/proxy_box.dart:296:14)
#12     RenderObject.layout (package:flutter/src/rendering/object.dart:2768:7)
#13     ChildLayoutHelper.layoutChild (package:flutter/src/rendering/layout_helper.dart:62:11)
#14     RenderStack._computeSize (package:flutter/src/rendering/stack.dart:645:43)
#15     RenderStack.performLayout (package:flutter/src/rendering/stack.dart:680:12)
#16     RenderObject.layout (package:flutter/src/rendering/object.dart:2768:7)
#17     RenderPadding.performLayout (package:flutter/src/rendering/shifted_box.dart:262:12)
#18     RenderObject.layout (package:flutter/src/rendering/object.dart:2768:7)
#19     RenderProxyBoxMixin.performLayout (package:flutter/src/rendering/proxy_box.dart:118:18)
#20     RenderObject.layout (package:flutter/src/rendering/object.dart:2768:7)
#21     RenderConstrainedBox.performLayout (package:flutter/src/rendering/proxy_box.dart:296:14)
#22     RenderObject.layout (package:flutter/src/rendering/object.dart:2768:7)
#23     RenderConstrainedBox.performLayout (package:flutter/src/rendering/proxy_box.dart:296:14)
#24     RenderObject.layout (package:flutter/src/rendering/object.dart:2768:7)
#25     ChildLayoutHelper.layoutChild (package:flutter/src/rendering/layout_helper.dart:62:11)
#26     RenderFlex._computeSizes (package:flutter/src/rendering/flex.dart:1237:28)
#27     RenderFlex.performLayout (package:flutter/src/rendering/flex.dart:1329:32)
#28     RenderObject.layout (package:flutter/src/rendering/object.dart:2768:7)
#29     _RenderSingleChildViewport.performLayout (package:flutter/src/widgets/single_child_scroll_view.dart:502:14)
#30     RenderObject.layout (package:flutter/src/rendering/object.dart:2768:7)
#31     RenderProxyBoxMixin.performLayout (package:flutter/src/rendering/proxy_box.dart:118:18)
#32     RenderObject.layout (package:flutter/src/rendering/object.dart:2768:7)
#33     RenderProxyBoxMixin.performLayout (package:flutter/src/rendering/proxy_box.dart:118:18)
#34     RenderObject.layout (package:flutter/src/rendering/object.dart:2768:7)
#35     RenderProxyBoxMixin.performLayout (package:flutter/src/rendering/proxy_box.dart:118:18)
#36     RenderObject.layout (package:flutter/src/rendering/object.dart:2768:7)
#37     RenderProxyBoxMixin.performLayout (package:flutter/src/rendering/proxy_box.dart:118:18)
#38     RenderObject.layout (package:flutter/src/rendering/object.dart:2768:7)
#39     RenderProxyBoxMixin.performLayout (package:flutter/src/rendering/proxy_box.dart:118:18)
#40     RenderObject.layout (package:flutter/src/rendering/object.dart:2768:7)
#41     RenderProxyBoxMixin.performLayout (package:flutter/src/rendering/proxy_box.dart:118:18)
#42     RenderObject.layout (package:flutter/src/rendering/object.dart:2768:7)
#43     RenderProxyBoxMixin.performLayout (package:flutter/src/rendering/proxy_box.dart:118:18)
#44     RenderObject.layout (package:flutter/src/rendering/object.dart:2768:7)
#45     RenderProxyBoxMixin.performLayout (package:flutter/src/rendering/proxy_box.dart:118:18)
#46     _RenderCustomClip.performLayout (package:flutter/src/rendering/proxy_box.dart:1549:11)
#47     RenderObject.layout (package:flutter/src/rendering/object.dart:2768:7)
#48     RenderPadding.performLayout (package:flutter/src/rendering/shifted_box.dart:262:12)
#49     RenderObject.layout (package:flutter/src/rendering/object.dart:2768:7)
#50     MultiChildLayoutDelegate.layoutChild (package:flutter/src/rendering/custom_layout.dart:180:12)
#51     _ScaffoldLayout.performLayout (package:flutter/src/material/scaffold.dart:1113:7)
#52     MultiChildLayoutDelegate._callPerformLayout (package:flutter/src/rendering/custom_layout.dart:246:7)
#53     RenderCustomMultiChildLayoutBox.performLayout (package:flutter/src/rendering/custom_layout.dart:417:14)
#54     RenderObject.layout (package:flutter/src/rendering/object.dart:2768:7)
#55     RenderProxyBoxMixin.performLayout (package:flutter/src/rendering/proxy_box.dart:118:18)
#56     RenderObject.layout (package:flutter/src/rendering/object.dart:2768:7)
#57     RenderProxyBoxMixin.performLayout (package:flutter/src/rendering/proxy_box.dart:118:18)
#58     _RenderCustomClip.performLayout (package:flutter/src/rendering/proxy_box.dart:1549:11)
#59     RenderObject.layout (package:flutter/src/rendering/object.dart:2768:7)
#60     RenderProxyBoxMixin.performLayout (package:flutter/src/rendering/proxy_box.dart:118:18)
#61     RenderObject.layout (package:flutter/src/rendering/object.dart:2768:7)
#62     RenderProxyBoxMixin.performLayout (package:flutter/src/rendering/proxy_box.dart:118:18)
#63     RenderObject.layout (package:flutter/src/rendering/object.dart:2768:7)
#64     RenderProxyBoxMixin.performLayout (package:flutter/src/rendering/proxy_box.dart:118:18)
#65     RenderObject.layout (package:flutter/src/rendering/object.dart:2768:7)
#66     RenderProxyBoxMixin.performLayout (package:flutter/src/rendering/proxy_box.dart:118:18)
#67     RenderObject.layout (package:flutter/src/rendering/object.dart:2768:7)
#68     RenderProxyBoxMixin.performLayout (package:flutter/src/rendering/proxy_box.dart:118:18)
#69     RenderObject.layout (package:flutter/src/rendering/object.dart:2768:7)
#70     RenderProxyBoxMixin.performLayout (package:flutter/src/rendering/proxy_box.dart:118:18)
#71     RenderObject.layout (package:flutter/src/rendering/object.dart:2768:7)
#72     RenderProxyBoxMixin.performLayout (package:flutter/src/rendering/proxy_box.dart:118:18)
#73     RenderObject.layout (package:flutter/src/rendering/object.dart:2768:7)
#74     RenderProxyBoxMixin.performLayout (package:flutter/src/rendering/proxy_box.dart:118:18)
#75     RenderObject.layout (package:flutter/src/rendering/object.dart:2768:7)
#76     RenderProxyBoxMixin.performLayout (package:flutter/src/rendering/proxy_box.dart:118:18)
#77     RenderObject.layout (package:flutter/src/rendering/object.dart:2768:7)
#78     RenderProxyBoxMixin.performLayout (package:flutter/src/rendering/proxy_box.dart:118:18)
#79     RenderObject.layout (package:flutter/src/rendering/object.dart:2768:7)
#80     RenderProxyBoxMixin.performLayout (package:flutter/src/rendering/proxy_box.dart:118:18)
#81     RenderObject.layout (package:flutter/src/rendering/object.dart:2768:7)
#82     RenderProxyBoxMixin.performLayout (package:flutter/src/rendering/proxy_box.dart:118:18)
#83     RenderObject.layout (package:flutter/src/rendering/object.dart:2768:7)
#84     RenderProxyBoxMixin.performLayout (package:flutter/src/rendering/proxy_box.dart:118:18)
#85     RenderObject.layout (package:flutter/src/rendering/object.dart:2768:7)
#86     RenderProxyBoxMixin.performLayout (package:flutter/src/rendering/proxy_box.dart:118:18)
#87     RenderObject.layout (package:flutter/src/rendering/object.dart:2768:7)
#88     RenderProxyBoxMixin.performLayout (package:flutter/src/rendering/proxy_box.dart:118:18)
#89     RenderObject.layout (package:flutter/src/rendering/object.dart:2768:7)
#90     RenderProxyBoxMixin.performLayout (package:flutter/src/rendering/proxy_box.dart:118:18)
#91     RenderOffstage.performLayout (package:flutter/src/rendering/proxy_box.dart:3923:13)
#92     RenderObject.layout (package:flutter/src/rendering/object.dart:2768:7)
#93     RenderProxyBoxMixin.performLayout (package:flutter/src/rendering/proxy_box.dart:118:18)
#94     RenderObject.layout (package:flutter/src/rendering/object.dart:2768:7)
#95     _RenderTheaterMixin.layoutChild (package:flutter/src/widgets/overlay.dart:1084:13)
#96     _RenderTheater.performLayout (package:flutter/src/widgets/overlay.dart:1429:9)
#97     RenderObject.layout (package:flutter/src/rendering/object.dart:2768:7)
#98     RenderProxyBoxMixin.performLayout (package:flutter/src/rendering/proxy_box.dart:118:18)
#99     RenderObject.layout (package:flutter/src/rendering/object.dart:2768:7)
#100    RenderProxyBoxMixin.performLayout (package:flutter/src/rendering/proxy_box.dart:118:18)
#101    RenderObject.layout (package:flutter/src/rendering/object.dart:2768:7)
#102    RenderProxyBoxMixin.performLayout (package:flutter/src/rendering/proxy_box.dart:118:18)
#103    RenderObject.layout (package:flutter/src/rendering/object.dart:2768:7)
#104    RenderProxyBoxMixin.performLayout (package:flutter/src/rendering/proxy_box.dart:118:18)
#105    RenderCustomPaint.performLayout (package:flutter/src/rendering/custom_paint.dart:574:11)
#106    RenderObject.layout (package:flutter/src/rendering/object.dart:2768:7)
#107    RenderProxyBoxMixin.performLayout (package:flutter/src/rendering/proxy_box.dart:118:18)
#108    RenderObject.layout (package:flutter/src/rendering/object.dart:2768:7)
#109    RenderProxyBoxMixin.performLayout (package:flutter/src/rendering/proxy_box.dart:118:18)
#110    RenderObject.layout (package:flutter/src/rendering/object.dart:2768:7)
#111    RenderProxyBoxMixin.performLayout (package:flutter/src/rendering/proxy_box.dart:118:18)
#112    RenderObject.layout (package:flutter/src/rendering/object.dart:2768:7)
#113    RenderProxyBoxMixin.performLayout (package:flutter/src/rendering/proxy_box.dart:118:18)
#114    RenderObject.layout (package:flutter/src/rendering/object.dart:2768:7)
#115    RenderProxyBoxMixin.performLayout (package:flutter/src/rendering/proxy_box.dart:118:18)
#116    RenderObject.layout (package:flutter/src/rendering/object.dart:2768:7)
#117    RenderProxyBoxMixin.performLayout (package:flutter/src/rendering/proxy_box.dart:118:18)
#118    RenderObject.layout (package:flutter/src/rendering/object.dart:2768:7)
#119    RenderView.performLayout (package:flutter/src/rendering/view.dart:292:12)
#120    RenderObject._layoutWithoutResize (package:flutter/src/rendering/object.dart:2616:7)
#121    PipelineOwner.flushLayout (package:flutter/src/rendering/object.dart:1174:18)
#122    PipelineOwner.flushLayout (package:flutter/src/rendering/object.dart:1187:15)
#123    AutomatedTestWidgetsFlutterBinding.drawFrame (package:flutter_test/src/binding.dart:2133:27)
#124    RendererBinding._handlePersistentFrameCallback (package:flutter/src/rendering/binding.dart:495:5)
#125    SchedulerBinding._invokeFrameCallback (package:flutter/src/scheduler/binding.dart:1430:15)
#126    SchedulerBinding.handleDrawFrame (package:flutter/src/scheduler/binding.dart:1345:9)
#127    AutomatedTestWidgetsFlutterBinding.pump.<anonymous closure> (package:flutter_test/src/binding.dart:1960:9)
#130    TestAsyncUtils.guard (package:flutter_test/src/test_async_utils.dart:74:41)
#131    AutomatedTestWidgetsFlutterBinding.pump (package:flutter_test/src/binding.dart:1949:27)
#132    WidgetTester.pumpWidget.<anonymous closure> (package:flutter_test/src/widget_tester.dart:598:22)
#135    TestAsyncUtils.guard (package:flutter_test/src/test_async_utils.dart:74:41)
#136    WidgetTester.pumpWidget (package:flutter_test/src/widget_tester.dart:595:27)
#137    main.<anonymous closure> (file:///D:/SEM%204/TaskProof/test/layout_test.dart:8:18)
#138    testWidgets.<anonymous closure>.<anonymous closure> (package:flutter_test/src/widget_tester.dart:192:29)
<asynchronous suspension>
#139    TestWidgetsFlutterBinding._runTestBody (package:flutter_test/src/binding.dart:1682:5)
<asynchronous suspension>
<asynchronous suspension>
(elided 7 frames from class _AssertionError, dart:async, and package:stack_trace)

The following RenderObject was being processed when the exception was fired: RenderFlex#b433c relayoutBoundary=up20 NEEDS-LAYOUT NEEDS-PAINT NEEDS-COMPOSITING-BITS-UPDATE:
  creator: Column ΓåÉ Padding ΓåÉ ConstrainedBox ΓåÉ Container ΓåÉ ConstrainedBox ΓåÉ Stack ΓåÉ Padding ΓåÉ
    DecoratedBox ΓåÉ ConstrainedBox ΓåÉ Container ΓåÉ ConstrainedBox ΓåÉ Column ΓåÉ Γï»
  parentData: offset=Offset(0.0, 0.0) (can use size)
  constraints: BoxConstraints(w=358.0, 0.0<=h<=Infinity)
  size: MISSING
  direction: vertical
  mainAxisAlignment: start
  mainAxisSize: min
  crossAxisAlignment: start
  textDirection: ltr
  verticalDirection: down
  spacing: 24.0
This RenderObject had the following descendants (showing up to depth 5):
    child 1: RenderConstrainedBox#45bc5 relayoutBoundary=up21 NEEDS-PAINT NEEDS-COMPOSITING-BITS-UPDATE
      child: RenderPadding#2b18f relayoutBoundary=up22 NEEDS-PAINT NEEDS-COMPOSITING-BITS-UPDATE
        child: RenderFlex#e57c7 relayoutBoundary=up23 NEEDS-PAINT NEEDS-COMPOSITING-BITS-UPDATE
          child 1: RenderConstrainedBox#a676f relayoutBoundary=up24 NEEDS-PAINT NEEDS-COMPOSITING-BITS-UPDATE
            child: RenderFlex#4fdf9 relayoutBoundary=up25 NEEDS-PAINT NEEDS-COMPOSITING-BITS-UPDATE
    child 2: RenderConstrainedBox#ba1dd relayoutBoundary=up21 NEEDS-PAINT NEEDS-COMPOSITING-BITS-UPDATE
      child: RenderFlex#66fe7 relayoutBoundary=up22 NEEDS-PAINT NEEDS-COMPOSITING-BITS-UPDATE
        child 1: RenderConstrainedBox#f9f86 relayoutBoundary=up23 NEEDS-PAINT NEEDS-COMPOSITING-BITS-UPDATE
          child: RenderDecoratedBox#3ee1b relayoutBoundary=up24 NEEDS-PAINT NEEDS-COMPOSITING-BITS-UPDATE
            child: RenderPadding#4c716 relayoutBoundary=up25 NEEDS-PAINT NEEDS-COMPOSITING-BITS-UPDATE
        child 2: RenderConstrainedBox#609df relayoutBoundary=up23 NEEDS-PAINT NEEDS-COMPOSITING-BITS-UPDATE
          child: RenderDecoratedBox#75e41 relayoutBoundary=up24 NEEDS-PAINT NEEDS-COMPOSITING-BITS-UPDATE
            child: RenderClipPath#31160 relayoutBoundary=up25 NEEDS-PAINT NEEDS-COMPOSITING-BITS-UPDATE
    child 3: RenderConstrainedBox#c9dc4 relayoutBoundary=up21 NEEDS-PAINT NEEDS-COMPOSITING-BITS-UPDATE
      child: RenderFlex#fbfd0 relayoutBoundary=up22 NEEDS-PAINT NEEDS-COMPOSITING-BITS-UPDATE OVERFLOWING
        child 1: RenderDecoratedBox#b5854 relayoutBoundary=up23 NEEDS-PAINT NEEDS-COMPOSITING-BITS-UPDATE
          child: RenderPadding#fb9c6 relayoutBoundary=up24 NEEDS-PAINT NEEDS-COMPOSITING-BITS-UPDATE
            child: RenderFlex#d563e relayoutBoundary=up25 NEEDS-PAINT NEEDS-COMPOSITING-BITS-UPDATE
        child 2: RenderDecoratedBox#031e1 relayoutBoundary=up23 NEEDS-PAINT NEEDS-COMPOSITING-BITS-UPDATE
          child: RenderPadding#8d4b7 relayoutBoundary=up24 NEEDS-PAINT NEEDS-COMPOSITING-BITS-UPDATE
            child: RenderSemanticsGestureHandler#596f7 relayoutBoundary=up25 NEEDS-PAINT NEEDS-COMPOSITING-BITS-UPDATE
    child 4: RenderConstrainedBox#ad705 relayoutBoundary=up21 NEEDS-PAINT NEEDS-COMPOSITING-BITS-UPDATE
      child: RenderFlex#2bf8b relayoutBoundary=up22 NEEDS-PAINT NEEDS-COMPOSITING-BITS-UPDATE
        child 1: RenderConstrainedBox#41e3d relayoutBoundary=up23 NEEDS-PAINT NEEDS-COMPOSITING-BITS-UPDATE
          child: RenderPadding#524fe relayoutBoundary=up24 NEEDS-PAINT NEEDS-COMPOSITING-BITS-UPDATE
            child: RenderFlex#953d9 relayoutBoundary=up25 NEEDS-PAINT NEEDS-COMPOSITING-BITS-UPDATE OVERFLOWING
        child 2: RenderConstrainedBox#846ea relayoutBoundary=up23 NEEDS-PAINT NEEDS-COMPOSITING-BITS-UPDATE
          child: RenderDecoratedBox#79202 relayoutBoundary=up24 NEEDS-PAINT NEEDS-COMPOSITING-BITS-UPDATE
            child: RenderClipPath#4b7b3 relayoutBoundary=up25 NEEDS-PAINT NEEDS-COMPOSITING-BITS-UPDATE
ΓòÉΓòÉΓòÉΓòÉΓòÉΓòÉΓòÉΓòÉΓòÉΓòÉΓòÉΓòÉΓòÉΓòÉΓòÉΓòÉΓòÉΓòÉΓòÉΓòÉΓòÉΓòÉΓòÉΓòÉΓòÉΓòÉΓòÉΓòÉΓòÉΓòÉΓòÉΓòÉΓòÉΓòÉΓòÉΓòÉΓòÉΓòÉΓòÉΓòÉΓòÉΓòÉΓòÉΓòÉΓòÉΓòÉΓòÉΓòÉΓòÉΓòÉΓòÉΓòÉΓòÉΓòÉΓòÉΓòÉΓòÉΓòÉΓòÉΓòÉΓòÉΓòÉΓòÉΓòÉΓòÉΓòÉΓòÉΓòÉΓòÉΓòÉΓòÉΓòÉΓòÉΓòÉΓòÉΓòÉΓòÉΓòÉΓòÉΓòÉΓòÉΓòÉΓòÉΓòÉΓòÉΓòÉΓòÉΓòÉΓòÉΓòÉΓòÉΓòÉΓòÉΓòÉΓòÉΓòÉΓòÉΓòÉΓòÉΓòÉ
ΓòÉΓòÉΓòí EXCEPTION CAUGHT BY RENDERING LIBRARY Γò₧ΓòÉΓòÉΓòÉΓòÉΓòÉΓòÉΓòÉΓòÉΓòÉΓòÉΓòÉΓòÉΓòÉΓòÉΓòÉΓòÉΓòÉΓòÉΓòÉΓòÉΓòÉΓòÉΓòÉΓòÉΓòÉΓòÉΓòÉΓòÉΓòÉΓòÉΓòÉΓòÉΓòÉΓòÉΓòÉΓòÉΓòÉΓòÉΓòÉΓòÉΓòÉΓòÉΓòÉΓòÉΓòÉΓòÉΓòÉΓòÉΓòÉΓòÉΓòÉΓòÉΓòÉΓòÉΓòÉΓòÉΓòÉ
The following assertion was thrown during performLayout():
RenderBox was not laid out: RenderFlex#b433c relayoutBoundary=up20 NEEDS-PAINT
NEEDS-COMPOSITING-BITS-UPDATE
'package:flutter/src/rendering/box.dart':
Failed assertion: line 2251 pos 12: 'hasSize'

Either the assertion indicates an error in the framework itself, or we should provide substantially
more information in this error message to help you determine and fix the underlying cause.
In either case, please report this assertion by filing a bug on GitHub:
  https://github.com/flutter/flutter/issues/new?template=02_bug.yml

The relevant error-causing widget was:
  Container Container:file:///D:/SEM%204/TaskProof/lib/dashboard.dart:38:26

When the exception was thrown, this was the stack:
#2      RenderBox.size (package:flutter/src/rendering/box.dart:2251:12)
#3      RenderPadding.performLayout (package:flutter/src/rendering/shifted_box.dart:266:40)
#4      RenderObject.layout (package:flutter/src/rendering/object.dart:2768:7)
#5      RenderConstrainedBox.performLayout (package:flutter/src/rendering/proxy_box.dart:296:14)
#6      RenderObject.layout (package:flutter/src/rendering/object.dart:2768:7)
#7      RenderConstrainedBox.performLayout (package:flutter/src/rendering/proxy_box.dart:296:14)
#8      RenderObject.layout (package:flutter/src/rendering/object.dart:2768:7)
#9      ChildLayoutHelper.layoutChild (package:flutter/src/rendering/layout_helper.dart:62:11)
#10     RenderStack._computeSize (package:flutter/src/rendering/stack.dart:645:43)
#11     RenderStack.performLayout (package:flutter/src/rendering/stack.dart:680:12)
#12     RenderObject.layout (package:flutter/src/rendering/object.dart:2768:7)
#13     RenderPadding.performLayout (package:flutter/src/rendering/shifted_box.dart:262:12)
#14     RenderObject.layout (package:flutter/src/rendering/object.dart:2768:7)
#15     RenderProxyBoxMixin.performLayout (package:flutter/src/rendering/proxy_box.dart:118:18)
#16     RenderObject.layout (package:flutter/src/rendering/object.dart:2768:7)
#17     RenderConstrainedBox.performLayout (package:flutter/src/rendering/proxy_box.dart:296:14)
#18     RenderObject.layout (package:flutter/src/rendering/object.dart:2768:7)
#19     RenderConstrainedBox.performLayout (package:flutter/src/rendering/proxy_box.dart:296:14)
#20     RenderObject.layout (package:flutter/src/rendering/object.dart:2768:7)
#21     ChildLayoutHelper.layoutChild (package:flutter/src/rendering/layout_helper.dart:62:11)
#22     RenderFlex._computeSizes (package:flutter/src/rendering/flex.dart:1237:28)
#23     RenderFlex.performLayout (package:flutter/src/rendering/flex.dart:1329:32)
#24     RenderObject.layout (package:flutter/src/rendering/object.dart:2768:7)
#25     _RenderSingleChildViewport.performLayout (package:flutter/src/widgets/single_child_scroll_view.dart:502:14)
#26     RenderObject.layout (package:flutter/src/rendering/object.dart:2768:7)
#27     RenderProxyBoxMixin.performLayout (package:flutter/src/rendering/proxy_box.dart:118:18)
#28     RenderObject.layout (package:flutter/src/rendering/object.dart:2768:7)
#29     RenderProxyBoxMixin.performLayout (package:flutter/src/rendering/proxy_box.dart:118:18)
#30     RenderObject.layout (package:flutter/src/rendering/object.dart:2768:7)
#31     RenderProxyBoxMixin.performLayout (package:flutter/src/rendering/proxy_box.dart:118:18)
#32     RenderObject.layout (package:flutter/src/rendering/object.dart:2768:7)
#33     RenderProxyBoxMixin.performLayout (package:flutter/src/rendering/proxy_box.dart:118:18)
#34     RenderObject.layout (package:flutter/src/rendering/object.dart:2768:7)
#35     RenderProxyBoxMixin.performLayout (package:flutter/src/rendering/proxy_box.dart:118:18)
#36     RenderObject.layout (package:flutter/src/rendering/object.dart:2768:7)
#37     RenderProxyBoxMixin.performLayout (package:flutter/src/rendering/proxy_box.dart:118:18)
#38     RenderObject.layout (package:flutter/src/rendering/object.dart:2768:7)
#39     RenderProxyBoxMixin.performLayout (package:flutter/src/rendering/proxy_box.dart:118:18)
#40     RenderObject.layout (package:flutter/src/rendering/object.dart:2768:7)
#41     RenderProxyBoxMixin.performLayout (package:flutter/src/rendering/proxy_box.dart:118:18)
#42     _RenderCustomClip.performLayout (package:flutter/src/rendering/proxy_box.dart:1549:11)
#43     RenderObject.layout (package:flutter/src/rendering/object.dart:2768:7)
#44     RenderPadding.performLayout (package:flutter/src/rendering/shifted_box.dart:262:12)
#45     RenderObject.layout (package:flutter/src/rendering/object.dart:2768:7)
#46     MultiChildLayoutDelegate.layoutChild (package:flutter/src/rendering/custom_layout.dart:180:12)
#47     _ScaffoldLayout.performLayout (package:flutter/src/material/scaffold.dart:1113:7)
#48     MultiChildLayoutDelegate._callPerformLayout (package:flutter/src/rendering/custom_layout.dart:246:7)
#49     RenderCustomMultiChildLayoutBox.performLayout (package:flutter/src/rendering/custom_layout.dart:417:14)
#50     RenderObject.layout (package:flutter/src/rendering/object.dart:2768:7)
#51     RenderProxyBoxMixin.performLayout (package:flutter/src/rendering/proxy_box.dart:118:18)
#52     RenderObject.layout (package:flutter/src/rendering/object.dart:2768:7)
#53     RenderProxyBoxMixin.performLayout (package:flutter/src/rendering/proxy_box.dart:118:18)
#54     _RenderCustomClip.performLayout (package:flutter/src/rendering/proxy_box.dart:1549:11)
#55     RenderObject.layout (package:flutter/src/rendering/object.dart:2768:7)
#56     RenderProxyBoxMixin.performLayout (package:flutter/src/rendering/proxy_box.dart:118:18)
#57     RenderObject.layout (package:flutter/src/rendering/object.dart:2768:7)
#58     RenderProxyBoxMixin.performLayout (package:flutter/src/rendering/proxy_box.dart:118:18)
#59     RenderObject.layout (package:flutter/src/rendering/object.dart:2768:7)
#60     RenderProxyBoxMixin.performLayout (package:flutter/src/rendering/proxy_box.dart:118:18)
#61     RenderObject.layout (package:flutter/src/rendering/object.dart:2768:7)
#62     RenderProxyBoxMixin.performLayout (package:flutter/src/rendering/proxy_box.dart:118:18)
#63     RenderObject.layout (package:flutter/src/rendering/object.dart:2768:7)
#64     RenderProxyBoxMixin.performLayout (package:flutter/src/rendering/proxy_box.dart:118:18)
#65     RenderObject.layout (package:flutter/src/rendering/object.dart:2768:7)
#66     RenderProxyBoxMixin.performLayout (package:flutter/src/rendering/proxy_box.dart:118:18)
#67     RenderObject.layout (package:flutter/src/rendering/object.dart:2768:7)
#68     RenderProxyBoxMixin.performLayout (package:flutter/src/rendering/proxy_box.dart:118:18)
#69     RenderObject.layout (package:flutter/src/rendering/object.dart:2768:7)
#70     RenderProxyBoxMixin.performLayout (package:flutter/src/rendering/proxy_box.dart:118:18)
#71     RenderObject.layout (package:flutter/src/rendering/object.dart:2768:7)
#72     RenderProxyBoxMixin.performLayout (package:flutter/src/rendering/proxy_box.dart:118:18)
#73     RenderObject.layout (package:flutter/src/rendering/object.dart:2768:7)
#74     RenderProxyBoxMixin.performLayout (package:flutter/src/rendering/proxy_box.dart:118:18)
#75     RenderObject.layout (package:flutter/src/rendering/object.dart:2768:7)
#76     RenderProxyBoxMixin.performLayout (package:flutter/src/rendering/proxy_box.dart:118:18)
#77     RenderObject.layout (package:flutter/src/rendering/object.dart:2768:7)
#78     RenderProxyBoxMixin.performLayout (package:flutter/src/rendering/proxy_box.dart:118:18)
#79     RenderObject.layout (package:flutter/src/rendering/object.dart:2768:7)
#80     RenderProxyBoxMixin.performLayout (package:flutter/src/rendering/proxy_box.dart:118:18)
#81     RenderObject.layout (package:flutter/src/rendering/object.dart:2768:7)
#82     RenderProxyBoxMixin.performLayout (package:flutter/src/rendering/proxy_box.dart:118:18)
#83     RenderObject.layout (package:flutter/src/rendering/object.dart:2768:7)
#84     RenderProxyBoxMixin.performLayout (package:flutter/src/rendering/proxy_box.dart:118:18)
#85     RenderObject.layout (package:flutter/src/rendering/object.dart:2768:7)
#86     RenderProxyBoxMixin.performLayout (package:flutter/src/rendering/proxy_box.dart:118:18)
#87     RenderOffstage.performLayout (package:flutter/src/rendering/proxy_box.dart:3923:13)
#88     RenderObject.layout (package:flutter/src/rendering/object.dart:2768:7)
#89     RenderProxyBoxMixin.performLayout (package:flutter/src/rendering/proxy_box.dart:118:18)
#90     RenderObject.layout (package:flutter/src/rendering/object.dart:2768:7)
#91     _RenderTheaterMixin.layoutChild (package:flutter/src/widgets/overlay.dart:1084:13)
#92     _RenderTheater.performLayout (package:flutter/src/widgets/overlay.dart:1429:9)
#93     RenderObject.layout (package:flutter/src/rendering/object.dart:2768:7)
#94     RenderProxyBoxMixin.performLayout (package:flutter/src/rendering/proxy_box.dart:118:18)
#95     RenderObject.layout (package:flutter/src/rendering/object.dart:2768:7)
#96     RenderProxyBoxMixin.performLayout (package:flutter/src/rendering/proxy_box.dart:118:18)
#97     RenderObject.layout (package:flutter/src/rendering/object.dart:2768:7)
#98     RenderProxyBoxMixin.performLayout (package:flutter/src/rendering/proxy_box.dart:118:18)
#99     RenderObject.layout (package:flutter/src/rendering/object.dart:2768:7)
#100    RenderProxyBoxMixin.performLayout (package:flutter/src/rendering/proxy_box.dart:118:18)
#101    RenderCustomPaint.performLayout (package:flutter/src/rendering/custom_paint.dart:574:11)
#102    RenderObject.layout (package:flutter/src/rendering/object.dart:2768:7)
#103    RenderProxyBoxMixin.performLayout (package:flutter/src/rendering/proxy_box.dart:118:18)
#104    RenderObject.layout (package:flutter/src/rendering/object.dart:2768:7)
#105    RenderProxyBoxMixin.performLayout (package:flutter/src/rendering/proxy_box.dart:118:18)
#106    RenderObject.layout (package:flutter/src/rendering/object.dart:2768:7)
#107    RenderProxyBoxMixin.performLayout (package:flutter/src/rendering/proxy_box.dart:118:18)
#108    RenderObject.layout (package:flutter/src/rendering/object.dart:2768:7)
#109    RenderProxyBoxMixin.performLayout (package:flutter/src/rendering/proxy_box.dart:118:18)
#110    RenderObject.layout (package:flutter/src/rendering/object.dart:2768:7)
#111    RenderProxyBoxMixin.performLayout (package:flutter/src/rendering/proxy_box.dart:118:18)
#112    RenderObject.layout (package:flutter/src/rendering/object.dart:2768:7)
#113    RenderProxyBoxMixin.performLayout (package:flutter/src/rendering/proxy_box.dart:118:18)
#114    RenderObject.layout (package:flutter/src/rendering/object.dart:2768:7)
#115    RenderView.performLayout (package:flutter/src/rendering/view.dart:292:12)
#116    RenderObject._layoutWithoutResize (package:flutter/src/rendering/object.dart:2616:7)
#117    PipelineOwner.flushLayout (package:flutter/src/rendering/object.dart:1174:18)
#118    PipelineOwner.flushLayout (package:flutter/src/rendering/object.dart:1187:15)
#119    AutomatedTestWidgetsFlutterBinding.drawFrame (package:flutter_test/src/binding.dart:2133:27)
#120    RendererBinding._handlePersistentFrameCallback (package:flutter/src/rendering/binding.dart:495:5)
#121    SchedulerBinding._invokeFrameCallback (package:flutter/src/scheduler/binding.dart:1430:15)
#122    SchedulerBinding.handleDrawFrame (package:flutter/src/scheduler/binding.dart:1345:9)
#123    AutomatedTestWidgetsFlutterBinding.pump.<anonymous closure> (package:flutter_test/src/binding.dart:1960:9)
#126    TestAsyncUtils.guard (package:flutter_test/src/test_async_utils.dart:74:41)
#127    AutomatedTestWidgetsFlutterBinding.pump (package:flutter_test/src/binding.dart:1949:27)
#128    WidgetTester.pumpWidget.<anonymous closure> (package:flutter_test/src/widget_tester.dart:598:22)
#131    TestAsyncUtils.guard (package:flutter_test/src/test_async_utils.dart:74:41)
#132    WidgetTester.pumpWidget (package:flutter_test/src/widget_tester.dart:595:27)
#133    main.<anonymous closure> (file:///D:/SEM%204/TaskProof/test/layout_test.dart:8:18)
#134    testWidgets.<anonymous closure>.<anonymous closure> (package:flutter_test/src/widget_tester.dart:192:29)
<asynchronous suspension>
#135    TestWidgetsFlutterBinding._runTestBody (package:flutter_test/src/binding.dart:1682:5)
<asynchronous suspension>
<asynchronous suspension>
(elided 7 frames from class _AssertionError, dart:async, and package:stack_trace)

The following RenderObject was being processed when the exception was fired: RenderPadding#e3aa9 relayoutBoundary=up19 NEEDS-LAYOUT NEEDS-PAINT NEEDS-COMPOSITING-BITS-UPDATE:
  creator: Padding ΓåÉ ConstrainedBox ΓåÉ Container ΓåÉ ConstrainedBox ΓåÉ Stack ΓåÉ Padding ΓåÉ DecoratedBox ΓåÉ
    ConstrainedBox ΓåÉ Container ΓåÉ ConstrainedBox ΓåÉ Column ΓåÉ DashboardPageNeonTech ΓåÉ Γï»
  parentData: <none> (can use size)
  constraints: BoxConstraints(w=390.0, 0.0<=h<=Infinity)
  size: MISSING
  padding: EdgeInsets(16.0, 80.0, 16.0, 120.0)
  textDirection: ltr
This RenderObject had the following descendants (showing up to depth 5):
    child: RenderFlex#b433c relayoutBoundary=up20 NEEDS-PAINT NEEDS-COMPOSITING-BITS-UPDATE
      child 1: RenderConstrainedBox#45bc5 relayoutBoundary=up21 NEEDS-PAINT NEEDS-COMPOSITING-BITS-UPDATE
        child: RenderPadding#2b18f relayoutBoundary=up22 NEEDS-PAINT NEEDS-COMPOSITING-BITS-UPDATE
          child: RenderFlex#e57c7 relayoutBoundary=up23 NEEDS-PAINT NEEDS-COMPOSITING-BITS-UPDATE
            child 1: RenderConstrainedBox#a676f relayoutBoundary=up24 NEEDS-PAINT NEEDS-COMPOSITING-BITS-UPDATE
      child 2: RenderConstrainedBox#ba1dd relayoutBoundary=up21 NEEDS-PAINT NEEDS-COMPOSITING-BITS-UPDATE
        child: RenderFlex#66fe7 relayoutBoundary=up22 NEEDS-PAINT NEEDS-COMPOSITING-BITS-UPDATE
          child 1: RenderConstrainedBox#f9f86 relayoutBoundary=up23 NEEDS-PAINT NEEDS-COMPOSITING-BITS-UPDATE
            child: RenderDecoratedBox#3ee1b relayoutBoundary=up24 NEEDS-PAINT NEEDS-COMPOSITING-BITS-UPDATE
          child 2: RenderConstrainedBox#609df relayoutBoundary=up23 NEEDS-PAINT NEEDS-COMPOSITING-BITS-UPDATE
            child: RenderDecoratedBox#75e41 relayoutBoundary=up24 NEEDS-PAINT NEEDS-COMPOSITING-BITS-UPDATE
      child 3: RenderConstrainedBox#c9dc4 relayoutBoundary=up21 NEEDS-PAINT NEEDS-COMPOSITING-BITS-UPDATE
        child: RenderFlex#fbfd0 relayoutBoundary=up22 NEEDS-PAINT NEEDS-COMPOSITING-BITS-UPDATE OVERFLOWING
          child 1: RenderDecoratedBox#b5854 relayoutBoundary=up23 NEEDS-PAINT NEEDS-COMPOSITING-BITS-UPDATE
            child: RenderPadding#fb9c6 relayoutBoundary=up24 NEEDS-PAINT NEEDS-COMPOSITING-BITS-UPDATE
          child 2: RenderDecoratedBox#031e1 relayoutBoundary=up23 NEEDS-PAINT NEEDS-COMPOSITING-BITS-UPDATE
            child: RenderPadding#8d4b7 relayoutBoundary=up24 NEEDS-PAINT NEEDS-COMPOSITING-BITS-UPDATE
      child 4: RenderConstrainedBox#ad705 relayoutBoundary=up21 NEEDS-PAINT NEEDS-COMPOSITING-BITS-UPDATE
        child: RenderFlex#2bf8b relayoutBoundary=up22 NEEDS-PAINT NEEDS-COMPOSITING-BITS-UPDATE
          child 1: RenderConstrainedBox#41e3d relayoutBoundary=up23 NEEDS-PAINT NEEDS-COMPOSITING-BITS-UPDATE
            child: RenderPadding#524fe relayoutBoundary=up24 NEEDS-PAINT NEEDS-COMPOSITING-BITS-UPDATE
          child 2: RenderConstrainedBox#846ea relayoutBoundary=up23 NEEDS-PAINT NEEDS-COMPOSITING-BITS-UPDATE
            child: RenderDecoratedBox#79202 relayoutBoundary=up24 NEEDS-PAINT NEEDS-COMPOSITING-BITS-UPDATE
          child 3: RenderConstrainedBox#727d4 NEEDS-LAYOUT NEEDS-PAINT NEEDS-COMPOSITING-BITS-UPDATE
            child: RenderDecoratedBox#db29a NEEDS-LAYOUT NEEDS-PAINT NEEDS-COMPOSITING-BITS-UPDATE
ΓòÉΓòÉΓòÉΓòÉΓòÉΓòÉΓòÉΓòÉΓòÉΓòÉΓòÉΓòÉΓòÉΓòÉΓòÉΓòÉΓòÉΓòÉΓòÉΓòÉΓòÉΓòÉΓòÉΓòÉΓòÉΓòÉΓòÉΓòÉΓòÉΓòÉΓòÉΓòÉΓòÉΓòÉΓòÉΓòÉΓòÉΓòÉΓòÉΓòÉΓòÉΓòÉΓòÉΓòÉΓòÉΓòÉΓòÉΓòÉΓòÉΓòÉΓòÉΓòÉΓòÉΓòÉΓòÉΓòÉΓòÉΓòÉΓòÉΓòÉΓòÉΓòÉΓòÉΓòÉΓòÉΓòÉΓòÉΓòÉΓòÉΓòÉΓòÉΓòÉΓòÉΓòÉΓòÉΓòÉΓòÉΓòÉΓòÉΓòÉΓòÉΓòÉΓòÉΓòÉΓòÉΓòÉΓòÉΓòÉΓòÉΓòÉΓòÉΓòÉΓòÉΓòÉΓòÉΓòÉΓòÉΓòÉΓòÉΓòÉ
ΓòÉΓòÉΓòí EXCEPTION CAUGHT BY RENDERING LIBRARY Γò₧ΓòÉΓòÉΓòÉΓòÉΓòÉΓòÉΓòÉΓòÉΓòÉΓòÉΓòÉΓòÉΓòÉΓòÉΓòÉΓòÉΓòÉΓòÉΓòÉΓòÉΓòÉΓòÉΓòÉΓòÉΓòÉΓòÉΓòÉΓòÉΓòÉΓòÉΓòÉΓòÉΓòÉΓòÉΓòÉΓòÉΓòÉΓòÉΓòÉΓòÉΓòÉΓòÉΓòÉΓòÉΓòÉΓòÉΓòÉΓòÉΓòÉΓòÉΓòÉΓòÉΓòÉΓòÉΓòÉΓòÉΓòÉ
The following assertion was thrown during performLayout():
RenderBox was not laid out: RenderPadding#e3aa9 relayoutBoundary=up19 NEEDS-PAINT
NEEDS-COMPOSITING-BITS-UPDATE
'package:flutter/src/rendering/box.dart':
Failed assertion: line 2251 pos 12: 'hasSize'

Either the assertion indicates an error in the framework itself, or we should provide substantially
more information in this error message to help you determine and fix the underlying cause.
In either case, please report this assertion by filing a bug on GitHub:
  https://github.com/flutter/flutter/issues/new?template=02_bug.yml

The relevant error-causing widget was:
  Container Container:file:///D:/SEM%204/TaskProof/lib/dashboard.dart:38:26

When the exception was thrown, this was the stack:
#2      RenderBox.size (package:flutter/src/rendering/box.dart:2251:12)
#3      RenderConstrainedBox.performLayout (package:flutter/src/rendering/proxy_box.dart:297:21)
#4      RenderObject.layout (package:flutter/src/rendering/object.dart:2768:7)
#5      RenderConstrainedBox.performLayout (package:flutter/src/rendering/proxy_box.dart:296:14)
#6      RenderObject.layout (package:flutter/src/rendering/object.dart:2768:7)
#7      ChildLayoutHelper.layoutChild (package:flutter/src/rendering/layout_helper.dart:62:11)
#8      RenderStack._computeSize (package:flutter/src/rendering/stack.dart:645:43)
#9      RenderStack.performLayout (package:flutter/src/rendering/stack.dart:680:12)
#10     RenderObject.layout (package:flutter/src/rendering/object.dart:2768:7)
#11     RenderPadding.performLayout (package:flutter/src/rendering/shifted_box.dart:262:12)
#12     RenderObject.layout (package:flutter/src/rendering/object.dart:2768:7)
#13     RenderProxyBoxMixin.performLayout (package:flutter/src/rendering/proxy_box.dart:118:18)
#14     RenderObject.layout (package:flutter/src/rendering/object.dart:2768:7)
#15     RenderConstrainedBox.performLayout (package:flutter/src/rendering/proxy_box.dart:296:14)
#16     RenderObject.layout (package:flutter/src/rendering/object.dart:2768:7)
#17     RenderConstrainedBox.performLayout (package:flutter/src/rendering/proxy_box.dart:296:14)
#18     RenderObject.layout (package:flutter/src/rendering/object.dart:2768:7)
#19     ChildLayoutHelper.layoutChild (package:flutter/src/rendering/layout_helper.dart:62:11)
#20     RenderFlex._computeSizes (package:flutter/src/rendering/flex.dart:1237:28)
#21     RenderFlex.performLayout (package:flutter/src/rendering/flex.dart:1329:32)
#22     RenderObject.layout (package:flutter/src/rendering/object.dart:2768:7)
#23     _RenderSingleChildViewport.performLayout (package:flutter/src/widgets/single_child_scroll_view.dart:502:14)
#24     RenderObject.layout (package:flutter/src/rendering/object.dart:2768:7)
#25     RenderProxyBoxMixin.performLayout (package:flutter/src/rendering/proxy_box.dart:118:18)
#26     RenderObject.layout (package:flutter/src/rendering/object.dart:2768:7)
#27     RenderProxyBoxMixin.performLayout (package:flutter/src/rendering/proxy_box.dart:118:18)
#28     RenderObject.layout (package:flutter/src/rendering/object.dart:2768:7)
#29     RenderProxyBoxMixin.performLayout (package:flutter/src/rendering/proxy_box.dart:118:18)
#30     RenderObject.layout (package:flutter/src/rendering/object.dart:2768:7)
#31     RenderProxyBoxMixin.performLayout (package:flutter/src/rendering/proxy_box.dart:118:18)
#32     RenderObject.layout (package:flutter/src/rendering/object.dart:2768:7)
#33     RenderProxyBoxMixin.performLayout (package:flutter/src/rendering/proxy_box.dart:118:18)
#34     RenderObject.layout (package:flutter/src/rendering/object.dart:2768:7)
#35     RenderProxyBoxMixin.performLayout (package:flutter/src/rendering/proxy_box.dart:118:18)
#36     RenderObject.layout (package:flutter/src/rendering/object.dart:2768:7)
#37     RenderProxyBoxMixin.performLayout (package:flutter/src/rendering/proxy_box.dart:118:18)
#38     RenderObject.layout (package:flutter/src/rendering/object.dart:2768:7)
#39     RenderProxyBoxMixin.performLayout (package:flutter/src/rendering/proxy_box.dart:118:18)
#40     _RenderCustomClip.performLayout (package:flutter/src/rendering/proxy_box.dart:1549:11)
#41     RenderObject.layout (package:flutter/src/rendering/object.dart:2768:7)
#42     RenderPadding.performLayout (package:flutter/src/rendering/shifted_box.dart:262:12)
#43     RenderObject.layout (package:flutter/src/rendering/object.dart:2768:7)
#44     MultiChildLayoutDelegate.layoutChild (package:flutter/src/rendering/custom_layout.dart:180:12)
#45     _ScaffoldLayout.performLayout (package:flutter/src/material/scaffold.dart:1113:7)
#46     MultiChildLayoutDelegate._callPerformLayout (package:flutter/src/rendering/custom_layout.dart:246:7)
#47     RenderCustomMultiChildLayoutBox.performLayout (package:flutter/src/rendering/custom_layout.dart:417:14)
#48     RenderObject.layout (package:flutter/src/rendering/object.dart:2768:7)
#49     RenderProxyBoxMixin.performLayout (package:flutter/src/rendering/proxy_box.dart:118:18)
#50     RenderObject.layout (package:flutter/src/rendering/object.dart:2768:7)
#51     RenderProxyBoxMixin.performLayout (package:flutter/src/rendering/proxy_box.dart:118:18)
#52     _RenderCustomClip.performLayout (package:flutter/src/rendering/proxy_box.dart:1549:11)
#53     RenderObject.layout (package:flutter/src/rendering/object.dart:2768:7)
#54     RenderProxyBoxMixin.performLayout (package:flutter/src/rendering/proxy_box.dart:118:18)
#55     RenderObject.layout (package:flutter/src/rendering/object.dart:2768:7)
#56     RenderProxyBoxMixin.performLayout (package:flutter/src/rendering/proxy_box.dart:118:18)
#57     RenderObject.layout (package:flutter/src/rendering/object.dart:2768:7)
#58     RenderProxyBoxMixin.performLayout (package:flutter/src/rendering/proxy_box.dart:118:18)
#59     RenderObject.layout (package:flutter/src/rendering/object.dart:2768:7)
#60     RenderProxyBoxMixin.performLayout (package:flutter/src/rendering/proxy_box.dart:118:18)
#61     RenderObject.layout (package:flutter/src/rendering/object.dart:2768:7)
#62     RenderProxyBoxMixin.performLayout (package:flutter/src/rendering/proxy_box.dart:118:18)
#63     RenderObject.layout (package:flutter/src/rendering/object.dart:2768:7)
#64     RenderProxyBoxMixin.performLayout (package:flutter/src/rendering/proxy_box.dart:118:18)
#65     RenderObject.layout (package:flutter/src/rendering/object.dart:2768:7)
#66     RenderProxyBoxMixin.performLayout (package:flutter/src/rendering/proxy_box.dart:118:18)
#67     RenderObject.layout (package:flutter/src/rendering/object.dart:2768:7)
#68     RenderProxyBoxMixin.performLayout (package:flutter/src/rendering/proxy_box.dart:118:18)
#69     RenderObject.layout (package:flutter/src/rendering/object.dart:2768:7)
#70     RenderProxyBoxMixin.performLayout (package:flutter/src/rendering/proxy_box.dart:118:18)
#71     RenderObject.layout (package:flutter/src/rendering/object.dart:2768:7)
#72     RenderProxyBoxMixin.performLayout (package:flutter/src/rendering/proxy_box.dart:118:18)
#73     RenderObject.layout (package:flutter/src/rendering/object.dart:2768:7)
#74     RenderProxyBoxMixin.performLayout (package:flutter/src/rendering/proxy_box.dart:118:18)
#75     RenderObject.layout (package:flutter/src/rendering/object.dart:2768:7)
#76     RenderProxyBoxMixin.performLayout (package:flutter/src/rendering/proxy_box.dart:118:18)
#77     RenderObject.layout (package:flutter/src/rendering/object.dart:2768:7)
#78     RenderProxyBoxMixin.performLayout (package:flutter/src/rendering/proxy_box.dart:118:18)
#79     RenderObject.layout (package:flutter/src/rendering/object.dart:2768:7)
#80     RenderProxyBoxMixin.performLayout (package:flutter/src/rendering/proxy_box.dart:118:18)
#81     RenderObject.layout (package:flutter/src/rendering/object.dart:2768:7)
#82     RenderProxyBoxMixin.performLayout (package:flutter/src/rendering/proxy_box.dart:118:18)
#83     RenderObject.layout (package:flutter/src/rendering/object.dart:2768:7)
#84     RenderProxyBoxMixin.performLayout (package:flutter/src/rendering/proxy_box.dart:118:18)
#85     RenderOffstage.performLayout (package:flutter/src/rendering/proxy_box.dart:3923:13)
#86     RenderObject.layout (package:flutter/src/rendering/object.dart:2768:7)
#87     RenderProxyBoxMixin.performLayout (package:flutter/src/rendering/proxy_box.dart:118:18)
#88     RenderObject.layout (package:flutter/src/rendering/object.dart:2768:7)
#89     _RenderTheaterMixin.layoutChild (package:flutter/src/widgets/overlay.dart:1084:13)
#90     _RenderTheater.performLayout (package:flutter/src/widgets/overlay.dart:1429:9)
#91     RenderObject.layout (package:flutter/src/rendering/object.dart:2768:7)
#92     RenderProxyBoxMixin.performLayout (package:flutter/src/rendering/proxy_box.dart:118:18)
#93     RenderObject.layout (package:flutter/src/rendering/object.dart:2768:7)
#94     RenderProxyBoxMixin.performLayout (package:flutter/src/rendering/proxy_box.dart:118:18)
#95     RenderObject.layout (package:flutter/src/rendering/object.dart:2768:7)
#96     RenderProxyBoxMixin.performLayout (package:flutter/src/rendering/proxy_box.dart:118:18)
#97     RenderObject.layout (package:flutter/src/rendering/object.dart:2768:7)
#98     RenderProxyBoxMixin.performLayout (package:flutter/src/rendering/proxy_box.dart:118:18)
#99     RenderCustomPaint.performLayout (package:flutter/src/rendering/custom_paint.dart:574:11)
#100    RenderObject.layout (package:flutter/src/rendering/object.dart:2768:7)
#101    RenderProxyBoxMixin.performLayout (package:flutter/src/rendering/proxy_box.dart:118:18)
#102    RenderObject.layout (package:flutter/src/rendering/object.dart:2768:7)
#103    RenderProxyBoxMixin.performLayout (package:flutter/src/rendering/proxy_box.dart:118:18)
#104    RenderObject.layout (package:flutter/src/rendering/object.dart:2768:7)
#105    RenderProxyBoxMixin.performLayout (package:flutter/src/rendering/proxy_box.dart:118:18)
#106    RenderObject.layout (package:flutter/src/rendering/object.dart:2768:7)
#107    RenderProxyBoxMixin.performLayout (package:flutter/src/rendering/proxy_box.dart:118:18)
#108    RenderObject.layout (package:flutter/src/rendering/object.dart:2768:7)
#109    RenderProxyBoxMixin.performLayout (package:flutter/src/rendering/proxy_box.dart:118:18)
#110    RenderObject.layout (package:flutter/src/rendering/object.dart:2768:7)
#111    RenderProxyBoxMixin.performLayout (package:flutter/src/rendering/proxy_box.dart:118:18)
#112    RenderObject.layout (package:flutter/src/rendering/object.dart:2768:7)
#113    RenderView.performLayout (package:flutter/src/rendering/view.dart:292:12)
#114    RenderObject._layoutWithoutResize (package:flutter/src/rendering/object.dart:2616:7)
#115    PipelineOwner.flushLayout (package:flutter/src/rendering/object.dart:1174:18)
#116    PipelineOwner.flushLayout (package:flutter/src/rendering/object.dart:1187:15)
#117    AutomatedTestWidgetsFlutterBinding.drawFrame (package:flutter_test/src/binding.dart:2133:27)
#118    RendererBinding._handlePersistentFrameCallback (package:flutter/src/rendering/binding.dart:495:5)
#119    SchedulerBinding._invokeFrameCallback (package:flutter/src/scheduler/binding.dart:1430:15)
#120    SchedulerBinding.handleDrawFrame (package:flutter/src/scheduler/binding.dart:1345:9)
#121    AutomatedTestWidgetsFlutterBinding.pump.<anonymous closure> (package:flutter_test/src/binding.dart:1960:9)
#124    TestAsyncUtils.guard (package:flutter_test/src/test_async_utils.dart:74:41)
#125    AutomatedTestWidgetsFlutterBinding.pump (package:flutter_test/src/binding.dart:1949:27)
#126    WidgetTester.pumpWidget.<anonymous closure> (package:flutter_test/src/widget_tester.dart:598:22)
#129    TestAsyncUtils.guard (package:flutter_test/src/test_async_utils.dart:74:41)
#130    WidgetTester.pumpWidget (package:flutter_test/src/widget_tester.dart:595:27)
#131    main.<anonymous closure> (file:///D:/SEM%204/TaskProof/test/layout_test.dart:8:18)
#132    testWidgets.<anonymous closure>.<anonymous closure> (package:flutter_test/src/widget_tester.dart:192:29)
<asynchronous suspension>
#133    TestWidgetsFlutterBinding._runTestBody (package:flutter_test/src/binding.dart:1682:5)
<asynchronous suspension>
<asynchronous suspension>
(elided 7 frames from class _AssertionError, dart:async, and package:stack_trace)

The following RenderObject was being processed when the exception was fired: RenderConstrainedBox#49aab relayoutBoundary=up18 NEEDS-LAYOUT NEEDS-PAINT NEEDS-COMPOSITING-BITS-UPDATE:
  creator: ConstrainedBox ΓåÉ Container ΓåÉ ConstrainedBox ΓåÉ Stack ΓåÉ Padding ΓåÉ DecoratedBox ΓåÉ
    ConstrainedBox ΓåÉ Container ΓåÉ ConstrainedBox ΓåÉ Column ΓåÉ DashboardPageNeonTech ΓåÉ
    _SingleChildViewport ΓåÉ Γï»
  parentData: <none> (can use size)
  constraints: BoxConstraints(0.0<=w<=390.0, 0.0<=h<=Infinity)
  size: MISSING
  additionalConstraints: BoxConstraints(w=Infinity, 0.0<=h<=Infinity)
This RenderObject had the following descendants (showing up to depth 5):
    child: RenderPadding#e3aa9 relayoutBoundary=up19 NEEDS-PAINT NEEDS-COMPOSITING-BITS-UPDATE
      child: RenderFlex#b433c relayoutBoundary=up20 NEEDS-PAINT NEEDS-COMPOSITING-BITS-UPDATE
        child 1: RenderConstrainedBox#45bc5 relayoutBoundary=up21 NEEDS-PAINT NEEDS-COMPOSITING-BITS-UPDATE
          child: RenderPadding#2b18f relayoutBoundary=up22 NEEDS-PAINT NEEDS-COMPOSITING-BITS-UPDATE
            child: RenderFlex#e57c7 relayoutBoundary=up23 NEEDS-PAINT NEEDS-COMPOSITING-BITS-UPDATE
        child 2: RenderConstrainedBox#ba1dd relayoutBoundary=up21 NEEDS-PAINT NEEDS-COMPOSITING-BITS-UPDATE
          child: RenderFlex#66fe7 relayoutBoundary=up22 NEEDS-PAINT NEEDS-COMPOSITING-BITS-UPDATE
            child 1: RenderConstrainedBox#f9f86 relayoutBoundary=up23 NEEDS-PAINT NEEDS-COMPOSITING-BITS-UPDATE
            child 2: RenderConstrainedBox#609df relayoutBoundary=up23 NEEDS-PAINT NEEDS-COMPOSITING-BITS-UPDATE
        child 3: RenderConstrainedBox#c9dc4 relayoutBoundary=up21 NEEDS-PAINT NEEDS-COMPOSITING-BITS-UPDATE
          child: RenderFlex#fbfd0 relayoutBoundary=up22 NEEDS-PAINT NEEDS-COMPOSITING-BITS-UPDATE OVERFLOWING
            child 1: RenderDecoratedBox#b5854 relayoutBoundary=up23 NEEDS-PAINT NEEDS-COMPOSITING-BITS-UPDATE
            child 2: RenderDecoratedBox#031e1 relayoutBoundary=up23 NEEDS-PAINT NEEDS-COMPOSITING-BITS-UPDATE
        child 4: RenderConstrainedBox#ad705 relayoutBoundary=up21 NEEDS-PAINT NEEDS-COMPOSITING-BITS-UPDATE
          child: RenderFlex#2bf8b relayoutBoundary=up22 NEEDS-PAINT NEEDS-COMPOSITING-BITS-UPDATE
            child 1: RenderConstrainedBox#41e3d relayoutBoundary=up23 NEEDS-PAINT NEEDS-COMPOSITING-BITS-UPDATE
            child 2: RenderConstrainedBox#846ea relayoutBoundary=up23 NEEDS-PAINT NEEDS-COMPOSITING-BITS-UPDATE
            child 3: RenderConstrainedBox#727d4 NEEDS-LAYOUT NEEDS-PAINT NEEDS-COMPOSITING-BITS-UPDATE
ΓòÉΓòÉΓòÉΓòÉΓòÉΓòÉΓòÉΓòÉΓòÉΓòÉΓòÉΓòÉΓòÉΓòÉΓòÉΓòÉΓòÉΓòÉΓòÉΓòÉΓòÉΓòÉΓòÉΓòÉΓòÉΓòÉΓòÉΓòÉΓòÉΓòÉΓòÉΓòÉΓòÉΓòÉΓòÉΓòÉΓòÉΓòÉΓòÉΓòÉΓòÉΓòÉΓòÉΓòÉΓòÉΓòÉΓòÉΓòÉΓòÉΓòÉΓòÉΓòÉΓòÉΓòÉΓòÉΓòÉΓòÉΓòÉΓòÉΓòÉΓòÉΓòÉΓòÉΓòÉΓòÉΓòÉΓòÉΓòÉΓòÉΓòÉΓòÉΓòÉΓòÉΓòÉΓòÉΓòÉΓòÉΓòÉΓòÉΓòÉΓòÉΓòÉΓòÉΓòÉΓòÉΓòÉΓòÉΓòÉΓòÉΓòÉΓòÉΓòÉΓòÉΓòÉΓòÉΓòÉΓòÉΓòÉΓòÉΓòÉ
ΓòÉΓòÉΓòí EXCEPTION CAUGHT BY RENDERING LIBRARY Γò₧ΓòÉΓòÉΓòÉΓòÉΓòÉΓòÉΓòÉΓòÉΓòÉΓòÉΓòÉΓòÉΓòÉΓòÉΓòÉΓòÉΓòÉΓòÉΓòÉΓòÉΓòÉΓòÉΓòÉΓòÉΓòÉΓòÉΓòÉΓòÉΓòÉΓòÉΓòÉΓòÉΓòÉΓòÉΓòÉΓòÉΓòÉΓòÉΓòÉΓòÉΓòÉΓòÉΓòÉΓòÉΓòÉΓòÉΓòÉΓòÉΓòÉΓòÉΓòÉΓòÉΓòÉΓòÉΓòÉΓòÉΓòÉ
The following assertion was thrown during performLayout():
RenderBox was not laid out: RenderConstrainedBox#49aab relayoutBoundary=up18 NEEDS-PAINT
NEEDS-COMPOSITING-BITS-UPDATE
'package:flutter/src/rendering/box.dart':
Failed assertion: line 2251 pos 12: 'hasSize'

Either the assertion indicates an error in the framework itself, or we should provide substantially
more information in this error message to help you determine and fix the underlying cause.
In either case, please report this assertion by filing a bug on GitHub:
  https://github.com/flutter/flutter/issues/new?template=02_bug.yml

The relevant error-causing widget was:
  ConstrainedBox ConstrainedBox:file:///D:/SEM%204/TaskProof/lib/dashboard.dart:36:17

When the exception was thrown, this was the stack:
#2      RenderBox.size (package:flutter/src/rendering/box.dart:2251:12)
#3      RenderConstrainedBox.performLayout (package:flutter/src/rendering/proxy_box.dart:297:21)
#4      RenderObject.layout (package:flutter/src/rendering/object.dart:2768:7)
#5      ChildLayoutHelper.layoutChild (package:flutter/src/rendering/layout_helper.dart:62:11)
#6      RenderStack._computeSize (package:flutter/src/rendering/stack.dart:645:43)
#7      RenderStack.performLayout (package:flutter/src/rendering/stack.dart:680:12)
#8      RenderObject.layout (package:flutter/src/rendering/object.dart:2768:7)
#9      RenderPadding.performLayout (package:flutter/src/rendering/shifted_box.dart:262:12)
#10     RenderObject.layout (package:flutter/src/rendering/object.dart:2768:7)
#11     RenderProxyBoxMixin.performLayout (package:flutter/src/rendering/proxy_box.dart:118:18)
#12     RenderObject.layout (package:flutter/src/rendering/object.dart:2768:7)
#13     RenderConstrainedBox.performLayout (package:flutter/src/rendering/proxy_box.dart:296:14)
#14     RenderObject.layout (package:flutter/src/rendering/object.dart:2768:7)
#15     RenderConstrainedBox.performLayout (package:flutter/src/rendering/proxy_box.dart:296:14)
#16     RenderObject.layout (package:flutter/src/rendering/object.dart:2768:7)
#17     ChildLayoutHelper.layoutChild (package:flutter/src/rendering/layout_helper.dart:62:11)
#18     RenderFlex._computeSizes (package:flutter/src/rendering/flex.dart:1237:28)
#19     RenderFlex.performLayout (package:flutter/src/rendering/flex.dart:1329:32)
#20     RenderObject.layout (package:flutter/src/rendering/object.dart:2768:7)
#21     _RenderSingleChildViewport.performLayout (package:flutter/src/widgets/single_child_scroll_view.dart:502:14)
#22     RenderObject.layout (package:flutter/src/rendering/object.dart:2768:7)
#23     RenderProxyBoxMixin.performLayout (package:flutter/src/rendering/proxy_box.dart:118:18)
#24     RenderObject.layout (package:flutter/src/rendering/object.dart:2768:7)
#25     RenderProxyBoxMixin.performLayout (package:flutter/src/rendering/proxy_box.dart:118:18)
#26     RenderObject.layout (package:flutter/src/rendering/object.dart:2768:7)
#27     RenderProxyBoxMixin.performLayout (package:flutter/src/rendering/proxy_box.dart:118:18)
#28     RenderObject.layout (package:flutter/src/rendering/object.dart:2768:7)
#29     RenderProxyBoxMixin.performLayout (package:flutter/src/rendering/proxy_box.dart:118:18)
#30     RenderObject.layout (package:flutter/src/rendering/object.dart:2768:7)
#31     RenderProxyBoxMixin.performLayout (package:flutter/src/rendering/proxy_box.dart:118:18)
#32     RenderObject.layout (package:flutter/src/rendering/object.dart:2768:7)
#33     RenderProxyBoxMixin.performLayout (package:flutter/src/rendering/proxy_box.dart:118:18)
#34     RenderObject.layout (package:flutter/src/rendering/object.dart:2768:7)
#35     RenderProxyBoxMixin.performLayout (package:flutter/src/rendering/proxy_box.dart:118:18)
#36     RenderObject.layout (package:flutter/src/rendering/object.dart:2768:7)
#37     RenderProxyBoxMixin.performLayout (package:flutter/src/rendering/proxy_box.dart:118:18)
#38     _RenderCustomClip.performLayout (package:flutter/src/rendering/proxy_box.dart:1549:11)
#39     RenderObject.layout (package:flutter/src/rendering/object.dart:2768:7)
#40     RenderPadding.performLayout (package:flutter/src/rendering/shifted_box.dart:262:12)
#41     RenderObject.layout (package:flutter/src/rendering/object.dart:2768:7)
#42     MultiChildLayoutDelegate.layoutChild (package:flutter/src/rendering/custom_layout.dart:180:12)
#43     _ScaffoldLayout.performLayout (package:flutter/src/material/scaffold.dart:1113:7)
#44     MultiChildLayoutDelegate._callPerformLayout (package:flutter/src/rendering/custom_layout.dart:246:7)
#45     RenderCustomMultiChildLayoutBox.performLayout (package:flutter/src/rendering/custom_layout.dart:417:14)
#46     RenderObject.layout (package:flutter/src/rendering/object.dart:2768:7)
#47     RenderProxyBoxMixin.performLayout (package:flutter/src/rendering/proxy_box.dart:118:18)
#48     RenderObject.layout (package:flutter/src/rendering/object.dart:2768:7)
#49     RenderProxyBoxMixin.performLayout (package:flutter/src/rendering/proxy_box.dart:118:18)
#50     _RenderCustomClip.performLayout (package:flutter/src/rendering/proxy_box.dart:1549:11)
#51     RenderObject.layout (package:flutter/src/rendering/object.dart:2768:7)
#52     RenderProxyBoxMixin.performLayout (package:flutter/src/rendering/proxy_box.dart:118:18)
#53     RenderObject.layout (package:flutter/src/rendering/object.dart:2768:7)
#54     RenderProxyBoxMixin.performLayout (package:flutter/src/rendering/proxy_box.dart:118:18)
#55     RenderObject.layout (package:flutter/src/rendering/object.dart:2768:7)
#56     RenderProxyBoxMixin.performLayout (package:flutter/src/rendering/proxy_box.dart:118:18)
#57     RenderObject.layout (package:flutter/src/rendering/object.dart:2768:7)
#58     RenderProxyBoxMixin.performLayout (package:flutter/src/rendering/proxy_box.dart:118:18)
#59     RenderObject.layout (package:flutter/src/rendering/object.dart:2768:7)
#60     RenderProxyBoxMixin.performLayout (package:flutter/src/rendering/proxy_box.dart:118:18)
#61     RenderObject.layout (package:flutter/src/rendering/object.dart:2768:7)
#62     RenderProxyBoxMixin.performLayout (package:flutter/src/rendering/proxy_box.dart:118:18)
#63     RenderObject.layout (package:flutter/src/rendering/object.dart:2768:7)
#64     RenderProxyBoxMixin.performLayout (package:flutter/src/rendering/proxy_box.dart:118:18)
#65     RenderObject.layout (package:flutter/src/rendering/object.dart:2768:7)
#66     RenderProxyBoxMixin.performLayout (package:flutter/src/rendering/proxy_box.dart:118:18)
#67     RenderObject.layout (package:flutter/src/rendering/object.dart:2768:7)
#68     RenderProxyBoxMixin.performLayout (package:flutter/src/rendering/proxy_box.dart:118:18)
#69     RenderObject.layout (package:flutter/src/rendering/object.dart:2768:7)
#70     RenderProxyBoxMixin.performLayout (package:flutter/src/rendering/proxy_box.dart:118:18)
#71     RenderObject.layout (package:flutter/src/rendering/object.dart:2768:7)
#72     RenderProxyBoxMixin.performLayout (package:flutter/src/rendering/proxy_box.dart:118:18)
#73     RenderObject.layout (package:flutter/src/rendering/object.dart:2768:7)
#74     RenderProxyBoxMixin.performLayout (package:flutter/src/rendering/proxy_box.dart:118:18)
#75     RenderObject.layout (package:flutter/src/rendering/object.dart:2768:7)
#76     RenderProxyBoxMixin.performLayout (package:flutter/src/rendering/proxy_box.dart:118:18)
#77     RenderObject.layout (package:flutter/src/rendering/object.dart:2768:7)
#78     RenderProxyBoxMixin.performLayout (package:flutter/src/rendering/proxy_box.dart:118:18)
#79     RenderObject.layout (package:flutter/src/rendering/object.dart:2768:7)
#80     RenderProxyBoxMixin.performLayout (package:flutter/src/rendering/proxy_box.dart:118:18)
#81     RenderObject.layout (package:flutter/src/rendering/object.dart:2768:7)
#82     RenderProxyBoxMixin.performLayout (package:flutter/src/rendering/proxy_box.dart:118:18)
#83     RenderOffstage.performLayout (package:flutter/src/rendering/proxy_box.dart:3923:13)
#84     RenderObject.layout (package:flutter/src/rendering/object.dart:2768:7)
#85     RenderProxyBoxMixin.performLayout (package:flutter/src/rendering/proxy_box.dart:118:18)
#86     RenderObject.layout (package:flutter/src/rendering/object.dart:2768:7)
#87     _RenderTheaterMixin.layoutChild (package:flutter/src/widgets/overlay.dart:1084:13)
#88     _RenderTheater.performLayout (package:flutter/src/widgets/overlay.dart:1429:9)
#89     RenderObject.layout (package:flutter/src/rendering/object.dart:2768:7)
#90     RenderProxyBoxMixin.performLayout (package:flutter/src/rendering/proxy_box.dart:118:18)
#91     RenderObject.layout (package:flutter/src/rendering/object.dart:2768:7)
#92     RenderProxyBoxMixin.performLayout (package:flutter/src/rendering/proxy_box.dart:118:18)
#93     RenderObject.layout (package:flutter/src/rendering/object.dart:2768:7)
#94     RenderProxyBoxMixin.performLayout (package:flutter/src/rendering/proxy_box.dart:118:18)
#95     RenderObject.layout (package:flutter/src/rendering/object.dart:2768:7)
#96     RenderProxyBoxMixin.performLayout (package:flutter/src/rendering/proxy_box.dart:118:18)
#97     RenderCustomPaint.performLayout (package:flutter/src/rendering/custom_paint.dart:574:11)
#98     RenderObject.layout (package:flutter/src/rendering/object.dart:2768:7)
#99     RenderProxyBoxMixin.performLayout (package:flutter/src/rendering/proxy_box.dart:118:18)
#100    RenderObject.layout (package:flutter/src/rendering/object.dart:2768:7)
#101    RenderProxyBoxMixin.performLayout (package:flutter/src/rendering/proxy_box.dart:118:18)
#102    RenderObject.layout (package:flutter/src/rendering/object.dart:2768:7)
#103    RenderProxyBoxMixin.performLayout (package:flutter/src/rendering/proxy_box.dart:118:18)
#104    RenderObject.layout (package:flutter/src/rendering/object.dart:2768:7)
#105    RenderProxyBoxMixin.performLayout (package:flutter/src/rendering/proxy_box.dart:118:18)
#106    RenderObject.layout (package:flutter/src/rendering/object.dart:2768:7)
#107    RenderProxyBoxMixin.performLayout (package:flutter/src/rendering/proxy_box.dart:118:18)
#108    RenderObject.layout (package:flutter/src/rendering/object.dart:2768:7)
#109    RenderProxyBoxMixin.performLayout (package:flutter/src/rendering/proxy_box.dart:118:18)
#110    RenderObject.layout (package:flutter/src/rendering/object.dart:2768:7)
#111    RenderView.performLayout (package:flutter/src/rendering/view.dart:292:12)
#112    RenderObject._layoutWithoutResize (package:flutter/src/rendering/object.dart:2616:7)
#113    PipelineOwner.flushLayout (package:flutter/src/rendering/object.dart:1174:18)
#114    PipelineOwner.flushLayout (package:flutter/src/rendering/object.dart:1187:15)
#115    AutomatedTestWidgetsFlutterBinding.drawFrame (package:flutter_test/src/binding.dart:2133:27)
#116    RendererBinding._handlePersistentFrameCallback (package:flutter/src/rendering/binding.dart:495:5)
#117    SchedulerBinding._invokeFrameCallback (package:flutter/src/scheduler/binding.dart:1430:15)
#118    SchedulerBinding.handleDrawFrame (package:flutter/src/scheduler/binding.dart:1345:9)
#119    AutomatedTestWidgetsFlutterBinding.pump.<anonymous closure> (package:flutter_test/src/binding.dart:1960:9)
#122    TestAsyncUtils.guard (package:flutter_test/src/test_async_utils.dart:74:41)
#123    AutomatedTestWidgetsFlutterBinding.pump (package:flutter_test/src/binding.dart:1949:27)
#124    WidgetTester.pumpWidget.<anonymous closure> (package:flutter_test/src/widget_tester.dart:598:22)
#127    TestAsyncUtils.guard (package:flutter_test/src/test_async_utils.dart:74:41)
#128    WidgetTester.pumpWidget (package:flutter_test/src/widget_tester.dart:595:27)
#129    main.<anonymous closure> (file:///D:/SEM%204/TaskProof/test/layout_test.dart:8:18)
#130    testWidgets.<anonymous closure>.<anonymous closure> (package:flutter_test/src/widget_tester.dart:192:29)
<asynchronous suspension>
#131    TestWidgetsFlutterBinding._runTestBody (package:flutter_test/src/binding.dart:1682:5)
<asynchronous suspension>
<asynchronous suspension>
(elided 7 frames from class _AssertionError, dart:async, and package:stack_trace)

The following RenderObject was being processed when the exception was fired: RenderConstrainedBox#76132 relayoutBoundary=up17 NEEDS-LAYOUT NEEDS-PAINT NEEDS-COMPOSITING-BITS-UPDATE:
  creator: ConstrainedBox ΓåÉ Stack ΓåÉ Padding ΓåÉ DecoratedBox ΓåÉ ConstrainedBox ΓåÉ Container ΓåÉ
    ConstrainedBox ΓåÉ Column ΓåÉ DashboardPageNeonTech ΓåÉ _SingleChildViewport ΓåÉ
    IgnorePointer-[GlobalKey#d4757] ΓåÉ Semantics ΓåÉ Γï»
  parentData: not positioned; offset=Offset(0.0, 0.0) (can use size)
  constraints: BoxConstraints(0.0<=w<=390.0, 0.0<=h<=Infinity)
  size: MISSING
  additionalConstraints: BoxConstraints(0.0<=w<=448.0, 0.0<=h<=Infinity)
This RenderObject had the following descendants (showing up to depth 5):
    child: RenderConstrainedBox#49aab relayoutBoundary=up18 NEEDS-PAINT NEEDS-COMPOSITING-BITS-UPDATE
      child: RenderPadding#e3aa9 relayoutBoundary=up19 NEEDS-PAINT NEEDS-COMPOSITING-BITS-UPDATE
        child: RenderFlex#b433c relayoutBoundary=up20 NEEDS-PAINT NEEDS-COMPOSITING-BITS-UPDATE
          child 1: RenderConstrainedBox#45bc5 relayoutBoundary=up21 NEEDS-PAINT NEEDS-COMPOSITING-BITS-UPDATE
            child: RenderPadding#2b18f relayoutBoundary=up22 NEEDS-PAINT NEEDS-COMPOSITING-BITS-UPDATE
          child 2: RenderConstrainedBox#ba1dd relayoutBoundary=up21 NEEDS-PAINT NEEDS-COMPOSITING-BITS-UPDATE
            child: RenderFlex#66fe7 relayoutBoundary=up22 NEEDS-PAINT NEEDS-COMPOSITING-BITS-UPDATE
          child 3: RenderConstrainedBox#c9dc4 relayoutBoundary=up21 NEEDS-PAINT NEEDS-COMPOSITING-BITS-UPDATE
            child: RenderFlex#fbfd0 relayoutBoundary=up22 NEEDS-PAINT NEEDS-COMPOSITING-BITS-UPDATE OVERFLOWING
          child 4: RenderConstrainedBox#ad705 relayoutBoundary=up21 NEEDS-PAINT NEEDS-COMPOSITING-BITS-UPDATE
            child: RenderFlex#2bf8b relayoutBoundary=up22 NEEDS-PAINT NEEDS-COMPOSITING-BITS-UPDATE
ΓòÉΓòÉΓòÉΓòÉΓòÉΓòÉΓòÉΓòÉΓòÉΓòÉΓòÉΓòÉΓòÉΓòÉΓòÉΓòÉΓòÉΓòÉΓòÉΓòÉΓòÉΓòÉΓòÉΓòÉΓòÉΓòÉΓòÉΓòÉΓòÉΓòÉΓòÉΓòÉΓòÉΓòÉΓòÉΓòÉΓòÉΓòÉΓòÉΓòÉΓòÉΓòÉΓòÉΓòÉΓòÉΓòÉΓòÉΓòÉΓòÉΓòÉΓòÉΓòÉΓòÉΓòÉΓòÉΓòÉΓòÉΓòÉΓòÉΓòÉΓòÉΓòÉΓòÉΓòÉΓòÉΓòÉΓòÉΓòÉΓòÉΓòÉΓòÉΓòÉΓòÉΓòÉΓòÉΓòÉΓòÉΓòÉΓòÉΓòÉΓòÉΓòÉΓòÉΓòÉΓòÉΓòÉΓòÉΓòÉΓòÉΓòÉΓòÉΓòÉΓòÉΓòÉΓòÉΓòÉΓòÉΓòÉΓòÉΓòÉ
ΓòÉΓòÉΓòí EXCEPTION CAUGHT BY RENDERING LIBRARY Γò₧ΓòÉΓòÉΓòÉΓòÉΓòÉΓòÉΓòÉΓòÉΓòÉΓòÉΓòÉΓòÉΓòÉΓòÉΓòÉΓòÉΓòÉΓòÉΓòÉΓòÉΓòÉΓòÉΓòÉΓòÉΓòÉΓòÉΓòÉΓòÉΓòÉΓòÉΓòÉΓòÉΓòÉΓòÉΓòÉΓòÉΓòÉΓòÉΓòÉΓòÉΓòÉΓòÉΓòÉΓòÉΓòÉΓòÉΓòÉΓòÉΓòÉΓòÉΓòÉΓòÉΓòÉΓòÉΓòÉΓòÉΓòÉ
The following assertion was thrown during performLayout():
RenderBox was not laid out: RenderConstrainedBox#76132 relayoutBoundary=up17 NEEDS-PAINT
NEEDS-COMPOSITING-BITS-UPDATE
'package:flutter/src/rendering/box.dart':
Failed assertion: line 2251 pos 12: 'hasSize'

Either the assertion indicates an error in the framework itself, or we should provide substantially
more information in this error message to help you determine and fix the underlying cause.
In either case, please report this assertion by filing a bug on GitHub:
  https://github.com/flutter/flutter/issues/new?template=02_bug.yml

The relevant error-causing widget was:
  Stack Stack:file:///D:/SEM%204/TaskProof/lib/dashboard.dart:34:20

When the exception was thrown, this was the stack:
#2      RenderBox.size (package:flutter/src/rendering/box.dart:2251:12)
#3      ChildLayoutHelper.layoutChild (package:flutter/src/rendering/layout_helper.dart:63:18)
#4      RenderStack._computeSize (package:flutter/src/rendering/stack.dart:645:43)
#5      RenderStack.performLayout (package:flutter/src/rendering/stack.dart:680:12)
#6      RenderObject.layout (package:flutter/src/rendering/object.dart:2768:7)
#7      RenderPadding.performLayout (package:flutter/src/rendering/shifted_box.dart:262:12)
#8      RenderObject.layout (package:flutter/src/rendering/object.dart:2768:7)
#9      RenderProxyBoxMixin.performLayout (package:flutter/src/rendering/proxy_box.dart:118:18)
#10     RenderObject.layout (package:flutter/src/rendering/object.dart:2768:7)
#11     RenderConstrainedBox.performLayout (package:flutter/src/rendering/proxy_box.dart:296:14)
#12     RenderObject.layout (package:flutter/src/rendering/object.dart:2768:7)
#13     RenderConstrainedBox.performLayout (package:flutter/src/rendering/proxy_box.dart:296:14)
#14     RenderObject.layout (package:flutter/src/rendering/object.dart:2768:7)
#15     ChildLayoutHelper.layoutChild (package:flutter/src/rendering/layout_helper.dart:62:11)
#16     RenderFlex._computeSizes (package:flutter/src/rendering/flex.dart:1237:28)
#17     RenderFlex.performLayout (package:flutter/src/rendering/flex.dart:1329:32)
#18     RenderObject.layout (package:flutter/src/rendering/object.dart:2768:7)
#19     _RenderSingleChildViewport.performLayout (package:flutter/src/widgets/single_child_scroll_view.dart:502:14)
#20     RenderObject.layout (package:flutter/src/rendering/object.dart:2768:7)
#21     RenderProxyBoxMixin.performLayout (package:flutter/src/rendering/proxy_box.dart:118:18)
#22     RenderObject.layout (package:flutter/src/rendering/object.dart:2768:7)
#23     RenderProxyBoxMixin.performLayout (package:flutter/src/rendering/proxy_box.dart:118:18)
#24     RenderObject.layout (package:flutter/src/rendering/object.dart:2768:7)
#25     RenderProxyBoxMixin.performLayout (package:flutter/src/rendering/proxy_box.dart:118:18)
#26     RenderObject.layout (package:flutter/src/rendering/object.dart:2768:7)
#27     RenderProxyBoxMixin.performLayout (package:flutter/src/rendering/proxy_box.dart:118:18)
#28     RenderObject.layout (package:flutter/src/rendering/object.dart:2768:7)
#29     RenderProxyBoxMixin.performLayout (package:flutter/src/rendering/proxy_box.dart:118:18)
#30     RenderObject.layout (package:flutter/src/rendering/object.dart:2768:7)
#31     RenderProxyBoxMixin.performLayout (package:flutter/src/rendering/proxy_box.dart:118:18)
#32     RenderObject.layout (package:flutter/src/rendering/object.dart:2768:7)
#33     RenderProxyBoxMixin.performLayout (package:flutter/src/rendering/proxy_box.dart:118:18)
#34     RenderObject.layout (package:flutter/src/rendering/object.dart:2768:7)
#35     RenderProxyBoxMixin.performLayout (package:flutter/src/rendering/proxy_box.dart:118:18)
#36     _RenderCustomClip.performLayout (package:flutter/src/rendering/proxy_box.dart:1549:11)
#37     RenderObject.layout (package:flutter/src/rendering/object.dart:2768:7)
#38     RenderPadding.performLayout (package:flutter/src/rendering/shifted_box.dart:262:12)
#39     RenderObject.layout (package:flutter/src/rendering/object.dart:2768:7)
#40     MultiChildLayoutDelegate.layoutChild (package:flutter/src/rendering/custom_layout.dart:180:12)
#41     _ScaffoldLayout.performLayout (package:flutter/src/material/scaffold.dart:1113:7)
#42     MultiChildLayoutDelegate._callPerformLayout (package:flutter/src/rendering/custom_layout.dart:246:7)
#43     RenderCustomMultiChildLayoutBox.performLayout (package:flutter/src/rendering/custom_layout.dart:417:14)
#44     RenderObject.layout (package:flutter/src/rendering/object.dart:2768:7)
#45     RenderProxyBoxMixin.performLayout (package:flutter/src/rendering/proxy_box.dart:118:18)
#46     RenderObject.layout (package:flutter/src/rendering/object.dart:2768:7)
#47     RenderProxyBoxMixin.performLayout (package:flutter/src/rendering/proxy_box.dart:118:18)
#48     _RenderCustomClip.performLayout (package:flutter/src/rendering/proxy_box.dart:1549:11)
#49     RenderObject.layout (package:flutter/src/rendering/object.dart:2768:7)
#50     RenderProxyBoxMixin.performLayout (package:flutter/src/rendering/proxy_box.dart:118:18)
#51     RenderObject.layout (package:flutter/src/rendering/object.dart:2768:7)
#52     RenderProxyBoxMixin.performLayout (package:flutter/src/rendering/proxy_box.dart:118:18)
#53     RenderObject.layout (package:flutter/src/rendering/object.dart:2768:7)
#54     RenderProxyBoxMixin.performLayout (package:flutter/src/rendering/proxy_box.dart:118:18)
#55     RenderObject.layout (package:flutter/src/rendering/object.dart:2768:7)
#56     RenderProxyBoxMixin.performLayout (package:flutter/src/rendering/proxy_box.dart:118:18)
#57     RenderObject.layout (package:flutter/src/rendering/object.dart:2768:7)
#58     RenderProxyBoxMixin.performLayout (package:flutter/src/rendering/proxy_box.dart:118:18)
#59     RenderObject.layout (package:flutter/src/rendering/object.dart:2768:7)
#60     RenderProxyBoxMixin.performLayout (package:flutter/src/rendering/proxy_box.dart:118:18)
#61     RenderObject.layout (package:flutter/src/rendering/object.dart:2768:7)
#62     RenderProxyBoxMixin.performLayout (package:flutter/src/rendering/proxy_box.dart:118:18)
#63     RenderObject.layout (package:flutter/src/rendering/object.dart:2768:7)
#64     RenderProxyBoxMixin.performLayout (package:flutter/src/rendering/proxy_box.dart:118:18)
#65     RenderObject.layout (package:flutter/src/rendering/object.dart:2768:7)
#66     RenderProxyBoxMixin.performLayout (package:flutter/src/rendering/proxy_box.dart:118:18)
#67     RenderObject.layout (package:flutter/src/rendering/object.dart:2768:7)
#68     RenderProxyBoxMixin.performLayout (package:flutter/src/rendering/proxy_box.dart:118:18)
#69     RenderObject.layout (package:flutter/src/rendering/object.dart:2768:7)
#70     RenderProxyBoxMixin.performLayout (package:flutter/src/rendering/proxy_box.dart:118:18)
#71     RenderObject.layout (package:flutter/src/rendering/object.dart:2768:7)
#72     RenderProxyBoxMixin.performLayout (package:flutter/src/rendering/proxy_box.dart:118:18)
#73     RenderObject.layout (package:flutter/src/rendering/object.dart:2768:7)
#74     RenderProxyBoxMixin.performLayout (package:flutter/src/rendering/proxy_box.dart:118:18)
#75     RenderObject.layout (package:flutter/src/rendering/object.dart:2768:7)
#76     RenderProxyBoxMixin.performLayout (package:flutter/src/rendering/proxy_box.dart:118:18)
#77     RenderObject.layout (package:flutter/src/rendering/object.dart:2768:7)
#78     RenderProxyBoxMixin.performLayout (package:flutter/src/rendering/proxy_box.dart:118:18)
#79     RenderObject.layout (package:flutter/src/rendering/object.dart:2768:7)
#80     RenderProxyBoxMixin.performLayout (package:flutter/src/rendering/proxy_box.dart:118:18)
#81     RenderOffstage.performLayout (package:flutter/src/rendering/proxy_box.dart:3923:13)
#82     RenderObject.layout (package:flutter/src/rendering/object.dart:2768:7)
#83     RenderProxyBoxMixin.performLayout (package:flutter/src/rendering/proxy_box.dart:118:18)
#84     RenderObject.layout (package:flutter/src/rendering/object.dart:2768:7)
#85     _RenderTheaterMixin.layoutChild (package:flutter/src/widgets/overlay.dart:1084:13)
#86     _RenderTheater.performLayout (package:flutter/src/widgets/overlay.dart:1429:9)
#87     RenderObject.layout (package:flutter/src/rendering/object.dart:2768:7)
#88     RenderProxyBoxMixin.performLayout (package:flutter/src/rendering/proxy_box.dart:118:18)
#89     RenderObject.layout (package:flutter/src/rendering/object.dart:2768:7)
#90     RenderProxyBoxMixin.performLayout (package:flutter/src/rendering/proxy_box.dart:118:18)
#91     RenderObject.layout (package:flutter/src/rendering/object.dart:2768:7)
#92     RenderProxyBoxMixin.performLayout (package:flutter/src/rendering/proxy_box.dart:118:18)
#93     RenderObject.layout (package:flutter/src/rendering/object.dart:2768:7)
#94     RenderProxyBoxMixin.performLayout (package:flutter/src/rendering/proxy_box.dart:118:18)
#95     RenderCustomPaint.performLayout (package:flutter/src/rendering/custom_paint.dart:574:11)
#96     RenderObject.layout (package:flutter/src/rendering/object.dart:2768:7)
#97     RenderProxyBoxMixin.performLayout (package:flutter/src/rendering/proxy_box.dart:118:18)
#98     RenderObject.layout (package:flutter/src/rendering/object.dart:2768:7)
#99     RenderProxyBoxMixin.performLayout (package:flutter/src/rendering/proxy_box.dart:118:18)
#100    RenderObject.layout (package:flutter/src/rendering/object.dart:2768:7)
#101    RenderProxyBoxMixin.performLayout (package:flutter/src/rendering/proxy_box.dart:118:18)
#102    RenderObject.layout (package:flutter/src/rendering/object.dart:2768:7)
#103    RenderProxyBoxMixin.performLayout (package:flutter/src/rendering/proxy_box.dart:118:18)
#104    RenderObject.layout (package:flutter/src/rendering/object.dart:2768:7)
#105    RenderProxyBoxMixin.performLayout (package:flutter/src/rendering/proxy_box.dart:118:18)
#106    RenderObject.layout (package:flutter/src/rendering/object.dart:2768:7)
#107    RenderProxyBoxMixin.performLayout (package:flutter/src/rendering/proxy_box.dart:118:18)
#108    RenderObject.layout (package:flutter/src/rendering/object.dart:2768:7)
#109    RenderView.performLayout (package:flutter/src/rendering/view.dart:292:12)
#110    RenderObject._layoutWithoutResize (package:flutter/src/rendering/object.dart:2616:7)
#111    PipelineOwner.flushLayout (package:flutter/src/rendering/object.dart:1174:18)
#112    PipelineOwner.flushLayout (package:flutter/src/rendering/object.dart:1187:15)
#113    AutomatedTestWidgetsFlutterBinding.drawFrame (package:flutter_test/src/binding.dart:2133:27)
#114    RendererBinding._handlePersistentFrameCallback (package:flutter/src/rendering/binding.dart:495:5)
#115    SchedulerBinding._invokeFrameCallback (package:flutter/src/scheduler/binding.dart:1430:15)
#116    SchedulerBinding.handleDrawFrame (package:flutter/src/scheduler/binding.dart:1345:9)
#117    AutomatedTestWidgetsFlutterBinding.pump.<anonymous closure> (package:flutter_test/src/binding.dart:1960:9)
#120    TestAsyncUtils.guard (package:flutter_test/src/test_async_utils.dart:74:41)
#121    AutomatedTestWidgetsFlutterBinding.pump (package:flutter_test/src/binding.dart:1949:27)
#122    WidgetTester.pumpWidget.<anonymous closure> (package:flutter_test/src/widget_tester.dart:598:22)
#125    TestAsyncUtils.guard (package:flutter_test/src/test_async_utils.dart:74:41)
#126    WidgetTester.pumpWidget (package:flutter_test/src/widget_tester.dart:595:27)
#127    main.<anonymous closure> (file:///D:/SEM%204/TaskProof/test/layout_test.dart:8:18)
#128    testWidgets.<anonymous closure>.<anonymous closure> (package:flutter_test/src/widget_tester.dart:192:29)
<asynchronous suspension>
#129    TestWidgetsFlutterBinding._runTestBody (package:flutter_test/src/binding.dart:1682:5)
<asynchronous suspension>
<asynchronous suspension>
(elided 7 frames from class _AssertionError, dart:async, and package:stack_trace)

The following RenderObject was being processed when the exception was fired: RenderStack#2e853 relayoutBoundary=up16 NEEDS-LAYOUT NEEDS-PAINT NEEDS-COMPOSITING-BITS-UPDATE:
  creator: Stack ΓåÉ Padding ΓåÉ DecoratedBox ΓåÉ ConstrainedBox ΓåÉ Container ΓåÉ ConstrainedBox ΓåÉ Column ΓåÉ
    DashboardPageNeonTech ΓåÉ _SingleChildViewport ΓåÉ IgnorePointer-[GlobalKey#d4757] ΓåÉ Semantics ΓåÉ
    Listener ΓåÉ Γï»
  parentData: offset=Offset(0.0, 0.0) (can use size)
  constraints: BoxConstraints(w=390.0, 965.0<=h<=Infinity)
  size: MISSING
  alignment: AlignmentDirectional.topStart
  textDirection: ltr
  fit: loose
This RenderObject had the following descendants (showing up to depth 5):
    child 1: RenderConstrainedBox#76132 relayoutBoundary=up17 NEEDS-PAINT NEEDS-COMPOSITING-BITS-UPDATE
      child: RenderConstrainedBox#49aab relayoutBoundary=up18 NEEDS-PAINT NEEDS-COMPOSITING-BITS-UPDATE
        child: RenderPadding#e3aa9 relayoutBoundary=up19 NEEDS-PAINT NEEDS-COMPOSITING-BITS-UPDATE
          child: RenderFlex#b433c relayoutBoundary=up20 NEEDS-PAINT NEEDS-COMPOSITING-BITS-UPDATE
            child 1: RenderConstrainedBox#45bc5 relayoutBoundary=up21 NEEDS-PAINT NEEDS-COMPOSITING-BITS-UPDATE
            child 2: RenderConstrainedBox#ba1dd relayoutBoundary=up21 NEEDS-PAINT NEEDS-COMPOSITING-BITS-UPDATE
            child 3: RenderConstrainedBox#c9dc4 relayoutBoundary=up21 NEEDS-PAINT NEEDS-COMPOSITING-BITS-UPDATE
            child 4: RenderConstrainedBox#ad705 relayoutBoundary=up21 NEEDS-PAINT NEEDS-COMPOSITING-BITS-UPDATE
    child 2: RenderConstrainedBox#50a05 NEEDS-LAYOUT NEEDS-PAINT NEEDS-COMPOSITING-BITS-UPDATE
      child: RenderDecoratedBox#ed440 NEEDS-LAYOUT NEEDS-PAINT NEEDS-COMPOSITING-BITS-UPDATE
        child: RenderPadding#1dab2 NEEDS-LAYOUT NEEDS-PAINT NEEDS-COMPOSITING-BITS-UPDATE
          child: RenderFlex#c32b6 NEEDS-LAYOUT NEEDS-PAINT NEEDS-COMPOSITING-BITS-UPDATE
            child 1: RenderFlex#9f231 NEEDS-LAYOUT NEEDS-PAINT NEEDS-COMPOSITING-BITS-UPDATE
            child 2: RenderConstrainedBox#d938d NEEDS-LAYOUT NEEDS-PAINT NEEDS-COMPOSITING-BITS-UPDATE
    child 3: RenderConstrainedBox#7e9f1 NEEDS-LAYOUT NEEDS-PAINT NEEDS-COMPOSITING-BITS-UPDATE
      child: RenderDecoratedBox#36e4b NEEDS-LAYOUT NEEDS-PAINT NEEDS-COMPOSITING-BITS-UPDATE
        child: RenderPadding#57598 NEEDS-LAYOUT NEEDS-PAINT NEEDS-COMPOSITING-BITS-UPDATE
          child: RenderFlex#048fe NEEDS-LAYOUT NEEDS-PAINT NEEDS-COMPOSITING-BITS-UPDATE
            child 1: RenderFlex#b5e3e NEEDS-LAYOUT NEEDS-PAINT
    child 4: RenderConstrainedBox#1acd6 NEEDS-LAYOUT NEEDS-PAINT NEEDS-COMPOSITING-BITS-UPDATE
      child: RenderDecoratedBox#60f68 NEEDS-LAYOUT NEEDS-PAINT NEEDS-COMPOSITING-BITS-UPDATE
        child: RenderPadding#408ab NEEDS-LAYOUT NEEDS-PAINT NEEDS-COMPOSITING-BITS-UPDATE
          child: RenderStack#3dfbd NEEDS-LAYOUT NEEDS-PAINT NEEDS-COMPOSITING-BITS-UPDATE
            child 1: RenderConstrainedBox#5b197 NEEDS-LAYOUT NEEDS-PAINT NEEDS-COMPOSITING-BITS-UPDATE
            child 2: RenderDecoratedBox#f9c1f NEEDS-LAYOUT NEEDS-PAINT NEEDS-COMPOSITING-BITS-UPDATE
            child 3: RenderDecoratedBox#331fd NEEDS-LAYOUT NEEDS-PAINT NEEDS-COMPOSITING-BITS-UPDATE
            child 4: RenderDecoratedBox#9e686 NEEDS-LAYOUT NEEDS-PAINT NEEDS-COMPOSITING-BITS-UPDATE
            child 5: RenderDecoratedBox#b86bc NEEDS-LAYOUT NEEDS-PAINT NEEDS-COMPOSITING-BITS-UPDATE
ΓòÉΓòÉΓòÉΓòÉΓòÉΓòÉΓòÉΓòÉΓòÉΓòÉΓòÉΓòÉΓòÉΓòÉΓòÉΓòÉΓòÉΓòÉΓòÉΓòÉΓòÉΓòÉΓòÉΓòÉΓòÉΓòÉΓòÉΓòÉΓòÉΓòÉΓòÉΓòÉΓòÉΓòÉΓòÉΓòÉΓòÉΓòÉΓòÉΓòÉΓòÉΓòÉΓòÉΓòÉΓòÉΓòÉΓòÉΓòÉΓòÉΓòÉΓòÉΓòÉΓòÉΓòÉΓòÉΓòÉΓòÉΓòÉΓòÉΓòÉΓòÉΓòÉΓòÉΓòÉΓòÉΓòÉΓòÉΓòÉΓòÉΓòÉΓòÉΓòÉΓòÉΓòÉΓòÉΓòÉΓòÉΓòÉΓòÉΓòÉΓòÉΓòÉΓòÉΓòÉΓòÉΓòÉΓòÉΓòÉΓòÉΓòÉΓòÉΓòÉΓòÉΓòÉΓòÉΓòÉΓòÉΓòÉΓòÉΓòÉ
ΓòÉΓòÉΓòí EXCEPTION CAUGHT BY RENDERING LIBRARY Γò₧ΓòÉΓòÉΓòÉΓòÉΓòÉΓòÉΓòÉΓòÉΓòÉΓòÉΓòÉΓòÉΓòÉΓòÉΓòÉΓòÉΓòÉΓòÉΓòÉΓòÉΓòÉΓòÉΓòÉΓòÉΓòÉΓòÉΓòÉΓòÉΓòÉΓòÉΓòÉΓòÉΓòÉΓòÉΓòÉΓòÉΓòÉΓòÉΓòÉΓòÉΓòÉΓòÉΓòÉΓòÉΓòÉΓòÉΓòÉΓòÉΓòÉΓòÉΓòÉΓòÉΓòÉΓòÉΓòÉΓòÉΓòÉ
The following assertion was thrown during performLayout():
RenderBox was not laid out: RenderStack#2e853 relayoutBoundary=up16 NEEDS-PAINT
NEEDS-COMPOSITING-BITS-UPDATE
'package:flutter/src/rendering/box.dart':
Failed assertion: line 2251 pos 12: 'hasSize'

Either the assertion indicates an error in the framework itself, or we should provide substantially
more information in this error message to help you determine and fix the underlying cause.
In either case, please report this assertion by filing a bug on GitHub:
  https://github.com/flutter/flutter/issues/new?template=02_bug.yml

The relevant error-causing widget was:
  Container Container:file:///D:/SEM%204/TaskProof/lib/dashboard.dart:30:18

When the exception was thrown, this was the stack:
#2      RenderBox.size (package:flutter/src/rendering/box.dart:2251:12)
#3      RenderPadding.performLayout (package:flutter/src/rendering/shifted_box.dart:266:40)
#4      RenderObject.layout (package:flutter/src/rendering/object.dart:2768:7)
#5      RenderProxyBoxMixin.performLayout (package:flutter/src/rendering/proxy_box.dart:118:18)
#6      RenderObject.layout (package:flutter/src/rendering/object.dart:2768:7)
#7      RenderConstrainedBox.performLayout (package:flutter/src/rendering/proxy_box.dart:296:14)
#8      RenderObject.layout (package:flutter/src/rendering/object.dart:2768:7)
#9      RenderConstrainedBox.performLayout (package:flutter/src/rendering/proxy_box.dart:296:14)
#10     RenderObject.layout (package:flutter/src/rendering/object.dart:2768:7)
#11     ChildLayoutHelper.layoutChild (package:flutter/src/rendering/layout_helper.dart:62:11)
#12     RenderFlex._computeSizes (package:flutter/src/rendering/flex.dart:1237:28)
#13     RenderFlex.performLayout (package:flutter/src/rendering/flex.dart:1329:32)
#14     RenderObject.layout (package:flutter/src/rendering/object.dart:2768:7)
#15     _RenderSingleChildViewport.performLayout (package:flutter/src/widgets/single_child_scroll_view.dart:502:14)
#16     RenderObject.layout (package:flutter/src/rendering/object.dart:2768:7)
#17     RenderProxyBoxMixin.performLayout (package:flutter/src/rendering/proxy_box.dart:118:18)
#18     RenderObject.layout (package:flutter/src/rendering/object.dart:2768:7)
#19     RenderProxyBoxMixin.performLayout (package:flutter/src/rendering/proxy_box.dart:118:18)
#20     RenderObject.layout (package:flutter/src/rendering/object.dart:2768:7)
#21     RenderProxyBoxMixin.performLayout (package:flutter/src/rendering/proxy_box.dart:118:18)
#22     RenderObject.layout (package:flutter/src/rendering/object.dart:2768:7)
#23     RenderProxyBoxMixin.performLayout (package:flutter/src/rendering/proxy_box.dart:118:18)
#24     RenderObject.layout (package:flutter/src/rendering/object.dart:2768:7)
#25     RenderProxyBoxMixin.performLayout (package:flutter/src/rendering/proxy_box.dart:118:18)
#26     RenderObject.layout (package:flutter/src/rendering/object.dart:2768:7)
#27     RenderProxyBoxMixin.performLayout (package:flutter/src/rendering/proxy_box.dart:118:18)
#28     RenderObject.layout (package:flutter/src/rendering/object.dart:2768:7)
#29     RenderProxyBoxMixin.performLayout (package:flutter/src/rendering/proxy_box.dart:118:18)
#30     RenderObject.layout (package:flutter/src/rendering/object.dart:2768:7)
#31     RenderProxyBoxMixin.performLayout (package:flutter/src/rendering/proxy_box.dart:118:18)
#32     _RenderCustomClip.performLayout (package:flutter/src/rendering/proxy_box.dart:1549:11)
#33     RenderObject.layout (package:flutter/src/rendering/object.dart:2768:7)
#34     RenderPadding.performLayout (package:flutter/src/rendering/shifted_box.dart:262:12)
#35     RenderObject.layout (package:flutter/src/rendering/object.dart:2768:7)
#36     MultiChildLayoutDelegate.layoutChild (package:flutter/src/rendering/custom_layout.dart:180:12)
#37     _ScaffoldLayout.performLayout (package:flutter/src/material/scaffold.dart:1113:7)
#38     MultiChildLayoutDelegate._callPerformLayout (package:flutter/src/rendering/custom_layout.dart:246:7)
#39     RenderCustomMultiChildLayoutBox.performLayout (package:flutter/src/rendering/custom_layout.dart:417:14)
#40     RenderObject.layout (package:flutter/src/rendering/object.dart:2768:7)
#41     RenderProxyBoxMixin.performLayout (package:flutter/src/rendering/proxy_box.dart:118:18)
#42     RenderObject.layout (package:flutter/src/rendering/object.dart:2768:7)
#43     RenderProxyBoxMixin.performLayout (package:flutter/src/rendering/proxy_box.dart:118:18)
#44     _RenderCustomClip.performLayout (package:flutter/src/rendering/proxy_box.dart:1549:11)
#45     RenderObject.layout (package:flutter/src/rendering/object.dart:2768:7)
#46     RenderProxyBoxMixin.performLayout (package:flutter/src/rendering/proxy_box.dart:118:18)
#47     RenderObject.layout (package:flutter/src/rendering/object.dart:2768:7)
#48     RenderProxyBoxMixin.performLayout (package:flutter/src/rendering/proxy_box.dart:118:18)
#49     RenderObject.layout (package:flutter/src/rendering/object.dart:2768:7)
#50     RenderProxyBoxMixin.performLayout (package:flutter/src/rendering/proxy_box.dart:118:18)
#51     RenderObject.layout (package:flutter/src/rendering/object.dart:2768:7)
#52     RenderProxyBoxMixin.performLayout (package:flutter/src/rendering/proxy_box.dart:118:18)
#53     RenderObject.layout (package:flutter/src/rendering/object.dart:2768:7)
#54     RenderProxyBoxMixin.performLayout (package:flutter/src/rendering/proxy_box.dart:118:18)
#55     RenderObject.layout (package:flutter/src/rendering/object.dart:2768:7)
#56     RenderProxyBoxMixin.performLayout (package:flutter/src/rendering/proxy_box.dart:118:18)
#57     RenderObject.layout (package:flutter/src/rendering/object.dart:2768:7)
#58     RenderProxyBoxMixin.performLayout (package:flutter/src/rendering/proxy_box.dart:118:18)
#59     RenderObject.layout (package:flutter/src/rendering/object.dart:2768:7)
#60     RenderProxyBoxMixin.performLayout (package:flutter/src/rendering/proxy_box.dart:118:18)
#61     RenderObject.layout (package:flutter/src/rendering/object.dart:2768:7)
#62     RenderProxyBoxMixin.performLayout (package:flutter/src/rendering/proxy_box.dart:118:18)
#63     RenderObject.layout (package:flutter/src/rendering/object.dart:2768:7)
#64     RenderProxyBoxMixin.performLayout (package:flutter/src/rendering/proxy_box.dart:118:18)
#65     RenderObject.layout (package:flutter/src/rendering/object.dart:2768:7)
#66     RenderProxyBoxMixin.performLayout (package:flutter/src/rendering/proxy_box.dart:118:18)
#67     RenderObject.layout (package:flutter/src/rendering/object.dart:2768:7)
#68     RenderProxyBoxMixin.performLayout (package:flutter/src/rendering/proxy_box.dart:118:18)
#69     RenderObject.layout (package:flutter/src/rendering/object.dart:2768:7)
#70     RenderProxyBoxMixin.performLayout (package:flutter/src/rendering/proxy_box.dart:118:18)
#71     RenderObject.layout (package:flutter/src/rendering/object.dart:2768:7)
#72     RenderProxyBoxMixin.performLayout (package:flutter/src/rendering/proxy_box.dart:118:18)
#73     RenderObject.layout (package:flutter/src/rendering/object.dart:2768:7)
#74     RenderProxyBoxMixin.performLayout (package:flutter/src/rendering/proxy_box.dart:118:18)
#75     RenderObject.layout (package:flutter/src/rendering/object.dart:2768:7)
#76     RenderProxyBoxMixin.performLayout (package:flutter/src/rendering/proxy_box.dart:118:18)
#77     RenderOffstage.performLayout (package:flutter/src/rendering/proxy_box.dart:3923:13)
#78     RenderObject.layout (package:flutter/src/rendering/object.dart:2768:7)
#79     RenderProxyBoxMixin.performLayout (package:flutter/src/rendering/proxy_box.dart:118:18)
#80     RenderObject.layout (package:flutter/src/rendering/object.dart:2768:7)
#81     _RenderTheaterMixin.layoutChild (package:flutter/src/widgets/overlay.dart:1084:13)
#82     _RenderTheater.performLayout (package:flutter/src/widgets/overlay.dart:1429:9)
#83     RenderObject.layout (package:flutter/src/rendering/object.dart:2768:7)
#84     RenderProxyBoxMixin.performLayout (package:flutter/src/rendering/proxy_box.dart:118:18)
#85     RenderObject.layout (package:flutter/src/rendering/object.dart:2768:7)
#86     RenderProxyBoxMixin.performLayout (package:flutter/src/rendering/proxy_box.dart:118:18)
#87     RenderObject.layout (package:flutter/src/rendering/object.dart:2768:7)
#88     RenderProxyBoxMixin.performLayout (package:flutter/src/rendering/proxy_box.dart:118:18)
#89     RenderObject.layout (package:flutter/src/rendering/object.dart:2768:7)
#90     RenderProxyBoxMixin.performLayout (package:flutter/src/rendering/proxy_box.dart:118:18)
#91     RenderCustomPaint.performLayout (package:flutter/src/rendering/custom_paint.dart:574:11)
#92     RenderObject.layout (package:flutter/src/rendering/object.dart:2768:7)
#93     RenderProxyBoxMixin.performLayout (package:flutter/src/rendering/proxy_box.dart:118:18)
#94     RenderObject.layout (package:flutter/src/rendering/object.dart:2768:7)
#95     RenderProxyBoxMixin.performLayout (package:flutter/src/rendering/proxy_box.dart:118:18)
#96     RenderObject.layout (package:flutter/src/rendering/object.dart:2768:7)
#97     RenderProxyBoxMixin.performLayout (package:flutter/src/rendering/proxy_box.dart:118:18)
#98     RenderObject.layout (package:flutter/src/rendering/object.dart:2768:7)
#99     RenderProxyBoxMixin.performLayout (package:flutter/src/rendering/proxy_box.dart:118:18)
#100    RenderObject.layout (package:flutter/src/rendering/object.dart:2768:7)
#101    RenderProxyBoxMixin.performLayout (package:flutter/src/rendering/proxy_box.dart:118:18)
#102    RenderObject.layout (package:flutter/src/rendering/object.dart:2768:7)
#103    RenderProxyBoxMixin.performLayout (package:flutter/src/rendering/proxy_box.dart:118:18)
#104    RenderObject.layout (package:flutter/src/rendering/object.dart:2768:7)
#105    RenderView.performLayout (package:flutter/src/rendering/view.dart:292:12)
#106    RenderObject._layoutWithoutResize (package:flutter/src/rendering/object.dart:2616:7)
#107    PipelineOwner.flushLayout (package:flutter/src/rendering/object.dart:1174:18)
#108    PipelineOwner.flushLayout (package:flutter/src/rendering/object.dart:1187:15)
#109    AutomatedTestWidgetsFlutterBinding.drawFrame (package:flutter_test/src/binding.dart:2133:27)
#110    RendererBinding._handlePersistentFrameCallback (package:flutter/src/rendering/binding.dart:495:5)
#111    SchedulerBinding._invokeFrameCallback (package:flutter/src/scheduler/binding.dart:1430:15)
#112    SchedulerBinding.handleDrawFrame (package:flutter/src/scheduler/binding.dart:1345:9)
#113    AutomatedTestWidgetsFlutterBinding.pump.<anonymous closure> (package:flutter_test/src/binding.dart:1960:9)
#116    TestAsyncUtils.guard (package:flutter_test/src/test_async_utils.dart:74:41)
#117    AutomatedTestWidgetsFlutterBinding.pump (package:flutter_test/src/binding.dart:1949:27)
#118    WidgetTester.pumpWidget.<anonymous closure> (package:flutter_test/src/widget_tester.dart:598:22)
#121    TestAsyncUtils.guard (package:flutter_test/src/test_async_utils.dart:74:41)
#122    WidgetTester.pumpWidget (package:flutter_test/src/widget_tester.dart:595:27)
#123    main.<anonymous closure> (file:///D:/SEM%204/TaskProof/test/layout_test.dart:8:18)
#124    testWidgets.<anonymous closure>.<anonymous closure> (package:flutter_test/src/widget_tester.dart:192:29)
<asynchronous suspension>
#125    TestWidgetsFlutterBinding._runTestBody (package:flutter_test/src/binding.dart:1682:5)
<asynchronous suspension>
<asynchronous suspension>
(elided 7 frames from class _AssertionError, dart:async, and package:stack_trace)

The following RenderObject was being processed when the exception was fired: RenderPadding#806bd relayoutBoundary=up15 NEEDS-LAYOUT NEEDS-PAINT NEEDS-COMPOSITING-BITS-UPDATE:
  creator: Padding ΓåÉ DecoratedBox ΓåÉ ConstrainedBox ΓåÉ Container ΓåÉ ConstrainedBox ΓåÉ Column ΓåÉ
    DashboardPageNeonTech ΓåÉ _SingleChildViewport ΓåÉ IgnorePointer-[GlobalKey#d4757] ΓåÉ Semantics ΓåÉ
    Listener ΓåÉ _GestureSemantics ΓåÉ Γï»
  parentData: <none> (can use size)
  constraints: BoxConstraints(w=390.0, 985.0<=h<=Infinity)
  size: MISSING
  padding: EdgeInsets(0.0, 0.0, 0.0, 20.0)
  textDirection: ltr
This RenderObject had the following descendants (showing up to depth 5):
    child: RenderStack#2e853 relayoutBoundary=up16 NEEDS-PAINT NEEDS-COMPOSITING-BITS-UPDATE
      child 1: RenderConstrainedBox#76132 relayoutBoundary=up17 NEEDS-PAINT NEEDS-COMPOSITING-BITS-UPDATE
        child: RenderConstrainedBox#49aab relayoutBoundary=up18 NEEDS-PAINT NEEDS-COMPOSITING-BITS-UPDATE
          child: RenderPadding#e3aa9 relayoutBoundary=up19 NEEDS-PAINT NEEDS-COMPOSITING-BITS-UPDATE
            child: RenderFlex#b433c relayoutBoundary=up20 NEEDS-PAINT NEEDS-COMPOSITING-BITS-UPDATE
      child 2: RenderConstrainedBox#50a05 NEEDS-LAYOUT NEEDS-PAINT NEEDS-COMPOSITING-BITS-UPDATE
        child: RenderDecoratedBox#ed440 NEEDS-LAYOUT NEEDS-PAINT NEEDS-COMPOSITING-BITS-UPDATE
          child: RenderPadding#1dab2 NEEDS-LAYOUT NEEDS-PAINT NEEDS-COMPOSITING-BITS-UPDATE
            child: RenderFlex#c32b6 NEEDS-LAYOUT NEEDS-PAINT NEEDS-COMPOSITING-BITS-UPDATE
      child 3: RenderConstrainedBox#7e9f1 NEEDS-LAYOUT NEEDS-PAINT NEEDS-COMPOSITING-BITS-UPDATE
        child: RenderDecoratedBox#36e4b NEEDS-LAYOUT NEEDS-PAINT NEEDS-COMPOSITING-BITS-UPDATE
          child: RenderPadding#57598 NEEDS-LAYOUT NEEDS-PAINT NEEDS-COMPOSITING-BITS-UPDATE
            child: RenderFlex#048fe NEEDS-LAYOUT NEEDS-PAINT NEEDS-COMPOSITING-BITS-UPDATE
      child 4: RenderConstrainedBox#1acd6 NEEDS-LAYOUT NEEDS-PAINT NEEDS-COMPOSITING-BITS-UPDATE
        child: RenderDecoratedBox#60f68 NEEDS-LAYOUT NEEDS-PAINT NEEDS-COMPOSITING-BITS-UPDATE
          child: RenderPadding#408ab NEEDS-LAYOUT NEEDS-PAINT NEEDS-COMPOSITING-BITS-UPDATE
            child: RenderStack#3dfbd NEEDS-LAYOUT NEEDS-PAINT NEEDS-COMPOSITING-BITS-UPDATE
ΓòÉΓòÉΓòÉΓòÉΓòÉΓòÉΓòÉΓòÉΓòÉΓòÉΓòÉΓòÉΓòÉΓòÉΓòÉΓòÉΓòÉΓòÉΓòÉΓòÉΓòÉΓòÉΓòÉΓòÉΓòÉΓòÉΓòÉΓòÉΓòÉΓòÉΓòÉΓòÉΓòÉΓòÉΓòÉΓòÉΓòÉΓòÉΓòÉΓòÉΓòÉΓòÉΓòÉΓòÉΓòÉΓòÉΓòÉΓòÉΓòÉΓòÉΓòÉΓòÉΓòÉΓòÉΓòÉΓòÉΓòÉΓòÉΓòÉΓòÉΓòÉΓòÉΓòÉΓòÉΓòÉΓòÉΓòÉΓòÉΓòÉΓòÉΓòÉΓòÉΓòÉΓòÉΓòÉΓòÉΓòÉΓòÉΓòÉΓòÉΓòÉΓòÉΓòÉΓòÉΓòÉΓòÉΓòÉΓòÉΓòÉΓòÉΓòÉΓòÉΓòÉΓòÉΓòÉΓòÉΓòÉΓòÉΓòÉΓòÉ
ΓòÉΓòÉΓòí EXCEPTION CAUGHT BY RENDERING LIBRARY Γò₧ΓòÉΓòÉΓòÉΓòÉΓòÉΓòÉΓòÉΓòÉΓòÉΓòÉΓòÉΓòÉΓòÉΓòÉΓòÉΓòÉΓòÉΓòÉΓòÉΓòÉΓòÉΓòÉΓòÉΓòÉΓòÉΓòÉΓòÉΓòÉΓòÉΓòÉΓòÉΓòÉΓòÉΓòÉΓòÉΓòÉΓòÉΓòÉΓòÉΓòÉΓòÉΓòÉΓòÉΓòÉΓòÉΓòÉΓòÉΓòÉΓòÉΓòÉΓòÉΓòÉΓòÉΓòÉΓòÉΓòÉΓòÉ
The following assertion was thrown during performLayout():
RenderBox was not laid out: RenderPadding#806bd relayoutBoundary=up15 NEEDS-PAINT
NEEDS-COMPOSITING-BITS-UPDATE
'package:flutter/src/rendering/box.dart':
Failed assertion: line 2251 pos 12: 'hasSize'

Either the assertion indicates an error in the framework itself, or we should provide substantially
more information in this error message to help you determine and fix the underlying cause.
In either case, please report this assertion by filing a bug on GitHub:
  https://github.com/flutter/flutter/issues/new?template=02_bug.yml

The relevant error-causing widget was:
  Container Container:file:///D:/SEM%204/TaskProof/lib/dashboard.dart:30:18

When the exception was thrown, this was the stack:
#2      RenderBox.size (package:flutter/src/rendering/box.dart:2251:12)
#3      RenderProxyBoxMixin.performLayout (package:flutter/src/rendering/proxy_box.dart:118:62)
#4      RenderObject.layout (package:flutter/src/rendering/object.dart:2768:7)
#5      RenderConstrainedBox.performLayout (package:flutter/src/rendering/proxy_box.dart:296:14)
#6      RenderObject.layout (package:flutter/src/rendering/object.dart:2768:7)
#7      RenderConstrainedBox.performLayout (package:flutter/src/rendering/proxy_box.dart:296:14)
#8      RenderObject.layout (package:flutter/src/rendering/object.dart:2768:7)
#9      ChildLayoutHelper.layoutChild (package:flutter/src/rendering/layout_helper.dart:62:11)
#10     RenderFlex._computeSizes (package:flutter/src/rendering/flex.dart:1237:28)
#11     RenderFlex.performLayout (package:flutter/src/rendering/flex.dart:1329:32)
#12     RenderObject.layout (package:flutter/src/rendering/object.dart:2768:7)
#13     _RenderSingleChildViewport.performLayout (package:flutter/src/widgets/single_child_scroll_view.dart:502:14)
#14     RenderObject.layout (package:flutter/src/rendering/object.dart:2768:7)
#15     RenderProxyBoxMixin.performLayout (package:flutter/src/rendering/proxy_box.dart:118:18)
#16     RenderObject.layout (package:flutter/src/rendering/object.dart:2768:7)
#17     RenderProxyBoxMixin.performLayout (package:flutter/src/rendering/proxy_box.dart:118:18)
#18     RenderObject.layout (package:flutter/src/rendering/object.dart:2768:7)
#19     RenderProxyBoxMixin.performLayout (package:flutter/src/rendering/proxy_box.dart:118:18)
#20     RenderObject.layout (package:flutter/src/rendering/object.dart:2768:7)
#21     RenderProxyBoxMixin.performLayout (package:flutter/src/rendering/proxy_box.dart:118:18)
#22     RenderObject.layout (package:flutter/src/rendering/object.dart:2768:7)
#23     RenderProxyBoxMixin.performLayout (package:flutter/src/rendering/proxy_box.dart:118:18)
#24     RenderObject.layout (package:flutter/src/rendering/object.dart:2768:7)
#25     RenderProxyBoxMixin.performLayout (package:flutter/src/rendering/proxy_box.dart:118:18)
#26     RenderObject.layout (package:flutter/src/rendering/object.dart:2768:7)
#27     RenderProxyBoxMixin.performLayout (package:flutter/src/rendering/proxy_box.dart:118:18)
#28     RenderObject.layout (package:flutter/src/rendering/object.dart:2768:7)
#29     RenderProxyBoxMixin.performLayout (package:flutter/src/rendering/proxy_box.dart:118:18)
#30     _RenderCustomClip.performLayout (package:flutter/src/rendering/proxy_box.dart:1549:11)
#31     RenderObject.layout (package:flutter/src/rendering/object.dart:2768:7)
#32     RenderPadding.performLayout (package:flutter/src/rendering/shifted_box.dart:262:12)
#33     RenderObject.layout (package:flutter/src/rendering/object.dart:2768:7)
#34     MultiChildLayoutDelegate.layoutChild (package:flutter/src/rendering/custom_layout.dart:180:12)
#35     _ScaffoldLayout.performLayout (package:flutter/src/material/scaffold.dart:1113:7)
#36     MultiChildLayoutDelegate._callPerformLayout (package:flutter/src/rendering/custom_layout.dart:246:7)
#37     RenderCustomMultiChildLayoutBox.performLayout (package:flutter/src/rendering/custom_layout.dart:417:14)
#38     RenderObject.layout (package:flutter/src/rendering/object.dart:2768:7)
#39     RenderProxyBoxMixin.performLayout (package:flutter/src/rendering/proxy_box.dart:118:18)
#40     RenderObject.layout (package:flutter/src/rendering/object.dart:2768:7)
#41     RenderProxyBoxMixin.performLayout (package:flutter/src/rendering/proxy_box.dart:118:18)
#42     _RenderCustomClip.performLayout (package:flutter/src/rendering/proxy_box.dart:1549:11)
#43     RenderObject.layout (package:flutter/src/rendering/object.dart:2768:7)
#44     RenderProxyBoxMixin.performLayout (package:flutter/src/rendering/proxy_box.dart:118:18)
#45     RenderObject.layout (package:flutter/src/rendering/object.dart:2768:7)
#46     RenderProxyBoxMixin.performLayout (package:flutter/src/rendering/proxy_box.dart:118:18)
#47     RenderObject.layout (package:flutter/src/rendering/object.dart:2768:7)
#48     RenderProxyBoxMixin.performLayout (package:flutter/src/rendering/proxy_box.dart:118:18)
#49     RenderObject.layout (package:flutter/src/rendering/object.dart:2768:7)
#50     RenderProxyBoxMixin.performLayout (package:flutter/src/rendering/proxy_box.dart:118:18)
#51     RenderObject.layout (package:flutter/src/rendering/object.dart:2768:7)
#52     RenderProxyBoxMixin.performLayout (package:flutter/src/rendering/proxy_box.dart:118:18)
#53     RenderObject.layout (package:flutter/src/rendering/object.dart:2768:7)
#54     RenderProxyBoxMixin.performLayout (package:flutter/src/rendering/proxy_box.dart:118:18)
#55     RenderObject.layout (package:flutter/src/rendering/object.dart:2768:7)
#56     RenderProxyBoxMixin.performLayout (package:flutter/src/rendering/proxy_box.dart:118:18)
#57     RenderObject.layout (package:flutter/src/rendering/object.dart:2768:7)
#58     RenderProxyBoxMixin.performLayout (package:flutter/src/rendering/proxy_box.dart:118:18)
#59     RenderObject.layout (package:flutter/src/rendering/object.dart:2768:7)
#60     RenderProxyBoxMixin.performLayout (package:flutter/src/rendering/proxy_box.dart:118:18)
#61     RenderObject.layout (package:flutter/src/rendering/object.dart:2768:7)
#62     RenderProxyBoxMixin.performLayout (package:flutter/src/rendering/proxy_box.dart:118:18)
#63     RenderObject.layout (package:flutter/src/rendering/object.dart:2768:7)
#64     RenderProxyBoxMixin.performLayout (package:flutter/src/rendering/proxy_box.dart:118:18)
#65     RenderObject.layout (package:flutter/src/rendering/object.dart:2768:7)
#66     RenderProxyBoxMixin.performLayout (package:flutter/src/rendering/proxy_box.dart:118:18)
#67     RenderObject.layout (package:flutter/src/rendering/object.dart:2768:7)
#68     RenderProxyBoxMixin.performLayout (package:flutter/src/rendering/proxy_box.dart:118:18)
#69     RenderObject.layout (package:flutter/src/rendering/object.dart:2768:7)
#70     RenderProxyBoxMixin.performLayout (package:flutter/src/rendering/proxy_box.dart:118:18)
#71     RenderObject.layout (package:flutter/src/rendering/object.dart:2768:7)
#72     RenderProxyBoxMixin.performLayout (package:flutter/src/rendering/proxy_box.dart:118:18)
#73     RenderObject.layout (package:flutter/src/rendering/object.dart:2768:7)
#74     RenderProxyBoxMixin.performLayout (package:flutter/src/rendering/proxy_box.dart:118:18)
#75     RenderOffstage.performLayout (package:flutter/src/rendering/proxy_box.dart:3923:13)
#76     RenderObject.layout (package:flutter/src/rendering/object.dart:2768:7)
#77     RenderProxyBoxMixin.performLayout (package:flutter/src/rendering/proxy_box.dart:118:18)
#78     RenderObject.layout (package:flutter/src/rendering/object.dart:2768:7)
#79     _RenderTheaterMixin.layoutChild (package:flutter/src/widgets/overlay.dart:1084:13)
#80     _RenderTheater.performLayout (package:flutter/src/widgets/overlay.dart:1429:9)
#81     RenderObject.layout (package:flutter/src/rendering/object.dart:2768:7)
#82     RenderProxyBoxMixin.performLayout (package:flutter/src/rendering/proxy_box.dart:118:18)
#83     RenderObject.layout (package:flutter/src/rendering/object.dart:2768:7)
#84     RenderProxyBoxMixin.performLayout (package:flutter/src/rendering/proxy_box.dart:118:18)
#85     RenderObject.layout (package:flutter/src/rendering/object.dart:2768:7)
#86     RenderProxyBoxMixin.performLayout (package:flutter/src/rendering/proxy_box.dart:118:18)
#87     RenderObject.layout (package:flutter/src/rendering/object.dart:2768:7)
#88     RenderProxyBoxMixin.performLayout (package:flutter/src/rendering/proxy_box.dart:118:18)
#89     RenderCustomPaint.performLayout (package:flutter/src/rendering/custom_paint.dart:574:11)
#90     RenderObject.layout (package:flutter/src/rendering/object.dart:2768:7)
#91     RenderProxyBoxMixin.performLayout (package:flutter/src/rendering/proxy_box.dart:118:18)
#92     RenderObject.layout (package:flutter/src/rendering/object.dart:2768:7)
#93     RenderProxyBoxMixin.performLayout (package:flutter/src/rendering/proxy_box.dart:118:18)
#94     RenderObject.layout (package:flutter/src/rendering/object.dart:2768:7)
#95     RenderProxyBoxMixin.performLayout (package:flutter/src/rendering/proxy_box.dart:118:18)
#96     RenderObject.layout (package:flutter/src/rendering/object.dart:2768:7)
#97     RenderProxyBoxMixin.performLayout (package:flutter/src/rendering/proxy_box.dart:118:18)
#98     RenderObject.layout (package:flutter/src/rendering/object.dart:2768:7)
#99     RenderProxyBoxMixin.performLayout (package:flutter/src/rendering/proxy_box.dart:118:18)
#100    RenderObject.layout (package:flutter/src/rendering/object.dart:2768:7)
#101    RenderProxyBoxMixin.performLayout (package:flutter/src/rendering/proxy_box.dart:118:18)
#102    RenderObject.layout (package:flutter/src/rendering/object.dart:2768:7)
#103    RenderView.performLayout (package:flutter/src/rendering/view.dart:292:12)
#104    RenderObject._layoutWithoutResize (package:flutter/src/rendering/object.dart:2616:7)
#105    PipelineOwner.flushLayout (package:flutter/src/rendering/object.dart:1174:18)
#106    PipelineOwner.flushLayout (package:flutter/src/rendering/object.dart:1187:15)
#107    AutomatedTestWidgetsFlutterBinding.drawFrame (package:flutter_test/src/binding.dart:2133:27)
#108    RendererBinding._handlePersistentFrameCallback (package:flutter/src/rendering/binding.dart:495:5)
#109    SchedulerBinding._invokeFrameCallback (package:flutter/src/scheduler/binding.dart:1430:15)
#110    SchedulerBinding.handleDrawFrame (package:flutter/src/scheduler/binding.dart:1345:9)
#111    AutomatedTestWidgetsFlutterBinding.pump.<anonymous closure> (package:flutter_test/src/binding.dart:1960:9)
#114    TestAsyncUtils.guard (package:flutter_test/src/test_async_utils.dart:74:41)
#115    AutomatedTestWidgetsFlutterBinding.pump (package:flutter_test/src/binding.dart:1949:27)
#116    WidgetTester.pumpWidget.<anonymous closure> (package:flutter_test/src/widget_tester.dart:598:22)
#119    TestAsyncUtils.guard (package:flutter_test/src/test_async_utils.dart:74:41)
#120    WidgetTester.pumpWidget (package:flutter_test/src/widget_tester.dart:595:27)
#121    main.<anonymous closure> (file:///D:/SEM%204/TaskProof/test/layout_test.dart:8:18)
#122    testWidgets.<anonymous closure>.<anonymous closure> (package:flutter_test/src/widget_tester.dart:192:29)
<asynchronous suspension>
#123    TestWidgetsFlutterBinding._runTestBody (package:flutter_test/src/binding.dart:1682:5)
<asynchronous suspension>
<asynchronous suspension>
(elided 7 frames from class _AssertionError, dart:async, and package:stack_trace)

The following RenderObject was being processed when the exception was fired: RenderDecoratedBox#5f0a7 relayoutBoundary=up14 NEEDS-LAYOUT NEEDS-PAINT NEEDS-COMPOSITING-BITS-UPDATE:
  creator: DecoratedBox ΓåÉ ConstrainedBox ΓåÉ Container ΓåÉ ConstrainedBox ΓåÉ Column ΓåÉ DashboardPageNeonTech
    ΓåÉ _SingleChildViewport ΓåÉ IgnorePointer-[GlobalKey#d4757] ΓåÉ Semantics ΓåÉ Listener ΓåÉ
    _GestureSemantics ΓåÉ RawGestureDetector-[LabeledGlobalKey<RawGestureDetectorState>#f0ebb] ΓåÉ Γï»
  parentData: <none> (can use size)
  constraints: BoxConstraints(w=390.0, 985.0<=h<=Infinity)
  size: MISSING
  decoration: BoxDecoration:
    color: Color(alpha: 1.0000, red: 0.9765, green: 0.9765, blue: 1.0000, colorSpace: ColorSpace.sRGB)
  configuration: ImageConfiguration(bundle: PlatformAssetBundle#6bc8b(), devicePixelRatio: 3.0,
    locale: en_US, textDirection: TextDirection.ltr, platform: android)
This RenderObject had the following descendants (showing up to depth 5):
    child: RenderPadding#806bd relayoutBoundary=up15 NEEDS-PAINT NEEDS-COMPOSITING-BITS-UPDATE
      child: RenderStack#2e853 relayoutBoundary=up16 NEEDS-PAINT NEEDS-COMPOSITING-BITS-UPDATE
        child 1: RenderConstrainedBox#76132 relayoutBoundary=up17 NEEDS-PAINT NEEDS-COMPOSITING-BITS-UPDATE
          child: RenderConstrainedBox#49aab relayoutBoundary=up18 NEEDS-PAINT NEEDS-COMPOSITING-BITS-UPDATE
            child: RenderPadding#e3aa9 relayoutBoundary=up19 NEEDS-PAINT NEEDS-COMPOSITING-BITS-UPDATE
        child 2: RenderConstrainedBox#50a05 NEEDS-LAYOUT NEEDS-PAINT NEEDS-COMPOSITING-BITS-UPDATE
          child: RenderDecoratedBox#ed440 NEEDS-LAYOUT NEEDS-PAINT NEEDS-COMPOSITING-BITS-UPDATE
            child: RenderPadding#1dab2 NEEDS-LAYOUT NEEDS-PAINT NEEDS-COMPOSITING-BITS-UPDATE
        child 3: RenderConstrainedBox#7e9f1 NEEDS-LAYOUT NEEDS-PAINT NEEDS-COMPOSITING-BITS-UPDATE
          child: RenderDecoratedBox#36e4b NEEDS-LAYOUT NEEDS-PAINT NEEDS-COMPOSITING-BITS-UPDATE
            child: RenderPadding#57598 NEEDS-LAYOUT NEEDS-PAINT NEEDS-COMPOSITING-BITS-UPDATE
        child 4: RenderConstrainedBox#1acd6 NEEDS-LAYOUT NEEDS-PAINT NEEDS-COMPOSITING-BITS-UPDATE
          child: RenderDecoratedBox#60f68 NEEDS-LAYOUT NEEDS-PAINT NEEDS-COMPOSITING-BITS-UPDATE
            child: RenderPadding#408ab NEEDS-LAYOUT NEEDS-PAINT NEEDS-COMPOSITING-BITS-UPDATE
ΓòÉΓòÉΓòÉΓòÉΓòÉΓòÉΓòÉΓòÉΓòÉΓòÉΓòÉΓòÉΓòÉΓòÉΓòÉΓòÉΓòÉΓòÉΓòÉΓòÉΓòÉΓòÉΓòÉΓòÉΓòÉΓòÉΓòÉΓòÉΓòÉΓòÉΓòÉΓòÉΓòÉΓòÉΓòÉΓòÉΓòÉΓòÉΓòÉΓòÉΓòÉΓòÉΓòÉΓòÉΓòÉΓòÉΓòÉΓòÉΓòÉΓòÉΓòÉΓòÉΓòÉΓòÉΓòÉΓòÉΓòÉΓòÉΓòÉΓòÉΓòÉΓòÉΓòÉΓòÉΓòÉΓòÉΓòÉΓòÉΓòÉΓòÉΓòÉΓòÉΓòÉΓòÉΓòÉΓòÉΓòÉΓòÉΓòÉΓòÉΓòÉΓòÉΓòÉΓòÉΓòÉΓòÉΓòÉΓòÉΓòÉΓòÉΓòÉΓòÉΓòÉΓòÉΓòÉΓòÉΓòÉΓòÉΓòÉΓòÉ
ΓòÉΓòÉΓòí EXCEPTION CAUGHT BY RENDERING LIBRARY Γò₧ΓòÉΓòÉΓòÉΓòÉΓòÉΓòÉΓòÉΓòÉΓòÉΓòÉΓòÉΓòÉΓòÉΓòÉΓòÉΓòÉΓòÉΓòÉΓòÉΓòÉΓòÉΓòÉΓòÉΓòÉΓòÉΓòÉΓòÉΓòÉΓòÉΓòÉΓòÉΓòÉΓòÉΓòÉΓòÉΓòÉΓòÉΓòÉΓòÉΓòÉΓòÉΓòÉΓòÉΓòÉΓòÉΓòÉΓòÉΓòÉΓòÉΓòÉΓòÉΓòÉΓòÉΓòÉΓòÉΓòÉΓòÉ
The following assertion was thrown during performLayout():
RenderBox was not laid out: RenderDecoratedBox#5f0a7 relayoutBoundary=up14 NEEDS-PAINT
NEEDS-COMPOSITING-BITS-UPDATE
'package:flutter/src/rendering/box.dart':
Failed assertion: line 2251 pos 12: 'hasSize'

Either the assertion indicates an error in the framework itself, or we should provide substantially
more information in this error message to help you determine and fix the underlying cause.
In either case, please report this assertion by filing a bug on GitHub:
  https://github.com/flutter/flutter/issues/new?template=02_bug.yml

The relevant error-causing widget was:
  Container Container:file:///D:/SEM%204/TaskProof/lib/dashboard.dart:30:18

When the exception was thrown, this was the stack:
#2      RenderBox.size (package:flutter/src/rendering/box.dart:2251:12)
#3      RenderConstrainedBox.performLayout (package:flutter/src/rendering/proxy_box.dart:297:21)
#4      RenderObject.layout (package:flutter/src/rendering/object.dart:2768:7)
#5      RenderConstrainedBox.performLayout (package:flutter/src/rendering/proxy_box.dart:296:14)
#6      RenderObject.layout (package:flutter/src/rendering/object.dart:2768:7)
#7      ChildLayoutHelper.layoutChild (package:flutter/src/rendering/layout_helper.dart:62:11)
#8      RenderFlex._computeSizes (package:flutter/src/rendering/flex.dart:1237:28)
#9      RenderFlex.performLayout (package:flutter/src/rendering/flex.dart:1329:32)
#10     RenderObject.layout (package:flutter/src/rendering/object.dart:2768:7)
#11     _RenderSingleChildViewport.performLayout (package:flutter/src/widgets/single_child_scroll_view.dart:502:14)
#12     RenderObject.layout (package:flutter/src/rendering/object.dart:2768:7)
#13     RenderProxyBoxMixin.performLayout (package:flutter/src/rendering/proxy_box.dart:118:18)
#14     RenderObject.layout (package:flutter/src/rendering/object.dart:2768:7)
#15     RenderProxyBoxMixin.performLayout (package:flutter/src/rendering/proxy_box.dart:118:18)
#16     RenderObject.layout (package:flutter/src/rendering/object.dart:2768:7)
#17     RenderProxyBoxMixin.performLayout (package:flutter/src/rendering/proxy_box.dart:118:18)
#18     RenderObject.layout (package:flutter/src/rendering/object.dart:2768:7)
#19     RenderProxyBoxMixin.performLayout (package:flutter/src/rendering/proxy_box.dart:118:18)
#20     RenderObject.layout (package:flutter/src/rendering/object.dart:2768:7)
#21     RenderProxyBoxMixin.performLayout (package:flutter/src/rendering/proxy_box.dart:118:18)
#22     RenderObject.layout (package:flutter/src/rendering/object.dart:2768:7)
#23     RenderProxyBoxMixin.performLayout (package:flutter/src/rendering/proxy_box.dart:118:18)
#24     RenderObject.layout (package:flutter/src/rendering/object.dart:2768:7)
#25     RenderProxyBoxMixin.performLayout (package:flutter/src/rendering/proxy_box.dart:118:18)
#26     RenderObject.layout (package:flutter/src/rendering/object.dart:2768:7)
#27     RenderProxyBoxMixin.performLayout (package:flutter/src/rendering/proxy_box.dart:118:18)
#28     _RenderCustomClip.performLayout (package:flutter/src/rendering/proxy_box.dart:1549:11)
#29     RenderObject.layout (package:flutter/src/rendering/object.dart:2768:7)
#30     RenderPadding.performLayout (package:flutter/src/rendering/shifted_box.dart:262:12)
#31     RenderObject.layout (package:flutter/src/rendering/object.dart:2768:7)
#32     MultiChildLayoutDelegate.layoutChild (package:flutter/src/rendering/custom_layout.dart:180:12)
#33     _ScaffoldLayout.performLayout (package:flutter/src/material/scaffold.dart:1113:7)
#34     MultiChildLayoutDelegate._callPerformLayout (package:flutter/src/rendering/custom_layout.dart:246:7)
#35     RenderCustomMultiChildLayoutBox.performLayout (package:flutter/src/rendering/custom_layout.dart:417:14)
#36     RenderObject.layout (package:flutter/src/rendering/object.dart:2768:7)
#37     RenderProxyBoxMixin.performLayout (package:flutter/src/rendering/proxy_box.dart:118:18)
#38     RenderObject.layout (package:flutter/src/rendering/object.dart:2768:7)
#39     RenderProxyBoxMixin.performLayout (package:flutter/src/rendering/proxy_box.dart:118:18)
#40     _RenderCustomClip.performLayout (package:flutter/src/rendering/proxy_box.dart:1549:11)
#41     RenderObject.layout (package:flutter/src/rendering/object.dart:2768:7)
#42     RenderProxyBoxMixin.performLayout (package:flutter/src/rendering/proxy_box.dart:118:18)
#43     RenderObject.layout (package:flutter/src/rendering/object.dart:2768:7)
#44     RenderProxyBoxMixin.performLayout (package:flutter/src/rendering/proxy_box.dart:118:18)
#45     RenderObject.layout (package:flutter/src/rendering/object.dart:2768:7)
#46     RenderProxyBoxMixin.performLayout (package:flutter/src/rendering/proxy_box.dart:118:18)
#47     RenderObject.layout (package:flutter/src/rendering/object.dart:2768:7)
#48     RenderProxyBoxMixin.performLayout (package:flutter/src/rendering/proxy_box.dart:118:18)
#49     RenderObject.layout (package:flutter/src/rendering/object.dart:2768:7)
#50     RenderProxyBoxMixin.performLayout (package:flutter/src/rendering/proxy_box.dart:118:18)
#51     RenderObject.layout (package:flutter/src/rendering/object.dart:2768:7)
#52     RenderProxyBoxMixin.performLayout (package:flutter/src/rendering/proxy_box.dart:118:18)
#53     RenderObject.layout (package:flutter/src/rendering/object.dart:2768:7)
#54     RenderProxyBoxMixin.performLayout (package:flutter/src/rendering/proxy_box.dart:118:18)
#55     RenderObject.layout (package:flutter/src/rendering/object.dart:2768:7)
#56     RenderProxyBoxMixin.performLayout (package:flutter/src/rendering/proxy_box.dart:118:18)
#57     RenderObject.layout (package:flutter/src/rendering/object.dart:2768:7)
#58     RenderProxyBoxMixin.performLayout (package:flutter/src/rendering/proxy_box.dart:118:18)
#59     RenderObject.layout (package:flutter/src/rendering/object.dart:2768:7)
#60     RenderProxyBoxMixin.performLayout (package:flutter/src/rendering/proxy_box.dart:118:18)
#61     RenderObject.layout (package:flutter/src/rendering/object.dart:2768:7)
#62     RenderProxyBoxMixin.performLayout (package:flutter/src/rendering/proxy_box.dart:118:18)
#63     RenderObject.layout (package:flutter/src/rendering/object.dart:2768:7)
#64     RenderProxyBoxMixin.performLayout (package:flutter/src/rendering/proxy_box.dart:118:18)
#65     RenderObject.layout (package:flutter/src/rendering/object.dart:2768:7)
#66     RenderProxyBoxMixin.performLayout (package:flutter/src/rendering/proxy_box.dart:118:18)
#67     RenderObject.layout (package:flutter/src/rendering/object.dart:2768:7)
#68     RenderProxyBoxMixin.performLayout (package:flutter/src/rendering/proxy_box.dart:118:18)
#69     RenderObject.layout (package:flutter/src/rendering/object.dart:2768:7)
#70     RenderProxyBoxMixin.performLayout (package:flutter/src/rendering/proxy_box.dart:118:18)
#71     RenderObject.layout (package:flutter/src/rendering/object.dart:2768:7)
#72     RenderProxyBoxMixin.performLayout (package:flutter/src/rendering/proxy_box.dart:118:18)
#73     RenderOffstage.performLayout (package:flutter/src/rendering/proxy_box.dart:3923:13)
#74     RenderObject.layout (package:flutter/src/rendering/object.dart:2768:7)
#75     RenderProxyBoxMixin.performLayout (package:flutter/src/rendering/proxy_box.dart:118:18)
#76     RenderObject.layout (package:flutter/src/rendering/object.dart:2768:7)
#77     _RenderTheaterMixin.layoutChild (package:flutter/src/widgets/overlay.dart:1084:13)
#78     _RenderTheater.performLayout (package:flutter/src/widgets/overlay.dart:1429:9)
#79     RenderObject.layout (package:flutter/src/rendering/object.dart:2768:7)
#80     RenderProxyBoxMixin.performLayout (package:flutter/src/rendering/proxy_box.dart:118:18)
#81     RenderObject.layout (package:flutter/src/rendering/object.dart:2768:7)
#82     RenderProxyBoxMixin.performLayout (package:flutter/src/rendering/proxy_box.dart:118:18)
#83     RenderObject.layout (package:flutter/src/rendering/object.dart:2768:7)
#84     RenderProxyBoxMixin.performLayout (package:flutter/src/rendering/proxy_box.dart:118:18)
#85     RenderObject.layout (package:flutter/src/rendering/object.dart:2768:7)
#86     RenderProxyBoxMixin.performLayout (package:flutter/src/rendering/proxy_box.dart:118:18)
#87     RenderCustomPaint.performLayout (package:flutter/src/rendering/custom_paint.dart:574:11)
#88     RenderObject.layout (package:flutter/src/rendering/object.dart:2768:7)
#89     RenderProxyBoxMixin.performLayout (package:flutter/src/rendering/proxy_box.dart:118:18)
#90     RenderObject.layout (package:flutter/src/rendering/object.dart:2768:7)
#91     RenderProxyBoxMixin.performLayout (package:flutter/src/rendering/proxy_box.dart:118:18)
#92     RenderObject.layout (package:flutter/src/rendering/object.dart:2768:7)
#93     RenderProxyBoxMixin.performLayout (package:flutter/src/rendering/proxy_box.dart:118:18)
#94     RenderObject.layout (package:flutter/src/rendering/object.dart:2768:7)
#95     RenderProxyBoxMixin.performLayout (package:flutter/src/rendering/proxy_box.dart:118:18)
#96     RenderObject.layout (package:flutter/src/rendering/object.dart:2768:7)
#97     RenderProxyBoxMixin.performLayout (package:flutter/src/rendering/proxy_box.dart:118:18)
#98     RenderObject.layout (package:flutter/src/rendering/object.dart:2768:7)
#99     RenderProxyBoxMixin.performLayout (package:flutter/src/rendering/proxy_box.dart:118:18)
#100    RenderObject.layout (package:flutter/src/rendering/object.dart:2768:7)
#101    RenderView.performLayout (package:flutter/src/rendering/view.dart:292:12)
#102    RenderObject._layoutWithoutResize (package:flutter/src/rendering/object.dart:2616:7)
#103    PipelineOwner.flushLayout (package:flutter/src/rendering/object.dart:1174:18)
#104    PipelineOwner.flushLayout (package:flutter/src/rendering/object.dart:1187:15)
#105    AutomatedTestWidgetsFlutterBinding.drawFrame (package:flutter_test/src/binding.dart:2133:27)
#106    RendererBinding._handlePersistentFrameCallback (package:flutter/src/rendering/binding.dart:495:5)
#107    SchedulerBinding._invokeFrameCallback (package:flutter/src/scheduler/binding.dart:1430:15)
#108    SchedulerBinding.handleDrawFrame (package:flutter/src/scheduler/binding.dart:1345:9)
#109    AutomatedTestWidgetsFlutterBinding.pump.<anonymous closure> (package:flutter_test/src/binding.dart:1960:9)
#112    TestAsyncUtils.guard (package:flutter_test/src/test_async_utils.dart:74:41)
#113    AutomatedTestWidgetsFlutterBinding.pump (package:flutter_test/src/binding.dart:1949:27)
#114    WidgetTester.pumpWidget.<anonymous closure> (package:flutter_test/src/widget_tester.dart:598:22)
#117    TestAsyncUtils.guard (package:flutter_test/src/test_async_utils.dart:74:41)
#118    WidgetTester.pumpWidget (package:flutter_test/src/widget_tester.dart:595:27)
#119    main.<anonymous closure> (file:///D:/SEM%204/TaskProof/test/layout_test.dart:8:18)
#120    testWidgets.<anonymous closure>.<anonymous closure> (package:flutter_test/src/widget_tester.dart:192:29)
<asynchronous suspension>
#121    TestWidgetsFlutterBinding._runTestBody (package:flutter_test/src/binding.dart:1682:5)
<asynchronous suspension>
<asynchronous suspension>
(elided 7 frames from class _AssertionError, dart:async, and package:stack_trace)

The following RenderObject was being processed when the exception was fired: RenderConstrainedBox#f4743 relayoutBoundary=up13 NEEDS-LAYOUT NEEDS-PAINT NEEDS-COMPOSITING-BITS-UPDATE:
  creator: ConstrainedBox ΓåÉ Container ΓåÉ ConstrainedBox ΓåÉ Column ΓåÉ DashboardPageNeonTech ΓåÉ
    _SingleChildViewport ΓåÉ IgnorePointer-[GlobalKey#d4757] ΓåÉ Semantics ΓåÉ Listener ΓåÉ _GestureSemantics
    ΓåÉ RawGestureDetector-[LabeledGlobalKey<RawGestureDetectorState>#f0ebb] ΓåÉ Listener ΓåÉ Γï»
  parentData: <none> (can use size)
  constraints: BoxConstraints(0.0<=w<=800.0, 985.0<=h<=Infinity)
  size: MISSING
  additionalConstraints: BoxConstraints(w=390.0, 0.0<=h<=Infinity)
This RenderObject had the following descendants (showing up to depth 5):
    child: RenderDecoratedBox#5f0a7 relayoutBoundary=up14 NEEDS-PAINT NEEDS-COMPOSITING-BITS-UPDATE
      child: RenderPadding#806bd relayoutBoundary=up15 NEEDS-PAINT NEEDS-COMPOSITING-BITS-UPDATE
        child: RenderStack#2e853 relayoutBoundary=up16 NEEDS-PAINT NEEDS-COMPOSITING-BITS-UPDATE
          child 1: RenderConstrainedBox#76132 relayoutBoundary=up17 NEEDS-PAINT NEEDS-COMPOSITING-BITS-UPDATE
            child: RenderConstrainedBox#49aab relayoutBoundary=up18 NEEDS-PAINT NEEDS-COMPOSITING-BITS-UPDATE
          child 2: RenderConstrainedBox#50a05 NEEDS-LAYOUT NEEDS-PAINT NEEDS-COMPOSITING-BITS-UPDATE
            child: RenderDecoratedBox#ed440 NEEDS-LAYOUT NEEDS-PAINT NEEDS-COMPOSITING-BITS-UPDATE
          child 3: RenderConstrainedBox#7e9f1 NEEDS-LAYOUT NEEDS-PAINT NEEDS-COMPOSITING-BITS-UPDATE
            child: RenderDecoratedBox#36e4b NEEDS-LAYOUT NEEDS-PAINT NEEDS-COMPOSITING-BITS-UPDATE
          child 4: RenderConstrainedBox#1acd6 NEEDS-LAYOUT NEEDS-PAINT NEEDS-COMPOSITING-BITS-UPDATE
            child: RenderDecoratedBox#60f68 NEEDS-LAYOUT NEEDS-PAINT NEEDS-COMPOSITING-BITS-UPDATE
ΓòÉΓòÉΓòÉΓòÉΓòÉΓòÉΓòÉΓòÉΓòÉΓòÉΓòÉΓòÉΓòÉΓòÉΓòÉΓòÉΓòÉΓòÉΓòÉΓòÉΓòÉΓòÉΓòÉΓòÉΓòÉΓòÉΓòÉΓòÉΓòÉΓòÉΓòÉΓòÉΓòÉΓòÉΓòÉΓòÉΓòÉΓòÉΓòÉΓòÉΓòÉΓòÉΓòÉΓòÉΓòÉΓòÉΓòÉΓòÉΓòÉΓòÉΓòÉΓòÉΓòÉΓòÉΓòÉΓòÉΓòÉΓòÉΓòÉΓòÉΓòÉΓòÉΓòÉΓòÉΓòÉΓòÉΓòÉΓòÉΓòÉΓòÉΓòÉΓòÉΓòÉΓòÉΓòÉΓòÉΓòÉΓòÉΓòÉΓòÉΓòÉΓòÉΓòÉΓòÉΓòÉΓòÉΓòÉΓòÉΓòÉΓòÉΓòÉΓòÉΓòÉΓòÉΓòÉΓòÉΓòÉΓòÉΓòÉΓòÉ
ΓòÉΓòÉΓòí EXCEPTION CAUGHT BY RENDERING LIBRARY Γò₧ΓòÉΓòÉΓòÉΓòÉΓòÉΓòÉΓòÉΓòÉΓòÉΓòÉΓòÉΓòÉΓòÉΓòÉΓòÉΓòÉΓòÉΓòÉΓòÉΓòÉΓòÉΓòÉΓòÉΓòÉΓòÉΓòÉΓòÉΓòÉΓòÉΓòÉΓòÉΓòÉΓòÉΓòÉΓòÉΓòÉΓòÉΓòÉΓòÉΓòÉΓòÉΓòÉΓòÉΓòÉΓòÉΓòÉΓòÉΓòÉΓòÉΓòÉΓòÉΓòÉΓòÉΓòÉΓòÉΓòÉΓòÉ
The following assertion was thrown during performLayout():
RenderBox was not laid out: RenderConstrainedBox#f4743 relayoutBoundary=up13 NEEDS-PAINT
NEEDS-COMPOSITING-BITS-UPDATE
'package:flutter/src/rendering/box.dart':
Failed assertion: line 2251 pos 12: 'hasSize'

Either the assertion indicates an error in the framework itself, or we should provide substantially
more information in this error message to help you determine and fix the underlying cause.
In either case, please report this assertion by filing a bug on GitHub:
  https://github.com/flutter/flutter/issues/new?template=02_bug.yml

The relevant error-causing widget was:
  ConstrainedBox ConstrainedBox:file:///D:/SEM%204/TaskProof/lib/dashboard.dart:28:9

When the exception was thrown, this was the stack:
#2      RenderBox.size (package:flutter/src/rendering/box.dart:2251:12)
#3      RenderConstrainedBox.performLayout (package:flutter/src/rendering/proxy_box.dart:297:21)
#4      RenderObject.layout (package:flutter/src/rendering/object.dart:2768:7)
#5      ChildLayoutHelper.layoutChild (package:flutter/src/rendering/layout_helper.dart:62:11)
#6      RenderFlex._computeSizes (package:flutter/src/rendering/flex.dart:1237:28)
#7      RenderFlex.performLayout (package:flutter/src/rendering/flex.dart:1329:32)
#8      RenderObject.layout (package:flutter/src/rendering/object.dart:2768:7)
#9      _RenderSingleChildViewport.performLayout (package:flutter/src/widgets/single_child_scroll_view.dart:502:14)
#10     RenderObject.layout (package:flutter/src/rendering/object.dart:2768:7)
#11     RenderProxyBoxMixin.performLayout (package:flutter/src/rendering/proxy_box.dart:118:18)
#12     RenderObject.layout (package:flutter/src/rendering/object.dart:2768:7)
#13     RenderProxyBoxMixin.performLayout (package:flutter/src/rendering/proxy_box.dart:118:18)
#14     RenderObject.layout (package:flutter/src/rendering/object.dart:2768:7)
#15     RenderProxyBoxMixin.performLayout (package:flutter/src/rendering/proxy_box.dart:118:18)
#16     RenderObject.layout (package:flutter/src/rendering/object.dart:2768:7)
#17     RenderProxyBoxMixin.performLayout (package:flutter/src/rendering/proxy_box.dart:118:18)
#18     RenderObject.layout (package:flutter/src/rendering/object.dart:2768:7)
#19     RenderProxyBoxMixin.performLayout (package:flutter/src/rendering/proxy_box.dart:118:18)
#20     RenderObject.layout (package:flutter/src/rendering/object.dart:2768:7)
#21     RenderProxyBoxMixin.performLayout (package:flutter/src/rendering/proxy_box.dart:118:18)
#22     RenderObject.layout (package:flutter/src/rendering/object.dart:2768:7)
#23     RenderProxyBoxMixin.performLayout (package:flutter/src/rendering/proxy_box.dart:118:18)
#24     RenderObject.layout (package:flutter/src/rendering/object.dart:2768:7)
#25     RenderProxyBoxMixin.performLayout (package:flutter/src/rendering/proxy_box.dart:118:18)
#26     _RenderCustomClip.performLayout (package:flutter/src/rendering/proxy_box.dart:1549:11)
#27     RenderObject.layout (package:flutter/src/rendering/object.dart:2768:7)
#28     RenderPadding.performLayout (package:flutter/src/rendering/shifted_box.dart:262:12)
#29     RenderObject.layout (package:flutter/src/rendering/object.dart:2768:7)
#30     MultiChildLayoutDelegate.layoutChild (package:flutter/src/rendering/custom_layout.dart:180:12)
#31     _ScaffoldLayout.performLayout (package:flutter/src/material/scaffold.dart:1113:7)
#32     MultiChildLayoutDelegate._callPerformLayout (package:flutter/src/rendering/custom_layout.dart:246:7)
#33     RenderCustomMultiChildLayoutBox.performLayout (package:flutter/src/rendering/custom_layout.dart:417:14)
#34     RenderObject.layout (package:flutter/src/rendering/object.dart:2768:7)
#35     RenderProxyBoxMixin.performLayout (package:flutter/src/rendering/proxy_box.dart:118:18)
#36     RenderObject.layout (package:flutter/src/rendering/object.dart:2768:7)
#37     RenderProxyBoxMixin.performLayout (package:flutter/src/rendering/proxy_box.dart:118:18)
#38     _RenderCustomClip.performLayout (package:flutter/src/rendering/proxy_box.dart:1549:11)
#39     RenderObject.layout (package:flutter/src/rendering/object.dart:2768:7)
#40     RenderProxyBoxMixin.performLayout (package:flutter/src/rendering/proxy_box.dart:118:18)
#41     RenderObject.layout (package:flutter/src/rendering/object.dart:2768:7)
#42     RenderProxyBoxMixin.performLayout (package:flutter/src/rendering/proxy_box.dart:118:18)
#43     RenderObject.layout (package:flutter/src/rendering/object.dart:2768:7)
#44     RenderProxyBoxMixin.performLayout (package:flutter/src/rendering/proxy_box.dart:118:18)
#45     RenderObject.layout (package:flutter/src/rendering/object.dart:2768:7)
#46     RenderProxyBoxMixin.performLayout (package:flutter/src/rendering/proxy_box.dart:118:18)
#47     RenderObject.layout (package:flutter/src/rendering/object.dart:2768:7)
#48     RenderProxyBoxMixin.performLayout (package:flutter/src/rendering/proxy_box.dart:118:18)
#49     RenderObject.layout (package:flutter/src/rendering/object.dart:2768:7)
#50     RenderProxyBoxMixin.performLayout (package:flutter/src/rendering/proxy_box.dart:118:18)
#51     RenderObject.layout (package:flutter/src/rendering/object.dart:2768:7)
#52     RenderProxyBoxMixin.performLayout (package:flutter/src/rendering/proxy_box.dart:118:18)
#53     RenderObject.layout (package:flutter/src/rendering/object.dart:2768:7)
#54     RenderProxyBoxMixin.performLayout (package:flutter/src/rendering/proxy_box.dart:118:18)
#55     RenderObject.layout (package:flutter/src/rendering/object.dart:2768:7)
#56     RenderProxyBoxMixin.performLayout (package:flutter/src/rendering/proxy_box.dart:118:18)
#57     RenderObject.layout (package:flutter/src/rendering/object.dart:2768:7)
#58     RenderProxyBoxMixin.performLayout (package:flutter/src/rendering/proxy_box.dart:118:18)
#59     RenderObject.layout (package:flutter/src/rendering/object.dart:2768:7)
#60     RenderProxyBoxMixin.performLayout (package:flutter/src/rendering/proxy_box.dart:118:18)
#61     RenderObject.layout (package:flutter/src/rendering/object.dart:2768:7)
#62     RenderProxyBoxMixin.performLayout (package:flutter/src/rendering/proxy_box.dart:118:18)
#63     RenderObject.layout (package:flutter/src/rendering/object.dart:2768:7)
#64     RenderProxyBoxMixin.performLayout (package:flutter/src/rendering/proxy_box.dart:118:18)
#65     RenderObject.layout (package:flutter/src/rendering/object.dart:2768:7)
#66     RenderProxyBoxMixin.performLayout (package:flutter/src/rendering/proxy_box.dart:118:18)
#67     RenderObject.layout (package:flutter/src/rendering/object.dart:2768:7)
#68     RenderProxyBoxMixin.performLayout (package:flutter/src/rendering/proxy_box.dart:118:18)
#69     RenderObject.layout (package:flutter/src/rendering/object.dart:2768:7)
#70     RenderProxyBoxMixin.performLayout (package:flutter/src/rendering/proxy_box.dart:118:18)
#71     RenderOffstage.performLayout (package:flutter/src/rendering/proxy_box.dart:3923:13)
#72     RenderObject.layout (package:flutter/src/rendering/object.dart:2768:7)
#73     RenderProxyBoxMixin.performLayout (package:flutter/src/rendering/proxy_box.dart:118:18)
#74     RenderObject.layout (package:flutter/src/rendering/object.dart:2768:7)
#75     _RenderTheaterMixin.layoutChild (package:flutter/src/widgets/overlay.dart:1084:13)
#76     _RenderTheater.performLayout (package:flutter/src/widgets/overlay.dart:1429:9)
#77     RenderObject.layout (package:flutter/src/rendering/object.dart:2768:7)
#78     RenderProxyBoxMixin.performLayout (package:flutter/src/rendering/proxy_box.dart:118:18)
#79     RenderObject.layout (package:flutter/src/rendering/object.dart:2768:7)
#80     RenderProxyBoxMixin.performLayout (package:flutter/src/rendering/proxy_box.dart:118:18)
#81     RenderObject.layout (package:flutter/src/rendering/object.dart:2768:7)
#82     RenderProxyBoxMixin.performLayout (package:flutter/src/rendering/proxy_box.dart:118:18)
#83     RenderObject.layout (package:flutter/src/rendering/object.dart:2768:7)
#84     RenderProxyBoxMixin.performLayout (package:flutter/src/rendering/proxy_box.dart:118:18)
#85     RenderCustomPaint.performLayout (package:flutter/src/rendering/custom_paint.dart:574:11)
#86     RenderObject.layout (package:flutter/src/rendering/object.dart:2768:7)
#87     RenderProxyBoxMixin.performLayout (package:flutter/src/rendering/proxy_box.dart:118:18)
#88     RenderObject.layout (package:flutter/src/rendering/object.dart:2768:7)
#89     RenderProxyBoxMixin.performLayout (package:flutter/src/rendering/proxy_box.dart:118:18)
#90     RenderObject.layout (package:flutter/src/rendering/object.dart:2768:7)
#91     RenderProxyBoxMixin.performLayout (package:flutter/src/rendering/proxy_box.dart:118:18)
#92     RenderObject.layout (package:flutter/src/rendering/object.dart:2768:7)
#93     RenderProxyBoxMixin.performLayout (package:flutter/src/rendering/proxy_box.dart:118:18)
#94     RenderObject.layout (package:flutter/src/rendering/object.dart:2768:7)
#95     RenderProxyBoxMixin.performLayout (package:flutter/src/rendering/proxy_box.dart:118:18)
#96     RenderObject.layout (package:flutter/src/rendering/object.dart:2768:7)
#97     RenderProxyBoxMixin.performLayout (package:flutter/src/rendering/proxy_box.dart:118:18)
#98     RenderObject.layout (package:flutter/src/rendering/object.dart:2768:7)
#99     RenderView.performLayout (package:flutter/src/rendering/view.dart:292:12)
#100    RenderObject._layoutWithoutResize (package:flutter/src/rendering/object.dart:2616:7)
#101    PipelineOwner.flushLayout (package:flutter/src/rendering/object.dart:1174:18)
#102    PipelineOwner.flushLayout (package:flutter/src/rendering/object.dart:1187:15)
#103    AutomatedTestWidgetsFlutterBinding.drawFrame (package:flutter_test/src/binding.dart:2133:27)
#104    RendererBinding._handlePersistentFrameCallback (package:flutter/src/rendering/binding.dart:495:5)
#105    SchedulerBinding._invokeFrameCallback (package:flutter/src/scheduler/binding.dart:1430:15)
#106    SchedulerBinding.handleDrawFrame (package:flutter/src/scheduler/binding.dart:1345:9)
#107    AutomatedTestWidgetsFlutterBinding.pump.<anonymous closure> (package:flutter_test/src/binding.dart:1960:9)
#110    TestAsyncUtils.guard (package:flutter_test/src/test_async_utils.dart:74:41)
#111    AutomatedTestWidgetsFlutterBinding.pump (package:flutter_test/src/binding.dart:1949:27)
#112    WidgetTester.pumpWidget.<anonymous closure> (package:flutter_test/src/widget_tester.dart:598:22)
#115    TestAsyncUtils.guard (package:flutter_test/src/test_async_utils.dart:74:41)
#116    WidgetTester.pumpWidget (package:flutter_test/src/widget_tester.dart:595:27)
#117    main.<anonymous closure> (file:///D:/SEM%204/TaskProof/test/layout_test.dart:8:18)
#118    testWidgets.<anonymous closure>.<anonymous closure> (package:flutter_test/src/widget_tester.dart:192:29)
<asynchronous suspension>
#119    TestWidgetsFlutterBinding._runTestBody (package:flutter_test/src/binding.dart:1682:5)
<asynchronous suspension>
<asynchronous suspension>
(elided 7 frames from class _AssertionError, dart:async, and package:stack_trace)

The following RenderObject was being processed when the exception was fired: RenderConstrainedBox#be1fc relayoutBoundary=up12 NEEDS-LAYOUT NEEDS-PAINT NEEDS-COMPOSITING-BITS-UPDATE:
  creator: ConstrainedBox ΓåÉ Column ΓåÉ DashboardPageNeonTech ΓåÉ _SingleChildViewport ΓåÉ
    IgnorePointer-[GlobalKey#d4757] ΓåÉ Semantics ΓåÉ Listener ΓåÉ _GestureSemantics ΓåÉ
    RawGestureDetector-[LabeledGlobalKey<RawGestureDetectorState>#f0ebb] ΓåÉ Listener ΓåÉ _ScrollableScope
    ΓåÉ _ScrollSemantics-[GlobalKey#8892a] ΓåÉ Γï»
  parentData: offset=Offset(0.0, 0.0); flex=null; fit=null (can use size)
  constraints: BoxConstraints(0.0<=w<=800.0, 0.0<=h<=Infinity)
  size: MISSING
  additionalConstraints: BoxConstraints(0.0<=w<=Infinity, 985.0<=h<=Infinity)
This RenderObject had the following descendants (showing up to depth 5):
    child: RenderConstrainedBox#f4743 relayoutBoundary=up13 NEEDS-PAINT NEEDS-COMPOSITING-BITS-UPDATE
      child: RenderDecoratedBox#5f0a7 relayoutBoundary=up14 NEEDS-PAINT NEEDS-COMPOSITING-BITS-UPDATE
        child: RenderPadding#806bd relayoutBoundary=up15 NEEDS-PAINT NEEDS-COMPOSITING-BITS-UPDATE
          child: RenderStack#2e853 relayoutBoundary=up16 NEEDS-PAINT NEEDS-COMPOSITING-BITS-UPDATE
            child 1: RenderConstrainedBox#76132 relayoutBoundary=up17 NEEDS-PAINT NEEDS-COMPOSITING-BITS-UPDATE
            child 2: RenderConstrainedBox#50a05 NEEDS-LAYOUT NEEDS-PAINT NEEDS-COMPOSITING-BITS-UPDATE
            child 3: RenderConstrainedBox#7e9f1 NEEDS-LAYOUT NEEDS-PAINT NEEDS-COMPOSITING-BITS-UPDATE
            child 4: RenderConstrainedBox#1acd6 NEEDS-LAYOUT NEEDS-PAINT NEEDS-COMPOSITING-BITS-UPDATE
ΓòÉΓòÉΓòÉΓòÉΓòÉΓòÉΓòÉΓòÉΓòÉΓòÉΓòÉΓòÉΓòÉΓòÉΓòÉΓòÉΓòÉΓòÉΓòÉΓòÉΓòÉΓòÉΓòÉΓòÉΓòÉΓòÉΓòÉΓòÉΓòÉΓòÉΓòÉΓòÉΓòÉΓòÉΓòÉΓòÉΓòÉΓòÉΓòÉΓòÉΓòÉΓòÉΓòÉΓòÉΓòÉΓòÉΓòÉΓòÉΓòÉΓòÉΓòÉΓòÉΓòÉΓòÉΓòÉΓòÉΓòÉΓòÉΓòÉΓòÉΓòÉΓòÉΓòÉΓòÉΓòÉΓòÉΓòÉΓòÉΓòÉΓòÉΓòÉΓòÉΓòÉΓòÉΓòÉΓòÉΓòÉΓòÉΓòÉΓòÉΓòÉΓòÉΓòÉΓòÉΓòÉΓòÉΓòÉΓòÉΓòÉΓòÉΓòÉΓòÉΓòÉΓòÉΓòÉΓòÉΓòÉΓòÉΓòÉΓòÉ
ΓòÉΓòÉΓòí EXCEPTION CAUGHT BY RENDERING LIBRARY Γò₧ΓòÉΓòÉΓòÉΓòÉΓòÉΓòÉΓòÉΓòÉΓòÉΓòÉΓòÉΓòÉΓòÉΓòÉΓòÉΓòÉΓòÉΓòÉΓòÉΓòÉΓòÉΓòÉΓòÉΓòÉΓòÉΓòÉΓòÉΓòÉΓòÉΓòÉΓòÉΓòÉΓòÉΓòÉΓòÉΓòÉΓòÉΓòÉΓòÉΓòÉΓòÉΓòÉΓòÉΓòÉΓòÉΓòÉΓòÉΓòÉΓòÉΓòÉΓòÉΓòÉΓòÉΓòÉΓòÉΓòÉΓòÉ
The following assertion was thrown during performLayout():
RenderBox was not laid out: RenderConstrainedBox#be1fc relayoutBoundary=up12 NEEDS-PAINT
NEEDS-COMPOSITING-BITS-UPDATE
'package:flutter/src/rendering/box.dart':
Failed assertion: line 2251 pos 12: 'hasSize'

Either the assertion indicates an error in the framework itself, or we should provide substantially
more information in this error message to help you determine and fix the underlying cause.
In either case, please report this assertion by filing a bug on GitHub:
  https://github.com/flutter/flutter/issues/new?template=02_bug.yml

The relevant error-causing widget was:
  Column Column:file:///D:/SEM%204/TaskProof/lib/dashboard.dart:26:12

When the exception was thrown, this was the stack:
#2      RenderBox.size (package:flutter/src/rendering/box.dart:2251:12)
#3      ChildLayoutHelper.layoutChild (package:flutter/src/rendering/layout_helper.dart:63:18)
#4      RenderFlex._computeSizes (package:flutter/src/rendering/flex.dart:1237:28)
#5      RenderFlex.performLayout (package:flutter/src/rendering/flex.dart:1329:32)
#6      RenderObject.layout (package:flutter/src/rendering/object.dart:2768:7)
#7      _RenderSingleChildViewport.performLayout (package:flutter/src/widgets/single_child_scroll_view.dart:502:14)
#8      RenderObject.layout (package:flutter/src/rendering/object.dart:2768:7)
#9      RenderProxyBoxMixin.performLayout (package:flutter/src/rendering/proxy_box.dart:118:18)
#10     RenderObject.layout (package:flutter/src/rendering/object.dart:2768:7)
#11     RenderProxyBoxMixin.performLayout (package:flutter/src/rendering/proxy_box.dart:118:18)
#12     RenderObject.layout (package:flutter/src/rendering/object.dart:2768:7)
#13     RenderProxyBoxMixin.performLayout (package:flutter/src/rendering/proxy_box.dart:118:18)
#14     RenderObject.layout (package:flutter/src/rendering/object.dart:2768:7)
#15     RenderProxyBoxMixin.performLayout (package:flutter/src/rendering/proxy_box.dart:118:18)
#16     RenderObject.layout (package:flutter/src/rendering/object.dart:2768:7)
#17     RenderProxyBoxMixin.performLayout (package:flutter/src/rendering/proxy_box.dart:118:18)
#18     RenderObject.layout (package:flutter/src/rendering/object.dart:2768:7)
#19     RenderProxyBoxMixin.performLayout (package:flutter/src/rendering/proxy_box.dart:118:18)
#20     RenderObject.layout (package:flutter/src/rendering/object.dart:2768:7)
#21     RenderProxyBoxMixin.performLayout (package:flutter/src/rendering/proxy_box.dart:118:18)
#22     RenderObject.layout (package:flutter/src/rendering/object.dart:2768:7)
#23     RenderProxyBoxMixin.performLayout (package:flutter/src/rendering/proxy_box.dart:118:18)
#24     _RenderCustomClip.performLayout (package:flutter/src/rendering/proxy_box.dart:1549:11)
#25     RenderObject.layout (package:flutter/src/rendering/object.dart:2768:7)
#26     RenderPadding.performLayout (package:flutter/src/rendering/shifted_box.dart:262:12)
#27     RenderObject.layout (package:flutter/src/rendering/object.dart:2768:7)
#28     MultiChildLayoutDelegate.layoutChild (package:flutter/src/rendering/custom_layout.dart:180:12)
#29     _ScaffoldLayout.performLayout (package:flutter/src/material/scaffold.dart:1113:7)
#30     MultiChildLayoutDelegate._callPerformLayout (package:flutter/src/rendering/custom_layout.dart:246:7)
#31     RenderCustomMultiChildLayoutBox.performLayout (package:flutter/src/rendering/custom_layout.dart:417:14)
#32     RenderObject.layout (package:flutter/src/rendering/object.dart:2768:7)
#33     RenderProxyBoxMixin.performLayout (package:flutter/src/rendering/proxy_box.dart:118:18)
#34     RenderObject.layout (package:flutter/src/rendering/object.dart:2768:7)
#35     RenderProxyBoxMixin.performLayout (package:flutter/src/rendering/proxy_box.dart:118:18)
#36     _RenderCustomClip.performLayout (package:flutter/src/rendering/proxy_box.dart:1549:11)
#37     RenderObject.layout (package:flutter/src/rendering/object.dart:2768:7)
#38     RenderProxyBoxMixin.performLayout (package:flutter/src/rendering/proxy_box.dart:118:18)
#39     RenderObject.layout (package:flutter/src/rendering/object.dart:2768:7)
#40     RenderProxyBoxMixin.performLayout (package:flutter/src/rendering/proxy_box.dart:118:18)
#41     RenderObject.layout (package:flutter/src/rendering/object.dart:2768:7)
#42     RenderProxyBoxMixin.performLayout (package:flutter/src/rendering/proxy_box.dart:118:18)
#43     RenderObject.layout (package:flutter/src/rendering/object.dart:2768:7)
#44     RenderProxyBoxMixin.performLayout (package:flutter/src/rendering/proxy_box.dart:118:18)
#45     RenderObject.layout (package:flutter/src/rendering/object.dart:2768:7)
#46     RenderProxyBoxMixin.performLayout (package:flutter/src/rendering/proxy_box.dart:118:18)
#47     RenderObject.layout (package:flutter/src/rendering/object.dart:2768:7)
#48     RenderProxyBoxMixin.performLayout (package:flutter/src/rendering/proxy_box.dart:118:18)
#49     RenderObject.layout (package:flutter/src/rendering/object.dart:2768:7)
#50     RenderProxyBoxMixin.performLayout (package:flutter/src/rendering/proxy_box.dart:118:18)
#51     RenderObject.layout (package:flutter/src/rendering/object.dart:2768:7)
#52     RenderProxyBoxMixin.performLayout (package:flutter/src/rendering/proxy_box.dart:118:18)
#53     RenderObject.layout (package:flutter/src/rendering/object.dart:2768:7)
#54     RenderProxyBoxMixin.performLayout (package:flutter/src/rendering/proxy_box.dart:118:18)
#55     RenderObject.layout (package:flutter/src/rendering/object.dart:2768:7)
#56     RenderProxyBoxMixin.performLayout (package:flutter/src/rendering/proxy_box.dart:118:18)
#57     RenderObject.layout (package:flutter/src/rendering/object.dart:2768:7)
#58     RenderProxyBoxMixin.performLayout (package:flutter/src/rendering/proxy_box.dart:118:18)
#59     RenderObject.layout (package:flutter/src/rendering/object.dart:2768:7)
#60     RenderProxyBoxMixin.performLayout (package:flutter/src/rendering/proxy_box.dart:118:18)
#61     RenderObject.layout (package:flutter/src/rendering/object.dart:2768:7)
#62     RenderProxyBoxMixin.performLayout (package:flutter/src/rendering/proxy_box.dart:118:18)
#63     RenderObject.layout (package:flutter/src/rendering/object.dart:2768:7)
#64     RenderProxyBoxMixin.performLayout (package:flutter/src/rendering/proxy_box.dart:118:18)
#65     RenderObject.layout (package:flutter/src/rendering/object.dart:2768:7)
#66     RenderProxyBoxMixin.performLayout (package:flutter/src/rendering/proxy_box.dart:118:18)
#67     RenderObject.layout (package:flutter/src/rendering/object.dart:2768:7)
#68     RenderProxyBoxMixin.performLayout (package:flutter/src/rendering/proxy_box.dart:118:18)
#69     RenderOffstage.performLayout (package:flutter/src/rendering/proxy_box.dart:3923:13)
#70     RenderObject.layout (package:flutter/src/rendering/object.dart:2768:7)
#71     RenderProxyBoxMixin.performLayout (package:flutter/src/rendering/proxy_box.dart:118:18)
#72     RenderObject.layout (package:flutter/src/rendering/object.dart:2768:7)
#73     _RenderTheaterMixin.layoutChild (package:flutter/src/widgets/overlay.dart:1084:13)
#74     _RenderTheater.performLayout (package:flutter/src/widgets/overlay.dart:1429:9)
#75     RenderObject.layout (package:flutter/src/rendering/object.dart:2768:7)
#76     RenderProxyBoxMixin.performLayout (package:flutter/src/rendering/proxy_box.dart:118:18)
#77     RenderObject.layout (package:flutter/src/rendering/object.dart:2768:7)
#78     RenderProxyBoxMixin.performLayout (package:flutter/src/rendering/proxy_box.dart:118:18)
#79     RenderObject.layout (package:flutter/src/rendering/object.dart:2768:7)
#80     RenderProxyBoxMixin.performLayout (package:flutter/src/rendering/proxy_box.dart:118:18)
#81     RenderObject.layout (package:flutter/src/rendering/object.dart:2768:7)
#82     RenderProxyBoxMixin.performLayout (package:flutter/src/rendering/proxy_box.dart:118:18)
#83     RenderCustomPaint.performLayout (package:flutter/src/rendering/custom_paint.dart:574:11)
#84     RenderObject.layout (package:flutter/src/rendering/object.dart:2768:7)
#85     RenderProxyBoxMixin.performLayout (package:flutter/src/rendering/proxy_box.dart:118:18)
#86     RenderObject.layout (package:flutter/src/rendering/object.dart:2768:7)
#87     RenderProxyBoxMixin.performLayout (package:flutter/src/rendering/proxy_box.dart:118:18)
#88     RenderObject.layout (package:flutter/src/rendering/object.dart:2768:7)
#89     RenderProxyBoxMixin.performLayout (package:flutter/src/rendering/proxy_box.dart:118:18)
#90     RenderObject.layout (package:flutter/src/rendering/object.dart:2768:7)
#91     RenderProxyBoxMixin.performLayout (package:flutter/src/rendering/proxy_box.dart:118:18)
#92     RenderObject.layout (package:flutter/src/rendering/object.dart:2768:7)
#93     RenderProxyBoxMixin.performLayout (package:flutter/src/rendering/proxy_box.dart:118:18)
#94     RenderObject.layout (package:flutter/src/rendering/object.dart:2768:7)
#95     RenderProxyBoxMixin.performLayout (package:flutter/src/rendering/proxy_box.dart:118:18)
#96     RenderObject.layout (package:flutter/src/rendering/object.dart:2768:7)
#97     RenderView.performLayout (package:flutter/src/rendering/view.dart:292:12)
#98     RenderObject._layoutWithoutResize (package:flutter/src/rendering/object.dart:2616:7)
#99     PipelineOwner.flushLayout (package:flutter/src/rendering/object.dart:1174:18)
#100    PipelineOwner.flushLayout (package:flutter/src/rendering/object.dart:1187:15)
#101    AutomatedTestWidgetsFlutterBinding.drawFrame (package:flutter_test/src/binding.dart:2133:27)
#102    RendererBinding._handlePersistentFrameCallback (package:flutter/src/rendering/binding.dart:495:5)
#103    SchedulerBinding._invokeFrameCallback (package:flutter/src/scheduler/binding.dart:1430:15)
#104    SchedulerBinding.handleDrawFrame (package:flutter/src/scheduler/binding.dart:1345:9)
#105    AutomatedTestWidgetsFlutterBinding.pump.<anonymous closure> (package:flutter_test/src/binding.dart:1960:9)
#108    TestAsyncUtils.guard (package:flutter_test/src/test_async_utils.dart:74:41)
#109    AutomatedTestWidgetsFlutterBinding.pump (package:flutter_test/src/binding.dart:1949:27)
#110    WidgetTester.pumpWidget.<anonymous closure> (package:flutter_test/src/widget_tester.dart:598:22)
#113    TestAsyncUtils.guard (package:flutter_test/src/test_async_utils.dart:74:41)
#114    WidgetTester.pumpWidget (package:flutter_test/src/widget_tester.dart:595:27)
#115    main.<anonymous closure> (file:///D:/SEM%204/TaskProof/test/layout_test.dart:8:18)
#116    testWidgets.<anonymous closure>.<anonymous closure> (package:flutter_test/src/widget_tester.dart:192:29)
<asynchronous suspension>
#117    TestWidgetsFlutterBinding._runTestBody (package:flutter_test/src/binding.dart:1682:5)
<asynchronous suspension>
<asynchronous suspension>
(elided 7 frames from class _AssertionError, dart:async, and package:stack_trace)

The following RenderObject was being processed when the exception was fired: RenderFlex#45e7d relayoutBoundary=up11 NEEDS-LAYOUT NEEDS-PAINT NEEDS-COMPOSITING-BITS-UPDATE:
  creator: Column ΓåÉ DashboardPageNeonTech ΓåÉ _SingleChildViewport ΓåÉ IgnorePointer-[GlobalKey#d4757] ΓåÉ
    Semantics ΓåÉ Listener ΓåÉ _GestureSemantics ΓåÉ
    RawGestureDetector-[LabeledGlobalKey<RawGestureDetectorState>#f0ebb] ΓåÉ Listener ΓåÉ _ScrollableScope
    ΓåÉ _ScrollSemantics-[GlobalKey#8892a] ΓåÉ NotificationListener<ScrollMetricsNotification> ΓåÉ Γï»
  parentData: <none> (can use size)
  constraints: BoxConstraints(0.0<=w<=800.0, 0.0<=h<=Infinity)
  size: MISSING
  direction: vertical
  mainAxisAlignment: start
  mainAxisSize: max
  crossAxisAlignment: center
  verticalDirection: down
  spacing: 0.0
This RenderObject had the following descendants (showing up to depth 5):
    child 1: RenderConstrainedBox#be1fc relayoutBoundary=up12 NEEDS-PAINT NEEDS-COMPOSITING-BITS-UPDATE
      child: RenderConstrainedBox#f4743 relayoutBoundary=up13 NEEDS-PAINT NEEDS-COMPOSITING-BITS-UPDATE
        child: RenderDecoratedBox#5f0a7 relayoutBoundary=up14 NEEDS-PAINT NEEDS-COMPOSITING-BITS-UPDATE
          child: RenderPadding#806bd relayoutBoundary=up15 NEEDS-PAINT NEEDS-COMPOSITING-BITS-UPDATE
            child: RenderStack#2e853 relayoutBoundary=up16 NEEDS-PAINT NEEDS-COMPOSITING-BITS-UPDATE
ΓòÉΓòÉΓòÉΓòÉΓòÉΓòÉΓòÉΓòÉΓòÉΓòÉΓòÉΓòÉΓòÉΓòÉΓòÉΓòÉΓòÉΓòÉΓòÉΓòÉΓòÉΓòÉΓòÉΓòÉΓòÉΓòÉΓòÉΓòÉΓòÉΓòÉΓòÉΓòÉΓòÉΓòÉΓòÉΓòÉΓòÉΓòÉΓòÉΓòÉΓòÉΓòÉΓòÉΓòÉΓòÉΓòÉΓòÉΓòÉΓòÉΓòÉΓòÉΓòÉΓòÉΓòÉΓòÉΓòÉΓòÉΓòÉΓòÉΓòÉΓòÉΓòÉΓòÉΓòÉΓòÉΓòÉΓòÉΓòÉΓòÉΓòÉΓòÉΓòÉΓòÉΓòÉΓòÉΓòÉΓòÉΓòÉΓòÉΓòÉΓòÉΓòÉΓòÉΓòÉΓòÉΓòÉΓòÉΓòÉΓòÉΓòÉΓòÉΓòÉΓòÉΓòÉΓòÉΓòÉΓòÉΓòÉΓòÉΓòÉ
ΓòÉΓòÉΓòí EXCEPTION CAUGHT BY RENDERING LIBRARY Γò₧ΓòÉΓòÉΓòÉΓòÉΓòÉΓòÉΓòÉΓòÉΓòÉΓòÉΓòÉΓòÉΓòÉΓòÉΓòÉΓòÉΓòÉΓòÉΓòÉΓòÉΓòÉΓòÉΓòÉΓòÉΓòÉΓòÉΓòÉΓòÉΓòÉΓòÉΓòÉΓòÉΓòÉΓòÉΓòÉΓòÉΓòÉΓòÉΓòÉΓòÉΓòÉΓòÉΓòÉΓòÉΓòÉΓòÉΓòÉΓòÉΓòÉΓòÉΓòÉΓòÉΓòÉΓòÉΓòÉΓòÉΓòÉ
The following assertion was thrown during performLayout():
RenderBox was not laid out: RenderFlex#45e7d relayoutBoundary=up11 NEEDS-PAINT
NEEDS-COMPOSITING-BITS-UPDATE
'package:flutter/src/rendering/box.dart':
Failed assertion: line 2251 pos 12: 'hasSize'

Either the assertion indicates an error in the framework itself, or we should provide substantially
more information in this error message to help you determine and fix the underlying cause.
In either case, please report this assertion by filing a bug on GitHub:
  https://github.com/flutter/flutter/issues/new?template=02_bug.yml

The relevant error-causing widget was:
  SingleChildScrollView SingleChildScrollView:file:///D:/SEM%204/TaskProof/lib/dashboard.dart:15:16

When the exception was thrown, this was the stack:
#2      RenderBox.size (package:flutter/src/rendering/box.dart:2251:12)
#3      _RenderSingleChildViewport.performLayout (package:flutter/src/widgets/single_child_scroll_view.dart:503:43)
#4      RenderObject.layout (package:flutter/src/rendering/object.dart:2768:7)
#5      RenderProxyBoxMixin.performLayout (package:flutter/src/rendering/proxy_box.dart:118:18)
#6      RenderObject.layout (package:flutter/src/rendering/object.dart:2768:7)
#7      RenderProxyBoxMixin.performLayout (package:flutter/src/rendering/proxy_box.dart:118:18)
#8      RenderObject.layout (package:flutter/src/rendering/object.dart:2768:7)
#9      RenderProxyBoxMixin.performLayout (package:flutter/src/rendering/proxy_box.dart:118:18)
#10     RenderObject.layout (package:flutter/src/rendering/object.dart:2768:7)
#11     RenderProxyBoxMixin.performLayout (package:flutter/src/rendering/proxy_box.dart:118:18)
#12     RenderObject.layout (package:flutter/src/rendering/object.dart:2768:7)
#13     RenderProxyBoxMixin.performLayout (package:flutter/src/rendering/proxy_box.dart:118:18)
#14     RenderObject.layout (package:flutter/src/rendering/object.dart:2768:7)
#15     RenderProxyBoxMixin.performLayout (package:flutter/src/rendering/proxy_box.dart:118:18)
#16     RenderObject.layout (package:flutter/src/rendering/object.dart:2768:7)
#17     RenderProxyBoxMixin.performLayout (package:flutter/src/rendering/proxy_box.dart:118:18)
#18     RenderObject.layout (package:flutter/src/rendering/object.dart:2768:7)
#19     RenderProxyBoxMixin.performLayout (package:flutter/src/rendering/proxy_box.dart:118:18)
#20     _RenderCustomClip.performLayout (package:flutter/src/rendering/proxy_box.dart:1549:11)
#21     RenderObject.layout (package:flutter/src/rendering/object.dart:2768:7)
#22     RenderPadding.performLayout (package:flutter/src/rendering/shifted_box.dart:262:12)
#23     RenderObject.layout (package:flutter/src/rendering/object.dart:2768:7)
#24     MultiChildLayoutDelegate.layoutChild (package:flutter/src/rendering/custom_layout.dart:180:12)
#25     _ScaffoldLayout.performLayout (package:flutter/src/material/scaffold.dart:1113:7)
#26     MultiChildLayoutDelegate._callPerformLayout (package:flutter/src/rendering/custom_layout.dart:246:7)
#27     RenderCustomMultiChildLayoutBox.performLayout (package:flutter/src/rendering/custom_layout.dart:417:14)
#28     RenderObject.layout (package:flutter/src/rendering/object.dart:2768:7)
#29     RenderProxyBoxMixin.performLayout (package:flutter/src/rendering/proxy_box.dart:118:18)
#30     RenderObject.layout (package:flutter/src/rendering/object.dart:2768:7)
#31     RenderProxyBoxMixin.performLayout (package:flutter/src/rendering/proxy_box.dart:118:18)
#32     _RenderCustomClip.performLayout (package:flutter/src/rendering/proxy_box.dart:1549:11)
#33     RenderObject.layout (package:flutter/src/rendering/object.dart:2768:7)
#34     RenderProxyBoxMixin.performLayout (package:flutter/src/rendering/proxy_box.dart:118:18)
#35     RenderObject.layout (package:flutter/src/rendering/object.dart:2768:7)
#36     RenderProxyBoxMixin.performLayout (package:flutter/src/rendering/proxy_box.dart:118:18)
#37     RenderObject.layout (package:flutter/src/rendering/object.dart:2768:7)
#38     RenderProxyBoxMixin.performLayout (package:flutter/src/rendering/proxy_box.dart:118:18)
#39     RenderObject.layout (package:flutter/src/rendering/object.dart:2768:7)
#40     RenderProxyBoxMixin.performLayout (package:flutter/src/rendering/proxy_box.dart:118:18)
#41     RenderObject.layout (package:flutter/src/rendering/object.dart:2768:7)
#42     RenderProxyBoxMixin.performLayout (package:flutter/src/rendering/proxy_box.dart:118:18)
#43     RenderObject.layout (package:flutter/src/rendering/object.dart:2768:7)
#44     RenderProxyBoxMixin.performLayout (package:flutter/src/rendering/proxy_box.dart:118:18)
#45     RenderObject.layout (package:flutter/src/rendering/object.dart:2768:7)
#46     RenderProxyBoxMixin.performLayout (package:flutter/src/rendering/proxy_box.dart:118:18)
#47     RenderObject.layout (package:flutter/src/rendering/object.dart:2768:7)
#48     RenderProxyBoxMixin.performLayout (package:flutter/src/rendering/proxy_box.dart:118:18)
#49     RenderObject.layout (package:flutter/src/rendering/object.dart:2768:7)
#50     RenderProxyBoxMixin.performLayout (package:flutter/src/rendering/proxy_box.dart:118:18)
#51     RenderObject.layout (package:flutter/src/rendering/object.dart:2768:7)
#52     RenderProxyBoxMixin.performLayout (package:flutter/src/rendering/proxy_box.dart:118:18)
#53     RenderObject.layout (package:flutter/src/rendering/object.dart:2768:7)
#54     RenderProxyBoxMixin.performLayout (package:flutter/src/rendering/proxy_box.dart:118:18)
#55     RenderObject.layout (package:flutter/src/rendering/object.dart:2768:7)
#56     RenderProxyBoxMixin.performLayout (package:flutter/src/rendering/proxy_box.dart:118:18)
#57     RenderObject.layout (package:flutter/src/rendering/object.dart:2768:7)
#58     RenderProxyBoxMixin.performLayout (package:flutter/src/rendering/proxy_box.dart:118:18)
#59     RenderObject.layout (package:flutter/src/rendering/object.dart:2768:7)
#60     RenderProxyBoxMixin.performLayout (package:flutter/src/rendering/proxy_box.dart:118:18)
#61     RenderObject.layout (package:flutter/src/rendering/object.dart:2768:7)
#62     RenderProxyBoxMixin.performLayout (package:flutter/src/rendering/proxy_box.dart:118:18)
#63     RenderObject.layout (package:flutter/src/rendering/object.dart:2768:7)
#64     RenderProxyBoxMixin.performLayout (package:flutter/src/rendering/proxy_box.dart:118:18)
#65     RenderOffstage.performLayout (package:flutter/src/rendering/proxy_box.dart:3923:13)
#66     RenderObject.layout (package:flutter/src/rendering/object.dart:2768:7)
#67     RenderProxyBoxMixin.performLayout (package:flutter/src/rendering/proxy_box.dart:118:18)
#68     RenderObject.layout (package:flutter/src/rendering/object.dart:2768:7)
#69     _RenderTheaterMixin.layoutChild (package:flutter/src/widgets/overlay.dart:1084:13)
#70     _RenderTheater.performLayout (package:flutter/src/widgets/overlay.dart:1429:9)
#71     RenderObject.layout (package:flutter/src/rendering/object.dart:2768:7)
#72     RenderProxyBoxMixin.performLayout (package:flutter/src/rendering/proxy_box.dart:118:18)
#73     RenderObject.layout (package:flutter/src/rendering/object.dart:2768:7)
#74     RenderProxyBoxMixin.performLayout (package:flutter/src/rendering/proxy_box.dart:118:18)
#75     RenderObject.layout (package:flutter/src/rendering/object.dart:2768:7)
#76     RenderProxyBoxMixin.performLayout (package:flutter/src/rendering/proxy_box.dart:118:18)
#77     RenderObject.layout (package:flutter/src/rendering/object.dart:2768:7)
#78     RenderProxyBoxMixin.performLayout (package:flutter/src/rendering/proxy_box.dart:118:18)
#79     RenderCustomPaint.performLayout (package:flutter/src/rendering/custom_paint.dart:574:11)
#80     RenderObject.layout (package:flutter/src/rendering/object.dart:2768:7)
#81     RenderProxyBoxMixin.performLayout (package:flutter/src/rendering/proxy_box.dart:118:18)
#82     RenderObject.layout (package:flutter/src/rendering/object.dart:2768:7)
#83     RenderProxyBoxMixin.performLayout (package:flutter/src/rendering/proxy_box.dart:118:18)
#84     RenderObject.layout (package:flutter/src/rendering/object.dart:2768:7)
#85     RenderProxyBoxMixin.performLayout (package:flutter/src/rendering/proxy_box.dart:118:18)
#86     RenderObject.layout (package:flutter/src/rendering/object.dart:2768:7)
#87     RenderProxyBoxMixin.performLayout (package:flutter/src/rendering/proxy_box.dart:118:18)
#88     RenderObject.layout (package:flutter/src/rendering/object.dart:2768:7)
#89     RenderProxyBoxMixin.performLayout (package:flutter/src/rendering/proxy_box.dart:118:18)
#90     RenderObject.layout (package:flutter/src/rendering/object.dart:2768:7)
#91     RenderProxyBoxMixin.performLayout (package:flutter/src/rendering/proxy_box.dart:118:18)
#92     RenderObject.layout (package:flutter/src/rendering/object.dart:2768:7)
#93     RenderView.performLayout (package:flutter/src/rendering/view.dart:292:12)
#94     RenderObject._layoutWithoutResize (package:flutter/src/rendering/object.dart:2616:7)
#95     PipelineOwner.flushLayout (package:flutter/src/rendering/object.dart:1174:18)
#96     PipelineOwner.flushLayout (package:flutter/src/rendering/object.dart:1187:15)
#97     AutomatedTestWidgetsFlutterBinding.drawFrame (package:flutter_test/src/binding.dart:2133:27)
#98     RendererBinding._handlePersistentFrameCallback (package:flutter/src/rendering/binding.dart:495:5)
#99     SchedulerBinding._invokeFrameCallback (package:flutter/src/scheduler/binding.dart:1430:15)
#100    SchedulerBinding.handleDrawFrame (package:flutter/src/scheduler/binding.dart:1345:9)
#101    AutomatedTestWidgetsFlutterBinding.pump.<anonymous closure> (package:flutter_test/src/binding.dart:1960:9)
#104    TestAsyncUtils.guard (package:flutter_test/src/test_async_utils.dart:74:41)
#105    AutomatedTestWidgetsFlutterBinding.pump (package:flutter_test/src/binding.dart:1949:27)
#106    WidgetTester.pumpWidget.<anonymous closure> (package:flutter_test/src/widget_tester.dart:598:22)
#109    TestAsyncUtils.guard (package:flutter_test/src/test_async_utils.dart:74:41)
#110    WidgetTester.pumpWidget (package:flutter_test/src/widget_tester.dart:595:27)
#111    main.<anonymous closure> (file:///D:/SEM%204/TaskProof/test/layout_test.dart:8:18)
#112    testWidgets.<anonymous closure>.<anonymous closure> (package:flutter_test/src/widget_tester.dart:192:29)
<asynchronous suspension>
#113    TestWidgetsFlutterBinding._runTestBody (package:flutter_test/src/binding.dart:1682:5)
<asynchronous suspension>
<asynchronous suspension>
(elided 7 frames from class _AssertionError, dart:async, and package:stack_trace)

The following RenderObject was being processed when the exception was fired: _RenderSingleChildViewport#d04f6 relayoutBoundary=up10 NEEDS-LAYOUT NEEDS-PAINT NEEDS-COMPOSITING-BITS-UPDATE:
  needs compositing
  creator: _SingleChildViewport ΓåÉ IgnorePointer-[GlobalKey#d4757] ΓåÉ Semantics ΓåÉ Listener ΓåÉ
    _GestureSemantics ΓåÉ RawGestureDetector-[LabeledGlobalKey<RawGestureDetectorState>#f0ebb] ΓåÉ
    Listener ΓåÉ _ScrollableScope ΓåÉ _ScrollSemantics-[GlobalKey#8892a] ΓåÉ
    NotificationListener<ScrollMetricsNotification> ΓåÉ Transform ΓåÉ StretchEffect ΓåÉ Γï»
  parentData: <none> (can use size)
  constraints: BoxConstraints(0.0<=w<=800.0, 0.0<=h<=600.0)
  size: MISSING
  offset: Offset(0.0, -0.0)
This RenderObject had the following descendants (showing up to depth 5):
    child: RenderFlex#45e7d relayoutBoundary=up11 NEEDS-PAINT NEEDS-COMPOSITING-BITS-UPDATE
      child 1: RenderConstrainedBox#be1fc relayoutBoundary=up12 NEEDS-PAINT NEEDS-COMPOSITING-BITS-UPDATE
        child: RenderConstrainedBox#f4743 relayoutBoundary=up13 NEEDS-PAINT NEEDS-COMPOSITING-BITS-UPDATE
          child: RenderDecoratedBox#5f0a7 relayoutBoundary=up14 NEEDS-PAINT NEEDS-COMPOSITING-BITS-UPDATE
            child: RenderPadding#806bd relayoutBoundary=up15 NEEDS-PAINT NEEDS-COMPOSITING-BITS-UPDATE
ΓòÉΓòÉΓòÉΓòÉΓòÉΓòÉΓòÉΓòÉΓòÉΓòÉΓòÉΓòÉΓòÉΓòÉΓòÉΓòÉΓòÉΓòÉΓòÉΓòÉΓòÉΓòÉΓòÉΓòÉΓòÉΓòÉΓòÉΓòÉΓòÉΓòÉΓòÉΓòÉΓòÉΓòÉΓòÉΓòÉΓòÉΓòÉΓòÉΓòÉΓòÉΓòÉΓòÉΓòÉΓòÉΓòÉΓòÉΓòÉΓòÉΓòÉΓòÉΓòÉΓòÉΓòÉΓòÉΓòÉΓòÉΓòÉΓòÉΓòÉΓòÉΓòÉΓòÉΓòÉΓòÉΓòÉΓòÉΓòÉΓòÉΓòÉΓòÉΓòÉΓòÉΓòÉΓòÉΓòÉΓòÉΓòÉΓòÉΓòÉΓòÉΓòÉΓòÉΓòÉΓòÉΓòÉΓòÉΓòÉΓòÉΓòÉΓòÉΓòÉΓòÉΓòÉΓòÉΓòÉΓòÉΓòÉΓòÉΓòÉ
ΓòÉΓòÉΓòí EXCEPTION CAUGHT BY RENDERING LIBRARY Γò₧ΓòÉΓòÉΓòÉΓòÉΓòÉΓòÉΓòÉΓòÉΓòÉΓòÉΓòÉΓòÉΓòÉΓòÉΓòÉΓòÉΓòÉΓòÉΓòÉΓòÉΓòÉΓòÉΓòÉΓòÉΓòÉΓòÉΓòÉΓòÉΓòÉΓòÉΓòÉΓòÉΓòÉΓòÉΓòÉΓòÉΓòÉΓòÉΓòÉΓòÉΓòÉΓòÉΓòÉΓòÉΓòÉΓòÉΓòÉΓòÉΓòÉΓòÉΓòÉΓòÉΓòÉΓòÉΓòÉΓòÉΓòÉ
The following assertion was thrown during performLayout():
RenderBox was not laid out: _RenderSingleChildViewport#d04f6 relayoutBoundary=up10 NEEDS-PAINT
NEEDS-COMPOSITING-BITS-UPDATE
'package:flutter/src/rendering/box.dart':
Failed assertion: line 2251 pos 12: 'hasSize'

Either the assertion indicates an error in the framework itself, or we should provide substantially
more information in this error message to help you determine and fix the underlying cause.
In either case, please report this assertion by filing a bug on GitHub:
  https://github.com/flutter/flutter/issues/new?template=02_bug.yml

The relevant error-causing widget was:
  SingleChildScrollView SingleChildScrollView:file:///D:/SEM%204/TaskProof/lib/dashboard.dart:15:16

When the exception was thrown, this was the stack:
#2      RenderBox.size (package:flutter/src/rendering/box.dart:2251:12)
#3      RenderProxyBoxMixin.performLayout (package:flutter/src/rendering/proxy_box.dart:118:62)
#4      RenderObject.layout (package:flutter/src/rendering/object.dart:2768:7)
#5      RenderProxyBoxMixin.performLayout (package:flutter/src/rendering/proxy_box.dart:118:18)
#6      RenderObject.layout (package:flutter/src/rendering/object.dart:2768:7)
#7      RenderProxyBoxMixin.performLayout (package:flutter/src/rendering/proxy_box.dart:118:18)
#8      RenderObject.layout (package:flutter/src/rendering/object.dart:2768:7)
#9      RenderProxyBoxMixin.performLayout (package:flutter/src/rendering/proxy_box.dart:118:18)
#10     RenderObject.layout (package:flutter/src/rendering/object.dart:2768:7)
#11     RenderProxyBoxMixin.performLayout (package:flutter/src/rendering/proxy_box.dart:118:18)
#12     RenderObject.layout (package:flutter/src/rendering/object.dart:2768:7)
#13     RenderProxyBoxMixin.performLayout (package:flutter/src/rendering/proxy_box.dart:118:18)
#14     RenderObject.layout (package:flutter/src/rendering/object.dart:2768:7)
#15     RenderProxyBoxMixin.performLayout (package:flutter/src/rendering/proxy_box.dart:118:18)
#16     RenderObject.layout (package:flutter/src/rendering/object.dart:2768:7)
#17     RenderProxyBoxMixin.performLayout (package:flutter/src/rendering/proxy_box.dart:118:18)
#18     _RenderCustomClip.performLayout (package:flutter/src/rendering/proxy_box.dart:1549:11)
#19     RenderObject.layout (package:flutter/src/rendering/object.dart:2768:7)
#20     RenderPadding.performLayout (package:flutter/src/rendering/shifted_box.dart:262:12)
#21     RenderObject.layout (package:flutter/src/rendering/object.dart:2768:7)
#22     MultiChildLayoutDelegate.layoutChild (package:flutter/src/rendering/custom_layout.dart:180:12)
#23     _ScaffoldLayout.performLayout (package:flutter/src/material/scaffold.dart:1113:7)
#24     MultiChildLayoutDelegate._callPerformLayout (package:flutter/src/rendering/custom_layout.dart:246:7)
#25     RenderCustomMultiChildLayoutBox.performLayout (package:flutter/src/rendering/custom_layout.dart:417:14)
#26     RenderObject.layout (package:flutter/src/rendering/object.dart:2768:7)
#27     RenderProxyBoxMixin.performLayout (package:flutter/src/rendering/proxy_box.dart:118:18)
#28     RenderObject.layout (package:flutter/src/rendering/object.dart:2768:7)
#29     RenderProxyBoxMixin.performLayout (package:flutter/src/rendering/proxy_box.dart:118:18)
#30     _RenderCustomClip.performLayout (package:flutter/src/rendering/proxy_box.dart:1549:11)
#31     RenderObject.layout (package:flutter/src/rendering/object.dart:2768:7)
#32     RenderProxyBoxMixin.performLayout (package:flutter/src/rendering/proxy_box.dart:118:18)
#33     RenderObject.layout (package:flutter/src/rendering/object.dart:2768:7)
#34     RenderProxyBoxMixin.performLayout (package:flutter/src/rendering/proxy_box.dart:118:18)
#35     RenderObject.layout (package:flutter/src/rendering/object.dart:2768:7)
#36     RenderProxyBoxMixin.performLayout (package:flutter/src/rendering/proxy_box.dart:118:18)
#37     RenderObject.layout (package:flutter/src/rendering/object.dart:2768:7)
#38     RenderProxyBoxMixin.performLayout (package:flutter/src/rendering/proxy_box.dart:118:18)
#39     RenderObject.layout (package:flutter/src/rendering/object.dart:2768:7)
#40     RenderProxyBoxMixin.performLayout (package:flutter/src/rendering/proxy_box.dart:118:18)
#41     RenderObject.layout (package:flutter/src/rendering/object.dart:2768:7)
#42     RenderProxyBoxMixin.performLayout (package:flutter/src/rendering/proxy_box.dart:118:18)
#43     RenderObject.layout (package:flutter/src/rendering/object.dart:2768:7)
#44     RenderProxyBoxMixin.performLayout (package:flutter/src/rendering/proxy_box.dart:118:18)
#45     RenderObject.layout (package:flutter/src/rendering/object.dart:2768:7)
#46     RenderProxyBoxMixin.performLayout (package:flutter/src/rendering/proxy_box.dart:118:18)
#47     RenderObject.layout (package:flutter/src/rendering/object.dart:2768:7)
#48     RenderProxyBoxMixin.performLayout (package:flutter/src/rendering/proxy_box.dart:118:18)
#49     RenderObject.layout (package:flutter/src/rendering/object.dart:2768:7)
#50     RenderProxyBoxMixin.performLayout (package:flutter/src/rendering/proxy_box.dart:118:18)
#51     RenderObject.layout (package:flutter/src/rendering/object.dart:2768:7)
#52     RenderProxyBoxMixin.performLayout (package:flutter/src/rendering/proxy_box.dart:118:18)
#53     RenderObject.layout (package:flutter/src/rendering/object.dart:2768:7)
#54     RenderProxyBoxMixin.performLayout (package:flutter/src/rendering/proxy_box.dart:118:18)
#55     RenderObject.layout (package:flutter/src/rendering/object.dart:2768:7)
#56     RenderProxyBoxMixin.performLayout (package:flutter/src/rendering/proxy_box.dart:118:18)
#57     RenderObject.layout (package:flutter/src/rendering/object.dart:2768:7)
#58     RenderProxyBoxMixin.performLayout (package:flutter/src/rendering/proxy_box.dart:118:18)
#59     RenderObject.layout (package:flutter/src/rendering/object.dart:2768:7)
#60     RenderProxyBoxMixin.performLayout (package:flutter/src/rendering/proxy_box.dart:118:18)
#61     RenderObject.layout (package:flutter/src/rendering/object.dart:2768:7)
#62     RenderProxyBoxMixin.performLayout (package:flutter/src/rendering/proxy_box.dart:118:18)
#63     RenderOffstage.performLayout (package:flutter/src/rendering/proxy_box.dart:3923:13)
#64     RenderObject.layout (package:flutter/src/rendering/object.dart:2768:7)
#65     RenderProxyBoxMixin.performLayout (package:flutter/src/rendering/proxy_box.dart:118:18)
#66     RenderObject.layout (package:flutter/src/rendering/object.dart:2768:7)
#67     _RenderTheaterMixin.layoutChild (package:flutter/src/widgets/overlay.dart:1084:13)
#68     _RenderTheater.performLayout (package:flutter/src/widgets/overlay.dart:1429:9)
#69     RenderObject.layout (package:flutter/src/rendering/object.dart:2768:7)
#70     RenderProxyBoxMixin.performLayout (package:flutter/src/rendering/proxy_box.dart:118:18)
#71     RenderObject.layout (package:flutter/src/rendering/object.dart:2768:7)
#72     RenderProxyBoxMixin.performLayout (package:flutter/src/rendering/proxy_box.dart:118:18)
#73     RenderObject.layout (package:flutter/src/rendering/object.dart:2768:7)
#74     RenderProxyBoxMixin.performLayout (package:flutter/src/rendering/proxy_box.dart:118:18)
#75     RenderObject.layout (package:flutter/src/rendering/object.dart:2768:7)
#76     RenderProxyBoxMixin.performLayout (package:flutter/src/rendering/proxy_box.dart:118:18)
#77     RenderCustomPaint.performLayout (package:flutter/src/rendering/custom_paint.dart:574:11)
#78     RenderObject.layout (package:flutter/src/rendering/object.dart:2768:7)
#79     RenderProxyBoxMixin.performLayout (package:flutter/src/rendering/proxy_box.dart:118:18)
#80     RenderObject.layout (package:flutter/src/rendering/object.dart:2768:7)
#81     RenderProxyBoxMixin.performLayout (package:flutter/src/rendering/proxy_box.dart:118:18)
#82     RenderObject.layout (package:flutter/src/rendering/object.dart:2768:7)
#83     RenderProxyBoxMixin.performLayout (package:flutter/src/rendering/proxy_box.dart:118:18)
#84     RenderObject.layout (package:flutter/src/rendering/object.dart:2768:7)
#85     RenderProxyBoxMixin.performLayout (package:flutter/src/rendering/proxy_box.dart:118:18)
#86     RenderObject.layout (package:flutter/src/rendering/object.dart:2768:7)
#87     RenderProxyBoxMixin.performLayout (package:flutter/src/rendering/proxy_box.dart:118:18)
#88     RenderObject.layout (package:flutter/src/rendering/object.dart:2768:7)
#89     RenderProxyBoxMixin.performLayout (package:flutter/src/rendering/proxy_box.dart:118:18)
#90     RenderObject.layout (package:flutter/src/rendering/object.dart:2768:7)
#91     RenderView.performLayout (package:flutter/src/rendering/view.dart:292:12)
#92     RenderObject._layoutWithoutResize (package:flutter/src/rendering/object.dart:2616:7)
#93     PipelineOwner.flushLayout (package:flutter/src/rendering/object.dart:1174:18)
#94     PipelineOwner.flushLayout (package:flutter/src/rendering/object.dart:1187:15)
#95     AutomatedTestWidgetsFlutterBinding.drawFrame (package:flutter_test/src/binding.dart:2133:27)
#96     RendererBinding._handlePersistentFrameCallback (package:flutter/src/rendering/binding.dart:495:5)
#97     SchedulerBinding._invokeFrameCallback (package:flutter/src/scheduler/binding.dart:1430:15)
#98     SchedulerBinding.handleDrawFrame (package:flutter/src/scheduler/binding.dart:1345:9)
#99     AutomatedTestWidgetsFlutterBinding.pump.<anonymous closure> (package:flutter_test/src/binding.dart:1960:9)
#102    TestAsyncUtils.guard (package:flutter_test/src/test_async_utils.dart:74:41)
#103    AutomatedTestWidgetsFlutterBinding.pump (package:flutter_test/src/binding.dart:1949:27)
#104    WidgetTester.pumpWidget.<anonymous closure> (package:flutter_test/src/widget_tester.dart:598:22)
#107    TestAsyncUtils.guard (package:flutter_test/src/test_async_utils.dart:74:41)
#108    WidgetTester.pumpWidget (package:flutter_test/src/widget_tester.dart:595:27)
#109    main.<anonymous closure> (file:///D:/SEM%204/TaskProof/test/layout_test.dart:8:18)
#110    testWidgets.<anonymous closure>.<anonymous closure> (package:flutter_test/src/widget_tester.dart:192:29)
<asynchronous suspension>
#111    TestWidgetsFlutterBinding._runTestBody (package:flutter_test/src/binding.dart:1682:5)
<asynchronous suspension>
<asynchronous suspension>
(elided 7 frames from class _AssertionError, dart:async, and package:stack_trace)

The following RenderObject was being processed when the exception was fired: RenderIgnorePointer#6a67b relayoutBoundary=up9 NEEDS-LAYOUT NEEDS-PAINT NEEDS-COMPOSITING-BITS-UPDATE:
  creator: IgnorePointer-[GlobalKey#d4757] ΓåÉ Semantics ΓåÉ Listener ΓåÉ _GestureSemantics ΓåÉ
    RawGestureDetector-[LabeledGlobalKey<RawGestureDetectorState>#f0ebb] ΓåÉ Listener ΓåÉ _ScrollableScope
    ΓåÉ _ScrollSemantics-[GlobalKey#8892a] ΓåÉ NotificationListener<ScrollMetricsNotification> ΓåÉ Transform
    ΓåÉ StretchEffect ΓåÉ ClipRect ΓåÉ Γï»
  parentData: <none> (can use size)
  constraints: BoxConstraints(0.0<=w<=800.0, 0.0<=h<=600.0)
  size: MISSING
  ignoring: false
  ignoringSemantics: null
This RenderObject had the following descendants (showing up to depth 5):
    child: _RenderSingleChildViewport#d04f6 relayoutBoundary=up10 NEEDS-PAINT NEEDS-COMPOSITING-BITS-UPDATE
      child: RenderFlex#45e7d relayoutBoundary=up11 NEEDS-PAINT NEEDS-COMPOSITING-BITS-UPDATE
        child 1: RenderConstrainedBox#be1fc relayoutBoundary=up12 NEEDS-PAINT NEEDS-COMPOSITING-BITS-UPDATE
          child: RenderConstrainedBox#f4743 relayoutBoundary=up13 NEEDS-PAINT NEEDS-COMPOSITING-BITS-UPDATE
            child: RenderDecoratedBox#5f0a7 relayoutBoundary=up14 NEEDS-PAINT NEEDS-COMPOSITING-BITS-UPDATE
ΓòÉΓòÉΓòÉΓòÉΓòÉΓòÉΓòÉΓòÉΓòÉΓòÉΓòÉΓòÉΓòÉΓòÉΓòÉΓòÉΓòÉΓòÉΓòÉΓòÉΓòÉΓòÉΓòÉΓòÉΓòÉΓòÉΓòÉΓòÉΓòÉΓòÉΓòÉΓòÉΓòÉΓòÉΓòÉΓòÉΓòÉΓòÉΓòÉΓòÉΓòÉΓòÉΓòÉΓòÉΓòÉΓòÉΓòÉΓòÉΓòÉΓòÉΓòÉΓòÉΓòÉΓòÉΓòÉΓòÉΓòÉΓòÉΓòÉΓòÉΓòÉΓòÉΓòÉΓòÉΓòÉΓòÉΓòÉΓòÉΓòÉΓòÉΓòÉΓòÉΓòÉΓòÉΓòÉΓòÉΓòÉΓòÉΓòÉΓòÉΓòÉΓòÉΓòÉΓòÉΓòÉΓòÉΓòÉΓòÉΓòÉΓòÉΓòÉΓòÉΓòÉΓòÉΓòÉΓòÉΓòÉΓòÉΓòÉΓòÉ
ΓòÉΓòÉΓòí EXCEPTION CAUGHT BY RENDERING LIBRARY Γò₧ΓòÉΓòÉΓòÉΓòÉΓòÉΓòÉΓòÉΓòÉΓòÉΓòÉΓòÉΓòÉΓòÉΓòÉΓòÉΓòÉΓòÉΓòÉΓòÉΓòÉΓòÉΓòÉΓòÉΓòÉΓòÉΓòÉΓòÉΓòÉΓòÉΓòÉΓòÉΓòÉΓòÉΓòÉΓòÉΓòÉΓòÉΓòÉΓòÉΓòÉΓòÉΓòÉΓòÉΓòÉΓòÉΓòÉΓòÉΓòÉΓòÉΓòÉΓòÉΓòÉΓòÉΓòÉΓòÉΓòÉΓòÉ
The following assertion was thrown during performLayout():
RenderBox was not laid out: RenderIgnorePointer#6a67b relayoutBoundary=up9 NEEDS-PAINT
NEEDS-COMPOSITING-BITS-UPDATE
'package:flutter/src/rendering/box.dart':
Failed assertion: line 2251 pos 12: 'hasSize'

Either the assertion indicates an error in the framework itself, or we should provide substantially
more information in this error message to help you determine and fix the underlying cause.
In either case, please report this assertion by filing a bug on GitHub:
  https://github.com/flutter/flutter/issues/new?template=02_bug.yml

The relevant error-causing widget was:
  SingleChildScrollView SingleChildScrollView:file:///D:/SEM%204/TaskProof/lib/dashboard.dart:15:16

When the exception was thrown, this was the stack:
#2      RenderBox.size (package:flutter/src/rendering/box.dart:2251:12)
#3      RenderProxyBoxMixin.performLayout (package:flutter/src/rendering/proxy_box.dart:118:62)
#4      RenderObject.layout (package:flutter/src/rendering/object.dart:2768:7)
#5      RenderProxyBoxMixin.performLayout (package:flutter/src/rendering/proxy_box.dart:118:18)
#6      RenderObject.layout (package:flutter/src/rendering/object.dart:2768:7)
#7      RenderProxyBoxMixin.performLayout (package:flutter/src/rendering/proxy_box.dart:118:18)
#8      RenderObject.layout (package:flutter/src/rendering/object.dart:2768:7)
#9      RenderProxyBoxMixin.performLayout (package:flutter/src/rendering/proxy_box.dart:118:18)
#10     RenderObject.layout (package:flutter/src/rendering/object.dart:2768:7)
#11     RenderProxyBoxMixin.performLayout (package:flutter/src/rendering/proxy_box.dart:118:18)
#12     RenderObject.layout (package:flutter/src/rendering/object.dart:2768:7)
#13     RenderProxyBoxMixin.performLayout (package:flutter/src/rendering/proxy_box.dart:118:18)
#14     RenderObject.layout (package:flutter/src/rendering/object.dart:2768:7)
#15     RenderProxyBoxMixin.performLayout (package:flutter/src/rendering/proxy_box.dart:118:18)
#16     _RenderCustomClip.performLayout (package:flutter/src/rendering/proxy_box.dart:1549:11)
#17     RenderObject.layout (package:flutter/src/rendering/object.dart:2768:7)
#18     RenderPadding.performLayout (package:flutter/src/rendering/shifted_box.dart:262:12)
#19     RenderObject.layout (package:flutter/src/rendering/object.dart:2768:7)
#20     MultiChildLayoutDelegate.layoutChild (package:flutter/src/rendering/custom_layout.dart:180:12)
#21     _ScaffoldLayout.performLayout (package:flutter/src/material/scaffold.dart:1113:7)
#22     MultiChildLayoutDelegate._callPerformLayout (package:flutter/src/rendering/custom_layout.dart:246:7)
#23     RenderCustomMultiChildLayoutBox.performLayout (package:flutter/src/rendering/custom_layout.dart:417:14)
#24     RenderObject.layout (package:flutter/src/rendering/object.dart:2768:7)
#25     RenderProxyBoxMixin.performLayout (package:flutter/src/rendering/proxy_box.dart:118:18)
#26     RenderObject.layout (package:flutter/src/rendering/object.dart:2768:7)
#27     RenderProxyBoxMixin.performLayout (package:flutter/src/rendering/proxy_box.dart:118:18)
#28     _RenderCustomClip.performLayout (package:flutter/src/rendering/proxy_box.dart:1549:11)
#29     RenderObject.layout (package:flutter/src/rendering/object.dart:2768:7)
#30     RenderProxyBoxMixin.performLayout (package:flutter/src/rendering/proxy_box.dart:118:18)
#31     RenderObject.layout (package:flutter/src/rendering/object.dart:2768:7)
#32     RenderProxyBoxMixin.performLayout (package:flutter/src/rendering/proxy_box.dart:118:18)
#33     RenderObject.layout (package:flutter/src/rendering/object.dart:2768:7)
#34     RenderProxyBoxMixin.performLayout (package:flutter/src/rendering/proxy_box.dart:118:18)
#35     RenderObject.layout (package:flutter/src/rendering/object.dart:2768:7)
#36     RenderProxyBoxMixin.performLayout (package:flutter/src/rendering/proxy_box.dart:118:18)
#37     RenderObject.layout (package:flutter/src/rendering/object.dart:2768:7)
#38     RenderProxyBoxMixin.performLayout (package:flutter/src/rendering/proxy_box.dart:118:18)
#39     RenderObject.layout (package:flutter/src/rendering/object.dart:2768:7)
#40     RenderProxyBoxMixin.performLayout (package:flutter/src/rendering/proxy_box.dart:118:18)
#41     RenderObject.layout (package:flutter/src/rendering/object.dart:2768:7)
#42     RenderProxyBoxMixin.performLayout (package:flutter/src/rendering/proxy_box.dart:118:18)
#43     RenderObject.layout (package:flutter/src/rendering/object.dart:2768:7)
#44     RenderProxyBoxMixin.performLayout (package:flutter/src/rendering/proxy_box.dart:118:18)
#45     RenderObject.layout (package:flutter/src/rendering/object.dart:2768:7)
#46     RenderProxyBoxMixin.performLayout (package:flutter/src/rendering/proxy_box.dart:118:18)
#47     RenderObject.layout (package:flutter/src/rendering/object.dart:2768:7)
#48     RenderProxyBoxMixin.performLayout (package:flutter/src/rendering/proxy_box.dart:118:18)
#49     RenderObject.layout (package:flutter/src/rendering/object.dart:2768:7)
#50     RenderProxyBoxMixin.performLayout (package:flutter/src/rendering/proxy_box.dart:118:18)
#51     RenderObject.layout (package:flutter/src/rendering/object.dart:2768:7)
#52     RenderProxyBoxMixin.performLayout (package:flutter/src/rendering/proxy_box.dart:118:18)
#53     RenderObject.layout (package:flutter/src/rendering/object.dart:2768:7)
#54     RenderProxyBoxMixin.performLayout (package:flutter/src/rendering/proxy_box.dart:118:18)
#55     RenderObject.layout (package:flutter/src/rendering/object.dart:2768:7)
#56     RenderProxyBoxMixin.performLayout (package:flutter/src/rendering/proxy_box.dart:118:18)
#57     RenderObject.layout (package:flutter/src/rendering/object.dart:2768:7)
#58     RenderProxyBoxMixin.performLayout (package:flutter/src/rendering/proxy_box.dart:118:18)
#59     RenderObject.layout (package:flutter/src/rendering/object.dart:2768:7)
#60     RenderProxyBoxMixin.performLayout (package:flutter/src/rendering/proxy_box.dart:118:18)
#61     RenderOffstage.performLayout (package:flutter/src/rendering/proxy_box.dart:3923:13)
#62     RenderObject.layout (package:flutter/src/rendering/object.dart:2768:7)
#63     RenderProxyBoxMixin.performLayout (package:flutter/src/rendering/proxy_box.dart:118:18)
#64     RenderObject.layout (package:flutter/src/rendering/object.dart:2768:7)
#65     _RenderTheaterMixin.layoutChild (package:flutter/src/widgets/overlay.dart:1084:13)
#66     _RenderTheater.performLayout (package:flutter/src/widgets/overlay.dart:1429:9)
#67     RenderObject.layout (package:flutter/src/rendering/object.dart:2768:7)
#68     RenderProxyBoxMixin.performLayout (package:flutter/src/rendering/proxy_box.dart:118:18)
#69     RenderObject.layout (package:flutter/src/rendering/object.dart:2768:7)
#70     RenderProxyBoxMixin.performLayout (package:flutter/src/rendering/proxy_box.dart:118:18)
#71     RenderObject.layout (package:flutter/src/rendering/object.dart:2768:7)
#72     RenderProxyBoxMixin.performLayout (package:flutter/src/rendering/proxy_box.dart:118:18)
#73     RenderObject.layout (package:flutter/src/rendering/object.dart:2768:7)
#74     RenderProxyBoxMixin.performLayout (package:flutter/src/rendering/proxy_box.dart:118:18)
#75     RenderCustomPaint.performLayout (package:flutter/src/rendering/custom_paint.dart:574:11)
#76     RenderObject.layout (package:flutter/src/rendering/object.dart:2768:7)
#77     RenderProxyBoxMixin.performLayout (package:flutter/src/rendering/proxy_box.dart:118:18)
#78     RenderObject.layout (package:flutter/src/rendering/object.dart:2768:7)
#79     RenderProxyBoxMixin.performLayout (package:flutter/src/rendering/proxy_box.dart:118:18)
#80     RenderObject.layout (package:flutter/src/rendering/object.dart:2768:7)
#81     RenderProxyBoxMixin.performLayout (package:flutter/src/rendering/proxy_box.dart:118:18)
#82     RenderObject.layout (package:flutter/src/rendering/object.dart:2768:7)
#83     RenderProxyBoxMixin.performLayout (package:flutter/src/rendering/proxy_box.dart:118:18)
#84     RenderObject.layout (package:flutter/src/rendering/object.dart:2768:7)
#85     RenderProxyBoxMixin.performLayout (package:flutter/src/rendering/proxy_box.dart:118:18)
#86     RenderObject.layout (package:flutter/src/rendering/object.dart:2768:7)
#87     RenderProxyBoxMixin.performLayout (package:flutter/src/rendering/proxy_box.dart:118:18)
#88     RenderObject.layout (package:flutter/src/rendering/object.dart:2768:7)
#89     RenderView.performLayout (package:flutter/src/rendering/view.dart:292:12)
#90     RenderObject._layoutWithoutResize (package:flutter/src/rendering/object.dart:2616:7)
#91     PipelineOwner.flushLayout (package:flutter/src/rendering/object.dart:1174:18)
#92     PipelineOwner.flushLayout (package:flutter/src/rendering/object.dart:1187:15)
#93     AutomatedTestWidgetsFlutterBinding.drawFrame (package:flutter_test/src/binding.dart:2133:27)
#94     RendererBinding._handlePersistentFrameCallback (package:flutter/src/rendering/binding.dart:495:5)
#95     SchedulerBinding._invokeFrameCallback (package:flutter/src/scheduler/binding.dart:1430:15)
#96     SchedulerBinding.handleDrawFrame (package:flutter/src/scheduler/binding.dart:1345:9)
#97     AutomatedTestWidgetsFlutterBinding.pump.<anonymous closure> (package:flutter_test/src/binding.dart:1960:9)
#100    TestAsyncUtils.guard (package:flutter_test/src/test_async_utils.dart:74:41)
#101    AutomatedTestWidgetsFlutterBinding.pump (package:flutter_test/src/binding.dart:1949:27)
#102    WidgetTester.pumpWidget.<anonymous closure> (package:flutter_test/src/widget_tester.dart:598:22)
#105    TestAsyncUtils.guard (package:flutter_test/src/test_async_utils.dart:74:41)
#106    WidgetTester.pumpWidget (package:flutter_test/src/widget_tester.dart:595:27)
#107    main.<anonymous closure> (file:///D:/SEM%204/TaskProof/test/layout_test.dart:8:18)
#108    testWidgets.<anonymous closure>.<anonymous closure> (package:flutter_test/src/widget_tester.dart:192:29)
<asynchronous suspension>
#109    TestWidgetsFlutterBinding._runTestBody (package:flutter_test/src/binding.dart:1682:5)
<asynchronous suspension>
<asynchronous suspension>
(elided 7 frames from class _AssertionError, dart:async, and package:stack_trace)

The following RenderObject was being processed when the exception was fired: RenderSemanticsAnnotations#bc23b relayoutBoundary=up8 NEEDS-LAYOUT NEEDS-PAINT NEEDS-COMPOSITING-BITS-UPDATE:
  creator: Semantics ΓåÉ Listener ΓåÉ _GestureSemantics ΓåÉ
    RawGestureDetector-[LabeledGlobalKey<RawGestureDetectorState>#f0ebb] ΓåÉ Listener ΓåÉ _ScrollableScope
    ΓåÉ _ScrollSemantics-[GlobalKey#8892a] ΓåÉ NotificationListener<ScrollMetricsNotification> ΓåÉ Transform
    ΓåÉ StretchEffect ΓåÉ ClipRect ΓåÉ AnimatedBuilder ΓåÉ Γï»
  parentData: <none> (can use size)
  constraints: BoxConstraints(0.0<=w<=800.0, 0.0<=h<=600.0)
  size: MISSING
This RenderObject had the following descendants (showing up to depth 5):
    child: RenderIgnorePointer#6a67b relayoutBoundary=up9 NEEDS-PAINT NEEDS-COMPOSITING-BITS-UPDATE
      child: _RenderSingleChildViewport#d04f6 relayoutBoundary=up10 NEEDS-PAINT NEEDS-COMPOSITING-BITS-UPDATE
        child: RenderFlex#45e7d relayoutBoundary=up11 NEEDS-PAINT NEEDS-COMPOSITING-BITS-UPDATE
          child 1: RenderConstrainedBox#be1fc relayoutBoundary=up12 NEEDS-PAINT NEEDS-COMPOSITING-BITS-UPDATE
            child: RenderConstrainedBox#f4743 relayoutBoundary=up13 NEEDS-PAINT NEEDS-COMPOSITING-BITS-UPDATE
ΓòÉΓòÉΓòÉΓòÉΓòÉΓòÉΓòÉΓòÉΓòÉΓòÉΓòÉΓòÉΓòÉΓòÉΓòÉΓòÉΓòÉΓòÉΓòÉΓòÉΓòÉΓòÉΓòÉΓòÉΓòÉΓòÉΓòÉΓòÉΓòÉΓòÉΓòÉΓòÉΓòÉΓòÉΓòÉΓòÉΓòÉΓòÉΓòÉΓòÉΓòÉΓòÉΓòÉΓòÉΓòÉΓòÉΓòÉΓòÉΓòÉΓòÉΓòÉΓòÉΓòÉΓòÉΓòÉΓòÉΓòÉΓòÉΓòÉΓòÉΓòÉΓòÉΓòÉΓòÉΓòÉΓòÉΓòÉΓòÉΓòÉΓòÉΓòÉΓòÉΓòÉΓòÉΓòÉΓòÉΓòÉΓòÉΓòÉΓòÉΓòÉΓòÉΓòÉΓòÉΓòÉΓòÉΓòÉΓòÉΓòÉΓòÉΓòÉΓòÉΓòÉΓòÉΓòÉΓòÉΓòÉΓòÉΓòÉΓòÉ
ΓòÉΓòÉΓòí EXCEPTION CAUGHT BY RENDERING LIBRARY Γò₧ΓòÉΓòÉΓòÉΓòÉΓòÉΓòÉΓòÉΓòÉΓòÉΓòÉΓòÉΓòÉΓòÉΓòÉΓòÉΓòÉΓòÉΓòÉΓòÉΓòÉΓòÉΓòÉΓòÉΓòÉΓòÉΓòÉΓòÉΓòÉΓòÉΓòÉΓòÉΓòÉΓòÉΓòÉΓòÉΓòÉΓòÉΓòÉΓòÉΓòÉΓòÉΓòÉΓòÉΓòÉΓòÉΓòÉΓòÉΓòÉΓòÉΓòÉΓòÉΓòÉΓòÉΓòÉΓòÉΓòÉΓòÉ
The following assertion was thrown during performLayout():
RenderBox was not laid out: RenderSemanticsAnnotations#bc23b relayoutBoundary=up8 NEEDS-PAINT
NEEDS-COMPOSITING-BITS-UPDATE
'package:flutter/src/rendering/box.dart':
Failed assertion: line 2251 pos 12: 'hasSize'

Either the assertion indicates an error in the framework itself, or we should provide substantially
more information in this error message to help you determine and fix the underlying cause.
In either case, please report this assertion by filing a bug on GitHub:
  https://github.com/flutter/flutter/issues/new?template=02_bug.yml

The relevant error-causing widget was:
  SingleChildScrollView SingleChildScrollView:file:///D:/SEM%204/TaskProof/lib/dashboard.dart:15:16

When the exception was thrown, this was the stack:
#2      RenderBox.size (package:flutter/src/rendering/box.dart:2251:12)
#3      RenderProxyBoxMixin.performLayout (package:flutter/src/rendering/proxy_box.dart:118:62)
#4      RenderObject.layout (package:flutter/src/rendering/object.dart:2768:7)
#5      RenderProxyBoxMixin.performLayout (package:flutter/src/rendering/proxy_box.dart:118:18)
#6      RenderObject.layout (package:flutter/src/rendering/object.dart:2768:7)
#7      RenderProxyBoxMixin.performLayout (package:flutter/src/rendering/proxy_box.dart:118:18)
#8      RenderObject.layout (package:flutter/src/rendering/object.dart:2768:7)
#9      RenderProxyBoxMixin.performLayout (package:flutter/src/rendering/proxy_box.dart:118:18)
#10     RenderObject.layout (package:flutter/src/rendering/object.dart:2768:7)
#11     RenderProxyBoxMixin.performLayout (package:flutter/src/rendering/proxy_box.dart:118:18)
#12     RenderObject.layout (package:flutter/src/rendering/object.dart:2768:7)
#13     RenderProxyBoxMixin.performLayout (package:flutter/src/rendering/proxy_box.dart:118:18)
#14     _RenderCustomClip.performLayout (package:flutter/src/rendering/proxy_box.dart:1549:11)
#15     RenderObject.layout (package:flutter/src/rendering/object.dart:2768:7)
#16     RenderPadding.performLayout (package:flutter/src/rendering/shifted_box.dart:262:12)
#17     RenderObject.layout (package:flutter/src/rendering/object.dart:2768:7)
#18     MultiChildLayoutDelegate.layoutChild (package:flutter/src/rendering/custom_layout.dart:180:12)
#19     _ScaffoldLayout.performLayout (package:flutter/src/material/scaffold.dart:1113:7)
#20     MultiChildLayoutDelegate._callPerformLayout (package:flutter/src/rendering/custom_layout.dart:246:7)
#21     RenderCustomMultiChildLayoutBox.performLayout (package:flutter/src/rendering/custom_layout.dart:417:14)
#22     RenderObject.layout (package:flutter/src/rendering/object.dart:2768:7)
#23     RenderProxyBoxMixin.performLayout (package:flutter/src/rendering/proxy_box.dart:118:18)
#24     RenderObject.layout (package:flutter/src/rendering/object.dart:2768:7)
#25     RenderProxyBoxMixin.performLayout (package:flutter/src/rendering/proxy_box.dart:118:18)
#26     _RenderCustomClip.performLayout (package:flutter/src/rendering/proxy_box.dart:1549:11)
#27     RenderObject.layout (package:flutter/src/rendering/object.dart:2768:7)
#28     RenderProxyBoxMixin.performLayout (package:flutter/src/rendering/proxy_box.dart:118:18)
#29     RenderObject.layout (package:flutter/src/rendering/object.dart:2768:7)
#30     RenderProxyBoxMixin.performLayout (package:flutter/src/rendering/proxy_box.dart:118:18)
#31     RenderObject.layout (package:flutter/src/rendering/object.dart:2768:7)
#32     RenderProxyBoxMixin.performLayout (package:flutter/src/rendering/proxy_box.dart:118:18)
#33     RenderObject.layout (package:flutter/src/rendering/object.dart:2768:7)
#34     RenderProxyBoxMixin.performLayout (package:flutter/src/rendering/proxy_box.dart:118:18)
#35     RenderObject.layout (package:flutter/src/rendering/object.dart:2768:7)
#36     RenderProxyBoxMixin.performLayout (package:flutter/src/rendering/proxy_box.dart:118:18)
#37     RenderObject.layout (package:flutter/src/rendering/object.dart:2768:7)
#38     RenderProxyBoxMixin.performLayout (package:flutter/src/rendering/proxy_box.dart:118:18)
#39     RenderObject.layout (package:flutter/src/rendering/object.dart:2768:7)
#40     RenderProxyBoxMixin.performLayout (package:flutter/src/rendering/proxy_box.dart:118:18)
#41     RenderObject.layout (package:flutter/src/rendering/object.dart:2768:7)
#42     RenderProxyBoxMixin.performLayout (package:flutter/src/rendering/proxy_box.dart:118:18)
#43     RenderObject.layout (package:flutter/src/rendering/object.dart:2768:7)
#44     RenderProxyBoxMixin.performLayout (package:flutter/src/rendering/proxy_box.dart:118:18)
#45     RenderObject.layout (package:flutter/src/rendering/object.dart:2768:7)
#46     RenderProxyBoxMixin.performLayout (package:flutter/src/rendering/proxy_box.dart:118:18)
#47     RenderObject.layout (package:flutter/src/rendering/object.dart:2768:7)
#48     RenderProxyBoxMixin.performLayout (package:flutter/src/rendering/proxy_box.dart:118:18)
#49     RenderObject.layout (package:flutter/src/rendering/object.dart:2768:7)
#50     RenderProxyBoxMixin.performLayout (package:flutter/src/rendering/proxy_box.dart:118:18)
#51     RenderObject.layout (package:flutter/src/rendering/object.dart:2768:7)
#52     RenderProxyBoxMixin.performLayout (package:flutter/src/rendering/proxy_box.dart:118:18)
#53     RenderObject.layout (package:flutter/src/rendering/object.dart:2768:7)
#54     RenderProxyBoxMixin.performLayout (package:flutter/src/rendering/proxy_box.dart:118:18)
#55     RenderObject.layout (package:flutter/src/rendering/object.dart:2768:7)
#56     RenderProxyBoxMixin.performLayout (package:flutter/src/rendering/proxy_box.dart:118:18)
#57     RenderObject.layout (package:flutter/src/rendering/object.dart:2768:7)
#58     RenderProxyBoxMixin.performLayout (package:flutter/src/rendering/proxy_box.dart:118:18)
#59     RenderOffstage.performLayout (package:flutter/src/rendering/proxy_box.dart:3923:13)
#60     RenderObject.layout (package:flutter/src/rendering/object.dart:2768:7)
#61     RenderProxyBoxMixin.performLayout (package:flutter/src/rendering/proxy_box.dart:118:18)
#62     RenderObject.layout (package:flutter/src/rendering/object.dart:2768:7)
#63     _RenderTheaterMixin.layoutChild (package:flutter/src/widgets/overlay.dart:1084:13)
#64     _RenderTheater.performLayout (package:flutter/src/widgets/overlay.dart:1429:9)
#65     RenderObject.layout (package:flutter/src/rendering/object.dart:2768:7)
#66     RenderProxyBoxMixin.performLayout (package:flutter/src/rendering/proxy_box.dart:118:18)
#67     RenderObject.layout (package:flutter/src/rendering/object.dart:2768:7)
#68     RenderProxyBoxMixin.performLayout (package:flutter/src/rendering/proxy_box.dart:118:18)
#69     RenderObject.layout (package:flutter/src/rendering/object.dart:2768:7)
#70     RenderProxyBoxMixin.performLayout (package:flutter/src/rendering/proxy_box.dart:118:18)
#71     RenderObject.layout (package:flutter/src/rendering/object.dart:2768:7)
#72     RenderProxyBoxMixin.performLayout (package:flutter/src/rendering/proxy_box.dart:118:18)
#73     RenderCustomPaint.performLayout (package:flutter/src/rendering/custom_paint.dart:574:11)
#74     RenderObject.layout (package:flutter/src/rendering/object.dart:2768:7)
#75     RenderProxyBoxMixin.performLayout (package:flutter/src/rendering/proxy_box.dart:118:18)
#76     RenderObject.layout (package:flutter/src/rendering/object.dart:2768:7)
#77     RenderProxyBoxMixin.performLayout (package:flutter/src/rendering/proxy_box.dart:118:18)
#78     RenderObject.layout (package:flutter/src/rendering/object.dart:2768:7)
#79     RenderProxyBoxMixin.performLayout (package:flutter/src/rendering/proxy_box.dart:118:18)
#80     RenderObject.layout (package:flutter/src/rendering/object.dart:2768:7)
#81     RenderProxyBoxMixin.performLayout (package:flutter/src/rendering/proxy_box.dart:118:18)
#82     RenderObject.layout (package:flutter/src/rendering/object.dart:2768:7)
#83     RenderProxyBoxMixin.performLayout (package:flutter/src/rendering/proxy_box.dart:118:18)
#84     RenderObject.layout (package:flutter/src/rendering/object.dart:2768:7)
#85     RenderProxyBoxMixin.performLayout (package:flutter/src/rendering/proxy_box.dart:118:18)
#86     RenderObject.layout (package:flutter/src/rendering/object.dart:2768:7)
#87     RenderView.performLayout (package:flutter/src/rendering/view.dart:292:12)
#88     RenderObject._layoutWithoutResize (package:flutter/src/rendering/object.dart:2616:7)
#89     PipelineOwner.flushLayout (package:flutter/src/rendering/object.dart:1174:18)
#90     PipelineOwner.flushLayout (package:flutter/src/rendering/object.dart:1187:15)
#91     AutomatedTestWidgetsFlutterBinding.drawFrame (package:flutter_test/src/binding.dart:2133:27)
#92     RendererBinding._handlePersistentFrameCallback (package:flutter/src/rendering/binding.dart:495:5)
#93     SchedulerBinding._invokeFrameCallback (package:flutter/src/scheduler/binding.dart:1430:15)
#94     SchedulerBinding.handleDrawFrame (package:flutter/src/scheduler/binding.dart:1345:9)
#95     AutomatedTestWidgetsFlutterBinding.pump.<anonymous closure> (package:flutter_test/src/binding.dart:1960:9)
#98     TestAsyncUtils.guard (package:flutter_test/src/test_async_utils.dart:74:41)
#99     AutomatedTestWidgetsFlutterBinding.pump (package:flutter_test/src/binding.dart:1949:27)
#100    WidgetTester.pumpWidget.<anonymous closure> (package:flutter_test/src/widget_tester.dart:598:22)
#103    TestAsyncUtils.guard (package:flutter_test/src/test_async_utils.dart:74:41)
#104    WidgetTester.pumpWidget (package:flutter_test/src/widget_tester.dart:595:27)
#105    main.<anonymous closure> (file:///D:/SEM%204/TaskProof/test/layout_test.dart:8:18)
#106    testWidgets.<anonymous closure>.<anonymous closure> (package:flutter_test/src/widget_tester.dart:192:29)
<asynchronous suspension>
#107    TestWidgetsFlutterBinding._runTestBody (package:flutter_test/src/binding.dart:1682:5)
<asynchronous suspension>
<asynchronous suspension>
(elided 7 frames from class _AssertionError, dart:async, and package:stack_trace)

The following RenderObject was being processed when the exception was fired: RenderPointerListener#65b5f relayoutBoundary=up7 NEEDS-LAYOUT NEEDS-PAINT NEEDS-COMPOSITING-BITS-UPDATE:
  creator: Listener ΓåÉ _GestureSemantics ΓåÉ
    RawGestureDetector-[LabeledGlobalKey<RawGestureDetectorState>#f0ebb] ΓåÉ Listener ΓåÉ _ScrollableScope
    ΓåÉ _ScrollSemantics-[GlobalKey#8892a] ΓåÉ NotificationListener<ScrollMetricsNotification> ΓåÉ Transform
    ΓåÉ StretchEffect ΓåÉ ClipRect ΓåÉ AnimatedBuilder ΓåÉ NotificationListener<ScrollNotification> ΓåÉ Γï»
  parentData: <none> (can use size)
  constraints: BoxConstraints(0.0<=w<=800.0, 0.0<=h<=600.0)
  size: MISSING
  behavior: opaque
  listeners: down, panZoomStart
This RenderObject had the following descendants (showing up to depth 5):
    child: RenderSemanticsAnnotations#bc23b relayoutBoundary=up8 NEEDS-PAINT NEEDS-COMPOSITING-BITS-UPDATE
      child: RenderIgnorePointer#6a67b relayoutBoundary=up9 NEEDS-PAINT NEEDS-COMPOSITING-BITS-UPDATE
        child: _RenderSingleChildViewport#d04f6 relayoutBoundary=up10 NEEDS-PAINT NEEDS-COMPOSITING-BITS-UPDATE
          child: RenderFlex#45e7d relayoutBoundary=up11 NEEDS-PAINT NEEDS-COMPOSITING-BITS-UPDATE
            child 1: RenderConstrainedBox#be1fc relayoutBoundary=up12 NEEDS-PAINT NEEDS-COMPOSITING-BITS-UPDATE
ΓòÉΓòÉΓòÉΓòÉΓòÉΓòÉΓòÉΓòÉΓòÉΓòÉΓòÉΓòÉΓòÉΓòÉΓòÉΓòÉΓòÉΓòÉΓòÉΓòÉΓòÉΓòÉΓòÉΓòÉΓòÉΓòÉΓòÉΓòÉΓòÉΓòÉΓòÉΓòÉΓòÉΓòÉΓòÉΓòÉΓòÉΓòÉΓòÉΓòÉΓòÉΓòÉΓòÉΓòÉΓòÉΓòÉΓòÉΓòÉΓòÉΓòÉΓòÉΓòÉΓòÉΓòÉΓòÉΓòÉΓòÉΓòÉΓòÉΓòÉΓòÉΓòÉΓòÉΓòÉΓòÉΓòÉΓòÉΓòÉΓòÉΓòÉΓòÉΓòÉΓòÉΓòÉΓòÉΓòÉΓòÉΓòÉΓòÉΓòÉΓòÉΓòÉΓòÉΓòÉΓòÉΓòÉΓòÉΓòÉΓòÉΓòÉΓòÉΓòÉΓòÉΓòÉΓòÉΓòÉΓòÉΓòÉΓòÉΓòÉ
ΓòÉΓòÉΓòí EXCEPTION CAUGHT BY RENDERING LIBRARY Γò₧ΓòÉΓòÉΓòÉΓòÉΓòÉΓòÉΓòÉΓòÉΓòÉΓòÉΓòÉΓòÉΓòÉΓòÉΓòÉΓòÉΓòÉΓòÉΓòÉΓòÉΓòÉΓòÉΓòÉΓòÉΓòÉΓòÉΓòÉΓòÉΓòÉΓòÉΓòÉΓòÉΓòÉΓòÉΓòÉΓòÉΓòÉΓòÉΓòÉΓòÉΓòÉΓòÉΓòÉΓòÉΓòÉΓòÉΓòÉΓòÉΓòÉΓòÉΓòÉΓòÉΓòÉΓòÉΓòÉΓòÉΓòÉ
The following assertion was thrown during performLayout():
RenderBox was not laid out: RenderPointerListener#65b5f relayoutBoundary=up7 NEEDS-PAINT
NEEDS-COMPOSITING-BITS-UPDATE
'package:flutter/src/rendering/box.dart':
Failed assertion: line 2251 pos 12: 'hasSize'

Either the assertion indicates an error in the framework itself, or we should provide substantially
more information in this error message to help you determine and fix the underlying cause.
In either case, please report this assertion by filing a bug on GitHub:
  https://github.com/flutter/flutter/issues/new?template=02_bug.yml

The relevant error-causing widget was:
  SingleChildScrollView SingleChildScrollView:file:///D:/SEM%204/TaskProof/lib/dashboard.dart:15:16

When the exception was thrown, this was the stack:
#2      RenderBox.size (package:flutter/src/rendering/box.dart:2251:12)
#3      RenderProxyBoxMixin.performLayout (package:flutter/src/rendering/proxy_box.dart:118:62)
#4      RenderObject.layout (package:flutter/src/rendering/object.dart:2768:7)
#5      RenderProxyBoxMixin.performLayout (package:flutter/src/rendering/proxy_box.dart:118:18)
#6      RenderObject.layout (package:flutter/src/rendering/object.dart:2768:7)
#7      RenderProxyBoxMixin.performLayout (package:flutter/src/rendering/proxy_box.dart:118:18)
#8      RenderObject.layout (package:flutter/src/rendering/object.dart:2768:7)
#9      RenderProxyBoxMixin.performLayout (package:flutter/src/rendering/proxy_box.dart:118:18)
#10     RenderObject.layout (package:flutter/src/rendering/object.dart:2768:7)
#11     RenderProxyBoxMixin.performLayout (package:flutter/src/rendering/proxy_box.dart:118:18)
#12     _RenderCustomClip.performLayout (package:flutter/src/rendering/proxy_box.dart:1549:11)
#13     RenderObject.layout (package:flutter/src/rendering/object.dart:2768:7)
#14     RenderPadding.performLayout (package:flutter/src/rendering/shifted_box.dart:262:12)
#15     RenderObject.layout (package:flutter/src/rendering/object.dart:2768:7)
#16     MultiChildLayoutDelegate.layoutChild (package:flutter/src/rendering/custom_layout.dart:180:12)
#17     _ScaffoldLayout.performLayout (package:flutter/src/material/scaffold.dart:1113:7)
#18     MultiChildLayoutDelegate._callPerformLayout (package:flutter/src/rendering/custom_layout.dart:246:7)
#19     RenderCustomMultiChildLayoutBox.performLayout (package:flutter/src/rendering/custom_layout.dart:417:14)
#20     RenderObject.layout (package:flutter/src/rendering/object.dart:2768:7)
#21     RenderProxyBoxMixin.performLayout (package:flutter/src/rendering/proxy_box.dart:118:18)
#22     RenderObject.layout (package:flutter/src/rendering/object.dart:2768:7)
#23     RenderProxyBoxMixin.performLayout (package:flutter/src/rendering/proxy_box.dart:118:18)
#24     _RenderCustomClip.performLayout (package:flutter/src/rendering/proxy_box.dart:1549:11)
#25     RenderObject.layout (package:flutter/src/rendering/object.dart:2768:7)
#26     RenderProxyBoxMixin.performLayout (package:flutter/src/rendering/proxy_box.dart:118:18)
#27     RenderObject.layout (package:flutter/src/rendering/object.dart:2768:7)
#28     RenderProxyBoxMixin.performLayout (package:flutter/src/rendering/proxy_box.dart:118:18)
#29     RenderObject.layout (package:flutter/src/rendering/object.dart:2768:7)
#30     RenderProxyBoxMixin.performLayout (package:flutter/src/rendering/proxy_box.dart:118:18)
#31     RenderObject.layout (package:flutter/src/rendering/object.dart:2768:7)
#32     RenderProxyBoxMixin.performLayout (package:flutter/src/rendering/proxy_box.dart:118:18)
#33     RenderObject.layout (package:flutter/src/rendering/object.dart:2768:7)
#34     RenderProxyBoxMixin.performLayout (package:flutter/src/rendering/proxy_box.dart:118:18)
#35     RenderObject.layout (package:flutter/src/rendering/object.dart:2768:7)
#36     RenderProxyBoxMixin.performLayout (package:flutter/src/rendering/proxy_box.dart:118:18)
#37     RenderObject.layout (package:flutter/src/rendering/object.dart:2768:7)
#38     RenderProxyBoxMixin.performLayout (package:flutter/src/rendering/proxy_box.dart:118:18)
#39     RenderObject.layout (package:flutter/src/rendering/object.dart:2768:7)
#40     RenderProxyBoxMixin.performLayout (package:flutter/src/rendering/proxy_box.dart:118:18)
#41     RenderObject.layout (package:flutter/src/rendering/object.dart:2768:7)
#42     RenderProxyBoxMixin.performLayout (package:flutter/src/rendering/proxy_box.dart:118:18)
#43     RenderObject.layout (package:flutter/src/rendering/object.dart:2768:7)
#44     RenderProxyBoxMixin.performLayout (package:flutter/src/rendering/proxy_box.dart:118:18)
#45     RenderObject.layout (package:flutter/src/rendering/object.dart:2768:7)
#46     RenderProxyBoxMixin.performLayout (package:flutter/src/rendering/proxy_box.dart:118:18)
#47     RenderObject.layout (package:flutter/src/rendering/object.dart:2768:7)
#48     RenderProxyBoxMixin.performLayout (package:flutter/src/rendering/proxy_box.dart:118:18)
#49     RenderObject.layout (package:flutter/src/rendering/object.dart:2768:7)
#50     RenderProxyBoxMixin.performLayout (package:flutter/src/rendering/proxy_box.dart:118:18)
#51     RenderObject.layout (package:flutter/src/rendering/object.dart:2768:7)
#52     RenderProxyBoxMixin.performLayout (package:flutter/src/rendering/proxy_box.dart:118:18)
#53     RenderObject.layout (package:flutter/src/rendering/object.dart:2768:7)
#54     RenderProxyBoxMixin.performLayout (package:flutter/src/rendering/proxy_box.dart:118:18)
#55     RenderObject.layout (package:flutter/src/rendering/object.dart:2768:7)
#56     RenderProxyBoxMixin.performLayout (package:flutter/src/rendering/proxy_box.dart:118:18)
#57     RenderOffstage.performLayout (package:flutter/src/rendering/proxy_box.dart:3923:13)
#58     RenderObject.layout (package:flutter/src/rendering/object.dart:2768:7)
#59     RenderProxyBoxMixin.performLayout (package:flutter/src/rendering/proxy_box.dart:118:18)
#60     RenderObject.layout (package:flutter/src/rendering/object.dart:2768:7)
#61     _RenderTheaterMixin.layoutChild (package:flutter/src/widgets/overlay.dart:1084:13)
#62     _RenderTheater.performLayout (package:flutter/src/widgets/overlay.dart:1429:9)
#63     RenderObject.layout (package:flutter/src/rendering/object.dart:2768:7)
#64     RenderProxyBoxMixin.performLayout (package:flutter/src/rendering/proxy_box.dart:118:18)
#65     RenderObject.layout (package:flutter/src/rendering/object.dart:2768:7)
#66     RenderProxyBoxMixin.performLayout (package:flutter/src/rendering/proxy_box.dart:118:18)
#67     RenderObject.layout (package:flutter/src/rendering/object.dart:2768:7)
#68     RenderProxyBoxMixin.performLayout (package:flutter/src/rendering/proxy_box.dart:118:18)
#69     RenderObject.layout (package:flutter/src/rendering/object.dart:2768:7)
#70     RenderProxyBoxMixin.performLayout (package:flutter/src/rendering/proxy_box.dart:118:18)
#71     RenderCustomPaint.performLayout (package:flutter/src/rendering/custom_paint.dart:574:11)
#72     RenderObject.layout (package:flutter/src/rendering/object.dart:2768:7)
#73     RenderProxyBoxMixin.performLayout (package:flutter/src/rendering/proxy_box.dart:118:18)
#74     RenderObject.layout (package:flutter/src/rendering/object.dart:2768:7)
#75     RenderProxyBoxMixin.performLayout (package:flutter/src/rendering/proxy_box.dart:118:18)
#76     RenderObject.layout (package:flutter/src/rendering/object.dart:2768:7)
#77     RenderProxyBoxMixin.performLayout (package:flutter/src/rendering/proxy_box.dart:118:18)
#78     RenderObject.layout (package:flutter/src/rendering/object.dart:2768:7)
#79     RenderProxyBoxMixin.performLayout (package:flutter/src/rendering/proxy_box.dart:118:18)
#80     RenderObject.layout (package:flutter/src/rendering/object.dart:2768:7)
#81     RenderProxyBoxMixin.performLayout (package:flutter/src/rendering/proxy_box.dart:118:18)
#82     RenderObject.layout (package:flutter/src/rendering/object.dart:2768:7)
#83     RenderProxyBoxMixin.performLayout (package:flutter/src/rendering/proxy_box.dart:118:18)
#84     RenderObject.layout (package:flutter/src/rendering/object.dart:2768:7)
#85     RenderView.performLayout (package:flutter/src/rendering/view.dart:292:12)
#86     RenderObject._layoutWithoutResize (package:flutter/src/rendering/object.dart:2616:7)
#87     PipelineOwner.flushLayout (package:flutter/src/rendering/object.dart:1174:18)
#88     PipelineOwner.flushLayout (package:flutter/src/rendering/object.dart:1187:15)
#89     AutomatedTestWidgetsFlutterBinding.drawFrame (package:flutter_test/src/binding.dart:2133:27)
#90     RendererBinding._handlePersistentFrameCallback (package:flutter/src/rendering/binding.dart:495:5)
#91     SchedulerBinding._invokeFrameCallback (package:flutter/src/scheduler/binding.dart:1430:15)
#92     SchedulerBinding.handleDrawFrame (package:flutter/src/scheduler/binding.dart:1345:9)
#93     AutomatedTestWidgetsFlutterBinding.pump.<anonymous closure> (package:flutter_test/src/binding.dart:1960:9)
#96     TestAsyncUtils.guard (package:flutter_test/src/test_async_utils.dart:74:41)
#97     AutomatedTestWidgetsFlutterBinding.pump (package:flutter_test/src/binding.dart:1949:27)
#98     WidgetTester.pumpWidget.<anonymous closure> (package:flutter_test/src/widget_tester.dart:598:22)
#101    TestAsyncUtils.guard (package:flutter_test/src/test_async_utils.dart:74:41)
#102    WidgetTester.pumpWidget (package:flutter_test/src/widget_tester.dart:595:27)
#103    main.<anonymous closure> (file:///D:/SEM%204/TaskProof/test/layout_test.dart:8:18)
#104    testWidgets.<anonymous closure>.<anonymous closure> (package:flutter_test/src/widget_tester.dart:192:29)
<asynchronous suspension>
#105    TestWidgetsFlutterBinding._runTestBody (package:flutter_test/src/binding.dart:1682:5)
<asynchronous suspension>
<asynchronous suspension>
(elided 7 frames from class _AssertionError, dart:async, and package:stack_trace)

The following RenderObject was being processed when the exception was fired: RenderSemanticsGestureHandler#42b80 relayoutBoundary=up6 NEEDS-LAYOUT NEEDS-PAINT NEEDS-COMPOSITING-BITS-UPDATE:
  creator: _GestureSemantics ΓåÉ RawGestureDetector-[LabeledGlobalKey<RawGestureDetectorState>#f0ebb] ΓåÉ
    Listener ΓåÉ _ScrollableScope ΓåÉ _ScrollSemantics-[GlobalKey#8892a] ΓåÉ
    NotificationListener<ScrollMetricsNotification> ΓåÉ Transform ΓåÉ StretchEffect ΓåÉ ClipRect ΓåÉ
    AnimatedBuilder ΓåÉ NotificationListener<ScrollNotification> ΓåÉ StretchingOverscrollIndicator ΓåÉ Γï»
  parentData: <none> (can use size)
  constraints: BoxConstraints(0.0<=w<=800.0, 0.0<=h<=600.0)
  size: MISSING
  behavior: opaque
  gestures: <none>
This RenderObject had the following descendants (showing up to depth 5):
    child: RenderPointerListener#65b5f relayoutBoundary=up7 NEEDS-PAINT NEEDS-COMPOSITING-BITS-UPDATE
      child: RenderSemanticsAnnotations#bc23b relayoutBoundary=up8 NEEDS-PAINT NEEDS-COMPOSITING-BITS-UPDATE
        child: RenderIgnorePointer#6a67b relayoutBoundary=up9 NEEDS-PAINT NEEDS-COMPOSITING-BITS-UPDATE
          child: _RenderSingleChildViewport#d04f6 relayoutBoundary=up10 NEEDS-PAINT NEEDS-COMPOSITING-BITS-UPDATE
            child: RenderFlex#45e7d relayoutBoundary=up11 NEEDS-PAINT NEEDS-COMPOSITING-BITS-UPDATE
ΓòÉΓòÉΓòÉΓòÉΓòÉΓòÉΓòÉΓòÉΓòÉΓòÉΓòÉΓòÉΓòÉΓòÉΓòÉΓòÉΓòÉΓòÉΓòÉΓòÉΓòÉΓòÉΓòÉΓòÉΓòÉΓòÉΓòÉΓòÉΓòÉΓòÉΓòÉΓòÉΓòÉΓòÉΓòÉΓòÉΓòÉΓòÉΓòÉΓòÉΓòÉΓòÉΓòÉΓòÉΓòÉΓòÉΓòÉΓòÉΓòÉΓòÉΓòÉΓòÉΓòÉΓòÉΓòÉΓòÉΓòÉΓòÉΓòÉΓòÉΓòÉΓòÉΓòÉΓòÉΓòÉΓòÉΓòÉΓòÉΓòÉΓòÉΓòÉΓòÉΓòÉΓòÉΓòÉΓòÉΓòÉΓòÉΓòÉΓòÉΓòÉΓòÉΓòÉΓòÉΓòÉΓòÉΓòÉΓòÉΓòÉΓòÉΓòÉΓòÉΓòÉΓòÉΓòÉΓòÉΓòÉΓòÉΓòÉΓòÉ
ΓòÉΓòÉΓòí EXCEPTION CAUGHT BY RENDERING LIBRARY Γò₧ΓòÉΓòÉΓòÉΓòÉΓòÉΓòÉΓòÉΓòÉΓòÉΓòÉΓòÉΓòÉΓòÉΓòÉΓòÉΓòÉΓòÉΓòÉΓòÉΓòÉΓòÉΓòÉΓòÉΓòÉΓòÉΓòÉΓòÉΓòÉΓòÉΓòÉΓòÉΓòÉΓòÉΓòÉΓòÉΓòÉΓòÉΓòÉΓòÉΓòÉΓòÉΓòÉΓòÉΓòÉΓòÉΓòÉΓòÉΓòÉΓòÉΓòÉΓòÉΓòÉΓòÉΓòÉΓòÉΓòÉΓòÉ
The following assertion was thrown during performLayout():
RenderBox was not laid out: RenderSemanticsGestureHandler#42b80 relayoutBoundary=up6 NEEDS-PAINT
NEEDS-COMPOSITING-BITS-UPDATE
'package:flutter/src/rendering/box.dart':
Failed assertion: line 2251 pos 12: 'hasSize'

Either the assertion indicates an error in the framework itself, or we should provide substantially
more information in this error message to help you determine and fix the underlying cause.
In either case, please report this assertion by filing a bug on GitHub:
  https://github.com/flutter/flutter/issues/new?template=02_bug.yml

The relevant error-causing widget was:
  SingleChildScrollView SingleChildScrollView:file:///D:/SEM%204/TaskProof/lib/dashboard.dart:15:16

When the exception was thrown, this was the stack:
#2      RenderBox.size (package:flutter/src/rendering/box.dart:2251:12)
#3      RenderProxyBoxMixin.performLayout (package:flutter/src/rendering/proxy_box.dart:118:62)
#4      RenderObject.layout (package:flutter/src/rendering/object.dart:2768:7)
#5      RenderProxyBoxMixin.performLayout (package:flutter/src/rendering/proxy_box.dart:118:18)
#6      RenderObject.layout (package:flutter/src/rendering/object.dart:2768:7)
#7      RenderProxyBoxMixin.performLayout (package:flutter/src/rendering/proxy_box.dart:118:18)
#8      RenderObject.layout (package:flutter/src/rendering/object.dart:2768:7)
#9      RenderProxyBoxMixin.performLayout (package:flutter/src/rendering/proxy_box.dart:118:18)
#10     _RenderCustomClip.performLayout (package:flutter/src/rendering/proxy_box.dart:1549:11)
#11     RenderObject.layout (package:flutter/src/rendering/object.dart:2768:7)
#12     RenderPadding.performLayout (package:flutter/src/rendering/shifted_box.dart:262:12)
#13     RenderObject.layout (package:flutter/src/rendering/object.dart:2768:7)
#14     MultiChildLayoutDelegate.layoutChild (package:flutter/src/rendering/custom_layout.dart:180:12)
#15     _ScaffoldLayout.performLayout (package:flutter/src/material/scaffold.dart:1113:7)
#16     MultiChildLayoutDelegate._callPerformLayout (package:flutter/src/rendering/custom_layout.dart:246:7)
#17     RenderCustomMultiChildLayoutBox.performLayout (package:flutter/src/rendering/custom_layout.dart:417:14)
#18     RenderObject.layout (package:flutter/src/rendering/object.dart:2768:7)
#19     RenderProxyBoxMixin.performLayout (package:flutter/src/rendering/proxy_box.dart:118:18)
#20     RenderObject.layout (package:flutter/src/rendering/object.dart:2768:7)
#21     RenderProxyBoxMixin.performLayout (package:flutter/src/rendering/proxy_box.dart:118:18)
#22     _RenderCustomClip.performLayout (package:flutter/src/rendering/proxy_box.dart:1549:11)
#23     RenderObject.layout (package:flutter/src/rendering/object.dart:2768:7)
#24     RenderProxyBoxMixin.performLayout (package:flutter/src/rendering/proxy_box.dart:118:18)
#25     RenderObject.layout (package:flutter/src/rendering/object.dart:2768:7)
#26     RenderProxyBoxMixin.performLayout (package:flutter/src/rendering/proxy_box.dart:118:18)
#27     RenderObject.layout (package:flutter/src/rendering/object.dart:2768:7)
#28     RenderProxyBoxMixin.performLayout (package:flutter/src/rendering/proxy_box.dart:118:18)
#29     RenderObject.layout (package:flutter/src/rendering/object.dart:2768:7)
#30     RenderProxyBoxMixin.performLayout (package:flutter/src/rendering/proxy_box.dart:118:18)
#31     RenderObject.layout (package:flutter/src/rendering/object.dart:2768:7)
#32     RenderProxyBoxMixin.performLayout (package:flutter/src/rendering/proxy_box.dart:118:18)
#33     RenderObject.layout (package:flutter/src/rendering/object.dart:2768:7)
#34     RenderProxyBoxMixin.performLayout (package:flutter/src/rendering/proxy_box.dart:118:18)
#35     RenderObject.layout (package:flutter/src/rendering/object.dart:2768:7)
#36     RenderProxyBoxMixin.performLayout (package:flutter/src/rendering/proxy_box.dart:118:18)
#37     RenderObject.layout (package:flutter/src/rendering/object.dart:2768:7)
#38     RenderProxyBoxMixin.performLayout (package:flutter/src/rendering/proxy_box.dart:118:18)
#39     RenderObject.layout (package:flutter/src/rendering/object.dart:2768:7)
#40     RenderProxyBoxMixin.performLayout (package:flutter/src/rendering/proxy_box.dart:118:18)
#41     RenderObject.layout (package:flutter/src/rendering/object.dart:2768:7)
#42     RenderProxyBoxMixin.performLayout (package:flutter/src/rendering/proxy_box.dart:118:18)
#43     RenderObject.layout (package:flutter/src/rendering/object.dart:2768:7)
#44     RenderProxyBoxMixin.performLayout (package:flutter/src/rendering/proxy_box.dart:118:18)
#45     RenderObject.layout (package:flutter/src/rendering/object.dart:2768:7)
#46     RenderProxyBoxMixin.performLayout (package:flutter/src/rendering/proxy_box.dart:118:18)
#47     RenderObject.layout (package:flutter/src/rendering/object.dart:2768:7)
#48     RenderProxyBoxMixin.performLayout (package:flutter/src/rendering/proxy_box.dart:118:18)
#49     RenderObject.layout (package:flutter/src/rendering/object.dart:2768:7)
#50     RenderProxyBoxMixin.performLayout (package:flutter/src/rendering/proxy_box.dart:118:18)
#51     RenderObject.layout (package:flutter/src/rendering/object.dart:2768:7)
#52     RenderProxyBoxMixin.performLayout (package:flutter/src/rendering/proxy_box.dart:118:18)
#53     RenderObject.layout (package:flutter/src/rendering/object.dart:2768:7)
#54     RenderProxyBoxMixin.performLayout (package:flutter/src/rendering/proxy_box.dart:118:18)
#55     RenderOffstage.performLayout (package:flutter/src/rendering/proxy_box.dart:3923:13)
#56     RenderObject.layout (package:flutter/src/rendering/object.dart:2768:7)
#57     RenderProxyBoxMixin.performLayout (package:flutter/src/rendering/proxy_box.dart:118:18)
#58     RenderObject.layout (package:flutter/src/rendering/object.dart:2768:7)
#59     _RenderTheaterMixin.layoutChild (package:flutter/src/widgets/overlay.dart:1084:13)
#60     _RenderTheater.performLayout (package:flutter/src/widgets/overlay.dart:1429:9)
#61     RenderObject.layout (package:flutter/src/rendering/object.dart:2768:7)
#62     RenderProxyBoxMixin.performLayout (package:flutter/src/rendering/proxy_box.dart:118:18)
#63     RenderObject.layout (package:flutter/src/rendering/object.dart:2768:7)
#64     RenderProxyBoxMixin.performLayout (package:flutter/src/rendering/proxy_box.dart:118:18)
#65     RenderObject.layout (package:flutter/src/rendering/object.dart:2768:7)
#66     RenderProxyBoxMixin.performLayout (package:flutter/src/rendering/proxy_box.dart:118:18)
#67     RenderObject.layout (package:flutter/src/rendering/object.dart:2768:7)
#68     RenderProxyBoxMixin.performLayout (package:flutter/src/rendering/proxy_box.dart:118:18)
#69     RenderCustomPaint.performLayout (package:flutter/src/rendering/custom_paint.dart:574:11)
#70     RenderObject.layout (package:flutter/src/rendering/object.dart:2768:7)
#71     RenderProxyBoxMixin.performLayout (package:flutter/src/rendering/proxy_box.dart:118:18)
#72     RenderObject.layout (package:flutter/src/rendering/object.dart:2768:7)
#73     RenderProxyBoxMixin.performLayout (package:flutter/src/rendering/proxy_box.dart:118:18)
#74     RenderObject.layout (package:flutter/src/rendering/object.dart:2768:7)
#75     RenderProxyBoxMixin.performLayout (package:flutter/src/rendering/proxy_box.dart:118:18)
#76     RenderObject.layout (package:flutter/src/rendering/object.dart:2768:7)
#77     RenderProxyBoxMixin.performLayout (package:flutter/src/rendering/proxy_box.dart:118:18)
#78     RenderObject.layout (package:flutter/src/rendering/object.dart:2768:7)
#79     RenderProxyBoxMixin.performLayout (package:flutter/src/rendering/proxy_box.dart:118:18)
#80     RenderObject.layout (package:flutter/src/rendering/object.dart:2768:7)
#81     RenderProxyBoxMixin.performLayout (package:flutter/src/rendering/proxy_box.dart:118:18)
#82     RenderObject.layout (package:flutter/src/rendering/object.dart:2768:7)
#83     RenderView.performLayout (package:flutter/src/rendering/view.dart:292:12)
#84     RenderObject._layoutWithoutResize (package:flutter/src/rendering/object.dart:2616:7)
#85     PipelineOwner.flushLayout (package:flutter/src/rendering/object.dart:1174:18)
#86     PipelineOwner.flushLayout (package:flutter/src/rendering/object.dart:1187:15)
#87     AutomatedTestWidgetsFlutterBinding.drawFrame (package:flutter_test/src/binding.dart:2133:27)
#88     RendererBinding._handlePersistentFrameCallback (package:flutter/src/rendering/binding.dart:495:5)
#89     SchedulerBinding._invokeFrameCallback (package:flutter/src/scheduler/binding.dart:1430:15)
#90     SchedulerBinding.handleDrawFrame (package:flutter/src/scheduler/binding.dart:1345:9)
#91     AutomatedTestWidgetsFlutterBinding.pump.<anonymous closure> (package:flutter_test/src/binding.dart:1960:9)
#94     TestAsyncUtils.guard (package:flutter_test/src/test_async_utils.dart:74:41)
#95     AutomatedTestWidgetsFlutterBinding.pump (package:flutter_test/src/binding.dart:1949:27)
#96     WidgetTester.pumpWidget.<anonymous closure> (package:flutter_test/src/widget_tester.dart:598:22)
#99     TestAsyncUtils.guard (package:flutter_test/src/test_async_utils.dart:74:41)
#100    WidgetTester.pumpWidget (package:flutter_test/src/widget_tester.dart:595:27)
#101    main.<anonymous closure> (file:///D:/SEM%204/TaskProof/test/layout_test.dart:8:18)
#102    testWidgets.<anonymous closure>.<anonymous closure> (package:flutter_test/src/widget_tester.dart:192:29)
<asynchronous suspension>
#103    TestWidgetsFlutterBinding._runTestBody (package:flutter_test/src/binding.dart:1682:5)
<asynchronous suspension>
<asynchronous suspension>
(elided 7 frames from class _AssertionError, dart:async, and package:stack_trace)

The following RenderObject was being processed when the exception was fired: RenderPointerListener#5b5aa relayoutBoundary=up5 NEEDS-LAYOUT NEEDS-PAINT NEEDS-COMPOSITING-BITS-UPDATE:
  creator: Listener ΓåÉ _ScrollableScope ΓåÉ _ScrollSemantics-[GlobalKey#8892a] ΓåÉ
    NotificationListener<ScrollMetricsNotification> ΓåÉ Transform ΓåÉ StretchEffect ΓåÉ ClipRect ΓåÉ
    AnimatedBuilder ΓåÉ NotificationListener<ScrollNotification> ΓåÉ StretchingOverscrollIndicator ΓåÉ
    Scrollable ΓåÉ PrimaryScrollController ΓåÉ Γï»
  parentData: <none> (can use size)
  constraints: BoxConstraints(0.0<=w<=800.0, 0.0<=h<=600.0)
  size: MISSING
  behavior: deferToChild
  listeners: signal
This RenderObject had the following descendants (showing up to depth 5):
    child: RenderSemanticsGestureHandler#42b80 relayoutBoundary=up6 NEEDS-PAINT NEEDS-COMPOSITING-BITS-UPDATE
      child: RenderPointerListener#65b5f relayoutBoundary=up7 NEEDS-PAINT NEEDS-COMPOSITING-BITS-UPDATE
        child: RenderSemanticsAnnotations#bc23b relayoutBoundary=up8 NEEDS-PAINT NEEDS-COMPOSITING-BITS-UPDATE
          child: RenderIgnorePointer#6a67b relayoutBoundary=up9 NEEDS-PAINT NEEDS-COMPOSITING-BITS-UPDATE
            child: _RenderSingleChildViewport#d04f6 relayoutBoundary=up10 NEEDS-PAINT NEEDS-COMPOSITING-BITS-UPDATE
ΓòÉΓòÉΓòÉΓòÉΓòÉΓòÉΓòÉΓòÉΓòÉΓòÉΓòÉΓòÉΓòÉΓòÉΓòÉΓòÉΓòÉΓòÉΓòÉΓòÉΓòÉΓòÉΓòÉΓòÉΓòÉΓòÉΓòÉΓòÉΓòÉΓòÉΓòÉΓòÉΓòÉΓòÉΓòÉΓòÉΓòÉΓòÉΓòÉΓòÉΓòÉΓòÉΓòÉΓòÉΓòÉΓòÉΓòÉΓòÉΓòÉΓòÉΓòÉΓòÉΓòÉΓòÉΓòÉΓòÉΓòÉΓòÉΓòÉΓòÉΓòÉΓòÉΓòÉΓòÉΓòÉΓòÉΓòÉΓòÉΓòÉΓòÉΓòÉΓòÉΓòÉΓòÉΓòÉΓòÉΓòÉΓòÉΓòÉΓòÉΓòÉΓòÉΓòÉΓòÉΓòÉΓòÉΓòÉΓòÉΓòÉΓòÉΓòÉΓòÉΓòÉΓòÉΓòÉΓòÉΓòÉΓòÉΓòÉΓòÉ
ΓòÉΓòÉΓòí EXCEPTION CAUGHT BY RENDERING LIBRARY Γò₧ΓòÉΓòÉΓòÉΓòÉΓòÉΓòÉΓòÉΓòÉΓòÉΓòÉΓòÉΓòÉΓòÉΓòÉΓòÉΓòÉΓòÉΓòÉΓòÉΓòÉΓòÉΓòÉΓòÉΓòÉΓòÉΓòÉΓòÉΓòÉΓòÉΓòÉΓòÉΓòÉΓòÉΓòÉΓòÉΓòÉΓòÉΓòÉΓòÉΓòÉΓòÉΓòÉΓòÉΓòÉΓòÉΓòÉΓòÉΓòÉΓòÉΓòÉΓòÉΓòÉΓòÉΓòÉΓòÉΓòÉΓòÉ
The following assertion was thrown during performLayout():
RenderBox was not laid out: RenderPointerListener#5b5aa relayoutBoundary=up5 NEEDS-PAINT
NEEDS-COMPOSITING-BITS-UPDATE
'package:flutter/src/rendering/box.dart':
Failed assertion: line 2251 pos 12: 'hasSize'

Either the assertion indicates an error in the framework itself, or we should provide substantially
more information in this error message to help you determine and fix the underlying cause.
In either case, please report this assertion by filing a bug on GitHub:
  https://github.com/flutter/flutter/issues/new?template=02_bug.yml

The relevant error-causing widget was:
  SingleChildScrollView SingleChildScrollView:file:///D:/SEM%204/TaskProof/lib/dashboard.dart:15:16

When the exception was thrown, this was the stack:
#2      RenderBox.size (package:flutter/src/rendering/box.dart:2251:12)
#3      RenderProxyBoxMixin.performLayout (package:flutter/src/rendering/proxy_box.dart:118:62)
#4      RenderObject.layout (package:flutter/src/rendering/object.dart:2768:7)
#5      RenderProxyBoxMixin.performLayout (package:flutter/src/rendering/proxy_box.dart:118:18)
#6      RenderObject.layout (package:flutter/src/rendering/object.dart:2768:7)
#7      RenderProxyBoxMixin.performLayout (package:flutter/src/rendering/proxy_box.dart:118:18)
#8      _RenderCustomClip.performLayout (package:flutter/src/rendering/proxy_box.dart:1549:11)
#9      RenderObject.layout (package:flutter/src/rendering/object.dart:2768:7)
#10     RenderPadding.performLayout (package:flutter/src/rendering/shifted_box.dart:262:12)
#11     RenderObject.layout (package:flutter/src/rendering/object.dart:2768:7)
#12     MultiChildLayoutDelegate.layoutChild (package:flutter/src/rendering/custom_layout.dart:180:12)
#13     _ScaffoldLayout.performLayout (package:flutter/src/material/scaffold.dart:1113:7)
#14     MultiChildLayoutDelegate._callPerformLayout (package:flutter/src/rendering/custom_layout.dart:246:7)
#15     RenderCustomMultiChildLayoutBox.performLayout (package:flutter/src/rendering/custom_layout.dart:417:14)
#16     RenderObject.layout (package:flutter/src/rendering/object.dart:2768:7)
#17     RenderProxyBoxMixin.performLayout (package:flutter/src/rendering/proxy_box.dart:118:18)
#18     RenderObject.layout (package:flutter/src/rendering/object.dart:2768:7)
#19     RenderProxyBoxMixin.performLayout (package:flutter/src/rendering/proxy_box.dart:118:18)
#20     _RenderCustomClip.performLayout (package:flutter/src/rendering/proxy_box.dart:1549:11)
#21     RenderObject.layout (package:flutter/src/rendering/object.dart:2768:7)
#22     RenderProxyBoxMixin.performLayout (package:flutter/src/rendering/proxy_box.dart:118:18)
#23     RenderObject.layout (package:flutter/src/rendering/object.dart:2768:7)
#24     RenderProxyBoxMixin.performLayout (package:flutter/src/rendering/proxy_box.dart:118:18)
#25     RenderObject.layout (package:flutter/src/rendering/object.dart:2768:7)
#26     RenderProxyBoxMixin.performLayout (package:flutter/src/rendering/proxy_box.dart:118:18)
#27     RenderObject.layout (package:flutter/src/rendering/object.dart:2768:7)
#28     RenderProxyBoxMixin.performLayout (package:flutter/src/rendering/proxy_box.dart:118:18)
#29     RenderObject.layout (package:flutter/src/rendering/object.dart:2768:7)
#30     RenderProxyBoxMixin.performLayout (package:flutter/src/rendering/proxy_box.dart:118:18)
#31     RenderObject.layout (package:flutter/src/rendering/object.dart:2768:7)
#32     RenderProxyBoxMixin.performLayout (package:flutter/src/rendering/proxy_box.dart:118:18)
#33     RenderObject.layout (package:flutter/src/rendering/object.dart:2768:7)
#34     RenderProxyBoxMixin.performLayout (package:flutter/src/rendering/proxy_box.dart:118:18)
#35     RenderObject.layout (package:flutter/src/rendering/object.dart:2768:7)
#36     RenderProxyBoxMixin.performLayout (package:flutter/src/rendering/proxy_box.dart:118:18)
#37     RenderObject.layout (package:flutter/src/rendering/object.dart:2768:7)
#38     RenderProxyBoxMixin.performLayout (package:flutter/src/rendering/proxy_box.dart:118:18)
#39     RenderObject.layout (package:flutter/src/rendering/object.dart:2768:7)
#40     RenderProxyBoxMixin.performLayout (package:flutter/src/rendering/proxy_box.dart:118:18)
#41     RenderObject.layout (package:flutter/src/rendering/object.dart:2768:7)
#42     RenderProxyBoxMixin.performLayout (package:flutter/src/rendering/proxy_box.dart:118:18)
#43     RenderObject.layout (package:flutter/src/rendering/object.dart:2768:7)
#44     RenderProxyBoxMixin.performLayout (package:flutter/src/rendering/proxy_box.dart:118:18)
#45     RenderObject.layout (package:flutter/src/rendering/object.dart:2768:7)
#46     RenderProxyBoxMixin.performLayout (package:flutter/src/rendering/proxy_box.dart:118:18)
#47     RenderObject.layout (package:flutter/src/rendering/object.dart:2768:7)
#48     RenderProxyBoxMixin.performLayout (package:flutter/src/rendering/proxy_box.dart:118:18)
#49     RenderObject.layout (package:flutter/src/rendering/object.dart:2768:7)
#50     RenderProxyBoxMixin.performLayout (package:flutter/src/rendering/proxy_box.dart:118:18)
#51     RenderObject.layout (package:flutter/src/rendering/object.dart:2768:7)
#52     RenderProxyBoxMixin.performLayout (package:flutter/src/rendering/proxy_box.dart:118:18)
#53     RenderOffstage.performLayout (package:flutter/src/rendering/proxy_box.dart:3923:13)
#54     RenderObject.layout (package:flutter/src/rendering/object.dart:2768:7)
#55     RenderProxyBoxMixin.performLayout (package:flutter/src/rendering/proxy_box.dart:118:18)
#56     RenderObject.layout (package:flutter/src/rendering/object.dart:2768:7)
#57     _RenderTheaterMixin.layoutChild (package:flutter/src/widgets/overlay.dart:1084:13)
#58     _RenderTheater.performLayout (package:flutter/src/widgets/overlay.dart:1429:9)
#59     RenderObject.layout (package:flutter/src/rendering/object.dart:2768:7)
#60     RenderProxyBoxMixin.performLayout (package:flutter/src/rendering/proxy_box.dart:118:18)
#61     RenderObject.layout (package:flutter/src/rendering/object.dart:2768:7)
#62     RenderProxyBoxMixin.performLayout (package:flutter/src/rendering/proxy_box.dart:118:18)
#63     RenderObject.layout (package:flutter/src/rendering/object.dart:2768:7)
#64     RenderProxyBoxMixin.performLayout (package:flutter/src/rendering/proxy_box.dart:118:18)
#65     RenderObject.layout (package:flutter/src/rendering/object.dart:2768:7)
#66     RenderProxyBoxMixin.performLayout (package:flutter/src/rendering/proxy_box.dart:118:18)
#67     RenderCustomPaint.performLayout (package:flutter/src/rendering/custom_paint.dart:574:11)
#68     RenderObject.layout (package:flutter/src/rendering/object.dart:2768:7)
#69     RenderProxyBoxMixin.performLayout (package:flutter/src/rendering/proxy_box.dart:118:18)
#70     RenderObject.layout (package:flutter/src/rendering/object.dart:2768:7)
#71     RenderProxyBoxMixin.performLayout (package:flutter/src/rendering/proxy_box.dart:118:18)
#72     RenderObject.layout (package:flutter/src/rendering/object.dart:2768:7)
#73     RenderProxyBoxMixin.performLayout (package:flutter/src/rendering/proxy_box.dart:118:18)
#74     RenderObject.layout (package:flutter/src/rendering/object.dart:2768:7)
#75     RenderProxyBoxMixin.performLayout (package:flutter/src/rendering/proxy_box.dart:118:18)
#76     RenderObject.layout (package:flutter/src/rendering/object.dart:2768:7)
#77     RenderProxyBoxMixin.performLayout (package:flutter/src/rendering/proxy_box.dart:118:18)
#78     RenderObject.layout (package:flutter/src/rendering/object.dart:2768:7)
#79     RenderProxyBoxMixin.performLayout (package:flutter/src/rendering/proxy_box.dart:118:18)
#80     RenderObject.layout (package:flutter/src/rendering/object.dart:2768:7)
#81     RenderView.performLayout (package:flutter/src/rendering/view.dart:292:12)
#82     RenderObject._layoutWithoutResize (package:flutter/src/rendering/object.dart:2616:7)
#83     PipelineOwner.flushLayout (package:flutter/src/rendering/object.dart:1174:18)
#84     PipelineOwner.flushLayout (package:flutter/src/rendering/object.dart:1187:15)
#85     AutomatedTestWidgetsFlutterBinding.drawFrame (package:flutter_test/src/binding.dart:2133:27)
#86     RendererBinding._handlePersistentFrameCallback (package:flutter/src/rendering/binding.dart:495:5)
#87     SchedulerBinding._invokeFrameCallback (package:flutter/src/scheduler/binding.dart:1430:15)
#88     SchedulerBinding.handleDrawFrame (package:flutter/src/scheduler/binding.dart:1345:9)
#89     AutomatedTestWidgetsFlutterBinding.pump.<anonymous closure> (package:flutter_test/src/binding.dart:1960:9)
#92     TestAsyncUtils.guard (package:flutter_test/src/test_async_utils.dart:74:41)
#93     AutomatedTestWidgetsFlutterBinding.pump (package:flutter_test/src/binding.dart:1949:27)
#94     WidgetTester.pumpWidget.<anonymous closure> (package:flutter_test/src/widget_tester.dart:598:22)
#97     TestAsyncUtils.guard (package:flutter_test/src/test_async_utils.dart:74:41)
#98     WidgetTester.pumpWidget (package:flutter_test/src/widget_tester.dart:595:27)
#99     main.<anonymous closure> (file:///D:/SEM%204/TaskProof/test/layout_test.dart:8:18)
#100    testWidgets.<anonymous closure>.<anonymous closure> (package:flutter_test/src/widget_tester.dart:192:29)
<asynchronous suspension>
#101    TestWidgetsFlutterBinding._runTestBody (package:flutter_test/src/binding.dart:1682:5)
<asynchronous suspension>
<asynchronous suspension>
(elided 7 frames from class _AssertionError, dart:async, and package:stack_trace)

The following RenderObject was being processed when the exception was fired: _RenderScrollSemantics#6a74f relayoutBoundary=up4 NEEDS-LAYOUT NEEDS-PAINT NEEDS-COMPOSITING-BITS-UPDATE:
  creator: _ScrollSemantics-[GlobalKey#8892a] ΓåÉ NotificationListener<ScrollMetricsNotification> ΓåÉ
    Transform ΓåÉ StretchEffect ΓåÉ ClipRect ΓåÉ AnimatedBuilder ΓåÉ NotificationListener<ScrollNotification>
    ΓåÉ StretchingOverscrollIndicator ΓåÉ Scrollable ΓåÉ PrimaryScrollController ΓåÉ SingleChildScrollView ΓåÉ
    MediaQuery ΓåÉ Γï»
  parentData: <none> (can use size)
  constraints: BoxConstraints(0.0<=w<=800.0, 0.0<=h<=600.0)
  semantic boundary
  size: MISSING
This RenderObject had the following descendants (showing up to depth 5):
    child: RenderPointerListener#5b5aa relayoutBoundary=up5 NEEDS-PAINT NEEDS-COMPOSITING-BITS-UPDATE
      child: RenderSemanticsGestureHandler#42b80 relayoutBoundary=up6 NEEDS-PAINT NEEDS-COMPOSITING-BITS-UPDATE
        child: RenderPointerListener#65b5f relayoutBoundary=up7 NEEDS-PAINT NEEDS-COMPOSITING-BITS-UPDATE
          child: RenderSemanticsAnnotations#bc23b relayoutBoundary=up8 NEEDS-PAINT NEEDS-COMPOSITING-BITS-UPDATE
            child: RenderIgnorePointer#6a67b relayoutBoundary=up9 NEEDS-PAINT NEEDS-COMPOSITING-BITS-UPDATE
ΓòÉΓòÉΓòÉΓòÉΓòÉΓòÉΓòÉΓòÉΓòÉΓòÉΓòÉΓòÉΓòÉΓòÉΓòÉΓòÉΓòÉΓòÉΓòÉΓòÉΓòÉΓòÉΓòÉΓòÉΓòÉΓòÉΓòÉΓòÉΓòÉΓòÉΓòÉΓòÉΓòÉΓòÉΓòÉΓòÉΓòÉΓòÉΓòÉΓòÉΓòÉΓòÉΓòÉΓòÉΓòÉΓòÉΓòÉΓòÉΓòÉΓòÉΓòÉΓòÉΓòÉΓòÉΓòÉΓòÉΓòÉΓòÉΓòÉΓòÉΓòÉΓòÉΓòÉΓòÉΓòÉΓòÉΓòÉΓòÉΓòÉΓòÉΓòÉΓòÉΓòÉΓòÉΓòÉΓòÉΓòÉΓòÉΓòÉΓòÉΓòÉΓòÉΓòÉΓòÉΓòÉΓòÉΓòÉΓòÉΓòÉΓòÉΓòÉΓòÉΓòÉΓòÉΓòÉΓòÉΓòÉΓòÉΓòÉΓòÉ
ΓòÉΓòÉΓòí EXCEPTION CAUGHT BY RENDERING LIBRARY Γò₧ΓòÉΓòÉΓòÉΓòÉΓòÉΓòÉΓòÉΓòÉΓòÉΓòÉΓòÉΓòÉΓòÉΓòÉΓòÉΓòÉΓòÉΓòÉΓòÉΓòÉΓòÉΓòÉΓòÉΓòÉΓòÉΓòÉΓòÉΓòÉΓòÉΓòÉΓòÉΓòÉΓòÉΓòÉΓòÉΓòÉΓòÉΓòÉΓòÉΓòÉΓòÉΓòÉΓòÉΓòÉΓòÉΓòÉΓòÉΓòÉΓòÉΓòÉΓòÉΓòÉΓòÉΓòÉΓòÉΓòÉΓòÉ
The following assertion was thrown during performLayout():
RenderBox was not laid out: _RenderScrollSemantics#6a74f relayoutBoundary=up4 NEEDS-PAINT
NEEDS-COMPOSITING-BITS-UPDATE
'package:flutter/src/rendering/box.dart':
Failed assertion: line 2251 pos 12: 'hasSize'

Either the assertion indicates an error in the framework itself, or we should provide substantially
more information in this error message to help you determine and fix the underlying cause.
In either case, please report this assertion by filing a bug on GitHub:
  https://github.com/flutter/flutter/issues/new?template=02_bug.yml

The relevant error-causing widget was:
  SingleChildScrollView SingleChildScrollView:file:///D:/SEM%204/TaskProof/lib/dashboard.dart:15:16

When the exception was thrown, this was the stack:
#2      RenderBox.size (package:flutter/src/rendering/box.dart:2251:12)
#3      RenderProxyBoxMixin.performLayout (package:flutter/src/rendering/proxy_box.dart:118:62)
#4      RenderObject.layout (package:flutter/src/rendering/object.dart:2768:7)
#5      RenderProxyBoxMixin.performLayout (package:flutter/src/rendering/proxy_box.dart:118:18)
#6      _RenderCustomClip.performLayout (package:flutter/src/rendering/proxy_box.dart:1549:11)
#7      RenderObject.layout (package:flutter/src/rendering/object.dart:2768:7)
#8      RenderPadding.performLayout (package:flutter/src/rendering/shifted_box.dart:262:12)
#9      RenderObject.layout (package:flutter/src/rendering/object.dart:2768:7)
#10     MultiChildLayoutDelegate.layoutChild (package:flutter/src/rendering/custom_layout.dart:180:12)
#11     _ScaffoldLayout.performLayout (package:flutter/src/material/scaffold.dart:1113:7)
#12     MultiChildLayoutDelegate._callPerformLayout (package:flutter/src/rendering/custom_layout.dart:246:7)
#13     RenderCustomMultiChildLayoutBox.performLayout (package:flutter/src/rendering/custom_layout.dart:417:14)
#14     RenderObject.layout (package:flutter/src/rendering/object.dart:2768:7)
#15     RenderProxyBoxMixin.performLayout (package:flutter/src/rendering/proxy_box.dart:118:18)
#16     RenderObject.layout (package:flutter/src/rendering/object.dart:2768:7)
#17     RenderProxyBoxMixin.performLayout (package:flutter/src/rendering/proxy_box.dart:118:18)
#18     _RenderCustomClip.performLayout (package:flutter/src/rendering/proxy_box.dart:1549:11)
#19     RenderObject.layout (package:flutter/src/rendering/object.dart:2768:7)
#20     RenderProxyBoxMixin.performLayout (package:flutter/src/rendering/proxy_box.dart:118:18)
#21     RenderObject.layout (package:flutter/src/rendering/object.dart:2768:7)
#22     RenderProxyBoxMixin.performLayout (package:flutter/src/rendering/proxy_box.dart:118:18)
#23     RenderObject.layout (package:flutter/src/rendering/object.dart:2768:7)
#24     RenderProxyBoxMixin.performLayout (package:flutter/src/rendering/proxy_box.dart:118:18)
#25     RenderObject.layout (package:flutter/src/rendering/object.dart:2768:7)
#26     RenderProxyBoxMixin.performLayout (package:flutter/src/rendering/proxy_box.dart:118:18)
#27     RenderObject.layout (package:flutter/src/rendering/object.dart:2768:7)
#28     RenderProxyBoxMixin.performLayout (package:flutter/src/rendering/proxy_box.dart:118:18)
#29     RenderObject.layout (package:flutter/src/rendering/object.dart:2768:7)
#30     RenderProxyBoxMixin.performLayout (package:flutter/src/rendering/proxy_box.dart:118:18)
#31     RenderObject.layout (package:flutter/src/rendering/object.dart:2768:7)
#32     RenderProxyBoxMixin.performLayout (package:flutter/src/rendering/proxy_box.dart:118:18)
#33     RenderObject.layout (package:flutter/src/rendering/object.dart:2768:7)
#34     RenderProxyBoxMixin.performLayout (package:flutter/src/rendering/proxy_box.dart:118:18)
#35     RenderObject.layout (package:flutter/src/rendering/object.dart:2768:7)
#36     RenderProxyBoxMixin.performLayout (package:flutter/src/rendering/proxy_box.dart:118:18)
#37     RenderObject.layout (package:flutter/src/rendering/object.dart:2768:7)
#38     RenderProxyBoxMixin.performLayout (package:flutter/src/rendering/proxy_box.dart:118:18)
#39     RenderObject.layout (package:flutter/src/rendering/object.dart:2768:7)
#40     RenderProxyBoxMixin.performLayout (package:flutter/src/rendering/proxy_box.dart:118:18)
#41     RenderObject.layout (package:flutter/src/rendering/object.dart:2768:7)
#42     RenderProxyBoxMixin.performLayout (package:flutter/src/rendering/proxy_box.dart:118:18)
#43     RenderObject.layout (package:flutter/src/rendering/object.dart:2768:7)
#44     RenderProxyBoxMixin.performLayout (package:flutter/src/rendering/proxy_box.dart:118:18)
#45     RenderObject.layout (package:flutter/src/rendering/object.dart:2768:7)
#46     RenderProxyBoxMixin.performLayout (package:flutter/src/rendering/proxy_box.dart:118:18)
#47     RenderObject.layout (package:flutter/src/rendering/object.dart:2768:7)
#48     RenderProxyBoxMixin.performLayout (package:flutter/src/rendering/proxy_box.dart:118:18)
#49     RenderObject.layout (package:flutter/src/rendering/object.dart:2768:7)
#50     RenderProxyBoxMixin.performLayout (package:flutter/src/rendering/proxy_box.dart:118:18)
#51     RenderOffstage.performLayout (package:flutter/src/rendering/proxy_box.dart:3923:13)
#52     RenderObject.layout (package:flutter/src/rendering/object.dart:2768:7)
#53     RenderProxyBoxMixin.performLayout (package:flutter/src/rendering/proxy_box.dart:118:18)
#54     RenderObject.layout (package:flutter/src/rendering/object.dart:2768:7)
#55     _RenderTheaterMixin.layoutChild (package:flutter/src/widgets/overlay.dart:1084:13)
#56     _RenderTheater.performLayout (package:flutter/src/widgets/overlay.dart:1429:9)
#57     RenderObject.layout (package:flutter/src/rendering/object.dart:2768:7)
#58     RenderProxyBoxMixin.performLayout (package:flutter/src/rendering/proxy_box.dart:118:18)
#59     RenderObject.layout (package:flutter/src/rendering/object.dart:2768:7)
#60     RenderProxyBoxMixin.performLayout (package:flutter/src/rendering/proxy_box.dart:118:18)
#61     RenderObject.layout (package:flutter/src/rendering/object.dart:2768:7)
#62     RenderProxyBoxMixin.performLayout (package:flutter/src/rendering/proxy_box.dart:118:18)
#63     RenderObject.layout (package:flutter/src/rendering/object.dart:2768:7)
#64     RenderProxyBoxMixin.performLayout (package:flutter/src/rendering/proxy_box.dart:118:18)
#65     RenderCustomPaint.performLayout (package:flutter/src/rendering/custom_paint.dart:574:11)
#66     RenderObject.layout (package:flutter/src/rendering/object.dart:2768:7)
#67     RenderProxyBoxMixin.performLayout (package:flutter/src/rendering/proxy_box.dart:118:18)
#68     RenderObject.layout (package:flutter/src/rendering/object.dart:2768:7)
#69     RenderProxyBoxMixin.performLayout (package:flutter/src/rendering/proxy_box.dart:118:18)
#70     RenderObject.layout (package:flutter/src/rendering/object.dart:2768:7)
#71     RenderProxyBoxMixin.performLayout (package:flutter/src/rendering/proxy_box.dart:118:18)
#72     RenderObject.layout (package:flutter/src/rendering/object.dart:2768:7)
#73     RenderProxyBoxMixin.performLayout (package:flutter/src/rendering/proxy_box.dart:118:18)
#74     RenderObject.layout (package:flutter/src/rendering/object.dart:2768:7)
#75     RenderProxyBoxMixin.performLayout (package:flutter/src/rendering/proxy_box.dart:118:18)
#76     RenderObject.layout (package:flutter/src/rendering/object.dart:2768:7)
#77     RenderProxyBoxMixin.performLayout (package:flutter/src/rendering/proxy_box.dart:118:18)
#78     RenderObject.layout (package:flutter/src/rendering/object.dart:2768:7)
#79     RenderView.performLayout (package:flutter/src/rendering/view.dart:292:12)
#80     RenderObject._layoutWithoutResize (package:flutter/src/rendering/object.dart:2616:7)
#81     PipelineOwner.flushLayout (package:flutter/src/rendering/object.dart:1174:18)
#82     PipelineOwner.flushLayout (package:flutter/src/rendering/object.dart:1187:15)
#83     AutomatedTestWidgetsFlutterBinding.drawFrame (package:flutter_test/src/binding.dart:2133:27)
#84     RendererBinding._handlePersistentFrameCallback (package:flutter/src/rendering/binding.dart:495:5)
#85     SchedulerBinding._invokeFrameCallback (package:flutter/src/scheduler/binding.dart:1430:15)
#86     SchedulerBinding.handleDrawFrame (package:flutter/src/scheduler/binding.dart:1345:9)
#87     AutomatedTestWidgetsFlutterBinding.pump.<anonymous closure> (package:flutter_test/src/binding.dart:1960:9)
#90     TestAsyncUtils.guard (package:flutter_test/src/test_async_utils.dart:74:41)
#91     AutomatedTestWidgetsFlutterBinding.pump (package:flutter_test/src/binding.dart:1949:27)
#92     WidgetTester.pumpWidget.<anonymous closure> (package:flutter_test/src/widget_tester.dart:598:22)
#95     TestAsyncUtils.guard (package:flutter_test/src/test_async_utils.dart:74:41)
#96     WidgetTester.pumpWidget (package:flutter_test/src/widget_tester.dart:595:27)
#97     main.<anonymous closure> (file:///D:/SEM%204/TaskProof/test/layout_test.dart:8:18)
#98     testWidgets.<anonymous closure>.<anonymous closure> (package:flutter_test/src/widget_tester.dart:192:29)
<asynchronous suspension>
#99     TestWidgetsFlutterBinding._runTestBody (package:flutter_test/src/binding.dart:1682:5)
<asynchronous suspension>
<asynchronous suspension>
(elided 7 frames from class _AssertionError, dart:async, and package:stack_trace)

The following RenderObject was being processed when the exception was fired: RenderTransform#53c14 relayoutBoundary=up3 NEEDS-LAYOUT NEEDS-PAINT NEEDS-COMPOSITING-BITS-UPDATE:
  creator: Transform ΓåÉ StretchEffect ΓåÉ ClipRect ΓåÉ AnimatedBuilder ΓåÉ
    NotificationListener<ScrollNotification> ΓåÉ StretchingOverscrollIndicator ΓåÉ Scrollable ΓåÉ
    PrimaryScrollController ΓåÉ SingleChildScrollView ΓåÉ MediaQuery ΓåÉ Padding ΓåÉ SafeArea ΓåÉ Γï»
  parentData: <none> (can use size)
  constraints: BoxConstraints(0.0<=w<=800.0, 0.0<=h<=600.0)
  size: MISSING
  transform matrix:
    [0] 1.0,0.0,0.0,0.0
    [1] 0.0,1.0,0.0,0.0
    [2] 0.0,0.0,1.0,0.0
    [3] 0.0,0.0,0.0,1.0
  origin: null
  alignment: AlignmentDirectional.bottomCenter
  textDirection: ltr
  transformHitTests: true
This RenderObject had the following descendants (showing up to depth 5):
    child: _RenderScrollSemantics#6a74f relayoutBoundary=up4 NEEDS-PAINT NEEDS-COMPOSITING-BITS-UPDATE
      child: RenderPointerListener#5b5aa relayoutBoundary=up5 NEEDS-PAINT NEEDS-COMPOSITING-BITS-UPDATE
        child: RenderSemanticsGestureHandler#42b80 relayoutBoundary=up6 NEEDS-PAINT NEEDS-COMPOSITING-BITS-UPDATE
          child: RenderPointerListener#65b5f relayoutBoundary=up7 NEEDS-PAINT NEEDS-COMPOSITING-BITS-UPDATE
            child: RenderSemanticsAnnotations#bc23b relayoutBoundary=up8 NEEDS-PAINT NEEDS-COMPOSITING-BITS-UPDATE
ΓòÉΓòÉΓòÉΓòÉΓòÉΓòÉΓòÉΓòÉΓòÉΓòÉΓòÉΓòÉΓòÉΓòÉΓòÉΓòÉΓòÉΓòÉΓòÉΓòÉΓòÉΓòÉΓòÉΓòÉΓòÉΓòÉΓòÉΓòÉΓòÉΓòÉΓòÉΓòÉΓòÉΓòÉΓòÉΓòÉΓòÉΓòÉΓòÉΓòÉΓòÉΓòÉΓòÉΓòÉΓòÉΓòÉΓòÉΓòÉΓòÉΓòÉΓòÉΓòÉΓòÉΓòÉΓòÉΓòÉΓòÉΓòÉΓòÉΓòÉΓòÉΓòÉΓòÉΓòÉΓòÉΓòÉΓòÉΓòÉΓòÉΓòÉΓòÉΓòÉΓòÉΓòÉΓòÉΓòÉΓòÉΓòÉΓòÉΓòÉΓòÉΓòÉΓòÉΓòÉΓòÉΓòÉΓòÉΓòÉΓòÉΓòÉΓòÉΓòÉΓòÉΓòÉΓòÉΓòÉΓòÉΓòÉΓòÉΓòÉ
ΓòÉΓòÉΓòí EXCEPTION CAUGHT BY RENDERING LIBRARY Γò₧ΓòÉΓòÉΓòÉΓòÉΓòÉΓòÉΓòÉΓòÉΓòÉΓòÉΓòÉΓòÉΓòÉΓòÉΓòÉΓòÉΓòÉΓòÉΓòÉΓòÉΓòÉΓòÉΓòÉΓòÉΓòÉΓòÉΓòÉΓòÉΓòÉΓòÉΓòÉΓòÉΓòÉΓòÉΓòÉΓòÉΓòÉΓòÉΓòÉΓòÉΓòÉΓòÉΓòÉΓòÉΓòÉΓòÉΓòÉΓòÉΓòÉΓòÉΓòÉΓòÉΓòÉΓòÉΓòÉΓòÉΓòÉ
The following assertion was thrown during performLayout():
RenderBox was not laid out: RenderTransform#53c14 relayoutBoundary=up3 NEEDS-PAINT
NEEDS-COMPOSITING-BITS-UPDATE
'package:flutter/src/rendering/box.dart':
Failed assertion: line 2251 pos 12: 'hasSize'

Either the assertion indicates an error in the framework itself, or we should provide substantially
more information in this error message to help you determine and fix the underlying cause.
In either case, please report this assertion by filing a bug on GitHub:
  https://github.com/flutter/flutter/issues/new?template=02_bug.yml

The relevant error-causing widget was:
  SingleChildScrollView SingleChildScrollView:file:///D:/SEM%204/TaskProof/lib/dashboard.dart:15:16

When the exception was thrown, this was the stack:
#2      RenderBox.size (package:flutter/src/rendering/box.dart:2251:12)
#3      RenderProxyBoxMixin.performLayout (package:flutter/src/rendering/proxy_box.dart:118:62)
#4      _RenderCustomClip.performLayout (package:flutter/src/rendering/proxy_box.dart:1549:11)
#5      RenderObject.layout (package:flutter/src/rendering/object.dart:2768:7)
#6      RenderPadding.performLayout (package:flutter/src/rendering/shifted_box.dart:262:12)
#7      RenderObject.layout (package:flutter/src/rendering/object.dart:2768:7)
#8      MultiChildLayoutDelegate.layoutChild (package:flutter/src/rendering/custom_layout.dart:180:12)
#9      _ScaffoldLayout.performLayout (package:flutter/src/material/scaffold.dart:1113:7)
#10     MultiChildLayoutDelegate._callPerformLayout (package:flutter/src/rendering/custom_layout.dart:246:7)
#11     RenderCustomMultiChildLayoutBox.performLayout (package:flutter/src/rendering/custom_layout.dart:417:14)
#12     RenderObject.layout (package:flutter/src/rendering/object.dart:2768:7)
#13     RenderProxyBoxMixin.performLayout (package:flutter/src/rendering/proxy_box.dart:118:18)
#14     RenderObject.layout (package:flutter/src/rendering/object.dart:2768:7)
#15     RenderProxyBoxMixin.performLayout (package:flutter/src/rendering/proxy_box.dart:118:18)
#16     _RenderCustomClip.performLayout (package:flutter/src/rendering/proxy_box.dart:1549:11)
#17     RenderObject.layout (package:flutter/src/rendering/object.dart:2768:7)
#18     RenderProxyBoxMixin.performLayout (package:flutter/src/rendering/proxy_box.dart:118:18)
#19     RenderObject.layout (package:flutter/src/rendering/object.dart:2768:7)
#20     RenderProxyBoxMixin.performLayout (package:flutter/src/rendering/proxy_box.dart:118:18)
#21     RenderObject.layout (package:flutter/src/rendering/object.dart:2768:7)
#22     RenderProxyBoxMixin.performLayout (package:flutter/src/rendering/proxy_box.dart:118:18)
#23     RenderObject.layout (package:flutter/src/rendering/object.dart:2768:7)
#24     RenderProxyBoxMixin.performLayout (package:flutter/src/rendering/proxy_box.dart:118:18)
#25     RenderObject.layout (package:flutter/src/rendering/object.dart:2768:7)
#26     RenderProxyBoxMixin.performLayout (package:flutter/src/rendering/proxy_box.dart:118:18)
#27     RenderObject.layout (package:flutter/src/rendering/object.dart:2768:7)
#28     RenderProxyBoxMixin.performLayout (package:flutter/src/rendering/proxy_box.dart:118:18)
#29     RenderObject.layout (package:flutter/src/rendering/object.dart:2768:7)
#30     RenderProxyBoxMixin.performLayout (package:flutter/src/rendering/proxy_box.dart:118:18)
#31     RenderObject.layout (package:flutter/src/rendering/object.dart:2768:7)
#32     RenderProxyBoxMixin.performLayout (package:flutter/src/rendering/proxy_box.dart:118:18)
#33     RenderObject.layout (package:flutter/src/rendering/object.dart:2768:7)
#34     RenderProxyBoxMixin.performLayout (package:flutter/src/rendering/proxy_box.dart:118:18)
#35     RenderObject.layout (package:flutter/src/rendering/object.dart:2768:7)
#36     RenderProxyBoxMixin.performLayout (package:flutter/src/rendering/proxy_box.dart:118:18)
#37     RenderObject.layout (package:flutter/src/rendering/object.dart:2768:7)
#38     RenderProxyBoxMixin.performLayout (package:flutter/src/rendering/proxy_box.dart:118:18)
#39     RenderObject.layout (package:flutter/src/rendering/object.dart:2768:7)
#40     RenderProxyBoxMixin.performLayout (package:flutter/src/rendering/proxy_box.dart:118:18)
#41     RenderObject.layout (package:flutter/src/rendering/object.dart:2768:7)
#42     RenderProxyBoxMixin.performLayout (package:flutter/src/rendering/proxy_box.dart:118:18)
#43     RenderObject.layout (package:flutter/src/rendering/object.dart:2768:7)
#44     RenderProxyBoxMixin.performLayout (package:flutter/src/rendering/proxy_box.dart:118:18)
#45     RenderObject.layout (package:flutter/src/rendering/object.dart:2768:7)
#46     RenderProxyBoxMixin.performLayout (package:flutter/src/rendering/proxy_box.dart:118:18)
#47     RenderObject.layout (package:flutter/src/rendering/object.dart:2768:7)
#48     RenderProxyBoxMixin.performLayout (package:flutter/src/rendering/proxy_box.dart:118:18)
#49     RenderOffstage.performLayout (package:flutter/src/rendering/proxy_box.dart:3923:13)
#50     RenderObject.layout (package:flutter/src/rendering/object.dart:2768:7)
#51     RenderProxyBoxMixin.performLayout (package:flutter/src/rendering/proxy_box.dart:118:18)
#52     RenderObject.layout (package:flutter/src/rendering/object.dart:2768:7)
#53     _RenderTheaterMixin.layoutChild (package:flutter/src/widgets/overlay.dart:1084:13)
#54     _RenderTheater.performLayout (package:flutter/src/widgets/overlay.dart:1429:9)
#55     RenderObject.layout (package:flutter/src/rendering/object.dart:2768:7)
#56     RenderProxyBoxMixin.performLayout (package:flutter/src/rendering/proxy_box.dart:118:18)
#57     RenderObject.layout (package:flutter/src/rendering/object.dart:2768:7)
#58     RenderProxyBoxMixin.performLayout (package:flutter/src/rendering/proxy_box.dart:118:18)
#59     RenderObject.layout (package:flutter/src/rendering/object.dart:2768:7)
#60     RenderProxyBoxMixin.performLayout (package:flutter/src/rendering/proxy_box.dart:118:18)
#61     RenderObject.layout (package:flutter/src/rendering/object.dart:2768:7)
#62     RenderProxyBoxMixin.performLayout (package:flutter/src/rendering/proxy_box.dart:118:18)
#63     RenderCustomPaint.performLayout (package:flutter/src/rendering/custom_paint.dart:574:11)
#64     RenderObject.layout (package:flutter/src/rendering/object.dart:2768:7)
#65     RenderProxyBoxMixin.performLayout (package:flutter/src/rendering/proxy_box.dart:118:18)
#66     RenderObject.layout (package:flutter/src/rendering/object.dart:2768:7)
#67     RenderProxyBoxMixin.performLayout (package:flutter/src/rendering/proxy_box.dart:118:18)
#68     RenderObject.layout (package:flutter/src/rendering/object.dart:2768:7)
#69     RenderProxyBoxMixin.performLayout (package:flutter/src/rendering/proxy_box.dart:118:18)
#70     RenderObject.layout (package:flutter/src/rendering/object.dart:2768:7)
#71     RenderProxyBoxMixin.performLayout (package:flutter/src/rendering/proxy_box.dart:118:18)
#72     RenderObject.layout (package:flutter/src/rendering/object.dart:2768:7)
#73     RenderProxyBoxMixin.performLayout (package:flutter/src/rendering/proxy_box.dart:118:18)
#74     RenderObject.layout (package:flutter/src/rendering/object.dart:2768:7)
#75     RenderProxyBoxMixin.performLayout (package:flutter/src/rendering/proxy_box.dart:118:18)
#76     RenderObject.layout (package:flutter/src/rendering/object.dart:2768:7)
#77     RenderView.performLayout (package:flutter/src/rendering/view.dart:292:12)
#78     RenderObject._layoutWithoutResize (package:flutter/src/rendering/object.dart:2616:7)
#79     PipelineOwner.flushLayout (package:flutter/src/rendering/object.dart:1174:18)
#80     PipelineOwner.flushLayout (package:flutter/src/rendering/object.dart:1187:15)
#81     AutomatedTestWidgetsFlutterBinding.drawFrame (package:flutter_test/src/binding.dart:2133:27)
#82     RendererBinding._handlePersistentFrameCallback (package:flutter/src/rendering/binding.dart:495:5)
#83     SchedulerBinding._invokeFrameCallback (package:flutter/src/scheduler/binding.dart:1430:15)
#84     SchedulerBinding.handleDrawFrame (package:flutter/src/scheduler/binding.dart:1345:9)
#85     AutomatedTestWidgetsFlutterBinding.pump.<anonymous closure> (package:flutter_test/src/binding.dart:1960:9)
#88     TestAsyncUtils.guard (package:flutter_test/src/test_async_utils.dart:74:41)
#89     AutomatedTestWidgetsFlutterBinding.pump (package:flutter_test/src/binding.dart:1949:27)
#90     WidgetTester.pumpWidget.<anonymous closure> (package:flutter_test/src/widget_tester.dart:598:22)
#93     TestAsyncUtils.guard (package:flutter_test/src/test_async_utils.dart:74:41)
#94     WidgetTester.pumpWidget (package:flutter_test/src/widget_tester.dart:595:27)
#95     main.<anonymous closure> (file:///D:/SEM%204/TaskProof/test/layout_test.dart:8:18)
#96     testWidgets.<anonymous closure>.<anonymous closure> (package:flutter_test/src/widget_tester.dart:192:29)
<asynchronous suspension>
#97     TestWidgetsFlutterBinding._runTestBody (package:flutter_test/src/binding.dart:1682:5)
<asynchronous suspension>
<asynchronous suspension>
(elided 7 frames from class _AssertionError, dart:async, and package:stack_trace)

The following RenderObject was being processed when the exception was fired: RenderClipRect#76ee6 relayoutBoundary=up2 NEEDS-LAYOUT NEEDS-PAINT NEEDS-COMPOSITING-BITS-UPDATE:
  creator: ClipRect ΓåÉ AnimatedBuilder ΓåÉ NotificationListener<ScrollNotification> ΓåÉ
    StretchingOverscrollIndicator ΓåÉ Scrollable ΓåÉ PrimaryScrollController ΓåÉ SingleChildScrollView ΓåÉ
    MediaQuery ΓåÉ Padding ΓåÉ SafeArea ΓåÉ KeyedSubtree-[GlobalKey#c4cc1] ΓåÉ _BodyBuilder ΓåÉ Γï»
  parentData: offset=Offset(0.0, 0.0) (can use size)
  constraints: BoxConstraints(0.0<=w<=800.0, 0.0<=h<=600.0)
  size: MISSING
This RenderObject had the following descendants (showing up to depth 5):
    child: RenderTransform#53c14 relayoutBoundary=up3 NEEDS-PAINT NEEDS-COMPOSITING-BITS-UPDATE
      child: _RenderScrollSemantics#6a74f relayoutBoundary=up4 NEEDS-PAINT NEEDS-COMPOSITING-BITS-UPDATE
        child: RenderPointerListener#5b5aa relayoutBoundary=up5 NEEDS-PAINT NEEDS-COMPOSITING-BITS-UPDATE
          child: RenderSemanticsGestureHandler#42b80 relayoutBoundary=up6 NEEDS-PAINT NEEDS-COMPOSITING-BITS-UPDATE
            child: RenderPointerListener#65b5f relayoutBoundary=up7 NEEDS-PAINT NEEDS-COMPOSITING-BITS-UPDATE
ΓòÉΓòÉΓòÉΓòÉΓòÉΓòÉΓòÉΓòÉΓòÉΓòÉΓòÉΓòÉΓòÉΓòÉΓòÉΓòÉΓòÉΓòÉΓòÉΓòÉΓòÉΓòÉΓòÉΓòÉΓòÉΓòÉΓòÉΓòÉΓòÉΓòÉΓòÉΓòÉΓòÉΓòÉΓòÉΓòÉΓòÉΓòÉΓòÉΓòÉΓòÉΓòÉΓòÉΓòÉΓòÉΓòÉΓòÉΓòÉΓòÉΓòÉΓòÉΓòÉΓòÉΓòÉΓòÉΓòÉΓòÉΓòÉΓòÉΓòÉΓòÉΓòÉΓòÉΓòÉΓòÉΓòÉΓòÉΓòÉΓòÉΓòÉΓòÉΓòÉΓòÉΓòÉΓòÉΓòÉΓòÉΓòÉΓòÉΓòÉΓòÉΓòÉΓòÉΓòÉΓòÉΓòÉΓòÉΓòÉΓòÉΓòÉΓòÉΓòÉΓòÉΓòÉΓòÉΓòÉΓòÉΓòÉΓòÉΓòÉ
ΓòÉΓòÉΓòí EXCEPTION CAUGHT BY RENDERING LIBRARY Γò₧ΓòÉΓòÉΓòÉΓòÉΓòÉΓòÉΓòÉΓòÉΓòÉΓòÉΓòÉΓòÉΓòÉΓòÉΓòÉΓòÉΓòÉΓòÉΓòÉΓòÉΓòÉΓòÉΓòÉΓòÉΓòÉΓòÉΓòÉΓòÉΓòÉΓòÉΓòÉΓòÉΓòÉΓòÉΓòÉΓòÉΓòÉΓòÉΓòÉΓòÉΓòÉΓòÉΓòÉΓòÉΓòÉΓòÉΓòÉΓòÉΓòÉΓòÉΓòÉΓòÉΓòÉΓòÉΓòÉΓòÉΓòÉ
The following assertion was thrown during performLayout():
RenderBox was not laid out: RenderClipRect#76ee6 relayoutBoundary=up2 NEEDS-PAINT
NEEDS-COMPOSITING-BITS-UPDATE
'package:flutter/src/rendering/box.dart':
Failed assertion: line 2251 pos 12: 'hasSize'

Either the assertion indicates an error in the framework itself, or we should provide substantially
more information in this error message to help you determine and fix the underlying cause.
In either case, please report this assertion by filing a bug on GitHub:
  https://github.com/flutter/flutter/issues/new?template=02_bug.yml

The relevant error-causing widget was:
  SafeArea SafeArea:file:///D:/SEM%204/TaskProof/lib/dashboard.dart:14:13

When the exception was thrown, this was the stack:
#2      RenderBox.size (package:flutter/src/rendering/box.dart:2251:12)
#3      RenderPadding.performLayout (package:flutter/src/rendering/shifted_box.dart:266:40)
#4      RenderObject.layout (package:flutter/src/rendering/object.dart:2768:7)
#5      MultiChildLayoutDelegate.layoutChild (package:flutter/src/rendering/custom_layout.dart:180:12)
#6      _ScaffoldLayout.performLayout (package:flutter/src/material/scaffold.dart:1113:7)
#7      MultiChildLayoutDelegate._callPerformLayout (package:flutter/src/rendering/custom_layout.dart:246:7)
#8      RenderCustomMultiChildLayoutBox.performLayout (package:flutter/src/rendering/custom_layout.dart:417:14)
#9      RenderObject.layout (package:flutter/src/rendering/object.dart:2768:7)
#10     RenderProxyBoxMixin.performLayout (package:flutter/src/rendering/proxy_box.dart:118:18)
#11     RenderObject.layout (package:flutter/src/rendering/object.dart:2768:7)
#12     RenderProxyBoxMixin.performLayout (package:flutter/src/rendering/proxy_box.dart:118:18)
#13     _RenderCustomClip.performLayout (package:flutter/src/rendering/proxy_box.dart:1549:11)
#14     RenderObject.layout (package:flutter/src/rendering/object.dart:2768:7)
#15     RenderProxyBoxMixin.performLayout (package:flutter/src/rendering/proxy_box.dart:118:18)
#16     RenderObject.layout (package:flutter/src/rendering/object.dart:2768:7)
#17     RenderProxyBoxMixin.performLayout (package:flutter/src/rendering/proxy_box.dart:118:18)
#18     RenderObject.layout (package:flutter/src/rendering/object.dart:2768:7)
#19     RenderProxyBoxMixin.performLayout (package:flutter/src/rendering/proxy_box.dart:118:18)
#20     RenderObject.layout (package:flutter/src/rendering/object.dart:2768:7)
#21     RenderProxyBoxMixin.performLayout (package:flutter/src/rendering/proxy_box.dart:118:18)
#22     RenderObject.layout (package:flutter/src/rendering/object.dart:2768:7)
#23     RenderProxyBoxMixin.performLayout (package:flutter/src/rendering/proxy_box.dart:118:18)
#24     RenderObject.layout (package:flutter/src/rendering/object.dart:2768:7)
#25     RenderProxyBoxMixin.performLayout (package:flutter/src/rendering/proxy_box.dart:118:18)
#26     RenderObject.layout (package:flutter/src/rendering/object.dart:2768:7)
#27     RenderProxyBoxMixin.performLayout (package:flutter/src/rendering/proxy_box.dart:118:18)
#28     RenderObject.layout (package:flutter/src/rendering/object.dart:2768:7)
#29     RenderProxyBoxMixin.performLayout (package:flutter/src/rendering/proxy_box.dart:118:18)
#30     RenderObject.layout (package:flutter/src/rendering/object.dart:2768:7)
#31     RenderProxyBoxMixin.performLayout (package:flutter/src/rendering/proxy_box.dart:118:18)
#32     RenderObject.layout (package:flutter/src/rendering/object.dart:2768:7)
#33     RenderProxyBoxMixin.performLayout (package:flutter/src/rendering/proxy_box.dart:118:18)
#34     RenderObject.layout (package:flutter/src/rendering/object.dart:2768:7)
#35     RenderProxyBoxMixin.performLayout (package:flutter/src/rendering/proxy_box.dart:118:18)
#36     RenderObject.layout (package:flutter/src/rendering/object.dart:2768:7)
#37     RenderProxyBoxMixin.performLayout (package:flutter/src/rendering/proxy_box.dart:118:18)
#38     RenderObject.layout (package:flutter/src/rendering/object.dart:2768:7)
#39     RenderProxyBoxMixin.performLayout (package:flutter/src/rendering/proxy_box.dart:118:18)
#40     RenderObject.layout (package:flutter/src/rendering/object.dart:2768:7)
#41     RenderProxyBoxMixin.performLayout (package:flutter/src/rendering/proxy_box.dart:118:18)
#42     RenderObject.layout (package:flutter/src/rendering/object.dart:2768:7)
#43     RenderProxyBoxMixin.performLayout (package:flutter/src/rendering/proxy_box.dart:118:18)
#44     RenderObject.layout (package:flutter/src/rendering/object.dart:2768:7)
#45     RenderProxyBoxMixin.performLayout (package:flutter/src/rendering/proxy_box.dart:118:18)
#46     RenderOffstage.performLayout (package:flutter/src/rendering/proxy_box.dart:3923:13)
#47     RenderObject.layout (package:flutter/src/rendering/object.dart:2768:7)
#48     RenderProxyBoxMixin.performLayout (package:flutter/src/rendering/proxy_box.dart:118:18)
#49     RenderObject.layout (package:flutter/src/rendering/object.dart:2768:7)
#50     _RenderTheaterMixin.layoutChild (package:flutter/src/widgets/overlay.dart:1084:13)
#51     _RenderTheater.performLayout (package:flutter/src/widgets/overlay.dart:1429:9)
#52     RenderObject.layout (package:flutter/src/rendering/object.dart:2768:7)
#53     RenderProxyBoxMixin.performLayout (package:flutter/src/rendering/proxy_box.dart:118:18)
#54     RenderObject.layout (package:flutter/src/rendering/object.dart:2768:7)
#55     RenderProxyBoxMixin.performLayout (package:flutter/src/rendering/proxy_box.dart:118:18)
#56     RenderObject.layout (package:flutter/src/rendering/object.dart:2768:7)
#57     RenderProxyBoxMixin.performLayout (package:flutter/src/rendering/proxy_box.dart:118:18)
#58     RenderObject.layout (package:flutter/src/rendering/object.dart:2768:7)
#59     RenderProxyBoxMixin.performLayout (package:flutter/src/rendering/proxy_box.dart:118:18)
#60     RenderCustomPaint.performLayout (package:flutter/src/rendering/custom_paint.dart:574:11)
#61     RenderObject.layout (package:flutter/src/rendering/object.dart:2768:7)
#62     RenderProxyBoxMixin.performLayout (package:flutter/src/rendering/proxy_box.dart:118:18)
#63     RenderObject.layout (package:flutter/src/rendering/object.dart:2768:7)
#64     RenderProxyBoxMixin.performLayout (package:flutter/src/rendering/proxy_box.dart:118:18)
#65     RenderObject.layout (package:flutter/src/rendering/object.dart:2768:7)
#66     RenderProxyBoxMixin.performLayout (package:flutter/src/rendering/proxy_box.dart:118:18)
#67     RenderObject.layout (package:flutter/src/rendering/object.dart:2768:7)
#68     RenderProxyBoxMixin.performLayout (package:flutter/src/rendering/proxy_box.dart:118:18)
#69     RenderObject.layout (package:flutter/src/rendering/object.dart:2768:7)
#70     RenderProxyBoxMixin.performLayout (package:flutter/src/rendering/proxy_box.dart:118:18)
#71     RenderObject.layout (package:flutter/src/rendering/object.dart:2768:7)
#72     RenderProxyBoxMixin.performLayout (package:flutter/src/rendering/proxy_box.dart:118:18)
#73     RenderObject.layout (package:flutter/src/rendering/object.dart:2768:7)
#74     RenderView.performLayout (package:flutter/src/rendering/view.dart:292:12)
#75     RenderObject._layoutWithoutResize (package:flutter/src/rendering/object.dart:2616:7)
#76     PipelineOwner.flushLayout (package:flutter/src/rendering/object.dart:1174:18)
#77     PipelineOwner.flushLayout (package:flutter/src/rendering/object.dart:1187:15)
#78     AutomatedTestWidgetsFlutterBinding.drawFrame (package:flutter_test/src/binding.dart:2133:27)
#79     RendererBinding._handlePersistentFrameCallback (package:flutter/src/rendering/binding.dart:495:5)
#80     SchedulerBinding._invokeFrameCallback (package:flutter/src/scheduler/binding.dart:1430:15)
#81     SchedulerBinding.handleDrawFrame (package:flutter/src/scheduler/binding.dart:1345:9)
#82     AutomatedTestWidgetsFlutterBinding.pump.<anonymous closure> (package:flutter_test/src/binding.dart:1960:9)
#85     TestAsyncUtils.guard (package:flutter_test/src/test_async_utils.dart:74:41)
#86     AutomatedTestWidgetsFlutterBinding.pump (package:flutter_test/src/binding.dart:1949:27)
#87     WidgetTester.pumpWidget.<anonymous closure> (package:flutter_test/src/widget_tester.dart:598:22)
#90     TestAsyncUtils.guard (package:flutter_test/src/test_async_utils.dart:74:41)
#91     WidgetTester.pumpWidget (package:flutter_test/src/widget_tester.dart:595:27)
#92     main.<anonymous closure> (file:///D:/SEM%204/TaskProof/test/layout_test.dart:8:18)
#93     testWidgets.<anonymous closure>.<anonymous closure> (package:flutter_test/src/widget_tester.dart:192:29)
<asynchronous suspension>
#94     TestWidgetsFlutterBinding._runTestBody (package:flutter_test/src/binding.dart:1682:5)
<asynchronous suspension>
<asynchronous suspension>
(elided 7 frames from class _AssertionError, dart:async, and package:stack_trace)

The following RenderObject was being processed when the exception was fired: RenderPadding#cb84d relayoutBoundary=up1 NEEDS-LAYOUT NEEDS-PAINT NEEDS-COMPOSITING-BITS-UPDATE:
  creator: Padding ΓåÉ SafeArea ΓåÉ KeyedSubtree-[GlobalKey#c4cc1] ΓåÉ _BodyBuilder ΓåÉ MediaQuery ΓåÉ
    LayoutId-[<_ScaffoldSlot.body>] ΓåÉ CustomMultiChildLayout ΓåÉ _ActionsScope ΓåÉ Actions ΓåÉ
    AnimatedBuilder ΓåÉ DefaultTextStyle ΓåÉ AnimatedDefaultTextStyle ΓåÉ Γï»
  parentData: offset=Offset(0.0, 0.0); id=_ScaffoldSlot.body (can use size)
  constraints: BoxConstraints(0.0<=w<=800.0, 0.0<=h<=600.0)
  size: MISSING
  padding: EdgeInsets.zero
  textDirection: ltr
This RenderObject had the following descendants (showing up to depth 5):
    child: RenderClipRect#76ee6 relayoutBoundary=up2 NEEDS-PAINT NEEDS-COMPOSITING-BITS-UPDATE
      child: RenderTransform#53c14 relayoutBoundary=up3 NEEDS-PAINT NEEDS-COMPOSITING-BITS-UPDATE
        child: _RenderScrollSemantics#6a74f relayoutBoundary=up4 NEEDS-PAINT NEEDS-COMPOSITING-BITS-UPDATE
          child: RenderPointerListener#5b5aa relayoutBoundary=up5 NEEDS-PAINT NEEDS-COMPOSITING-BITS-UPDATE
            child: RenderSemanticsGestureHandler#42b80 relayoutBoundary=up6 NEEDS-PAINT NEEDS-COMPOSITING-BITS-UPDATE
ΓòÉΓòÉΓòÉΓòÉΓòÉΓòÉΓòÉΓòÉΓòÉΓòÉΓòÉΓòÉΓòÉΓòÉΓòÉΓòÉΓòÉΓòÉΓòÉΓòÉΓòÉΓòÉΓòÉΓòÉΓòÉΓòÉΓòÉΓòÉΓòÉΓòÉΓòÉΓòÉΓòÉΓòÉΓòÉΓòÉΓòÉΓòÉΓòÉΓòÉΓòÉΓòÉΓòÉΓòÉΓòÉΓòÉΓòÉΓòÉΓòÉΓòÉΓòÉΓòÉΓòÉΓòÉΓòÉΓòÉΓòÉΓòÉΓòÉΓòÉΓòÉΓòÉΓòÉΓòÉΓòÉΓòÉΓòÉΓòÉΓòÉΓòÉΓòÉΓòÉΓòÉΓòÉΓòÉΓòÉΓòÉΓòÉΓòÉΓòÉΓòÉΓòÉΓòÉΓòÉΓòÉΓòÉΓòÉΓòÉΓòÉΓòÉΓòÉΓòÉΓòÉΓòÉΓòÉΓòÉΓòÉΓòÉΓòÉΓòÉ
ΓòÉΓòÉΓòí EXCEPTION CAUGHT BY RENDERING LIBRARY Γò₧ΓòÉΓòÉΓòÉΓòÉΓòÉΓòÉΓòÉΓòÉΓòÉΓòÉΓòÉΓòÉΓòÉΓòÉΓòÉΓòÉΓòÉΓòÉΓòÉΓòÉΓòÉΓòÉΓòÉΓòÉΓòÉΓòÉΓòÉΓòÉΓòÉΓòÉΓòÉΓòÉΓòÉΓòÉΓòÉΓòÉΓòÉΓòÉΓòÉΓòÉΓòÉΓòÉΓòÉΓòÉΓòÉΓòÉΓòÉΓòÉΓòÉΓòÉΓòÉΓòÉΓòÉΓòÉΓòÉΓòÉΓòÉ
The following assertion was thrown during performLayout():
RenderBox was not laid out: RenderPadding#cb84d relayoutBoundary=up1 NEEDS-PAINT
NEEDS-COMPOSITING-BITS-UPDATE
'package:flutter/src/rendering/box.dart':
Failed assertion: line 2251 pos 12: 'hasSize'

Either the assertion indicates an error in the framework itself, or we should provide substantially
more information in this error message to help you determine and fix the underlying cause.
In either case, please report this assertion by filing a bug on GitHub:
  https://github.com/flutter/flutter/issues/new?template=02_bug.yml

The relevant error-causing widget was:
  Scaffold Scaffold:file:///D:/SEM%204/TaskProof/lib/dashboard.dart:12:12

When the exception was thrown, this was the stack:
#2      RenderBox.size (package:flutter/src/rendering/box.dart:2251:12)
#3      MultiChildLayoutDelegate.layoutChild (package:flutter/src/rendering/custom_layout.dart:181:18)
#4      _ScaffoldLayout.performLayout (package:flutter/src/material/scaffold.dart:1113:7)
#5      MultiChildLayoutDelegate._callPerformLayout (package:flutter/src/rendering/custom_layout.dart:246:7)
#6      RenderCustomMultiChildLayoutBox.performLayout (package:flutter/src/rendering/custom_layout.dart:417:14)
#7      RenderObject.layout (package:flutter/src/rendering/object.dart:2768:7)
#8      RenderProxyBoxMixin.performLayout (package:flutter/src/rendering/proxy_box.dart:118:18)
#9      RenderObject.layout (package:flutter/src/rendering/object.dart:2768:7)
#10     RenderProxyBoxMixin.performLayout (package:flutter/src/rendering/proxy_box.dart:118:18)
#11     _RenderCustomClip.performLayout (package:flutter/src/rendering/proxy_box.dart:1549:11)
#12     RenderObject.layout (package:flutter/src/rendering/object.dart:2768:7)
#13     RenderProxyBoxMixin.performLayout (package:flutter/src/rendering/proxy_box.dart:118:18)
#14     RenderObject.layout (package:flutter/src/rendering/object.dart:2768:7)
#15     RenderProxyBoxMixin.performLayout (package:flutter/src/rendering/proxy_box.dart:118:18)
#16     RenderObject.layout (package:flutter/src/rendering/object.dart:2768:7)
#17     RenderProxyBoxMixin.performLayout (package:flutter/src/rendering/proxy_box.dart:118:18)
#18     RenderObject.layout (package:flutter/src/rendering/object.dart:2768:7)
#19     RenderProxyBoxMixin.performLayout (package:flutter/src/rendering/proxy_box.dart:118:18)
#20     RenderObject.layout (package:flutter/src/rendering/object.dart:2768:7)
#21     RenderProxyBoxMixin.performLayout (package:flutter/src/rendering/proxy_box.dart:118:18)
#22     RenderObject.layout (package:flutter/src/rendering/object.dart:2768:7)
#23     RenderProxyBoxMixin.performLayout (package:flutter/src/rendering/proxy_box.dart:118:18)
#24     RenderObject.layout (package:flutter/src/rendering/object.dart:2768:7)
#25     RenderProxyBoxMixin.performLayout (package:flutter/src/rendering/proxy_box.dart:118:18)
#26     RenderObject.layout (package:flutter/src/rendering/object.dart:2768:7)
#27     RenderProxyBoxMixin.performLayout (package:flutter/src/rendering/proxy_box.dart:118:18)
#28     RenderObject.layout (package:flutter/src/rendering/object.dart:2768:7)
#29     RenderProxyBoxMixin.performLayout (package:flutter/src/rendering/proxy_box.dart:118:18)
#30     RenderObject.layout (package:flutter/src/rendering/object.dart:2768:7)
#31     RenderProxyBoxMixin.performLayout (package:flutter/src/rendering/proxy_box.dart:118:18)
#32     RenderObject.layout (package:flutter/src/rendering/object.dart:2768:7)
#33     RenderProxyBoxMixin.performLayout (package:flutter/src/rendering/proxy_box.dart:118:18)
#34     RenderObject.layout (package:flutter/src/rendering/object.dart:2768:7)
#35     RenderProxyBoxMixin.performLayout (package:flutter/src/rendering/proxy_box.dart:118:18)
#36     RenderObject.layout (package:flutter/src/rendering/object.dart:2768:7)
#37     RenderProxyBoxMixin.performLayout (package:flutter/src/rendering/proxy_box.dart:118:18)
#38     RenderObject.layout (package:flutter/src/rendering/object.dart:2768:7)
#39     RenderProxyBoxMixin.performLayout (package:flutter/src/rendering/proxy_box.dart:118:18)
#40     RenderObject.layout (package:flutter/src/rendering/object.dart:2768:7)
#41     RenderProxyBoxMixin.performLayout (package:flutter/src/rendering/proxy_box.dart:118:18)
#42     RenderObject.layout (package:flutter/src/rendering/object.dart:2768:7)
#43     RenderProxyBoxMixin.performLayout (package:flutter/src/rendering/proxy_box.dart:118:18)
#44     RenderOffstage.performLayout (package:flutter/src/rendering/proxy_box.dart:3923:13)
#45     RenderObject.layout (package:flutter/src/rendering/object.dart:2768:7)
#46     RenderProxyBoxMixin.performLayout (package:flutter/src/rendering/proxy_box.dart:118:18)
#47     RenderObject.layout (package:flutter/src/rendering/object.dart:2768:7)
#48     _RenderTheaterMixin.layoutChild (package:flutter/src/widgets/overlay.dart:1084:13)
#49     _RenderTheater.performLayout (package:flutter/src/widgets/overlay.dart:1429:9)
#50     RenderObject.layout (package:flutter/src/rendering/object.dart:2768:7)
#51     RenderProxyBoxMixin.performLayout (package:flutter/src/rendering/proxy_box.dart:118:18)
#52     RenderObject.layout (package:flutter/src/rendering/object.dart:2768:7)
#53     RenderProxyBoxMixin.performLayout (package:flutter/src/rendering/proxy_box.dart:118:18)
#54     RenderObject.layout (package:flutter/src/rendering/object.dart:2768:7)
#55     RenderProxyBoxMixin.performLayout (package:flutter/src/rendering/proxy_box.dart:118:18)
#56     RenderObject.layout (package:flutter/src/rendering/object.dart:2768:7)
#57     RenderProxyBoxMixin.performLayout (package:flutter/src/rendering/proxy_box.dart:118:18)
#58     RenderCustomPaint.performLayout (package:flutter/src/rendering/custom_paint.dart:574:11)
#59     RenderObject.layout (package:flutter/src/rendering/object.dart:2768:7)
#60     RenderProxyBoxMixin.performLayout (package:flutter/src/rendering/proxy_box.dart:118:18)
#61     RenderObject.layout (package:flutter/src/rendering/object.dart:2768:7)
#62     RenderProxyBoxMixin.performLayout (package:flutter/src/rendering/proxy_box.dart:118:18)
#63     RenderObject.layout (package:flutter/src/rendering/object.dart:2768:7)
#64     RenderProxyBoxMixin.performLayout (package:flutter/src/rendering/proxy_box.dart:118:18)
#65     RenderObject.layout (package:flutter/src/rendering/object.dart:2768:7)
#66     RenderProxyBoxMixin.performLayout (package:flutter/src/rendering/proxy_box.dart:118:18)
#67     RenderObject.layout (package:flutter/src/rendering/object.dart:2768:7)
#68     RenderProxyBoxMixin.performLayout (package:flutter/src/rendering/proxy_box.dart:118:18)
#69     RenderObject.layout (package:flutter/src/rendering/object.dart:2768:7)
#70     RenderProxyBoxMixin.performLayout (package:flutter/src/rendering/proxy_box.dart:118:18)
#71     RenderObject.layout (package:flutter/src/rendering/object.dart:2768:7)
#72     RenderView.performLayout (package:flutter/src/rendering/view.dart:292:12)
#73     RenderObject._layoutWithoutResize (package:flutter/src/rendering/object.dart:2616:7)
#74     PipelineOwner.flushLayout (package:flutter/src/rendering/object.dart:1174:18)
#75     PipelineOwner.flushLayout (package:flutter/src/rendering/object.dart:1187:15)
#76     AutomatedTestWidgetsFlutterBinding.drawFrame (package:flutter_test/src/binding.dart:2133:27)
#77     RendererBinding._handlePersistentFrameCallback (package:flutter/src/rendering/binding.dart:495:5)
#78     SchedulerBinding._invokeFrameCallback (package:flutter/src/scheduler/binding.dart:1430:15)
#79     SchedulerBinding.handleDrawFrame (package:flutter/src/scheduler/binding.dart:1345:9)
#80     AutomatedTestWidgetsFlutterBinding.pump.<anonymous closure> (package:flutter_test/src/binding.dart:1960:9)
#83     TestAsyncUtils.guard (package:flutter_test/src/test_async_utils.dart:74:41)
#84     AutomatedTestWidgetsFlutterBinding.pump (package:flutter_test/src/binding.dart:1949:27)
#85     WidgetTester.pumpWidget.<anonymous closure> (package:flutter_test/src/widget_tester.dart:598:22)
#88     TestAsyncUtils.guard (package:flutter_test/src/test_async_utils.dart:74:41)
#89     WidgetTester.pumpWidget (package:flutter_test/src/widget_tester.dart:595:27)
#90     main.<anonymous closure> (file:///D:/SEM%204/TaskProof/test/layout_test.dart:8:18)
#91     testWidgets.<anonymous closure>.<anonymous closure> (package:flutter_test/src/widget_tester.dart:192:29)
<asynchronous suspension>
#92     TestWidgetsFlutterBinding._runTestBody (package:flutter_test/src/binding.dart:1682:5)
<asynchronous suspension>
<asynchronous suspension>
(elided 7 frames from class _AssertionError, dart:async, and package:stack_trace)

The following RenderObject was being processed when the exception was fired: RenderCustomMultiChildLayoutBox#009a1 NEEDS-LAYOUT NEEDS-PAINT NEEDS-COMPOSITING-BITS-UPDATE:
  creator: CustomMultiChildLayout ΓåÉ _ActionsScope ΓåÉ Actions ΓåÉ AnimatedBuilder ΓåÉ DefaultTextStyle ΓåÉ
    AnimatedDefaultTextStyle ΓåÉ _InkFeatures-[GlobalKey#4c80b ink renderer] ΓåÉ
    NotificationListener<LayoutChangedNotification> ΓåÉ PhysicalModel ΓåÉ AnimatedPhysicalModel ΓåÉ Material
    ΓåÉ _ScrollNotificationObserverScope ΓåÉ Γï»
  parentData: <none> (can use size)
  constraints: BoxConstraints(w=800.0, h=600.0)
  size: Size(800.0, 600.0)
This RenderObject had the following descendants (showing up to depth 5):
    child 1: RenderPadding#cb84d relayoutBoundary=up1 NEEDS-PAINT NEEDS-COMPOSITING-BITS-UPDATE
      child: RenderClipRect#76ee6 relayoutBoundary=up2 NEEDS-PAINT NEEDS-COMPOSITING-BITS-UPDATE
        child: RenderTransform#53c14 relayoutBoundary=up3 NEEDS-PAINT NEEDS-COMPOSITING-BITS-UPDATE
          child: _RenderScrollSemantics#6a74f relayoutBoundary=up4 NEEDS-PAINT NEEDS-COMPOSITING-BITS-UPDATE
            child: RenderPointerListener#5b5aa relayoutBoundary=up5 NEEDS-PAINT NEEDS-COMPOSITING-BITS-UPDATE
    child 2: RenderStack#f3a8c NEEDS-LAYOUT NEEDS-PAINT NEEDS-COMPOSITING-BITS-UPDATE
      child 1: RenderTransform#d0a3b NEEDS-LAYOUT NEEDS-PAINT NEEDS-COMPOSITING-BITS-UPDATE
        child: RenderTransform#c03a9 NEEDS-LAYOUT NEEDS-PAINT
ΓòÉΓòÉΓòÉΓòÉΓòÉΓòÉΓòÉΓòÉΓòÉΓòÉΓòÉΓòÉΓòÉΓòÉΓòÉΓòÉΓòÉΓòÉΓòÉΓòÉΓòÉΓòÉΓòÉΓòÉΓòÉΓòÉΓòÉΓòÉΓòÉΓòÉΓòÉΓòÉΓòÉΓòÉΓòÉΓòÉΓòÉΓòÉΓòÉΓòÉΓòÉΓòÉΓòÉΓòÉΓòÉΓòÉΓòÉΓòÉΓòÉΓòÉΓòÉΓòÉΓòÉΓòÉΓòÉΓòÉΓòÉΓòÉΓòÉΓòÉΓòÉΓòÉΓòÉΓòÉΓòÉΓòÉΓòÉΓòÉΓòÉΓòÉΓòÉΓòÉΓòÉΓòÉΓòÉΓòÉΓòÉΓòÉΓòÉΓòÉΓòÉΓòÉΓòÉΓòÉΓòÉΓòÉΓòÉΓòÉΓòÉΓòÉΓòÉΓòÉΓòÉΓòÉΓòÉΓòÉΓòÉΓòÉΓòÉΓòÉ
ΓòÉΓòÉΓòí EXCEPTION CAUGHT BY RENDERING LIBRARY Γò₧ΓòÉΓòÉΓòÉΓòÉΓòÉΓòÉΓòÉΓòÉΓòÉΓòÉΓòÉΓòÉΓòÉΓòÉΓòÉΓòÉΓòÉΓòÉΓòÉΓòÉΓòÉΓòÉΓòÉΓòÉΓòÉΓòÉΓòÉΓòÉΓòÉΓòÉΓòÉΓòÉΓòÉΓòÉΓòÉΓòÉΓòÉΓòÉΓòÉΓòÉΓòÉΓòÉΓòÉΓòÉΓòÉΓòÉΓòÉΓòÉΓòÉΓòÉΓòÉΓòÉΓòÉΓòÉΓòÉΓòÉΓòÉ
The following assertion was thrown during paint():
RenderBox was not laid out: RenderTransform#53c14 relayoutBoundary=up3
'package:flutter/src/rendering/box.dart':
Failed assertion: line 2251 pos 12: 'hasSize'

Either the assertion indicates an error in the framework itself, or we should provide substantially
more information in this error message to help you determine and fix the underlying cause.
In either case, please report this assertion by filing a bug on GitHub:
  https://github.com/flutter/flutter/issues/new?template=02_bug.yml

The relevant error-causing widget was:
  SingleChildScrollView SingleChildScrollView:file:///D:/SEM%204/TaskProof/lib/dashboard.dart:15:16

When the exception was thrown, this was the stack:
#2      RenderBox.size (package:flutter/src/rendering/box.dart:2251:12)
#3      RenderTransform._effectiveTransform (package:flutter/src/rendering/proxy_box.dart:2700:49)
#4      RenderTransform.paint (package:flutter/src/rendering/proxy_box.dart:2737:33)
#5      RenderObject._paintWithContext (package:flutter/src/rendering/object.dart:3429:7)
#6      PaintingContext.paintChild (package:flutter/src/rendering/object.dart:265:13)
#7      RenderClipRect.paint (package:flutter/src/rendering/proxy_box.dart:1653:17)
#8      RenderObject._paintWithContext (package:flutter/src/rendering/object.dart:3429:7)
#9      PaintingContext.paintChild (package:flutter/src/rendering/object.dart:265:13)
#10     RenderShiftedBox.paint (package:flutter/src/rendering/shifted_box.dart:98:15)
#11     RenderObject._paintWithContext (package:flutter/src/rendering/object.dart:3429:7)
#12     PaintingContext.paintChild (package:flutter/src/rendering/object.dart:265:13)
#13     RenderBoxContainerDefaultsMixin.defaultPaint (package:flutter/src/rendering/box.dart:3368:15)
#14     RenderCustomMultiChildLayoutBox.paint (package:flutter/src/rendering/custom_layout.dart:422:5)
#15     RenderObject._paintWithContext (package:flutter/src/rendering/object.dart:3429:7)
#16     PaintingContext.paintChild (package:flutter/src/rendering/object.dart:265:13)
#17     RenderProxyBoxMixin.paint (package:flutter/src/rendering/proxy_box.dart:143:13)
#18     _RenderInkFeatures.paint (package:flutter/src/material/material.dart:634:11)
#19     RenderObject._paintWithContext (package:flutter/src/rendering/object.dart:3429:7)
#20     PaintingContext.paintChild (package:flutter/src/rendering/object.dart:265:13)
#21     RenderProxyBoxMixin.paint (package:flutter/src/rendering/proxy_box.dart:143:13)
#22     RenderPhysicalModel.paint.<anonymous closure> (package:flutter/src/rendering/proxy_box.dart:2252:15)
#23     PaintingContext.pushClipRRect (package:flutter/src/rendering/object.dart:626:14)
#24     RenderPhysicalModel.paint (package:flutter/src/rendering/proxy_box.dart:2239:21)
#25     RenderObject._paintWithContext (package:flutter/src/rendering/object.dart:3429:7)
#26     PaintingContext.paintChild (package:flutter/src/rendering/object.dart:265:13)
#27     RenderProxyBoxMixin.paint (package:flutter/src/rendering/proxy_box.dart:143:13)
#28     RenderObject._paintWithContext (package:flutter/src/rendering/object.dart:3429:7)
#29     PaintingContext.paintChild (package:flutter/src/rendering/object.dart:265:13)
#30     RenderProxyBoxMixin.paint (package:flutter/src/rendering/proxy_box.dart:143:13)
#31     RenderObject._paintWithContext (package:flutter/src/rendering/object.dart:3429:7)
#32     PaintingContext._repaintCompositedChild (package:flutter/src/rendering/object.dart:180:11)
#33     PaintingContext.repaintCompositedChild (package:flutter/src/rendering/object.dart:125:5)
#34     PaintingContext._compositeChild (package:flutter/src/rendering/object.dart:276:7)
#35     PaintingContext.paintChild (package:flutter/src/rendering/object.dart:257:7)
#36     RenderProxyBoxMixin.paint (package:flutter/src/rendering/proxy_box.dart:143:13)
#37     RenderObject._paintWithContext (package:flutter/src/rendering/object.dart:3429:7)
#38     PaintingContext.paintChild (package:flutter/src/rendering/object.dart:265:13)
#39     RenderProxyBoxMixin.paint (package:flutter/src/rendering/proxy_box.dart:143:13)
#40     RenderFractionalTranslation.paint (package:flutter/src/rendering/proxy_box.dart:3138:13)
#41     RenderObject._paintWithContext (package:flutter/src/rendering/object.dart:3429:7)
#42     PaintingContext.paintChild (package:flutter/src/rendering/object.dart:265:13)
#43     RenderProxyBoxMixin.paint (package:flutter/src/rendering/proxy_box.dart:143:13)
#44     RenderAnimatedOpacityMixin.paint (package:flutter/src/rendering/proxy_box.dart:1079:11)
#45     RenderObject._paintWithContext (package:flutter/src/rendering/object.dart:3429:7)
#46     PaintingContext._repaintCompositedChild (package:flutter/src/rendering/object.dart:180:11)
#47     PaintingContext.repaintCompositedChild (package:flutter/src/rendering/object.dart:125:5)
#48     PaintingContext._compositeChild (package:flutter/src/rendering/object.dart:276:7)
#49     PaintingContext.paintChild (package:flutter/src/rendering/object.dart:257:7)
#50     RenderProxyBoxMixin.paint (package:flutter/src/rendering/proxy_box.dart:143:13)
#51     RenderFractionalTranslation.paint (package:flutter/src/rendering/proxy_box.dart:3138:13)
#52     RenderObject._paintWithContext (package:flutter/src/rendering/object.dart:3429:7)
#53     PaintingContext.paintChild (package:flutter/src/rendering/object.dart:265:13)
#54     RenderProxyBoxMixin.paint (package:flutter/src/rendering/proxy_box.dart:143:13)
#55     RenderAnimatedOpacityMixin.paint (package:flutter/src/rendering/proxy_box.dart:1079:11)
#56     RenderObject._paintWithContext (package:flutter/src/rendering/object.dart:3429:7)
#57     PaintingContext._repaintCompositedChild (package:flutter/src/rendering/object.dart:180:11)
#58     PaintingContext.repaintCompositedChild (package:flutter/src/rendering/object.dart:125:5)
#59     PaintingContext._compositeChild (package:flutter/src/rendering/object.dart:276:7)
#60     PaintingContext.paintChild (package:flutter/src/rendering/object.dart:257:7)
#61     _RenderColoredBox.paint (package:flutter/src/widgets/basic.dart:8567:15)
#62     RenderObject._paintWithContext (package:flutter/src/rendering/object.dart:3429:7)
#63     PaintingContext.paintChild (package:flutter/src/rendering/object.dart:265:13)
#64     RenderProxyBoxMixin.paint (package:flutter/src/rendering/proxy_box.dart:143:13)
#65     RenderFractionalTranslation.paint (package:flutter/src/rendering/proxy_box.dart:3138:13)
#66     RenderObject._paintWithContext (package:flutter/src/rendering/object.dart:3429:7)
#67     PaintingContext.paintChild (package:flutter/src/rendering/object.dart:265:13)
#68     RenderProxyBoxMixin.paint (package:flutter/src/rendering/proxy_box.dart:143:13)
#69     RenderAnimatedOpacityMixin.paint (package:flutter/src/rendering/proxy_box.dart:1079:11)
#70     RenderObject._paintWithContext (package:flutter/src/rendering/object.dart:3429:7)
#71     PaintingContext._repaintCompositedChild (package:flutter/src/rendering/object.dart:180:11)
#72     PaintingContext.repaintCompositedChild (package:flutter/src/rendering/object.dart:125:5)
#73     PaintingContext._compositeChild (package:flutter/src/rendering/object.dart:276:7)
#74     PaintingContext.paintChild (package:flutter/src/rendering/object.dart:257:7)
#75     RenderProxyBoxMixin.paint (package:flutter/src/rendering/proxy_box.dart:143:13)
#76     RenderObject._paintWithContext (package:flutter/src/rendering/object.dart:3429:7)
#77     PaintingContext.paintChild (package:flutter/src/rendering/object.dart:265:13)
#78     RenderProxyBoxMixin.paint (package:flutter/src/rendering/proxy_box.dart:143:13)
#79     RenderFractionalTranslation.paint (package:flutter/src/rendering/proxy_box.dart:3138:13)
#80     RenderObject._paintWithContext (package:flutter/src/rendering/object.dart:3429:7)
#81     PaintingContext.paintChild (package:flutter/src/rendering/object.dart:265:13)
#82     RenderProxyBoxMixin.paint (package:flutter/src/rendering/proxy_box.dart:143:13)
#83     RenderAnimatedOpacityMixin.paint (package:flutter/src/rendering/proxy_box.dart:1079:11)
#84     RenderObject._paintWithContext (package:flutter/src/rendering/object.dart:3429:7)
#85     PaintingContext._repaintCompositedChild (package:flutter/src/rendering/object.dart:180:11)
#86     PaintingContext.repaintCompositedChild (package:flutter/src/rendering/object.dart:125:5)
#87     PaintingContext._compositeChild (package:flutter/src/rendering/object.dart:276:7)
#88     PaintingContext.paintChild (package:flutter/src/rendering/object.dart:257:7)
#89     RenderProxyBoxMixin.paint (package:flutter/src/rendering/proxy_box.dart:143:13)
#90     RenderObject._paintWithContext (package:flutter/src/rendering/object.dart:3429:7)
#91     PaintingContext._repaintCompositedChild (package:flutter/src/rendering/object.dart:180:11)
#92     PaintingContext.repaintCompositedChild (package:flutter/src/rendering/object.dart:125:5)
#93     PaintingContext._compositeChild (package:flutter/src/rendering/object.dart:276:7)
#94     PaintingContext.paintChild (package:flutter/src/rendering/object.dart:257:7)
#95     RenderProxyBoxMixin.paint (package:flutter/src/rendering/proxy_box.dart:143:13)
#96     RenderObject._paintWithContext (package:flutter/src/rendering/object.dart:3429:7)
#97     PaintingContext.paintChild (package:flutter/src/rendering/object.dart:265:13)
#98     RenderProxyBoxMixin.paint (package:flutter/src/rendering/proxy_box.dart:143:13)
#99     RenderOffstage.paint (package:flutter/src/rendering/proxy_box.dart:3943:11)
#100    RenderObject._paintWithContext (package:flutter/src/rendering/object.dart:3429:7)
#101    PaintingContext.paintChild (package:flutter/src/rendering/object.dart:265:13)
#102    RenderProxyBoxMixin.paint (package:flutter/src/rendering/proxy_box.dart:143:13)
#103    RenderObject._paintWithContext (package:flutter/src/rendering/object.dart:3429:7)
#104    PaintingContext.paintChild (package:flutter/src/rendering/object.dart:265:13)
#105    _RenderTheaterMixin.paint (package:flutter/src/widgets/overlay.dart:1119:15)
#106    _RenderTheater.paint (package:flutter/src/widgets/overlay.dart:1476:13)
#107    RenderObject._paintWithContext (package:flutter/src/rendering/object.dart:3429:7)
#108    PaintingContext.paintChild (package:flutter/src/rendering/object.dart:265:13)
#109    RenderProxyBoxMixin.paint (package:flutter/src/rendering/proxy_box.dart:143:13)
#110    RenderObject._paintWithContext (package:flutter/src/rendering/object.dart:3429:7)
#111    PaintingContext.paintChild (package:flutter/src/rendering/object.dart:265:13)
#112    RenderProxyBoxMixin.paint (package:flutter/src/rendering/proxy_box.dart:143:13)
#113    RenderObject._paintWithContext (package:flutter/src/rendering/object.dart:3429:7)
#114    PaintingContext.paintChild (package:flutter/src/rendering/object.dart:265:13)
#115    RenderProxyBoxMixin.paint (package:flutter/src/rendering/proxy_box.dart:143:13)
#116    RenderObject._paintWithContext (package:flutter/src/rendering/object.dart:3429:7)
#117    PaintingContext.paintChild (package:flutter/src/rendering/object.dart:265:13)
#118    RenderProxyBoxMixin.paint (package:flutter/src/rendering/proxy_box.dart:143:13)
#119    RenderCustomPaint.paint (package:flutter/src/rendering/custom_paint.dart:644:11)
#120    RenderObject._paintWithContext (package:flutter/src/rendering/object.dart:3429:7)
#121    PaintingContext.paintChild (package:flutter/src/rendering/object.dart:265:13)
#122    RenderProxyBoxMixin.paint (package:flutter/src/rendering/proxy_box.dart:143:13)
#123    RenderObject._paintWithContext (package:flutter/src/rendering/object.dart:3429:7)
#124    PaintingContext.paintChild (package:flutter/src/rendering/object.dart:265:13)
#125    RenderProxyBoxMixin.paint (package:flutter/src/rendering/proxy_box.dart:143:13)
#126    RenderObject._paintWithContext (package:flutter/src/rendering/object.dart:3429:7)
#127    PaintingContext.paintChild (package:flutter/src/rendering/object.dart:265:13)
#128    RenderProxyBoxMixin.paint (package:flutter/src/rendering/proxy_box.dart:143:13)
#129    RenderObject._paintWithContext (package:flutter/src/rendering/object.dart:3429:7)
#130    PaintingContext.paintChild (package:flutter/src/rendering/object.dart:265:13)
#131    RenderProxyBoxMixin.paint (package:flutter/src/rendering/proxy_box.dart:143:13)
#132    RenderObject._paintWithContext (package:flutter/src/rendering/object.dart:3429:7)
#133    PaintingContext.paintChild (package:flutter/src/rendering/object.dart:265:13)
#134    RenderProxyBoxMixin.paint (package:flutter/src/rendering/proxy_box.dart:143:13)
#135    RenderObject._paintWithContext (package:flutter/src/rendering/object.dart:3429:7)
#136    PaintingContext.paintChild (package:flutter/src/rendering/object.dart:265:13)
#137    RenderProxyBoxMixin.paint (package:flutter/src/rendering/proxy_box.dart:143:13)
#138    RenderObject._paintWithContext (package:flutter/src/rendering/object.dart:3429:7)
#139    PaintingContext.paintChild (package:flutter/src/rendering/object.dart:265:13)
#140    RenderView.paint (package:flutter/src/rendering/view.dart:320:15)
#141    RenderObject._paintWithContext (package:flutter/src/rendering/object.dart:3429:7)
#142    PaintingContext._repaintCompositedChild (package:flutter/src/rendering/object.dart:180:11)
#143    PaintingContext.repaintCompositedChild (package:flutter/src/rendering/object.dart:125:5)
#144    PipelineOwner.flushPaint (package:flutter/src/rendering/object.dart:1325:31)
#145    PipelineOwner.flushPaint (package:flutter/src/rendering/object.dart:1335:15)
#146    AutomatedTestWidgetsFlutterBinding.drawFrame (package:flutter_test/src/binding.dart:2137:31)
#147    RendererBinding._handlePersistentFrameCallback (package:flutter/src/rendering/binding.dart:495:5)
#148    SchedulerBinding._invokeFrameCallback (package:flutter/src/scheduler/binding.dart:1430:15)
#149    SchedulerBinding.handleDrawFrame (package:flutter/src/scheduler/binding.dart:1345:9)
#150    AutomatedTestWidgetsFlutterBinding.pump.<anonymous closure> (package:flutter_test/src/binding.dart:1960:9)
#153    TestAsyncUtils.guard (package:flutter_test/src/test_async_utils.dart:74:41)
#154    AutomatedTestWidgetsFlutterBinding.pump (package:flutter_test/src/binding.dart:1949:27)
#155    WidgetTester.pumpWidget.<anonymous closure> (package:flutter_test/src/widget_tester.dart:598:22)
#158    TestAsyncUtils.guard (package:flutter_test/src/test_async_utils.dart:74:41)
#159    WidgetTester.pumpWidget (package:flutter_test/src/widget_tester.dart:595:27)
#160    main.<anonymous closure> (file:///D:/SEM%204/TaskProof/test/layout_test.dart:8:18)
#161    testWidgets.<anonymous closure>.<anonymous closure> (package:flutter_test/src/widget_tester.dart:192:29)
<asynchronous suspension>
#162    TestWidgetsFlutterBinding._runTestBody (package:flutter_test/src/binding.dart:1682:5)
<asynchronous suspension>
<asynchronous suspension>
(elided 7 frames from class _AssertionError, dart:async, and package:stack_trace)

The following RenderObject was being processed when the exception was fired: RenderTransform#53c14 relayoutBoundary=up3:
  needs compositing
  creator: Transform ΓåÉ StretchEffect ΓåÉ ClipRect ΓåÉ AnimatedBuilder ΓåÉ
    NotificationListener<ScrollNotification> ΓåÉ StretchingOverscrollIndicator ΓåÉ Scrollable ΓåÉ
    PrimaryScrollController ΓåÉ SingleChildScrollView ΓåÉ MediaQuery ΓåÉ Padding ΓåÉ SafeArea ΓåÉ Γï»
  parentData: <none> (can use size)
  constraints: BoxConstraints(0.0<=w<=800.0, 0.0<=h<=600.0)
  size: MISSING
  transform matrix:
    [0] 1.0,0.0,0.0,0.0
    [1] 0.0,1.0,0.0,0.0
    [2] 0.0,0.0,1.0,0.0
    [3] 0.0,0.0,0.0,1.0
  origin: null
  alignment: AlignmentDirectional.bottomCenter
  textDirection: ltr
  transformHitTests: true
This RenderObject had the following descendants (showing up to depth 5):
    child: _RenderScrollSemantics#6a74f relayoutBoundary=up4 NEEDS-PAINT
      child: RenderPointerListener#5b5aa relayoutBoundary=up5 NEEDS-PAINT
        child: RenderSemanticsGestureHandler#42b80 relayoutBoundary=up6 NEEDS-PAINT
          child: RenderPointerListener#65b5f relayoutBoundary=up7 NEEDS-PAINT
            child: RenderSemanticsAnnotations#bc23b relayoutBoundary=up8 NEEDS-PAINT
ΓòÉΓòÉΓòÉΓòÉΓòÉΓòÉΓòÉΓòÉΓòÉΓòÉΓòÉΓòÉΓòÉΓòÉΓòÉΓòÉΓòÉΓòÉΓòÉΓòÉΓòÉΓòÉΓòÉΓòÉΓòÉΓòÉΓòÉΓòÉΓòÉΓòÉΓòÉΓòÉΓòÉΓòÉΓòÉΓòÉΓòÉΓòÉΓòÉΓòÉΓòÉΓòÉΓòÉΓòÉΓòÉΓòÉΓòÉΓòÉΓòÉΓòÉΓòÉΓòÉΓòÉΓòÉΓòÉΓòÉΓòÉΓòÉΓòÉΓòÉΓòÉΓòÉΓòÉΓòÉΓòÉΓòÉΓòÉΓòÉΓòÉΓòÉΓòÉΓòÉΓòÉΓòÉΓòÉΓòÉΓòÉΓòÉΓòÉΓòÉΓòÉΓòÉΓòÉΓòÉΓòÉΓòÉΓòÉΓòÉΓòÉΓòÉΓòÉΓòÉΓòÉΓòÉΓòÉΓòÉΓòÉΓòÉΓòÉΓòÉ
ΓòÉΓòÉΓòí EXCEPTION CAUGHT BY SCHEDULER LIBRARY Γò₧ΓòÉΓòÉΓòÉΓòÉΓòÉΓòÉΓòÉΓòÉΓòÉΓòÉΓòÉΓòÉΓòÉΓòÉΓòÉΓòÉΓòÉΓòÉΓòÉΓòÉΓòÉΓòÉΓòÉΓòÉΓòÉΓòÉΓòÉΓòÉΓòÉΓòÉΓòÉΓòÉΓòÉΓòÉΓòÉΓòÉΓòÉΓòÉΓòÉΓòÉΓòÉΓòÉΓòÉΓòÉΓòÉΓòÉΓòÉΓòÉΓòÉΓòÉΓòÉΓòÉΓòÉΓòÉΓòÉΓòÉΓòÉ
The following assertion was thrown during a scheduler callback:
'package:flutter/src/rendering/object.dart': Failed assertion: line 5737 pos 14:
'!childSemantics.renderObject._needsLayout': is not true.

Either the assertion indicates an error in the framework itself, or we should provide substantially
more information in this error message to help you determine and fix the underlying cause.
In either case, please report this assertion by filing a bug on GitHub:
  https://github.com/flutter/flutter/issues/new?template=02_bug.yml

When the exception was thrown, this was the stack:
#2      _RenderObjectSemantics._collectChildMergeUpAndSiblingGroup (package:flutter/src/rendering/object.dart:5737:14)
#3      _RenderObjectSemantics.updateChildren (package:flutter/src/rendering/object.dart:5608:50)
#4      _RenderObjectSemantics._didUpdateParentData (package:flutter/src/rendering/object.dart:5815:5)
#5      _RenderObjectSemantics._collectChildMergeUpAndSiblingGroup (package:flutter/src/rendering/object.dart:5738:22)
#6      _RenderObjectSemantics.updateChildren (package:flutter/src/rendering/object.dart:5608:50)
#7      _RenderObjectSemantics._didUpdateParentData (package:flutter/src/rendering/object.dart:5815:5)
#8      _RenderObjectSemantics._collectChildMergeUpAndSiblingGroup (package:flutter/src/rendering/object.dart:5738:22)
#9      _RenderObjectSemantics.updateChildren (package:flutter/src/rendering/object.dart:5608:50)
#10     _RenderObjectSemantics._didUpdateParentData (package:flutter/src/rendering/object.dart:5815:5)
#11     _RenderObjectSemantics._collectChildMergeUpAndSiblingGroup (package:flutter/src/rendering/object.dart:5738:22)
#12     _RenderObjectSemantics.updateChildren (package:flutter/src/rendering/object.dart:5608:50)
#13     _RenderObjectSemantics._didUpdateParentData (package:flutter/src/rendering/object.dart:5815:5)
#14     _RenderObjectSemantics._collectChildMergeUpAndSiblingGroup (package:flutter/src/rendering/object.dart:5738:22)
#15     _RenderObjectSemantics.updateChildren (package:flutter/src/rendering/object.dart:5608:50)
#16     _RenderObjectSemantics._didUpdateParentData (package:flutter/src/rendering/object.dart:5815:5)
#17     _RenderObjectSemantics._collectChildMergeUpAndSiblingGroup (package:flutter/src/rendering/object.dart:5738:22)
#18     _RenderObjectSemantics.updateChildren (package:flutter/src/rendering/object.dart:5608:50)
#19     _RenderObjectSemantics._didUpdateParentData (package:flutter/src/rendering/object.dart:5815:5)
#20     _RenderObjectSemantics._collectChildMergeUpAndSiblingGroup (package:flutter/src/rendering/object.dart:5738:22)
#21     _RenderObjectSemantics.updateChildren (package:flutter/src/rendering/object.dart:5608:50)
#22     _RenderObjectSemantics._didUpdateParentData (package:flutter/src/rendering/object.dart:5815:5)
#23     _RenderObjectSemantics._collectChildMergeUpAndSiblingGroup (package:flutter/src/rendering/object.dart:5738:22)
#24     _RenderObjectSemantics.updateChildren (package:flutter/src/rendering/object.dart:5608:50)
#25     _RenderObjectSemantics._didUpdateParentData (package:flutter/src/rendering/object.dart:5815:5)
#26     _RenderObjectSemantics._collectChildMergeUpAndSiblingGroup (package:flutter/src/rendering/object.dart:5738:22)
#27     _RenderObjectSemantics.updateChildren (package:flutter/src/rendering/object.dart:5608:50)
#28     _RenderObjectSemantics._didUpdateParentData (package:flutter/src/rendering/object.dart:5815:5)
#29     _RenderObjectSemantics._collectChildMergeUpAndSiblingGroup (package:flutter/src/rendering/object.dart:5738:22)
#30     _RenderObjectSemantics.updateChildren (package:flutter/src/rendering/object.dart:5608:50)
#31     _RenderObjectSemantics._didUpdateParentData (package:flutter/src/rendering/object.dart:5815:5)
#32     _RenderObjectSemantics._collectChildMergeUpAndSiblingGroup (package:flutter/src/rendering/object.dart:5738:22)
#33     _RenderObjectSemantics.updateChildren (package:flutter/src/rendering/object.dart:5608:50)
#34     _RenderObjectSemantics._didUpdateParentData (package:flutter/src/rendering/object.dart:5815:5)
#35     _RenderObjectSemantics._collectChildMergeUpAndSiblingGroup (package:flutter/src/rendering/object.dart:5738:22)
#36     _RenderObjectSemantics.updateChildren (package:flutter/src/rendering/object.dart:5608:50)
#37     _RenderObjectSemantics._didUpdateParentData (package:flutter/src/rendering/object.dart:5815:5)
#38     _RenderObjectSemantics._collectChildMergeUpAndSiblingGroup (package:flutter/src/rendering/object.dart:5738:22)
#39     _RenderObjectSemantics.updateChildren (package:flutter/src/rendering/object.dart:5608:50)
#40     _RenderObjectSemantics._didUpdateParentData (package:flutter/src/rendering/object.dart:5815:5)
#41     _RenderObjectSemantics._collectChildMergeUpAndSiblingGroup (package:flutter/src/rendering/object.dart:5738:22)
#42     _RenderObjectSemantics.updateChildren (package:flutter/src/rendering/object.dart:5608:50)
#43     _RenderObjectSemantics._didUpdateParentData (package:flutter/src/rendering/object.dart:5815:5)
#44     _RenderObjectSemantics._collectChildMergeUpAndSiblingGroup (package:flutter/src/rendering/object.dart:5738:22)
#45     _RenderObjectSemantics.updateChildren (package:flutter/src/rendering/object.dart:5608:50)
#46     _RenderObjectSemantics._didUpdateParentData (package:flutter/src/rendering/object.dart:5815:5)
#47     _RenderObjectSemantics._collectChildMergeUpAndSiblingGroup (package:flutter/src/rendering/object.dart:5738:22)
#48     _RenderObjectSemantics.updateChildren (package:flutter/src/rendering/object.dart:5608:50)
#49     _RenderObjectSemantics._didUpdateParentData (package:flutter/src/rendering/object.dart:5815:5)
#50     _RenderObjectSemantics._collectChildMergeUpAndSiblingGroup (package:flutter/src/rendering/object.dart:5738:22)
#51     _RenderObjectSemantics.updateChildren (package:flutter/src/rendering/object.dart:5608:50)
#52     _RenderObjectSemantics._didUpdateParentData (package:flutter/src/rendering/object.dart:5815:5)
#53     _RenderObjectSemantics._collectChildMergeUpAndSiblingGroup (package:flutter/src/rendering/object.dart:5738:22)
#54     _RenderObjectSemantics.updateChildren (package:flutter/src/rendering/object.dart:5608:50)
#55     _RenderObjectSemantics._didUpdateParentData (package:flutter/src/rendering/object.dart:5815:5)
#56     _RenderObjectSemantics._collectChildMergeUpAndSiblingGroup (package:flutter/src/rendering/object.dart:5738:22)
#57     _RenderObjectSemantics.updateChildren (package:flutter/src/rendering/object.dart:5608:50)
#58     _RenderObjectSemantics._didUpdateParentData (package:flutter/src/rendering/object.dart:5815:5)
#59     _RenderObjectSemantics._collectChildMergeUpAndSiblingGroup (package:flutter/src/rendering/object.dart:5738:22)
#60     _RenderObjectSemantics.updateChildren (package:flutter/src/rendering/object.dart:5608:50)
#61     _RenderObjectSemantics._didUpdateParentData (package:flutter/src/rendering/object.dart:5815:5)
#62     _RenderObjectSemantics._collectChildMergeUpAndSiblingGroup (package:flutter/src/rendering/object.dart:5738:22)
#63     _RenderObjectSemantics.updateChildren (package:flutter/src/rendering/object.dart:5608:50)
#64     _RenderObjectSemantics._didUpdateParentData (package:flutter/src/rendering/object.dart:5815:5)
#65     _RenderObjectSemantics._collectChildMergeUpAndSiblingGroup (package:flutter/src/rendering/object.dart:5738:22)
#66     _RenderObjectSemantics.updateChildren (package:flutter/src/rendering/object.dart:5608:50)
#67     _RenderObjectSemantics._didUpdateParentData (package:flutter/src/rendering/object.dart:5815:5)
#68     _RenderObjectSemantics._collectChildMergeUpAndSiblingGroup (package:flutter/src/rendering/object.dart:5738:22)
#69     _RenderObjectSemantics.updateChildren (package:flutter/src/rendering/object.dart:5608:50)
#70     _RenderObjectSemantics._didUpdateParentData (package:flutter/src/rendering/object.dart:5815:5)
#71     _RenderObjectSemantics._collectChildMergeUpAndSiblingGroup (package:flutter/src/rendering/object.dart:5738:22)
#72     _RenderObjectSemantics.updateChildren (package:flutter/src/rendering/object.dart:5608:50)
#73     _RenderObjectSemantics._didUpdateParentData (package:flutter/src/rendering/object.dart:5815:5)
#74     _RenderObjectSemantics._collectChildMergeUpAndSiblingGroup (package:flutter/src/rendering/object.dart:5738:22)
#75     _RenderObjectSemantics.updateChildren (package:flutter/src/rendering/object.dart:5608:50)
#76     _RenderObjectSemantics._didUpdateParentData (package:flutter/src/rendering/object.dart:5815:5)
#77     _RenderObjectSemantics._collectChildMergeUpAndSiblingGroup (package:flutter/src/rendering/object.dart:5738:22)
#78     _RenderObjectSemantics.updateChildren (package:flutter/src/rendering/object.dart:5608:50)
#79     _RenderObjectSemantics._didUpdateParentData (package:flutter/src/rendering/object.dart:5815:5)
#80     _RenderObjectSemantics._collectChildMergeUpAndSiblingGroup (package:flutter/src/rendering/object.dart:5738:22)
#81     _RenderObjectSemantics.updateChildren (package:flutter/src/rendering/object.dart:5608:50)
#82     _RenderObjectSemantics._didUpdateParentData (package:flutter/src/rendering/object.dart:5815:5)
#83     _RenderObjectSemantics._collectChildMergeUpAndSiblingGroup (package:flutter/src/rendering/object.dart:5738:22)
#84     _RenderObjectSemantics.updateChildren (package:flutter/src/rendering/object.dart:5608:50)
#85     _RenderObjectSemantics._didUpdateParentData (package:flutter/src/rendering/object.dart:5815:5)
#86     _RenderObjectSemantics._collectChildMergeUpAndSiblingGroup (package:flutter/src/rendering/object.dart:5738:22)
#87     _RenderObjectSemantics.updateChildren (package:flutter/src/rendering/object.dart:5608:50)
#88     _RenderObjectSemantics._didUpdateParentData (package:flutter/src/rendering/object.dart:5815:5)
#89     _RenderObjectSemantics._collectChildMergeUpAndSiblingGroup (package:flutter/src/rendering/object.dart:5738:22)
#90     _RenderObjectSemantics.updateChildren (package:flutter/src/rendering/object.dart:5608:50)
#91     _RenderObjectSemantics._didUpdateParentData (package:flutter/src/rendering/object.dart:5815:5)
#92     _RenderObjectSemantics._collectChildMergeUpAndSiblingGroup (package:flutter/src/rendering/object.dart:5738:22)
#93     _RenderObjectSemantics.updateChildren (package:flutter/src/rendering/object.dart:5608:50)
#94     _RenderObjectSemantics._didUpdateParentData (package:flutter/src/rendering/object.dart:5815:5)
#95     _RenderObjectSemantics._collectChildMergeUpAndSiblingGroup (package:flutter/src/rendering/object.dart:5738:22)
#96     _RenderObjectSemantics.updateChildren (package:flutter/src/rendering/object.dart:5608:50)
#97     _RenderObjectSemantics._didUpdateParentData (package:flutter/src/rendering/object.dart:5815:5)
#98     _RenderObjectSemantics._collectChildMergeUpAndSiblingGroup (package:flutter/src/rendering/object.dart:5738:22)
#99     _RenderObjectSemantics.updateChildren (package:flutter/src/rendering/object.dart:5608:50)
#100    _RenderObjectSemantics._didUpdateParentData (package:flutter/src/rendering/object.dart:5815:5)
#101    _RenderObjectSemantics._collectChildMergeUpAndSiblingGroup (package:flutter/src/rendering/object.dart:5738:22)
#102    _RenderObjectSemantics.updateChildren (package:flutter/src/rendering/object.dart:5608:50)
#103    _RenderObjectSemantics._didUpdateParentData (package:flutter/src/rendering/object.dart:5815:5)
#104    _RenderObjectSemantics._collectChildMergeUpAndSiblingGroup (package:flutter/src/rendering/object.dart:5738:22)
#105    _RenderObjectSemantics.updateChildren (package:flutter/src/rendering/object.dart:5608:50)
#106    _RenderObjectSemantics._didUpdateParentData (package:flutter/src/rendering/object.dart:5815:5)
#107    _RenderObjectSemantics._collectChildMergeUpAndSiblingGroup (package:flutter/src/rendering/object.dart:5738:22)
#108    _RenderObjectSemantics.updateChildren (package:flutter/src/rendering/object.dart:5608:50)
#109    _RenderObjectSemantics._didUpdateParentData (package:flutter/src/rendering/object.dart:5815:5)
#110    _RenderObjectSemantics._collectChildMergeUpAndSiblingGroup (package:flutter/src/rendering/object.dart:5738:22)
#111    _RenderObjectSemantics.updateChildren (package:flutter/src/rendering/object.dart:5608:50)
#112    _RenderObjectSemantics._didUpdateParentData (package:flutter/src/rendering/object.dart:5815:5)
#113    _RenderObjectSemantics._collectChildMergeUpAndSiblingGroup (package:flutter/src/rendering/object.dart:5738:22)
#114    _RenderObjectSemantics.updateChildren (package:flutter/src/rendering/object.dart:5608:50)
#115    _RenderObjectSemantics._didUpdateParentData (package:flutter/src/rendering/object.dart:5815:5)
#116    _RenderObjectSemantics._collectChildMergeUpAndSiblingGroup (package:flutter/src/rendering/object.dart:5738:22)
#117    _RenderObjectSemantics.updateChildren (package:flutter/src/rendering/object.dart:5608:50)
#118    _RenderObjectSemantics._didUpdateParentData (package:flutter/src/rendering/object.dart:5815:5)
#119    _RenderObjectSemantics._collectChildMergeUpAndSiblingGroup (package:flutter/src/rendering/object.dart:5738:22)
#120    _RenderObjectSemantics.updateChildren (package:flutter/src/rendering/object.dart:5608:50)
#121    _RenderObjectSemantics._didUpdateParentData (package:flutter/src/rendering/object.dart:5815:5)
#122    _RenderObjectSemantics._collectChildMergeUpAndSiblingGroup (package:flutter/src/rendering/object.dart:5738:22)
#123    _RenderObjectSemantics.updateChildren (package:flutter/src/rendering/object.dart:5608:50)
#124    _RenderObjectSemantics._didUpdateParentData (package:flutter/src/rendering/object.dart:5815:5)
#125    _RenderObjectSemantics._collectChildMergeUpAndSiblingGroup (package:flutter/src/rendering/object.dart:5738:22)
#126    _RenderObjectSemantics.updateChildren (package:flutter/src/rendering/object.dart:5608:50)
#127    _RenderObjectSemantics._didUpdateParentData (package:flutter/src/rendering/object.dart:5815:5)
#128    _RenderObjectSemantics._collectChildMergeUpAndSiblingGroup (package:flutter/src/rendering/object.dart:5738:22)
#129    _RenderObjectSemantics.updateChildren (package:flutter/src/rendering/object.dart:5608:50)
#130    _RenderObjectSemantics._didUpdateParentData (package:flutter/src/rendering/object.dart:5815:5)
#131    _RenderObjectSemantics._collectChildMergeUpAndSiblingGroup (package:flutter/src/rendering/object.dart:5738:22)
#132    _RenderObjectSemantics.updateChildren (package:flutter/src/rendering/object.dart:5608:50)
#133    _RenderObjectSemantics._didUpdateParentData (package:flutter/src/rendering/object.dart:5815:5)
#134    _RenderObjectSemantics._collectChildMergeUpAndSiblingGroup (package:flutter/src/rendering/object.dart:5738:22)
#135    _RenderObjectSemantics.updateChildren (package:flutter/src/rendering/object.dart:5608:50)
#136    _RenderObjectSemantics._didUpdateParentData (package:flutter/src/rendering/object.dart:5815:5)
#137    _RenderObjectSemantics._collectChildMergeUpAndSiblingGroup (package:flutter/src/rendering/object.dart:5738:22)
#138    _RenderObjectSemantics.updateChildren (package:flutter/src/rendering/object.dart:5608:50)
#139    _RenderObjectSemantics._didUpdateParentData (package:flutter/src/rendering/object.dart:5815:5)
#140    _RenderObjectSemantics._collectChildMergeUpAndSiblingGroup (package:flutter/src/rendering/object.dart:5738:22)
#141    _RenderObjectSemantics.updateChildren (package:flutter/src/rendering/object.dart:5608:50)
#142    _RenderObjectSemantics._didUpdateParentData (package:flutter/src/rendering/object.dart:5815:5)
#143    _RenderObjectSemantics._collectChildMergeUpAndSiblingGroup (package:flutter/src/rendering/object.dart:5738:22)
#144    _RenderObjectSemantics.updateChildren (package:flutter/src/rendering/object.dart:5608:50)
#145    _RenderObjectSemantics._didUpdateParentData (package:flutter/src/rendering/object.dart:5815:5)
#146    _RenderObjectSemantics._collectChildMergeUpAndSiblingGroup (package:flutter/src/rendering/object.dart:5738:22)
#147    _RenderObjectSemantics.updateChildren (package:flutter/src/rendering/object.dart:5608:50)
#148    _RenderObjectSemantics._didUpdateParentData (package:flutter/src/rendering/object.dart:5815:5)
#149    _RenderObjectSemantics._collectChildMergeUpAndSiblingGroup (package:flutter/src/rendering/object.dart:5738:22)
#150    _RenderObjectSemantics.updateChildren (package:flutter/src/rendering/object.dart:5608:50)
#151    _RenderObjectSemantics._didUpdateParentData (package:flutter/src/rendering/object.dart:5815:5)
#152    _RenderObjectSemantics._collectChildMergeUpAndSiblingGroup (package:flutter/src/rendering/object.dart:5738:22)
#153    _RenderObjectSemantics.updateChildren (package:flutter/src/rendering/object.dart:5608:50)
#154    _RenderObjectSemantics._didUpdateParentData (package:flutter/src/rendering/object.dart:5815:5)
#155    _RenderObjectSemantics._collectChildMergeUpAndSiblingGroup (package:flutter/src/rendering/object.dart:5738:22)
#156    _RenderObjectSemantics.updateChildren (package:flutter/src/rendering/object.dart:5608:50)
#157    _RenderObjectSemantics._didUpdateParentData (package:flutter/src/rendering/object.dart:5815:5)
#158    _RenderObjectSemantics._collectChildMergeUpAndSiblingGroup (package:flutter/src/rendering/object.dart:5738:22)
#159    _RenderObjectSemantics.updateChildren (package:flutter/src/rendering/object.dart:5608:50)
#160    _RenderObjectSemantics._didUpdateParentData (package:flutter/src/rendering/object.dart:5815:5)
#161    _RenderObjectSemantics._collectChildMergeUpAndSiblingGroup (package:flutter/src/rendering/object.dart:5738:22)
#162    _RenderObjectSemantics.updateChildren (package:flutter/src/rendering/object.dart:5608:50)
#163    _RenderObjectSemantics._didUpdateParentData (package:flutter/src/rendering/object.dart:5815:5)
#164    _RenderObjectSemantics._collectChildMergeUpAndSiblingGroup (package:flutter/src/rendering/object.dart:5738:22)
#165    _RenderObjectSemantics.updateChildren (package:flutter/src/rendering/object.dart:5608:50)
#166    _RenderObjectSemantics._didUpdateParentData (package:flutter/src/rendering/object.dart:5815:5)
#167    _RenderObjectSemantics._collectChildMergeUpAndSiblingGroup (package:flutter/src/rendering/object.dart:5738:22)
#168    _RenderObjectSemantics.updateChildren (package:flutter/src/rendering/object.dart:5608:50)
#169    _RenderObjectSemantics._didUpdateParentData (package:flutter/src/rendering/object.dart:5815:5)
#170    _RenderObjectSemantics._collectChildMergeUpAndSiblingGroup (package:flutter/src/rendering/object.dart:5738:22)
#171    _RenderObjectSemantics.updateChildren (package:flutter/src/rendering/object.dart:5608:50)
#172    _RenderObjectSemantics._didUpdateParentData (package:flutter/src/rendering/object.dart:5815:5)
#173    _RenderObjectSemantics._collectChildMergeUpAndSiblingGroup (package:flutter/src/rendering/object.dart:5738:22)
#174    _RenderObjectSemantics.updateChildren (package:flutter/src/rendering/object.dart:5608:50)
#175    _RenderObjectSemantics._didUpdateParentData (package:flutter/src/rendering/object.dart:5815:5)
#176    _RenderObjectSemantics._collectChildMergeUpAndSiblingGroup (package:flutter/src/rendering/object.dart:5738:22)
#177    _RenderObjectSemantics.updateChildren (package:flutter/src/rendering/object.dart:5608:50)
#178    _RenderObjectSemantics._didUpdateParentData (package:flutter/src/rendering/object.dart:5815:5)
#179    _RenderObjectSemantics._collectChildMergeUpAndSiblingGroup (package:flutter/src/rendering/object.dart:5738:22)
#180    _RenderObjectSemantics.updateChildren (package:flutter/src/rendering/object.dart:5608:50)
#181    _RenderObjectSemantics._didUpdateParentData (package:flutter/src/rendering/object.dart:5815:5)
#182    _RenderObjectSemantics._collectChildMergeUpAndSiblingGroup (package:flutter/src/rendering/object.dart:5738:22)
#183    _RenderObjectSemantics.updateChildren (package:flutter/src/rendering/object.dart:5608:50)
#184    _RenderObjectSemantics._didUpdateParentData (package:flutter/src/rendering/object.dart:5815:5)
#185    _RenderObjectSemantics._collectChildMergeUpAndSiblingGroup (package:flutter/src/rendering/object.dart:5738:22)
#186    _RenderObjectSemantics.updateChildren (package:flutter/src/rendering/object.dart:5608:50)
#187    _RenderObjectSemantics._didUpdateParentData (package:flutter/src/rendering/object.dart:5815:5)
#188    _RenderObjectSemantics._collectChildMergeUpAndSiblingGroup (package:flutter/src/rendering/object.dart:5738:22)
#189    _RenderObjectSemantics.updateChildren (package:flutter/src/rendering/object.dart:5608:50)
#190    _RenderObjectSemantics._didUpdateParentData (package:flutter/src/rendering/object.dart:5815:5)
#191    _RenderObjectSemantics._collectChildMergeUpAndSiblingGroup (package:flutter/src/rendering/object.dart:5738:22)
#192    _RenderObjectSemantics.updateChildren (package:flutter/src/rendering/object.dart:5608:50)
#193    PipelineOwner.flushSemantics (package:flutter/src/rendering/object.dart:1473:25)
#194    PipelineOwner.flushSemantics (package:flutter/src/rendering/object.dart:1518:15)
#195    AutomatedTestWidgetsFlutterBinding.drawFrame (package:flutter_test/src/binding.dart:2144:35)
#196    RendererBinding._handlePersistentFrameCallback (package:flutter/src/rendering/binding.dart:495:5)
#197    SchedulerBinding._invokeFrameCallback (package:flutter/src/scheduler/binding.dart:1430:15)
#198    SchedulerBinding.handleDrawFrame (package:flutter/src/scheduler/binding.dart:1345:9)
#199    AutomatedTestWidgetsFlutterBinding.pump.<anonymous closure> (package:flutter_test/src/binding.dart:1960:9)
#202    TestAsyncUtils.guard (package:flutter_test/src/test_async_utils.dart:74:41)
#203    AutomatedTestWidgetsFlutterBinding.pump (package:flutter_test/src/binding.dart:1949:27)
#204    WidgetTester.pumpWidget.<anonymous closure> (package:flutter_test/src/widget_tester.dart:598:22)
#207    TestAsyncUtils.guard (package:flutter_test/src/test_async_utils.dart:74:41)
#208    WidgetTester.pumpWidget (package:flutter_test/src/widget_tester.dart:595:27)
#209    main.<anonymous closure> (file:///D:/SEM%204/TaskProof/test/layout_test.dart:8:18)
#210    testWidgets.<anonymous closure>.<anonymous closure> (package:flutter_test/src/widget_tester.dart:192:29)
<asynchronous suspension>
#211    TestWidgetsFlutterBinding._runTestBody (package:flutter_test/src/binding.dart:1682:5)
<asynchronous suspension>
<asynchronous suspension>
(elided 7 frames from class _AssertionError, dart:async, and package:stack_trace)
ΓòÉΓòÉΓòÉΓòÉΓòÉΓòÉΓòÉΓòÉΓòÉΓòÉΓòÉΓòÉΓòÉΓòÉΓòÉΓòÉΓòÉΓòÉΓòÉΓòÉΓòÉΓòÉΓòÉΓòÉΓòÉΓòÉΓòÉΓòÉΓòÉΓòÉΓòÉΓòÉΓòÉΓòÉΓòÉΓòÉΓòÉΓòÉΓòÉΓòÉΓòÉΓòÉΓòÉΓòÉΓòÉΓòÉΓòÉΓòÉΓòÉΓòÉΓòÉΓòÉΓòÉΓòÉΓòÉΓòÉΓòÉΓòÉΓòÉΓòÉΓòÉΓòÉΓòÉΓòÉΓòÉΓòÉΓòÉΓòÉΓòÉΓòÉΓòÉΓòÉΓòÉΓòÉΓòÉΓòÉΓòÉΓòÉΓòÉΓòÉΓòÉΓòÉΓòÉΓòÉΓòÉΓòÉΓòÉΓòÉΓòÉΓòÉΓòÉΓòÉΓòÉΓòÉΓòÉΓòÉΓòÉΓòÉΓòÉΓòÉ
ΓòÉΓòÉΓòí EXCEPTION CAUGHT BY FLUTTER TEST FRAMEWORK Γò₧ΓòÉΓòÉΓòÉΓòÉΓòÉΓòÉΓòÉΓòÉΓòÉΓòÉΓòÉΓòÉΓòÉΓòÉΓòÉΓòÉΓòÉΓòÉΓòÉΓòÉΓòÉΓòÉΓòÉΓòÉΓòÉΓòÉΓòÉΓòÉΓòÉΓòÉΓòÉΓòÉΓòÉΓòÉΓòÉΓòÉΓòÉΓòÉΓòÉΓòÉΓòÉΓòÉΓòÉΓòÉΓòÉΓòÉΓòÉΓòÉΓòÉΓòÉΓòÉΓòÉ
The following message was thrown:
Multiple exceptions (35) were detected during the running of the current test, and at least one was
unexpected.
ΓòÉΓòÉΓòÉΓòÉΓòÉΓòÉΓòÉΓòÉΓòÉΓòÉΓòÉΓòÉΓòÉΓòÉΓòÉΓòÉΓòÉΓòÉΓòÉΓòÉΓòÉΓòÉΓòÉΓòÉΓòÉΓòÉΓòÉΓòÉΓòÉΓòÉΓòÉΓòÉΓòÉΓòÉΓòÉΓòÉΓòÉΓòÉΓòÉΓòÉΓòÉΓòÉΓòÉΓòÉΓòÉΓòÉΓòÉΓòÉΓòÉΓòÉΓòÉΓòÉΓòÉΓòÉΓòÉΓòÉΓòÉΓòÉΓòÉΓòÉΓòÉΓòÉΓòÉΓòÉΓòÉΓòÉΓòÉΓòÉΓòÉΓòÉΓòÉΓòÉΓòÉΓòÉΓòÉΓòÉΓòÉΓòÉΓòÉΓòÉΓòÉΓòÉΓòÉΓòÉΓòÉΓòÉΓòÉΓòÉΓòÉΓòÉΓòÉΓòÉΓòÉΓòÉΓòÉΓòÉΓòÉΓòÉΓòÉΓòÉ
00:00 +0 -1: DashboardScreen renders without error [E]
  Test failed. See exception logs above.
  The test description was: DashboardScreen renders without error
  
00:00 +0 -1: Some tests failed.
